#
# A fatal error has been detected by the Java Runtime Environment:
#
#  EXCEPTION_ACCESS_VIOLATION (0xc0000005) at pc=0x00007ff98ae46a17, pid=13692, tid=15624
#
# JRE version: Java(TM) SE Runtime Environment (21.0.7+8) (build 21.0.7+8-LTS-245)
# Java VM: Java HotSpot(TM) 64-Bit Server VM (21.0.7+8-LTS-245, mixed mode, sharing, tiered, compressed oops, compressed class ptrs, g1 gc, windows-amd64)
# Problematic frame:
# C  [glass.dll+0x26a17]
#
# No core dump will be written. Minidumps are not enabled by default on client versions of Windows
#
# If you would like to submit a bug report, please visit:
#   https://bugreport.java.com/bugreport/crash.jsp
#

---------------  S U M M A R Y ------------

Command Line: -javaagent:C:\Program Files\JetBrains\IntelliJ IDEA 2025.2.1\lib\idea_rt.jar=50314 -Dfile.encoding=UTF-8 -Dsun.stdout.encoding=UTF-8 -Dsun.stderr.encoding=UTF-8 --module-path=C:\Users\yasas\.m2\repository\org\openjfx\javafx-base\21.0.6\javafx-base-21.0.6-win.jar;C:\Users\yasas\.m2\repository\org\springframework\security\spring-security-crypto\6.5.3\spring-security-crypto-6.5.3.jar;C:\Users\yasas\.m2\repository\org\hibernate\orm\hibernate-core\6.0.0.Final\hibernate-core-6.0.0.Final.jar;C:\Users\yasas\.m2\repository\org\openjfx\javafx-fxml\21.0.6\javafx-fxml-21.0.6-win.jar;C:\Users\yasas\.m2\repository\org\projectlombok\lombok\1.18.34\lombok-1.18.34.jar;C:\Users\yasas\.m2\repository\jakarta\persistence\jakarta.persistence-api\3.1.0\jakarta.persistence-api-3.1.0.jar;C:\Users\yasas\.m2\repository\org\openjfx\javafx-controls\21.0.6\javafx-controls-21.0.6-win.jar;C:\Users\yasas\.m2\repository\org\openjfx\javafx-graphics\21.0.6\javafx-graphics-21.0.6-win.jar;C:\Users\yasas\Documents\dev\ijse\elite-learners-system\target\classes -Djdk.module.main=lk.ijse.learners lk.ijse.learners/lk.ijse.learners.Launcher

Host: 12th Gen Intel(R) Core(TM) i5-12450H, 12 cores, 15G,  Windows 11 , 64 bit Build 26100 (10.0.26100.5074)
Time: Thu Sep 25 21:08:15 2025 Sri Lanka Standard Time elapsed time: 121.291119 seconds (0d 0h 2m 1s)

---------------  T H R E A D  ---------------

Current thread (0x0000026f27673cc0):  VMThread "VM Thread"          [id=15624, stack(0x000000cbc7400000,0x000000cbc7500000) (1024K)]

Stack: [0x000000cbc7400000,0x000000cbc7500000],  sp=0x000000cbc74fee80,  free space=1019k
Native frames: (J=compiled Java code, j=interpreted, Vv=VM code, C=native code)
C  [glass.dll+0x26a17]


siginfo: EXCEPTION_ACCESS_VIOLATION (0xc0000005), reading address 0x0000000000000000


Registers:
RAX=0x0000000000000000, RBX=0x0000026f2767fbfa, RCX=0x0000026f27673cc0, RDX=0x000000cbc74fee80
RSP=0x000000cbc74fee80, RBP=0x00001a0331fe47af, RSI=0x0000026f6dcf85d8, RDI=0x0000026f6dcf85b0
R8 =0x0000000000010002, R9 =0x00001a0331fe47af, R10=0x0000026f05de0000, R11=0x0000026f6dd99f20
R12=0x0000000000000001, R13=0x00007ff98ae44360, R14=0x000000cbc74fef88, R15=0x0000026f6dcf85b0
RIP=0x00007ff98ae46a17, EFLAGS=0x0000000000010206


Register to memory mapping:

RAX=0x0 is null
RBX=0x0000026f2767fbfa is a global jni handle
RCX=0x0000026f27673cc0 points into unknown readable memory: 0x00007ff93b216700 | 00 67 21 3b f9 7f 00 00
RDX=0x000000cbc74fee80 points into unknown readable memory: 0x0000000000000000 | 00 00 00 00 00 00 00 00
RSP=0x000000cbc74fee80 points into unknown readable memory: 0x0000000000000000 | 00 00 00 00 00 00 00 00
RBP=0x00001a0331fe47af is an unknown value
RSI=0x0000026f6dcf85d8 points into unknown readable memory: 0x00001a0331fe47af | af 47 fe 31 03 1a 00 00
RDI=0x0000026f6dcf85b0 points into unknown readable memory: 0x1f3c1a030e0282dd | dd 82 02 0e 03 1a 3c 1f
R8 =0x0000000000010002 is an unknown value
R9 =0x00001a0331fe47af is an unknown value
R10=0x0000026f05de0000 points into unknown readable memory: 0x0000000000000000 | 00 00 00 00 00 00 00 00
R11=0x0000026f6dd99f20 points into unknown readable memory: 0x0000000000000000 | 00 00 00 00 00 00 00 00
R12=0x0000000000000001 is an unknown value
R13=0x00007ff98ae44360 glass.dll
R14=0x000000cbc74fef88 points into unknown readable memory: 0x000000cbc74fef70 | 70 ef 4f c7 cb 00 00 00
R15=0x0000026f6dcf85b0 points into unknown readable memory: 0x1f3c1a030e0282dd | dd 82 02 0e 03 1a 3c 1f

Top of Stack: (sp=0x000000cbc74fee80)
0x000000cbc74fee80:   0000000000000000 0000026f00000000
0x000000cbc74fee90:   0000026f6dda0e00 0000000000000001
0x000000cbc74feea0:   0000026f6dcf85b8 00007ff9b6b5bc75
0x000000cbc74feeb0:   0000026f6dcf85b0 0000026f00000000
0x000000cbc74feec0:   0000026f6dcf85d0 00001a0331fe47af
0x000000cbc74feed0:   fffffffffffffffe 00007ff999070000
0x000000cbc74feee0:   00007ff98ae20000 00007ff98ae20000
0x000000cbc74feef0:   000000cbc74fef78 00007ff9b6b5b897
0x000000cbc74fef00:   000000cbc74fef00 000000cbc74fef88
0x000000cbc74fef10:   000000cbc74ff270 00007ff9b6c488c0
0x000000cbc74fef20:   0000000000000001 00007ff9b6b5b84d
0x000000cbc74fef30:   0000000000000000 0000000000000001
0x000000cbc74fef40:   000000cbc74ff270 000000cbc74fef78
0x000000cbc74fef50:   fffffffffffffffe 00007ff9b9926003
0x000000cbc74fef60:   0000000000000000 00007ff98ae441ed
0x000000cbc74fef70:   00007ff98ae5a008 000000cb00000002
0x000000cbc74fef80:   00007ff900000002 000000cbc74fef70
0x000000cbc74fef90:   0000000000000000 00007ff9b6145e37
0x000000cbc74fefa0:   0000000000000000 00007ff98ae44312
0x000000cbc74fefb0:   0000000000000001 0000000000000000
0x000000cbc74fefc0:   0000000000000001 00007ff9b9954f8f
0x000000cbc74fefd0:   00007ff9b6140000 000000cbc74ff270
0x000000cbc74fefe0:   0000000000000001 0000000000000000
0x000000cbc74feff0:   0000000000000000 000000007ffe0384
0x000000cbc74ff000:   0000026f6dd91960 00007ff9b9a40ede
0x000000cbc74ff010:   00007ff98ae20000 0000026f00000000
0x000000cbc74ff020:   0000000000000001 000000007ffe0385
0x000000cbc74ff030:   00007ff98ae475a0 00007ff9b995483e
0x000000cbc74ff040:   0000000000000000 0000000000000000
0x000000cbc74ff050:   0000000000000000 0000000000000000
0x000000cbc74ff060:   0000000000000000 0000000000000000
0x000000cbc74ff070:   0000000000000000 0000000000000000 

Instructions: (pc=0x00007ff98ae46a17)
0x00007ff98ae46917:   8b 4d 58 e8 8d cf ff ff 48 8b 4d 60 e8 84 cf ff
0x00007ff98ae46927:   ff 48 8b 95 80 00 00 00 48 8b 8d 18 01 00 00 e8
0x00007ff98ae46937:   76 c4 ff ff 33 d2 33 c9 e8 cc e1 ff ff 90 48 89
0x00007ff98ae46947:   54 24 10 55 48 83 ec 20 48 8b ea 48 b8 00 00 00
0x00007ff98ae46957:   00 00 00 00 00 48 83 c4 20 5d c3 cc 40 55 48 8b
0x00007ff98ae46967:   ea 48 8b 01 33 c9 81 38 05 00 00 c0 0f 94 c1 8b
0x00007ff98ae46977:   c1 5d c3 cc 40 55 48 83 ec 20 48 8b ea 8a 4d 40
0x00007ff98ae46987:   48 83 c4 20 5d e9 73 d3 ff ff cc 40 55 48 83 ec
0x00007ff98ae46997:   20 48 8b ea 8a 4d 20 e8 61 d3 ff ff 90 48 83 c4
0x00007ff98ae469a7:   20 5d c3 cc 40 55 48 83 ec 20 48 8b ea 48 83 c4
0x00007ff98ae469b7:   20 5d e9 c2 d1 ff ff cc 40 55 48 83 ec 30 48 8b
0x00007ff98ae469c7:   ea 48 8b 01 8b 10 48 89 4c 24 28 89 54 24 20 4c
0x00007ff98ae469d7:   8d 0d 63 d6 ff ff 4c 8b 45 70 8b 55 68 48 8b 4d
0x00007ff98ae469e7:   60 e8 03 d1 ff ff 90 48 83 c4 30 5d c3 cc cc cc
0x00007ff98ae469f7:   cc cc cc cc cc cc cc cc cc 40 53 48 83 ec 20 48
0x00007ff98ae46a07:   8b 1d fb 2f 01 00 48 85 db 74 16 e8 89 8f ff ff
0x00007ff98ae46a17:   4c 8b 00 48 8b d3 48 8b c8 41 ff 90 b0 00 00 00
0x00007ff98ae46a27:   90 48 83 c4 20 5b c3 cc cc 40 53 48 83 ec 20 48
0x00007ff98ae46a37:   8b 1d 6b 31 01 00 48 85 db 74 57 b8 ff ff ff ff
0x00007ff98ae46a47:   f0 0f c1 43 10 83 f8 01 75 3d 48 85 db 74 38 48
0x00007ff98ae46a57:   8b 0b 48 85 c9 74 0d ff 15 44 08 00 00 48 c7 03
0x00007ff98ae46a67:   00 00 00 00 48 8b 4b 08 48 85 c9 74 0d e8 33 ce
0x00007ff98ae46a77:   ff ff 48 c7 43 08 00 00 00 00 ba 18 00 00 00 48
0x00007ff98ae46a87:   8b cb e8 1e ce ff ff 48 c7 05 0f 31 01 00 00 00
0x00007ff98ae46a97:   00 00 48 83 c4 20 5b c3 cc 40 53 48 83 ec 20 48
0x00007ff98ae46aa7:   8b 1d db 30 01 00 48 85 db 74 57 b8 ff ff ff ff
0x00007ff98ae46ab7:   f0 0f c1 43 10 83 f8 01 75 3d 48 85 db 74 38 48
0x00007ff98ae46ac7:   8b 0b 48 85 c9 74 0d ff 15 d4 07 00 00 48 c7 03
0x00007ff98ae46ad7:   00 00 00 00 48 8b 4b 08 48 85 c9 74 0d e8 c3 cd
0x00007ff98ae46ae7:   ff ff 48 c7 43 08 00 00 00 00 ba 18 00 00 00 48
0x00007ff98ae46af7:   8b cb e8 ae cd ff ff 48 c7 05 7f 30 01 00 00 00
0x00007ff98ae46b07:   00 00 48 83 c4 20 5b c3 cc 40 53 48 83 ec 20 48 


Stack slot to memory mapping:

stack at sp + 0 slots: 0x0 is null
stack at sp + 1 slots: 0x0000026f00000000 is an unknown value
stack at sp + 2 slots: 0x0000026f6dda0e00 points into unknown readable memory: 0x0000026f6dd99fd0 | d0 9f d9 6d 6f 02 00 00
stack at sp + 3 slots: 0x0000000000000001 is an unknown value
stack at sp + 4 slots: 0x0000026f6dcf85b8 points into unknown readable memory: 0x00001a0331fe47af | af 47 fe 31 03 1a 00 00
stack at sp + 5 slots: 0x00007ff9b6b5bc75 ucrtbase.dll
stack at sp + 6 slots: 0x0000026f6dcf85b0 points into unknown readable memory: 0x1f3c1a030e0282dd | dd 82 02 0e 03 1a 3c 1f
stack at sp + 7 slots: 0x0000026f00000000 is an unknown value

VM_Operation (0x000000cbc69ff370): Exit, mode: safepoint, requested by thread 0x0000026f6e754bd0


---------------  P R O C E S S  ---------------

Threads class SMR info:
_java_thread_list=0x0000026f6d2fc9e0, length=21, elements={
0x0000026f05f8c530, 0x0000026f2769ec80, 0x0000026f2769f2e0, 0x0000026f276a63d0,
0x0000026f276aaa40, 0x0000026f276ac310, 0x0000026f279502f0, 0x0000026f276b7cb0,
0x0000026f27a33720, 0x0000026f27a33db0, 0x0000026f27a32a00, 0x0000026f27a35e80,
0x0000026f27a357f0, 0x0000026f27a34ad0, 0x0000026f27a34440, 0x0000026f27a35160,
0x0000026f27a33090, 0x0000026f6e74fd10, 0x0000026f6e7503a0, 0x0000026f6e753820,
0x0000026f6e754bd0
}

Java Threads: ( => current thread )
  0x0000026f05f8c530 JavaThread "main"                              [_thread_blocked, id=3384, stack(0x000000cbc6d00000,0x000000cbc6e00000) (1024K)]
  0x0000026f2769ec80 JavaThread "Reference Handler"          daemon [_thread_blocked, id=4412, stack(0x000000cbc7500000,0x000000cbc7600000) (1024K)]
  0x0000026f2769f2e0 JavaThread "Finalizer"                  daemon [_thread_blocked, id=5780, stack(0x000000cbc7600000,0x000000cbc7700000) (1024K)]
  0x0000026f276a63d0 JavaThread "Attach Listener"            daemon [_thread_blocked, id=13956, stack(0x000000cbc7800000,0x000000cbc7900000) (1024K)]
  0x0000026f276aaa40 JavaThread "Service Thread"             daemon [_thread_blocked, id=15548, stack(0x000000cbc7900000,0x000000cbc7a00000) (1024K)]
  0x0000026f276ac310 JavaThread "Monitor Deflation Thread"   daemon [_thread_blocked, id=14376, stack(0x000000cbc7a00000,0x000000cbc7b00000) (1024K)]
  0x0000026f279502f0 JavaThread "C2 CompilerThread0"         daemon [_thread_blocked, id=16808, stack(0x000000cbc7b00000,0x000000cbc7c00000) (1024K)]
  0x0000026f276b7cb0 JavaThread "C1 CompilerThread0"         daemon [_thread_blocked, id=2956, stack(0x000000cbc7c00000,0x000000cbc7d00000) (1024K)]
  0x0000026f27a33720 JavaThread "Common-Cleaner"             daemon [_thread_blocked, id=13920, stack(0x000000cbc7d00000,0x000000cbc7e00000) (1024K)]
  0x0000026f27a33db0 JavaThread "Monitor Ctrl-Break"         daemon [_thread_in_native, id=9092, stack(0x000000cbc8000000,0x000000cbc8100000) (1024K)]
  0x0000026f27a32a00 JavaThread "Notification Thread"        daemon [_thread_blocked, id=1028, stack(0x000000cbc8100000,0x000000cbc8200000) (1024K)]
  0x0000026f27a35e80 JavaThread "QuantumRenderer-0"          daemon [_thread_blocked, id=13864, stack(0x000000cbc8500000,0x000000cbc8600000) (1024K)]
  0x0000026f27a357f0 JavaThread "InvokeLaterDispatcher"      daemon [_thread_blocked, id=17336, stack(0x000000cbc8a00000,0x000000cbc8b00000) (1024K)]
  0x0000026f27a34ad0 JavaThread "JavaFX Application Thread"         [_thread_in_native, id=13840, stack(0x000000cbc8b00000,0x000000cbc8c00000) (1024K)]
  0x0000026f27a34440 JavaThread "Thread-1"                   daemon [_thread_in_native, id=14632, stack(0x000000cbc8d00000,0x000000cbc8e00000) (1024K)]
  0x0000026f27a35160 JavaThread "JavaFX-Launcher"                   [_thread_blocked, id=8396, stack(0x000000cbc8e00000,0x000000cbc8f00000) (1024K)]
  0x0000026f27a33090 JavaThread "mysql-cj-abandoned-connection-cleanup" daemon [_thread_blocked, id=5632, stack(0x000000cbc9000000,0x000000cbc9100000) (1024K)]
  0x0000026f6e74fd10 JavaThread "Hibernate Connection Pool Validation Thread" daemon [_thread_blocked, id=13712, stack(0x000000cbc9600000,0x000000cbc9700000) (1024K)]
  0x0000026f6e7503a0 JavaThread "Prism Font Disposer"        daemon [_thread_blocked, id=16544, stack(0x000000cbc9b00000,0x000000cbc9c00000) (1024K)]
  0x0000026f6e753820 JavaThread "Cleaner-0"                  daemon [_thread_blocked, id=10124, stack(0x000000cbc8f00000,0x000000cbc9000000) (1024K)]
  0x0000026f6e754bd0 JavaThread "SIGINT handler"             daemon [_thread_blocked, id=14200, stack(0x000000cbc6900000,0x000000cbc6a00000) (1024K)]
Total: 21

Other Threads:
=>0x0000026f27673cc0 VMThread "VM Thread"                           [id=15624, stack(0x000000cbc7400000,0x000000cbc7500000) (1024K)]
  0x0000026f0604bf30 WorkerThread "GC Thread#0"                     [id=17188, stack(0x000000cbc6e00000,0x000000cbc6f00000) (1024K)]
  0x0000026f6d41b3a0 WorkerThread "GC Thread#1"                     [id=8168, stack(0x000000cbc7e00000,0x000000cbc7f00000) (1024K)]
  0x0000026f6d41b740 WorkerThread "GC Thread#2"                     [id=2516, stack(0x000000cbc7f00000,0x000000cbc8000000) (1024K)]
  0x0000026f6d8964b0 WorkerThread "GC Thread#3"                     [id=13792, stack(0x000000cbc8200000,0x000000cbc8300000) (1024K)]
  0x0000026f6d896850 WorkerThread "GC Thread#4"                     [id=6972, stack(0x000000cbc8300000,0x000000cbc8400000) (1024K)]
  0x0000026f6d896bf0 WorkerThread "GC Thread#5"                     [id=3544, stack(0x000000cbc8400000,0x000000cbc8500000) (1024K)]
  0x0000026f6e360af0 WorkerThread "GC Thread#6"                     [id=16872, stack(0x000000cbc9100000,0x000000cbc9200000) (1024K)]
  0x0000026f6e360750 WorkerThread "GC Thread#7"                     [id=9096, stack(0x000000cbc9200000,0x000000cbc9300000) (1024K)]
  0x0000026f6e360e90 WorkerThread "GC Thread#8"                     [id=16412, stack(0x000000cbc9300000,0x000000cbc9400000) (1024K)]
  0x0000026f6e3620b0 WorkerThread "GC Thread#9"                     [id=1404, stack(0x000000cbc9400000,0x000000cbc9500000) (1024K)]
  0x0000026f0604cab0 ConcurrentGCThread "G1 Main Marker"            terminated
  0x0000026f0604e2d0 WorkerThread "G1 Conc#0"                       [id=12008, stack(0x000000cbc7000000,0x000000cbc7100000) (1024K)]
  0x0000026f6e3615d0 WorkerThread "G1 Conc#1"                       [id=16912, stack(0x000000cbc9700000,0x000000cbc9800000) (1024K)]
  0x0000026f6e361970 WorkerThread "G1 Conc#2"                       [id=14604, stack(0x000000cbc9800000,0x000000cbc9900000) (1024K)]
  0x0000026f27537a10 ConcurrentGCThread "G1 Refine#0"               terminated
  0x0000026f27538f40 ConcurrentGCThread "G1 Service"                terminated
Total: 17

Threads with active compile tasks:
C1 CompilerThread0   121576 8537       3       java.util.logging.Logger::updateEffectiveLevel (126 bytes)
Total: 1

VM state: at safepoint (shutting down)

VM Mutex/Monitor currently owned by a thread:  ([mutex/lock_event])
[0x00007ff93b3dde50] Threads_lock - owner thread: 0x0000026f27673cc0
[0x00007ff93b3ddf50] Heap_lock - owner thread: 0x0000026f6e754bd0

Heap address: 0x0000000704a00000, size: 4022 MB, Compressed Oops mode: Zero based, Oop shift amount: 3

CDS archive(s) mapped at: [0x0000026f28000000-0x0000026f28c90000-0x0000026f28c90000), size 13172736, SharedBaseAddress: 0x0000026f28000000, ArchiveRelocationMode: 1.
Compressed class space mapped at: 0x0000026f29000000-0x0000026f69000000, reserved size: 1073741824
Narrow klass base: 0x0000026f28000000, Narrow klass shift: 0, Narrow klass range: 0x100000000

GC Precious Log:
 CardTable entry size: 512
 Card Set container configuration: InlinePtr #cards 4 size 8 Array Of Cards #cards 16 size 48 Howl #buckets 8 coarsen threshold 3686 Howl Bitmap #cards 512 size 80 coarsen threshold 460 Card regions per heap region 1 cards per card region 4096
 CPUs: 12 total, 12 available
 Memory: 16085M
 Large Page Support: Disabled
 NUMA Support: Disabled
 Compressed Oops: Enabled (Zero based)
 Heap Region Size: 2M
 Heap Min Capacity: 8M
 Heap Initial Capacity: 252M
 Heap Max Capacity: 4022M
 Pre-touch: Disabled
 Parallel Workers: 10
 Concurrent Workers: 3
 Concurrent Refinement Workers: 10
 Periodic GC: Disabled

Heap:
 garbage-first heap   total 372736K, used 339775K [0x0000000704a00000, 0x0000000800000000)
  region size 2048K, 42 young (86016K), 5 survivors (10240K)
 Metaspace       used 52713K, committed 53248K, reserved 1114112K
  class space    used 7237K, committed 7488K, reserved 1048576K

Heap Regions: E=young(eden), S=young(survivor), O=old, HS=humongous(starts), HC=humongous(continues), CS=collection set, F=free, TAMS=top-at-mark-start, PB=parsable bottom
|   0|0x0000000704a00000, 0x0000000704c00000, 0x0000000704c00000|100%|HS|  |TAMS 0x0000000704a00000| PB 0x0000000704a00000| Complete 
|   1|0x0000000704c00000, 0x0000000704e00000, 0x0000000704e00000|100%| O|  |TAMS 0x0000000704c00000| PB 0x0000000704c00000| Untracked 
|   2|0x0000000704e00000, 0x0000000705000000, 0x0000000705000000|100%| O|  |TAMS 0x0000000704e00000| PB 0x0000000704e00000| Untracked 
|   3|0x0000000705000000, 0x0000000705200000, 0x0000000705200000|100%| O|  |TAMS 0x0000000705000000| PB 0x0000000705000000| Untracked 
|   4|0x0000000705200000, 0x0000000705400000, 0x0000000705400000|100%| O|  |TAMS 0x0000000705200000| PB 0x0000000705200000| Untracked 
|   5|0x0000000705400000, 0x0000000705600000, 0x0000000705600000|100%| O|Cm|TAMS 0x0000000705400000| PB 0x0000000705400000| Complete 
|   6|0x0000000705600000, 0x0000000705800000, 0x0000000705800000|100%|HS|  |TAMS 0x0000000705600000| PB 0x0000000705600000| Complete 
|   7|0x0000000705800000, 0x0000000705a00000, 0x0000000705a00000|100%|HC|  |TAMS 0x0000000705800000| PB 0x0000000705800000| Complete 
|   8|0x0000000705a00000, 0x0000000705c00000, 0x0000000705c00000|100%|HC|  |TAMS 0x0000000705a00000| PB 0x0000000705a00000| Complete 
|   9|0x0000000705c00000, 0x0000000705e00000, 0x0000000705e00000|100%|HC|  |TAMS 0x0000000705c00000| PB 0x0000000705c00000| Complete 
|  10|0x0000000705e00000, 0x0000000706000000, 0x0000000706000000|100%|HC|  |TAMS 0x0000000705e00000| PB 0x0000000705e00000| Complete 
|  11|0x0000000706000000, 0x0000000706200000, 0x0000000706200000|100%|HC|  |TAMS 0x0000000706000000| PB 0x0000000706000000| Complete 
|  12|0x0000000706200000, 0x0000000706400000, 0x0000000706400000|100%|HC|  |TAMS 0x0000000706200000| PB 0x0000000706200000| Complete 
|  13|0x0000000706400000, 0x0000000706600000, 0x0000000706600000|100%|HC|  |TAMS 0x0000000706400000| PB 0x0000000706400000| Complete 
|  14|0x0000000706600000, 0x0000000706800000, 0x0000000706800000|100%|HC|  |TAMS 0x0000000706600000| PB 0x0000000706600000| Complete 
|  15|0x0000000706800000, 0x0000000706a00000, 0x0000000706a00000|100%|HC|  |TAMS 0x0000000706800000| PB 0x0000000706800000| Complete 
|  16|0x0000000706a00000, 0x0000000706b26f78, 0x0000000706c00000| 57%| O|  |TAMS 0x0000000706a00000| PB 0x0000000706a00000| Untracked 
|  17|0x0000000706c00000, 0x0000000706e00000, 0x0000000706e00000|100%|HS|  |TAMS 0x0000000706c00000| PB 0x0000000706c00000| Complete 
|  18|0x0000000706e00000, 0x0000000707000000, 0x0000000707000000|100%|HS|  |TAMS 0x0000000706e00000| PB 0x0000000706e00000| Complete 
|  19|0x0000000707000000, 0x0000000707200000, 0x0000000707200000|100%|HS|  |TAMS 0x0000000707000000| PB 0x0000000707000000| Complete 
|  20|0x0000000707200000, 0x0000000707400000, 0x0000000707400000|100%|HS|  |TAMS 0x0000000707200000| PB 0x0000000707200000| Complete 
|  21|0x0000000707400000, 0x0000000707600000, 0x0000000707600000|100%|HS|  |TAMS 0x0000000707400000| PB 0x0000000707400000| Complete 
|  22|0x0000000707600000, 0x0000000707800000, 0x0000000707800000|100%|HS|  |TAMS 0x0000000707600000| PB 0x0000000707600000| Complete 
|  23|0x0000000707800000, 0x0000000707800000, 0x0000000707a00000|  0%| F|  |TAMS 0x0000000707800000| PB 0x0000000707800000| Untracked 
|  24|0x0000000707a00000, 0x0000000707c00000, 0x0000000707c00000|100%|HS|  |TAMS 0x0000000707a00000| PB 0x0000000707a00000| Complete 
|  25|0x0000000707c00000, 0x0000000707e00000, 0x0000000707e00000|100%|HC|  |TAMS 0x0000000707c00000| PB 0x0000000707c00000| Complete 
|  26|0x0000000707e00000, 0x0000000708000000, 0x0000000708000000|100%|HC|  |TAMS 0x0000000707e00000| PB 0x0000000707e00000| Complete 
|  27|0x0000000708000000, 0x0000000708200000, 0x0000000708200000|100%|HC|  |TAMS 0x0000000708000000| PB 0x0000000708000000| Complete 
|  28|0x0000000708200000, 0x0000000708400000, 0x0000000708400000|100%|HC|  |TAMS 0x0000000708200000| PB 0x0000000708200000| Complete 
|  29|0x0000000708400000, 0x0000000708600000, 0x0000000708600000|100%|HC|  |TAMS 0x0000000708400000| PB 0x0000000708400000| Complete 
|  30|0x0000000708600000, 0x0000000708800000, 0x0000000708800000|100%|HC|  |TAMS 0x0000000708600000| PB 0x0000000708600000| Complete 
|  31|0x0000000708800000, 0x0000000708a00000, 0x0000000708a00000|100%|HC|  |TAMS 0x0000000708800000| PB 0x0000000708800000| Complete 
|  32|0x0000000708a00000, 0x0000000708c00000, 0x0000000708c00000|100%|HC|  |TAMS 0x0000000708a00000| PB 0x0000000708a00000| Complete 
|  33|0x0000000708c00000, 0x0000000708e00000, 0x0000000708e00000|100%|HC|  |TAMS 0x0000000708c00000| PB 0x0000000708c00000| Complete 
|  34|0x0000000708e00000, 0x0000000709000000, 0x0000000709000000|100%|HC|  |TAMS 0x0000000708e00000| PB 0x0000000708e00000| Complete 
|  35|0x0000000709000000, 0x0000000709200000, 0x0000000709200000|100%|HC|  |TAMS 0x0000000709000000| PB 0x0000000709000000| Complete 
|  36|0x0000000709200000, 0x0000000709400000, 0x0000000709400000|100%|HC|  |TAMS 0x0000000709200000| PB 0x0000000709200000| Complete 
|  37|0x0000000709400000, 0x0000000709600000, 0x0000000709600000|100%|HC|  |TAMS 0x0000000709400000| PB 0x0000000709400000| Complete 
|  38|0x0000000709600000, 0x0000000709800000, 0x0000000709800000|100%|HC|  |TAMS 0x0000000709600000| PB 0x0000000709600000| Complete 
|  39|0x0000000709800000, 0x0000000709a00000, 0x0000000709a00000|100%|HC|  |TAMS 0x0000000709800000| PB 0x0000000709800000| Complete 
|  40|0x0000000709a00000, 0x0000000709c00000, 0x0000000709c00000|100%|HC|  |TAMS 0x0000000709a00000| PB 0x0000000709a00000| Complete 
|  41|0x0000000709c00000, 0x0000000709e00000, 0x0000000709e00000|100%|HC|  |TAMS 0x0000000709c00000| PB 0x0000000709c00000| Complete 
|  42|0x0000000709e00000, 0x000000070a000000, 0x000000070a000000|100%|HC|  |TAMS 0x0000000709e00000| PB 0x0000000709e00000| Complete 
|  43|0x000000070a000000, 0x000000070a200000, 0x000000070a200000|100%|HC|  |TAMS 0x000000070a000000| PB 0x000000070a000000| Complete 
|  44|0x000000070a200000, 0x000000070a400000, 0x000000070a400000|100%|HC|  |TAMS 0x000000070a200000| PB 0x000000070a200000| Complete 
|  45|0x000000070a400000, 0x000000070a600000, 0x000000070a600000|100%|HC|  |TAMS 0x000000070a400000| PB 0x000000070a400000| Complete 
|  46|0x000000070a600000, 0x000000070a800000, 0x000000070a800000|100%|HC|  |TAMS 0x000000070a600000| PB 0x000000070a600000| Complete 
|  47|0x000000070a800000, 0x000000070aa00000, 0x000000070aa00000|100%|HC|  |TAMS 0x000000070a800000| PB 0x000000070a800000| Complete 
|  48|0x000000070aa00000, 0x000000070ac00000, 0x000000070ac00000|100%|HC|  |TAMS 0x000000070aa00000| PB 0x000000070aa00000| Complete 
|  49|0x000000070ac00000, 0x000000070ae00000, 0x000000070ae00000|100%|HC|  |TAMS 0x000000070ac00000| PB 0x000000070ac00000| Complete 
|  50|0x000000070ae00000, 0x000000070b000000, 0x000000070b000000|100%|HC|  |TAMS 0x000000070ae00000| PB 0x000000070ae00000| Complete 
|  51|0x000000070b000000, 0x000000070b200000, 0x000000070b200000|100%|HS|  |TAMS 0x000000070b000000| PB 0x000000070b000000| Complete 
|  52|0x000000070b200000, 0x000000070b400000, 0x000000070b400000|100%|HC|  |TAMS 0x000000070b200000| PB 0x000000070b200000| Complete 
|  53|0x000000070b400000, 0x000000070b600000, 0x000000070b600000|100%|HS|  |TAMS 0x000000070b400000| PB 0x000000070b400000| Complete 
|  54|0x000000070b600000, 0x000000070b800000, 0x000000070b800000|100%|HS|  |TAMS 0x000000070b600000| PB 0x000000070b600000| Complete 
|  55|0x000000070b800000, 0x000000070ba00000, 0x000000070ba00000|100%|HS|  |TAMS 0x000000070b800000| PB 0x000000070b800000| Complete 
|  56|0x000000070ba00000, 0x000000070bc00000, 0x000000070bc00000|100%|HS|  |TAMS 0x000000070ba00000| PB 0x000000070ba00000| Complete 
|  57|0x000000070bc00000, 0x000000070be00000, 0x000000070be00000|100%|HS|  |TAMS 0x000000070bc00000| PB 0x000000070bc00000| Complete 
|  58|0x000000070be00000, 0x000000070c000000, 0x000000070c000000|100%|HC|  |TAMS 0x000000070be00000| PB 0x000000070be00000| Complete 
|  59|0x000000070c000000, 0x000000070c200000, 0x000000070c200000|100%|HS|  |TAMS 0x000000070c000000| PB 0x000000070c000000| Complete 
|  60|0x000000070c200000, 0x000000070c400000, 0x000000070c400000|100%|HC|  |TAMS 0x000000070c200000| PB 0x000000070c200000| Complete 
|  61|0x000000070c400000, 0x000000070c600000, 0x000000070c600000|100%|HC|  |TAMS 0x000000070c400000| PB 0x000000070c400000| Complete 
|  62|0x000000070c600000, 0x000000070c800000, 0x000000070c800000|100%|HC|  |TAMS 0x000000070c600000| PB 0x000000070c600000| Complete 
|  63|0x000000070c800000, 0x000000070ca00000, 0x000000070ca00000|100%|HC|  |TAMS 0x000000070c800000| PB 0x000000070c800000| Complete 
|  64|0x000000070ca00000, 0x000000070cc00000, 0x000000070cc00000|100%|HC|  |TAMS 0x000000070ca00000| PB 0x000000070ca00000| Complete 
|  65|0x000000070cc00000, 0x000000070ce00000, 0x000000070ce00000|100%|HC|  |TAMS 0x000000070cc00000| PB 0x000000070cc00000| Complete 
|  66|0x000000070ce00000, 0x000000070d000000, 0x000000070d000000|100%|HC|  |TAMS 0x000000070ce00000| PB 0x000000070ce00000| Complete 
|  67|0x000000070d000000, 0x000000070d200000, 0x000000070d200000|100%|HC|  |TAMS 0x000000070d000000| PB 0x000000070d000000| Complete 
|  68|0x000000070d200000, 0x000000070d400000, 0x000000070d400000|100%|HS|  |TAMS 0x000000070d200000| PB 0x000000070d200000| Complete 
|  69|0x000000070d400000, 0x000000070d600000, 0x000000070d600000|100%|HC|  |TAMS 0x000000070d400000| PB 0x000000070d400000| Complete 
|  70|0x000000070d600000, 0x000000070d600000, 0x000000070d800000|  0%| F|  |TAMS 0x000000070d600000| PB 0x000000070d600000| Untracked 
|  71|0x000000070d800000, 0x000000070d800000, 0x000000070da00000|  0%| F|  |TAMS 0x000000070d800000| PB 0x000000070d800000| Untracked 
|  72|0x000000070da00000, 0x000000070da00000, 0x000000070dc00000|  0%| F|  |TAMS 0x000000070da00000| PB 0x000000070da00000| Untracked 
|  73|0x000000070dc00000, 0x000000070dc00000, 0x000000070de00000|  0%| F|  |TAMS 0x000000070dc00000| PB 0x000000070dc00000| Untracked 
|  74|0x000000070de00000, 0x000000070de00000, 0x000000070e000000|  0%| F|  |TAMS 0x000000070de00000| PB 0x000000070de00000| Untracked 
|  75|0x000000070e000000, 0x000000070e000000, 0x000000070e200000|  0%| F|  |TAMS 0x000000070e000000| PB 0x000000070e000000| Untracked 
|  76|0x000000070e200000, 0x000000070e200000, 0x000000070e400000|  0%| F|  |TAMS 0x000000070e200000| PB 0x000000070e200000| Untracked 
|  77|0x000000070e400000, 0x000000070e400000, 0x000000070e600000|  0%| F|  |TAMS 0x000000070e400000| PB 0x000000070e400000| Untracked 
|  78|0x000000070e600000, 0x000000070e600000, 0x000000070e800000|  0%| F|  |TAMS 0x000000070e600000| PB 0x000000070e600000| Untracked 
|  79|0x000000070e800000, 0x000000070ea00000, 0x000000070ea00000|100%|HS|  |TAMS 0x000000070e800000| PB 0x000000070e800000| Complete 
|  80|0x000000070ea00000, 0x000000070ec00000, 0x000000070ec00000|100%|HC|  |TAMS 0x000000070ea00000| PB 0x000000070ea00000| Complete 
|  81|0x000000070ec00000, 0x000000070ee00000, 0x000000070ee00000|100%|HC|  |TAMS 0x000000070ec00000| PB 0x000000070ec00000| Complete 
|  82|0x000000070ee00000, 0x000000070f000000, 0x000000070f000000|100%|HC|  |TAMS 0x000000070ee00000| PB 0x000000070ee00000| Complete 
|  83|0x000000070f000000, 0x000000070f200000, 0x000000070f200000|100%|HC|  |TAMS 0x000000070f000000| PB 0x000000070f000000| Complete 
|  84|0x000000070f200000, 0x000000070f400000, 0x000000070f400000|100%|HC|  |TAMS 0x000000070f200000| PB 0x000000070f200000| Complete 
|  85|0x000000070f400000, 0x000000070f600000, 0x000000070f600000|100%|HC|  |TAMS 0x000000070f400000| PB 0x000000070f400000| Complete 
|  86|0x000000070f600000, 0x000000070f800000, 0x000000070f800000|100%|HC|  |TAMS 0x000000070f600000| PB 0x000000070f600000| Complete 
|  87|0x000000070f800000, 0x000000070fa00000, 0x000000070fa00000|100%|HC|  |TAMS 0x000000070f800000| PB 0x000000070f800000| Complete 
|  88|0x000000070fa00000, 0x000000070fc00000, 0x000000070fc00000|100%|HC|  |TAMS 0x000000070fa00000| PB 0x000000070fa00000| Complete 
|  89|0x000000070fc00000, 0x000000070fe00000, 0x000000070fe00000|100%|HC|  |TAMS 0x000000070fc00000| PB 0x000000070fc00000| Complete 
|  90|0x000000070fe00000, 0x0000000710000000, 0x0000000710000000|100%|HC|  |TAMS 0x000000070fe00000| PB 0x000000070fe00000| Complete 
|  91|0x0000000710000000, 0x0000000710200000, 0x0000000710200000|100%|HC|  |TAMS 0x0000000710000000| PB 0x0000000710000000| Complete 
|  92|0x0000000710200000, 0x0000000710400000, 0x0000000710400000|100%|HC|  |TAMS 0x0000000710200000| PB 0x0000000710200000| Complete 
|  93|0x0000000710400000, 0x0000000710600000, 0x0000000710600000|100%|HC|  |TAMS 0x0000000710400000| PB 0x0000000710400000| Complete 
|  94|0x0000000710600000, 0x0000000710800000, 0x0000000710800000|100%|HC|  |TAMS 0x0000000710600000| PB 0x0000000710600000| Complete 
|  95|0x0000000710800000, 0x0000000710a00000, 0x0000000710a00000|100%|HC|  |TAMS 0x0000000710800000| PB 0x0000000710800000| Complete 
|  96|0x0000000710a00000, 0x0000000710c00000, 0x0000000710c00000|100%|HC|  |TAMS 0x0000000710a00000| PB 0x0000000710a00000| Complete 
|  97|0x0000000710c00000, 0x0000000710e00000, 0x0000000710e00000|100%|HC|  |TAMS 0x0000000710c00000| PB 0x0000000710c00000| Complete 
|  98|0x0000000710e00000, 0x0000000711000000, 0x0000000711000000|100%|HC|  |TAMS 0x0000000710e00000| PB 0x0000000710e00000| Complete 
|  99|0x0000000711000000, 0x0000000711200000, 0x0000000711200000|100%|HC|  |TAMS 0x0000000711000000| PB 0x0000000711000000| Complete 
| 100|0x0000000711200000, 0x0000000711400000, 0x0000000711400000|100%|HC|  |TAMS 0x0000000711200000| PB 0x0000000711200000| Complete 
| 101|0x0000000711400000, 0x0000000711600000, 0x0000000711600000|100%|HS|  |TAMS 0x0000000711400000| PB 0x0000000711400000| Complete 
| 102|0x0000000711600000, 0x0000000711800000, 0x0000000711800000|100%|HC|  |TAMS 0x0000000711600000| PB 0x0000000711600000| Complete 
| 103|0x0000000711800000, 0x0000000711a00000, 0x0000000711a00000|100%| S|CS|TAMS 0x0000000711800000| PB 0x0000000711800000| Complete 
| 104|0x0000000711a00000, 0x0000000711c00000, 0x0000000711c00000|100%| S|CS|TAMS 0x0000000711a00000| PB 0x0000000711a00000| Complete 
| 105|0x0000000711c00000, 0x0000000711e00000, 0x0000000711e00000|100%| S|CS|TAMS 0x0000000711c00000| PB 0x0000000711c00000| Complete 
| 106|0x0000000711e00000, 0x0000000712000000, 0x0000000712000000|100%| S|CS|TAMS 0x0000000711e00000| PB 0x0000000711e00000| Complete 
| 107|0x0000000712000000, 0x00000007120a8fc0, 0x0000000712200000| 33%| S|CS|TAMS 0x0000000712000000| PB 0x0000000712000000| Complete 
| 108|0x0000000712200000, 0x0000000712400000, 0x0000000712400000|100%|HS|  |TAMS 0x0000000712200000| PB 0x0000000712200000| Complete 
| 109|0x0000000712400000, 0x0000000712600000, 0x0000000712600000|100%|HC|  |TAMS 0x0000000712400000| PB 0x0000000712400000| Complete 
| 110|0x0000000712600000, 0x0000000712800000, 0x0000000712800000|100%|HC|  |TAMS 0x0000000712600000| PB 0x0000000712600000| Complete 
| 111|0x0000000712800000, 0x0000000712a00000, 0x0000000712a00000|100%|HC|  |TAMS 0x0000000712800000| PB 0x0000000712800000| Complete 
| 112|0x0000000712a00000, 0x0000000712c00000, 0x0000000712c00000|100%|HC|  |TAMS 0x0000000712a00000| PB 0x0000000712a00000| Complete 
| 113|0x0000000712c00000, 0x0000000712e00000, 0x0000000712e00000|100%|HC|  |TAMS 0x0000000712c00000| PB 0x0000000712c00000| Complete 
| 114|0x0000000712e00000, 0x0000000713000000, 0x0000000713000000|100%|HC|  |TAMS 0x0000000712e00000| PB 0x0000000712e00000| Complete 
| 115|0x0000000713000000, 0x0000000713200000, 0x0000000713200000|100%|HC|  |TAMS 0x0000000713000000| PB 0x0000000713000000| Complete 
| 116|0x0000000713200000, 0x0000000713400000, 0x0000000713400000|100%|HC|  |TAMS 0x0000000713200000| PB 0x0000000713200000| Complete 
| 117|0x0000000713400000, 0x0000000713600000, 0x0000000713600000|100%|HC|  |TAMS 0x0000000713400000| PB 0x0000000713400000| Complete 
| 118|0x0000000713600000, 0x0000000713800000, 0x0000000713800000|100%|HC|  |TAMS 0x0000000713600000| PB 0x0000000713600000| Complete 
| 119|0x0000000713800000, 0x0000000713a00000, 0x0000000713a00000|100%|HC|  |TAMS 0x0000000713800000| PB 0x0000000713800000| Complete 
| 120|0x0000000713a00000, 0x0000000713c00000, 0x0000000713c00000|100%|HC|  |TAMS 0x0000000713a00000| PB 0x0000000713a00000| Complete 
| 121|0x0000000713c00000, 0x0000000713e00000, 0x0000000713e00000|100%|HC|  |TAMS 0x0000000713c00000| PB 0x0000000713c00000| Complete 
| 122|0x0000000713e00000, 0x0000000714000000, 0x0000000714000000|100%|HC|  |TAMS 0x0000000713e00000| PB 0x0000000713e00000| Complete 
| 123|0x0000000714000000, 0x0000000714200000, 0x0000000714200000|100%|HC|  |TAMS 0x0000000714000000| PB 0x0000000714000000| Complete 
| 124|0x0000000714200000, 0x0000000714400000, 0x0000000714400000|100%|HC|  |TAMS 0x0000000714200000| PB 0x0000000714200000| Complete 
| 125|0x0000000714400000, 0x0000000714600000, 0x0000000714600000|100%|HC|  |TAMS 0x0000000714400000| PB 0x0000000714400000| Complete 
| 126|0x0000000714600000, 0x0000000714800000, 0x0000000714800000|100%|HC|  |TAMS 0x0000000714600000| PB 0x0000000714600000| Complete 
| 127|0x0000000714800000, 0x0000000714a00000, 0x0000000714a00000|100%|HC|  |TAMS 0x0000000714800000| PB 0x0000000714800000| Complete 
| 128|0x0000000714a00000, 0x0000000714c00000, 0x0000000714c00000|100%|HC|  |TAMS 0x0000000714a00000| PB 0x0000000714a00000| Complete 
| 129|0x0000000714c00000, 0x0000000714e00000, 0x0000000714e00000|100%|HC|  |TAMS 0x0000000714c00000| PB 0x0000000714c00000| Complete 
| 130|0x0000000714e00000, 0x0000000715000000, 0x0000000715000000|100%|HC|  |TAMS 0x0000000714e00000| PB 0x0000000714e00000| Complete 
| 131|0x0000000715000000, 0x0000000715200000, 0x0000000715200000|100%|HC|  |TAMS 0x0000000715000000| PB 0x0000000715000000| Complete 
| 132|0x0000000715200000, 0x0000000715400000, 0x0000000715400000|100%|HC|  |TAMS 0x0000000715200000| PB 0x0000000715200000| Complete 
| 133|0x0000000715400000, 0x0000000715600000, 0x0000000715600000|100%|HC|  |TAMS 0x0000000715400000| PB 0x0000000715400000| Complete 
| 134|0x0000000715600000, 0x0000000715800000, 0x0000000715800000|100%|HC|  |TAMS 0x0000000715600000| PB 0x0000000715600000| Complete 
| 135|0x0000000715800000, 0x0000000715a00000, 0x0000000715a00000|100%|HC|  |TAMS 0x0000000715800000| PB 0x0000000715800000| Complete 
| 136|0x0000000715a00000, 0x0000000715c00000, 0x0000000715c00000|100%|HC|  |TAMS 0x0000000715a00000| PB 0x0000000715a00000| Complete 
| 137|0x0000000715c00000, 0x0000000715e00000, 0x0000000715e00000|100%|HC|  |TAMS 0x0000000715c00000| PB 0x0000000715c00000| Complete 
| 138|0x0000000715e00000, 0x0000000716000000, 0x0000000716000000|100%|HC|  |TAMS 0x0000000715e00000| PB 0x0000000715e00000| Complete 
| 139|0x0000000716000000, 0x0000000716200000, 0x0000000716200000|100%|HC|  |TAMS 0x0000000716000000| PB 0x0000000716000000| Complete 
| 140|0x0000000716200000, 0x0000000716400000, 0x0000000716400000|100%|HC|  |TAMS 0x0000000716200000| PB 0x0000000716200000| Complete 
| 141|0x0000000716400000, 0x0000000716400000, 0x0000000716600000|  0%| F|  |TAMS 0x0000000716400000| PB 0x0000000716400000| Untracked 
| 142|0x0000000716600000, 0x0000000716600000, 0x0000000716800000|  0%| F|  |TAMS 0x0000000716600000| PB 0x0000000716600000| Untracked 
| 143|0x0000000716800000, 0x0000000716800000, 0x0000000716a00000|  0%| F|  |TAMS 0x0000000716800000| PB 0x0000000716800000| Untracked 
| 144|0x0000000716a00000, 0x0000000716a00000, 0x0000000716c00000|  0%| F|  |TAMS 0x0000000716a00000| PB 0x0000000716a00000| Untracked 
| 145|0x0000000716c00000, 0x0000000716da3dc0, 0x0000000716e00000| 82%| E|  |TAMS 0x0000000716c00000| PB 0x0000000716c00000| Complete 
| 146|0x0000000716e00000, 0x0000000717000000, 0x0000000717000000|100%| E|CS|TAMS 0x0000000716e00000| PB 0x0000000716e00000| Complete 
| 147|0x0000000717000000, 0x0000000717200000, 0x0000000717200000|100%| E|CS|TAMS 0x0000000717000000| PB 0x0000000717000000| Complete 
| 148|0x0000000717200000, 0x0000000717400000, 0x0000000717400000|100%| E|CS|TAMS 0x0000000717200000| PB 0x0000000717200000| Complete 
| 149|0x0000000717400000, 0x0000000717600000, 0x0000000717600000|100%| E|CS|TAMS 0x0000000717400000| PB 0x0000000717400000| Complete 
| 150|0x0000000717600000, 0x0000000717800000, 0x0000000717800000|100%| E|CS|TAMS 0x0000000717600000| PB 0x0000000717600000| Complete 
| 151|0x0000000717800000, 0x0000000717a00000, 0x0000000717a00000|100%| E|CS|TAMS 0x0000000717800000| PB 0x0000000717800000| Complete 
| 152|0x0000000717a00000, 0x0000000717c00000, 0x0000000717c00000|100%| E|CS|TAMS 0x0000000717a00000| PB 0x0000000717a00000| Complete 
| 153|0x0000000717c00000, 0x0000000717e00000, 0x0000000717e00000|100%| E|CS|TAMS 0x0000000717c00000| PB 0x0000000717c00000| Complete 
| 154|0x0000000717e00000, 0x0000000718000000, 0x0000000718000000|100%| E|CS|TAMS 0x0000000717e00000| PB 0x0000000717e00000| Complete 
| 155|0x0000000718000000, 0x0000000718200000, 0x0000000718200000|100%| E|CS|TAMS 0x0000000718000000| PB 0x0000000718000000| Complete 
| 156|0x0000000718200000, 0x0000000718400000, 0x0000000718400000|100%| E|CS|TAMS 0x0000000718200000| PB 0x0000000718200000| Complete 
| 157|0x0000000718400000, 0x0000000718600000, 0x0000000718600000|100%| E|CS|TAMS 0x0000000718400000| PB 0x0000000718400000| Complete 
| 158|0x0000000718600000, 0x0000000718800000, 0x0000000718800000|100%| E|CS|TAMS 0x0000000718600000| PB 0x0000000718600000| Complete 
| 159|0x0000000718800000, 0x0000000718a00000, 0x0000000718a00000|100%| E|CS|TAMS 0x0000000718800000| PB 0x0000000718800000| Complete 
| 160|0x0000000718a00000, 0x0000000718c00000, 0x0000000718c00000|100%| E|CS|TAMS 0x0000000718a00000| PB 0x0000000718a00000| Complete 
| 161|0x0000000718c00000, 0x0000000718e00000, 0x0000000718e00000|100%| E|CS|TAMS 0x0000000718c00000| PB 0x0000000718c00000| Complete 
| 162|0x0000000718e00000, 0x0000000719000000, 0x0000000719000000|100%| E|CS|TAMS 0x0000000718e00000| PB 0x0000000718e00000| Complete 
| 163|0x0000000719000000, 0x0000000719200000, 0x0000000719200000|100%| E|CS|TAMS 0x0000000719000000| PB 0x0000000719000000| Complete 
| 164|0x0000000719200000, 0x0000000719400000, 0x0000000719400000|100%| E|CS|TAMS 0x0000000719200000| PB 0x0000000719200000| Complete 
| 165|0x0000000719400000, 0x0000000719600000, 0x0000000719600000|100%| E|CS|TAMS 0x0000000719400000| PB 0x0000000719400000| Complete 
| 166|0x0000000719600000, 0x0000000719800000, 0x0000000719800000|100%| E|CS|TAMS 0x0000000719600000| PB 0x0000000719600000| Complete 
| 167|0x0000000719800000, 0x0000000719a00000, 0x0000000719a00000|100%| E|CS|TAMS 0x0000000719800000| PB 0x0000000719800000| Complete 
| 168|0x0000000719a00000, 0x0000000719c00000, 0x0000000719c00000|100%| E|CS|TAMS 0x0000000719a00000| PB 0x0000000719a00000| Complete 
| 169|0x0000000719c00000, 0x0000000719e00000, 0x0000000719e00000|100%| E|CS|TAMS 0x0000000719c00000| PB 0x0000000719c00000| Complete 
| 170|0x0000000719e00000, 0x000000071a000000, 0x000000071a000000|100%| E|CS|TAMS 0x0000000719e00000| PB 0x0000000719e00000| Complete 
| 171|0x000000071a000000, 0x000000071a200000, 0x000000071a200000|100%| E|CS|TAMS 0x000000071a000000| PB 0x000000071a000000| Complete 
| 172|0x000000071a200000, 0x000000071a400000, 0x000000071a400000|100%| E|CS|TAMS 0x000000071a200000| PB 0x000000071a200000| Complete 
| 173|0x000000071a400000, 0x000000071a600000, 0x000000071a600000|100%| E|CS|TAMS 0x000000071a400000| PB 0x000000071a400000| Complete 
| 174|0x000000071a600000, 0x000000071a800000, 0x000000071a800000|100%| E|CS|TAMS 0x000000071a600000| PB 0x000000071a600000| Complete 
| 175|0x000000071a800000, 0x000000071aa00000, 0x000000071aa00000|100%| E|CS|TAMS 0x000000071a800000| PB 0x000000071a800000| Complete 
| 176|0x000000071aa00000, 0x000000071ac00000, 0x000000071ac00000|100%| E|CS|TAMS 0x000000071aa00000| PB 0x000000071aa00000| Complete 
| 177|0x000000071ac00000, 0x000000071ae00000, 0x000000071ae00000|100%| E|CS|TAMS 0x000000071ac00000| PB 0x000000071ac00000| Complete 
| 178|0x000000071ae00000, 0x000000071b000000, 0x000000071b000000|100%| E|CS|TAMS 0x000000071ae00000| PB 0x000000071ae00000| Complete 
| 179|0x000000071b000000, 0x000000071b200000, 0x000000071b200000|100%| E|CS|TAMS 0x000000071b000000| PB 0x000000071b000000| Complete 
| 180|0x000000071b200000, 0x000000071b400000, 0x000000071b400000|100%| E|CS|TAMS 0x000000071b200000| PB 0x000000071b200000| Complete 
| 181|0x000000071b400000, 0x000000071b600000, 0x000000071b600000|100%| E|CS|TAMS 0x000000071b400000| PB 0x000000071b400000| Complete 

Card table byte_map: [0x0000026f20350000,0x0000026f20b30000] _byte_map_base: 0x0000026f1cb2b000

Marking Bits: (CMBitMap*) 0x0000026f0604c440
 Bits: [0x0000026f20b30000, 0x0000026f24a08000)

Polling page: 0x0000026f06100000

Metaspace:

Usage:
  Non-class:     44.41 MB used.
      Class:      7.07 MB used.
       Both:     51.48 MB used.

Virtual space:
  Non-class space:       64.00 MB reserved,      44.69 MB ( 70%) committed,  1 nodes.
      Class space:        1.00 GB reserved,       7.31 MB ( <1%) committed,  1 nodes.
             Both:        1.06 GB reserved,      52.00 MB (  5%) committed. 

Chunk freelists:
   Non-Class:  2.92 MB
       Class:  8.65 MB
        Both:  11.57 MB

MaxMetaspaceSize: unlimited
CompressedClassSpaceSize: 1.00 GB
Initial GC threshold: 21.00 MB
Current GC threshold: 69.50 MB
CDS: on
 - commit_granule_bytes: 65536.
 - commit_granule_words: 8192.
 - virtual_space_node_default_size: 8388608.
 - enlarge_chunks_in_place: 1.
 - use_allocation_guard: 0.


Internal statistics:

num_allocs_failed_limit: 6.
num_arena_births: 592.
num_arena_deaths: 0.
num_vsnodes_births: 2.
num_vsnodes_deaths: 0.
num_space_committed: 832.
num_space_uncommitted: 0.
num_chunks_returned_to_freelist: 6.
num_chunks_taken_from_freelist: 2348.
num_chunk_merges: 6.
num_chunk_splits: 1677.
num_chunks_enlarged: 1331.
num_inconsistent_stats: 0.

CodeHeap 'non-profiled nmethods': size=120000Kb used=5207Kb max_used=5207Kb free=114792Kb
 bounds [0x0000026f180f0000, 0x0000026f18610000, 0x0000026f1f620000]
CodeHeap 'profiled nmethods': size=120000Kb used=16287Kb max_used=16287Kb free=103712Kb
 bounds [0x0000026f10620000, 0x0000026f11610000, 0x0000026f17b50000]
CodeHeap 'non-nmethods': size=5760Kb used=2096Kb max_used=2171Kb free=3664Kb
 bounds [0x0000026f17b50000, 0x0000026f17dc0000, 0x0000026f180f0000]
 total_blobs=9010 nmethods=7973 adapters=940
 compilation: enabled
              stopped_count=0, restarted_count=0
 full_count=0

Compilation events (20 events):
Event: 56.826 Thread 0x0000026f276b7cb0 nmethod 8527 0x0000026f11602690 code [0x0000026f11602a60, 0x0000026f11604488]
Event: 56.826 Thread 0x0000026f276b7cb0 8528       3       com.sun.javafx.geom.RoundRectangle2D::contains (189 bytes)
Event: 56.826 Thread 0x0000026f276b7cb0 nmethod 8528 0x0000026f11604c90 code [0x0000026f11604ee0, 0x0000026f116057d0]
Event: 56.826 Thread 0x0000026f276b7cb0 8529       3       com.sun.javafx.geom.RoundRectangle2D::isEmpty (24 bytes)
Event: 56.826 Thread 0x0000026f276b7cb0 nmethod 8529 0x0000026f11605990 code [0x0000026f11605b40, 0x0000026f11605d30]
Event: 57.150 Thread 0x0000026f279502f0 8530       4       javafx.scene.input.InputEvent::getEventType (5 bytes)
Event: 57.150 Thread 0x0000026f279502f0 nmethod 8530 0x0000026f18602690 code [0x0000026f18602820, 0x0000026f186028b0]
Event: 58.584 Thread 0x0000026f279502f0 8531       4       com.sun.javafx.event.EventHandlerManager::dispatchBubblingEvent (23 bytes)
Event: 58.599 Thread 0x0000026f279502f0 nmethod 8531 0x0000026f18602990 code [0x0000026f18602be0, 0x0000026f18603450]
Event: 62.023 Thread 0x0000026f276b7cb0 8532       3       jdk.internal.loader.ClassLoaders::bootLoader (4 bytes)
Event: 62.023 Thread 0x0000026f276b7cb0 nmethod 8532 0x0000026f11605e10 code [0x0000026f11605fa0, 0x0000026f11606098]
Event: 87.193 Thread 0x0000026f279502f0 8533       4       com.sun.javafx.tk.quantum.QuantumToolkit::postPulse (133 bytes)
Event: 87.233 Thread 0x0000026f279502f0 nmethod 8533 0x0000026f18603c10 code [0x0000026f18603ec0, 0x0000026f18605240]
Event: 87.344 Thread 0x0000026f279502f0 8534       4       com.sun.javafx.tk.quantum.QuantumToolkit$$Lambda/0x0000026f2903d158::run (8 bytes)
Event: 87.345 Thread 0x0000026f279502f0 nmethod 8534 0x0000026f18605b90 code [0x0000026f18605d40, 0x0000026f18605e50]
Event: 120.705 Thread 0x0000026f276b7cb0 8535       3       java.util.logging.LogManager::checkPermission (16 bytes)
Event: 120.705 Thread 0x0000026f276b7cb0 nmethod 8535 0x0000026f11606110 code [0x0000026f116062c0, 0x0000026f116064b0]
Event: 120.706 Thread 0x0000026f276b7cb0 8536   !   3       java.util.logging.LogManager$LoggerContext::findLogger (113 bytes)
Event: 120.707 Thread 0x0000026f276b7cb0 nmethod 8536 0x0000026f11606590 code [0x0000026f11606840, 0x0000026f11607778]
Event: 120.707 Thread 0x0000026f276b7cb0 8537       3       java.util.logging.Logger::updateEffectiveLevel (126 bytes)

GC Heap History (20 events):
Event: 2.035 GC heap before
{Heap before GC invocations=1 (full 0):
 garbage-first heap   total 258048K, used 39605K [0x0000000704a00000, 0x0000000800000000)
  region size 2048K, 21 young (43008K), 2 survivors (4096K)
 Metaspace       used 12793K, committed 13056K, reserved 1114112K
  class space    used 1613K, committed 1792K, reserved 1048576K
}
Event: 2.043 GC heap after
{Heap after GC invocations=2 (full 0):
 garbage-first heap   total 258048K, used 6490K [0x0000000704a00000, 0x0000000800000000)
  region size 2048K, 3 young (6144K), 3 survivors (6144K)
 Metaspace       used 12793K, committed 13056K, reserved 1114112K
  class space    used 1613K, committed 1792K, reserved 1048576K
}
Event: 2.915 GC heap before
{Heap before GC invocations=2 (full 0):
 garbage-first heap   total 258048K, used 24922K [0x0000000704a00000, 0x0000000800000000)
  region size 2048K, 13 young (26624K), 3 survivors (6144K)
 Metaspace       used 21326K, committed 21504K, reserved 1114112K
  class space    used 2603K, committed 2688K, reserved 1048576K
}
Event: 2.922 GC heap after
{Heap after GC invocations=3 (full 0):
 garbage-first heap   total 258048K, used 9805K [0x0000000704a00000, 0x0000000800000000)
  region size 2048K, 5 young (10240K), 5 survivors (10240K)
 Metaspace       used 21326K, committed 21504K, reserved 1114112K
  class space    used 2603K, committed 2688K, reserved 1048576K
}
Event: 3.393 GC heap before
{Heap before GC invocations=4 (full 0):
 garbage-first heap   total 49152K, used 46669K [0x0000000704a00000, 0x0000000800000000)
  region size 2048K, 23 young (47104K), 5 survivors (10240K)
 Metaspace       used 29179K, committed 29568K, reserved 1114112K
  class space    used 3795K, committed 3968K, reserved 1048576K
}
Event: 3.402 GC heap after
{Heap after GC invocations=5 (full 0):
 garbage-first heap   total 61440K, used 12252K [0x0000000704a00000, 0x0000000800000000)
  region size 2048K, 6 young (12288K), 6 survivors (12288K)
 Metaspace       used 29179K, committed 29568K, reserved 1114112K
  class space    used 3795K, committed 3968K, reserved 1048576K
}
Event: 4.158 GC heap before
{Heap before GC invocations=5 (full 0):
 garbage-first heap   total 61440K, used 36828K [0x0000000704a00000, 0x0000000800000000)
  region size 2048K, 18 young (36864K), 6 survivors (12288K)
 Metaspace       used 32946K, committed 33280K, reserved 1114112K
  class space    used 4345K, committed 4480K, reserved 1048576K
}
Event: 4.168 GC heap after
{Heap after GC invocations=6 (full 0):
 garbage-first heap   total 61440K, used 11839K [0x0000000704a00000, 0x0000000800000000)
  region size 2048K, 2 young (4096K), 2 survivors (4096K)
 Metaspace       used 32946K, committed 33280K, reserved 1114112K
  class space    used 4345K, committed 4480K, reserved 1048576K
}
Event: 4.485 GC heap before
{Heap before GC invocations=6 (full 0):
 garbage-first heap   total 61440K, used 20031K [0x0000000704a00000, 0x0000000800000000)
  region size 2048K, 7 young (14336K), 2 survivors (4096K)
 Metaspace       used 35027K, committed 35392K, reserved 1114112K
  class space    used 4658K, committed 4800K, reserved 1048576K
}
Event: 4.488 GC heap after
{Heap after GC invocations=7 (full 0):
 garbage-first heap   total 61440K, used 12244K [0x0000000704a00000, 0x0000000800000000)
  region size 2048K, 2 young (4096K), 2 survivors (4096K)
 Metaspace       used 35027K, committed 35392K, reserved 1114112K
  class space    used 4658K, committed 4800K, reserved 1048576K
}
Event: 5.105 GC heap before
{Heap before GC invocations=7 (full 0):
 garbage-first heap   total 116736K, used 69588K [0x0000000704a00000, 0x0000000800000000)
  region size 2048K, 4 young (8192K), 2 survivors (4096K)
 Metaspace       used 35731K, committed 36160K, reserved 1114112K
  class space    used 4804K, committed 4992K, reserved 1048576K
}
Event: 5.109 GC heap after
{Heap after GC invocations=8 (full 0):
 garbage-first heap   total 174080K, used 67594K [0x0000000704a00000, 0x0000000800000000)
  region size 2048K, 2 young (4096K), 2 survivors (4096K)
 Metaspace       used 35731K, committed 36160K, reserved 1114112K
  class space    used 4804K, committed 4992K, reserved 1048576K
}
Event: 5.335 GC heap before
{Heap before GC invocations=9 (full 0):
 garbage-first heap   total 174080K, used 75786K [0x0000000704a00000, 0x0000000800000000)
  region size 2048K, 7 young (14336K), 2 survivors (4096K)
 Metaspace       used 36853K, committed 37312K, reserved 1114112K
  class space    used 5037K, committed 5248K, reserved 1048576K
}
Event: 5.340 GC heap after
{Heap after GC invocations=10 (full 0):
 garbage-first heap   total 174080K, used 69385K [0x0000000704a00000, 0x0000000800000000)
  region size 2048K, 3 young (6144K), 3 survivors (6144K)
 Metaspace       used 36853K, committed 37312K, reserved 1114112K
  class space    used 5037K, committed 5248K, reserved 1048576K
}
Event: 6.009 GC heap before
{Heap before GC invocations=10 (full 0):
 garbage-first heap   total 174080K, used 116489K [0x0000000704a00000, 0x0000000800000000)
  region size 2048K, 17 young (34816K), 3 survivors (6144K)
 Metaspace       used 41754K, committed 42240K, reserved 1114112K
  class space    used 5996K, committed 6208K, reserved 1048576K
}
Event: 6.016 GC heap after
{Heap after GC invocations=11 (full 0):
 garbage-first heap   total 174080K, used 91939K [0x0000000704a00000, 0x0000000800000000)
  region size 2048K, 4 young (8192K), 4 survivors (8192K)
 Metaspace       used 41754K, committed 42240K, reserved 1114112K
  class space    used 5996K, committed 6208K, reserved 1048576K
}
Event: 12.060 GC heap before
{Heap before GC invocations=12 (full 0):
 garbage-first heap   total 174080K, used 96035K [0x0000000704a00000, 0x0000000800000000)
  region size 2048K, 6 young (12288K), 4 survivors (8192K)
 Metaspace       used 42257K, committed 42688K, reserved 1114112K
  class space    used 6025K, committed 6208K, reserved 1048576K
}
Event: 12.066 GC heap after
{Heap after GC invocations=13 (full 0):
 garbage-first heap   total 174080K, used 94424K [0x0000000704a00000, 0x0000000800000000)
  region size 2048K, 3 young (6144K), 3 survivors (6144K)
 Metaspace       used 42257K, committed 42688K, reserved 1114112K
  class space    used 6025K, committed 6208K, reserved 1048576K
}
Event: 16.557 GC heap before
{Heap before GC invocations=14 (full 0):
 garbage-first heap   total 223232K, used 219352K [0x0000000704a00000, 0x0000000800000000)
  region size 2048K, 28 young (57344K), 3 survivors (6144K)
 Metaspace       used 49805K, committed 50240K, reserved 1114112K
  class space    used 7031K, committed 7232K, reserved 1048576K
}
Event: 16.565 GC heap after
{Heap after GC invocations=15 (full 0):
 garbage-first heap   total 372736K, used 171839K [0x0000000704a00000, 0x0000000800000000)
  region size 2048K, 5 young (10240K), 5 survivors (10240K)
 Metaspace       used 49805K, committed 50240K, reserved 1114112K
  class space    used 7031K, committed 7232K, reserved 1048576K
}

Dll operation events (20 events):
Event: 0.786 Loaded shared library C:\Users\yasas\.openjfx\cache\21.0.6+3\amd64\api-ms-win-crt-multibyte-l1-1-0.dll
Event: 0.793 Loaded shared library C:\Users\yasas\.openjfx\cache\21.0.6+3\amd64\api-ms-win-crt-private-l1-1-0.dll
Event: 0.799 Loaded shared library C:\Users\yasas\.openjfx\cache\21.0.6+3\amd64\api-ms-win-crt-process-l1-1-0.dll
Event: 0.807 Loaded shared library C:\Users\yasas\.openjfx\cache\21.0.6+3\amd64\api-ms-win-crt-runtime-l1-1-0.dll
Event: 0.815 Loaded shared library C:\Users\yasas\.openjfx\cache\21.0.6+3\amd64\api-ms-win-crt-stdio-l1-1-0.dll
Event: 0.834 Loaded shared library C:\Users\yasas\.openjfx\cache\21.0.6+3\amd64\api-ms-win-crt-string-l1-1-0.dll
Event: 0.849 Loaded shared library C:\Users\yasas\.openjfx\cache\21.0.6+3\amd64\api-ms-win-crt-time-l1-1-0.dll
Event: 0.866 Loaded shared library C:\Users\yasas\.openjfx\cache\21.0.6+3\amd64\api-ms-win-crt-utility-l1-1-0.dll
Event: 0.897 Loaded shared library C:\Users\yasas\.openjfx\cache\21.0.6+3\amd64\ucrtbase.dll
Event: 0.905 Loaded shared library C:\Users\yasas\.openjfx\cache\21.0.6+3\amd64\vcruntime140.dll
Event: 0.912 Loaded shared library C:\Users\yasas\.openjfx\cache\21.0.6+3\amd64\vcruntime140_1.dll
Event: 0.933 Loaded shared library C:\Users\yasas\.openjfx\cache\21.0.6+3\amd64\msvcp140.dll
Event: 0.939 Loaded shared library C:\Users\yasas\.openjfx\cache\21.0.6+3\amd64\msvcp140_1.dll
Event: 0.951 Loaded shared library C:\Users\yasas\.openjfx\cache\21.0.6+3\amd64\msvcp140_2.dll
Event: 1.030 Loaded shared library C:\Users\yasas\.openjfx\cache\21.0.6+3\amd64\prism_d3d.dll
Event: 1.198 Loaded shared library C:\Users\yasas\.openjfx\cache\21.0.6+3\amd64\glass.dll
Event: 1.377 Loaded shared library C:\Program Files\Java\jdk-21\bin\jimage.dll
Event: 1.590 Loaded shared library C:\Program Files\Java\jdk-21\bin\verify.dll
Event: 2.307 Loaded shared library C:\Program Files\Java\jdk-21\bin\sunmscapi.dll
Event: 5.129 Loaded shared library C:\Users\yasas\.openjfx\cache\21.0.6+3\amd64\javafx_font.dll

Deoptimization events (20 events):
Event: 50.819 Thread 0x0000026f27a35e80 Uncommon trap: trap_request=0xffffff45 fr.pc=0x0000026f18565d0c relative=0x000000000000102c
Event: 50.819 Thread 0x0000026f27a35e80 Uncommon trap: reason=unstable_if action=reinterpret pc=0x0000026f18565d0c method=com.sun.javafx.sg.prism.NGText.renderContent2D(Lcom/sun/prism/Graphics;Z)V @ 245 c2
Event: 50.819 Thread 0x0000026f27a35e80 DEOPT PACKING pc=0x0000026f18565d0c sp=0x000000cbc85fdb80
Event: 50.819 Thread 0x0000026f27a35e80 DEOPT UNPACKING pc=0x0000026f17ba46a2 sp=0x000000cbc85fdb40 mode 2
Event: 50.819 Thread 0x0000026f27a35e80 Uncommon trap: trap_request=0xffffff45 fr.pc=0x0000026f1858dbf0 relative=0x0000000000000310
Event: 50.819 Thread 0x0000026f27a35e80 Uncommon trap: reason=unstable_if action=reinterpret pc=0x0000026f1858dbf0 method=com.sun.javafx.sg.prism.NGText.renderText(Lcom/sun/prism/Graphics;Lcom/sun/javafx/font/FontStrike;Lcom/sun/javafx/geom/BaseBounds;Lcom/sun/prism/paint/Color;I)V @ 147 c2
Event: 50.819 Thread 0x0000026f27a35e80 DEOPT PACKING pc=0x0000026f1858dbf0 sp=0x000000cbc85fdae0
Event: 50.819 Thread 0x0000026f27a35e80 DEOPT UNPACKING pc=0x0000026f17ba46a2 sp=0x000000cbc85fda60 mode 2
Event: 50.819 Thread 0x0000026f27a35e80 Uncommon trap: trap_request=0xffffffde fr.pc=0x0000026f1850d010 relative=0x0000000000001730
Event: 50.819 Thread 0x0000026f27a35e80 Uncommon trap: reason=class_check action=maybe_recompile pc=0x0000026f1850d010 method=com.sun.prism.d3d.D3DGraphics.create(Lcom/sun/prism/RenderTarget;Lcom/sun/prism/d3d/D3DContext;)Lcom/sun/prism/Graphics; @ 7 c2
Event: 50.819 Thread 0x0000026f27a35e80 DEOPT PACKING pc=0x0000026f1850d010 sp=0x000000cbc85febf0
Event: 50.819 Thread 0x0000026f27a35e80 DEOPT UNPACKING pc=0x0000026f17ba46a2 sp=0x000000cbc85fec00 mode 2
Event: 50.819 Thread 0x0000026f27a35e80 Uncommon trap: trap_request=0xffffffde fr.pc=0x0000026f1850f1b8 relative=0x0000000000001098
Event: 50.819 Thread 0x0000026f27a35e80 Uncommon trap: reason=class_check action=maybe_recompile pc=0x0000026f1850f1b8 method=com.sun.prism.impl.BaseGraphics.<init>(Lcom/sun/prism/impl/BaseContext;Lcom/sun/prism/RenderTarget;)V @ 104 c2
Event: 50.819 Thread 0x0000026f27a35e80 DEOPT PACKING pc=0x0000026f1850f1b8 sp=0x000000cbc85feaa0
Event: 50.819 Thread 0x0000026f27a35e80 DEOPT UNPACKING pc=0x0000026f17ba46a2 sp=0x000000cbc85fea78 mode 2
Event: 56.351 Thread 0x0000026f27a34ad0 Uncommon trap: trap_request=0xffffff45 fr.pc=0x0000026f181ea99c relative=0x000000000000025c
Event: 56.351 Thread 0x0000026f27a34ad0 Uncommon trap: reason=unstable_if action=reinterpret pc=0x0000026f181ea99c method=jdk.internal.org.objectweb.asm.Frame.push(I)V @ 26 c2
Event: 56.351 Thread 0x0000026f27a34ad0 DEOPT PACKING pc=0x0000026f181ea99c sp=0x000000cbc8bf7990
Event: 56.351 Thread 0x0000026f27a34ad0 DEOPT UNPACKING pc=0x0000026f17ba46a2 sp=0x000000cbc8bf7938 mode 2

Classes loaded (20 events):
Event: 23.317 Loading class java/time/chrono/IsoEra
Event: 23.318 Loading class java/time/chrono/Era
Event: 23.318 Loading class java/time/chrono/Era done
Event: 23.318 Loading class java/time/chrono/IsoEra done
Event: 30.981 Loading class java/security/DomainCombiner
Event: 30.981 Loading class java/security/DomainCombiner done
Event: 32.846 Loading class java/time/format/DateTimeFormatterBuilder$LocalizedPrinterParser
Event: 32.846 Loading class java/time/format/DateTimeFormatterBuilder$LocalizedPrinterParser done
Event: 32.847 Loading class sun/util/locale/provider/JavaTimeDateTimePatternImpl
Event: 32.847 Loading class sun/util/locale/provider/JavaTimeDateTimePatternImpl done
Event: 33.446 Loading class java/time/format/DateTimeFormatterBuilder$ReducedPrinterParser
Event: 33.447 Loading class java/time/format/DateTimeFormatterBuilder$ReducedPrinterParser done
Event: 33.450 Loading class java/text/ParsePosition
Event: 33.450 Loading class java/text/ParsePosition done
Event: 33.450 Loading class java/time/format/DateTimeParseContext
Event: 33.451 Loading class java/time/format/DateTimeParseContext done
Event: 33.451 Loading class java/time/format/Parsed
Event: 33.451 Loading class java/time/format/Parsed done
Event: 120.702 Loading class jdk/internal/misc/Signal$1
Event: 120.703 Loading class jdk/internal/misc/Signal$1 done

Classes unloaded (0 events):
No events

Classes redefined (0 events):
No events

Internal exceptions (20 events):
Event: 12.982 Thread 0x0000026f27a34ad0 Exception <a 'java/io/FileNotFoundException'{0x000000070c9a19f8}> (0x000000070c9a19f8) 
thrown [s\open\src\hotspot\share\prims\jni.cpp, line 520]
Event: 12.995 Thread 0x0000026f27a34ad0 Exception <a 'java/lang/ClassNotFoundException'{0x000000070c9ddcd8}: com/sun/javafx/scene/control/skin/resources/controls-nt> (0x000000070c9ddcd8) 
thrown [s\open\src\hotspot\share\prims\jni.cpp, line 539]
Event: 12.996 Thread 0x0000026f27a34ad0 Exception <a 'java/lang/ClassNotFoundException'{0x000000070c9e6618}: com/sun/javafx/scene/control/skin/resources/controls-nt_en> (0x000000070c9e6618) 
thrown [s\open\src\hotspot\share\prims\jni.cpp, line 539]
Event: 12.996 Thread 0x0000026f27a34ad0 Exception <a 'java/lang/ClassNotFoundException'{0x000000070c9e8280}: com/sun/javafx/scene/control/skin/resources/controls-nt_en_US> (0x000000070c9e8280) 
thrown [s\open\src\hotspot\share\prims\jni.cpp, line 539]
Event: 12.997 Thread 0x0000026f27a34ad0 Exception <a 'java/io/FileNotFoundException'{0x000000070c9ef750}> (0x000000070c9ef750) 
thrown [s\open\src\hotspot\share\prims\jni.cpp, line 520]
Event: 16.468 Thread 0x0000026f27a34ad0 Exception <a 'java/lang/NoSuchMethodError'{0x000000070bf178a0}: 'java.lang.Object java.lang.invoke.DirectMethodHandle$Holder.newInvokeSpecial(java.lang.Object, java.lang.Object, int, int, int, int, int, java.lang.Object)'> (0x000000070bf178a0) 
thrown [s\open\src\hotspot\share\interpreter\linkResolver.cpp, line 773]
Event: 16.469 Thread 0x0000026f27a34ad0 Exception <a 'java/lang/NoSuchMethodError'{0x000000070bf29500}: 'java.lang.Object java.lang.invoke.DirectMethodHandle$Holder.newInvokeSpecial(java.lang.Object, java.lang.Object, java.lang.Object, int, int, int, int, int)'> (0x000000070bf29500) 
thrown [s\open\src\hotspot\share\interpreter\linkResolver.cpp, line 773]
Event: 16.469 Thread 0x0000026f27a34ad0 Exception <a 'java/lang/NoSuchMethodError'{0x000000070bf30860}: 'java.lang.Object java.lang.invoke.Invokers$Holder.linkToTargetMethod(java.lang.Object, java.lang.Object, int, int, int, int, int, java.lang.Object)'> (0x000000070bf30860) 
thrown [s\open\src\hotspot\share\interpreter\linkResolver.cpp, line 773]
Event: 16.580 Thread 0x0000026f27a34ad0 Exception <a 'java/io/FileNotFoundException'{0x000000071b437440}> (0x000000071b437440) 
thrown [s\open\src\hotspot\share\prims\jni.cpp, line 520]
Event: 16.582 Thread 0x0000026f27a34ad0 Exception <a 'java/io/FileNotFoundException'{0x000000071b450600}> (0x000000071b450600) 
thrown [s\open\src\hotspot\share\prims\jni.cpp, line 520]
Event: 16.596 Thread 0x0000026f27a34ad0 Exception <a 'java/lang/ClassCastException'{0x000000071b4c6728}: class java.lang.String cannot be cast to class javafx.scene.paint.Paint (java.lang.String is in module java.base of loader 'bootstrap'; javafx.scene.paint.Paint is in module javafx.graphics@21.0.6 of loader 'app')> (0x000000071b4c6728) 
thrown [s\open\src\hotspot\share\interpreter\interpreterRuntime.cpp, line 455]
Event: 16.672 Thread 0x0000026f27a35e80 Exception <a 'java/lang/NoSuchMethodError'{0x000000071b0ff0c0}: 'java.lang.Object java.lang.invoke.DirectMethodHandle$Holder.invokeStaticInit(java.lang.Object, int)'> (0x000000071b0ff0c0) 
thrown [s\open\src\hotspot\share\interpreter\linkResolver.cpp, line 773]
Event: 43.589 Thread 0x0000026f27a34ad0 Implicit null exception at 0x0000026f184215e3 to 0x0000026f18421bec
Event: 43.595 Thread 0x0000026f27a34ad0 Exception <a 'java/lang/ClassCastException'{0x000000071797ea48}: class java.lang.String cannot be cast to class javafx.scene.paint.Paint (java.lang.String is in module java.base of loader 'bootstrap'; javafx.scene.paint.Paint is in module javafx.graphics@21.0.6 of loader 'app')> (0x000000071797ea48) 
thrown [s\open\src\hotspot\share\interpreter\interpreterRuntime.cpp, line 455]
Event: 43.599 Thread 0x0000026f27a34ad0 Implicit null exception at 0x0000026f1857fd05 to 0x0000026f1858352c
Event: 50.701 Thread 0x0000026f27a34ad0 Exception <a 'java/lang/ClassCastException'{0x00000007173cffe8}: class java.lang.String cannot be cast to class javafx.scene.paint.Paint (java.lang.String is in module java.base of loader 'bootstrap'; javafx.scene.paint.Paint is in module javafx.graphics@21.0.6 of loader 'app')> (0x00000007173cffe8) 
thrown [s\open\src\hotspot\share\interpreter\interpreterRuntime.cpp, line 455]
Event: 50.764 Thread 0x0000026f27a35e80 Implicit null exception at 0x0000026f185877e3 to 0x0000026f18587868
Event: 50.766 Thread 0x0000026f27a35e80 Implicit null exception at 0x0000026f18531d5e to 0x0000026f18531dd0
Event: 50.818 Thread 0x0000026f27a35e80 Implicit null exception at 0x0000026f1852da00 to 0x0000026f1852f898
Event: 56.352 Thread 0x0000026f27a34ad0 Exception <a 'java/lang/NoSuchMethodError'{0x0000000716e3c300}: 'java.lang.Object java.lang.invoke.DirectMethodHandle$Holder.newInvokeSpecial(java.lang.Object, java.lang.Object, java.lang.Object, double, double, double, double, int, int, int, int, int, int, int, int, int)'> (0x0000000716e3c300) 
thrown [s\open\src\hotspot\share\interpreter\linkResolver.cpp, line 773]

ZGC Phase Switch (0 events):
No events

VM Operations (20 events):
Event: 46.455 Executing VM operation: Cleanup done
Event: 47.456 Executing VM operation: Cleanup
Event: 47.456 Executing VM operation: Cleanup done
Event: 48.457 Executing VM operation: Cleanup
Event: 48.457 Executing VM operation: Cleanup done
Event: 49.457 Executing VM operation: Cleanup
Event: 49.457 Executing VM operation: Cleanup done
Event: 50.457 Executing VM operation: Cleanup
Event: 50.457 Executing VM operation: Cleanup done
Event: 50.712 Executing VM operation: HandshakeAllThreads (Deoptimize)
Event: 50.712 Executing VM operation: HandshakeAllThreads (Deoptimize) done
Event: 51.712 Executing VM operation: Cleanup
Event: 51.712 Executing VM operation: Cleanup done
Event: 60.209 Executing VM operation: HandshakeAllThreads (HandshakeForDeflation)
Event: 60.209 Executing VM operation: HandshakeAllThreads (HandshakeForDeflation) done
Event: 60.209 Executing VM operation: RendezvousGCThreads
Event: 60.209 Executing VM operation: RendezvousGCThreads done
Event: 63.211 Executing VM operation: Cleanup
Event: 63.211 Executing VM operation: Cleanup done
Event: 120.707 Executing VM operation: Exit

Events (20 events):
Event: 25.103 Thread 0x0000026f276b6f10 Thread added: 0x0000026f276b6f10
Event: 25.786 Thread 0x0000026f276b6f10 Thread exited: 0x0000026f276b6f10
Event: 26.052 Thread 0x0000026f276b5aa0 Thread added: 0x0000026f276b5aa0
Event: 26.412 Thread 0x0000026f276b8380 Thread added: 0x0000026f276b8380
Event: 27.706 Thread 0x0000026f276b8380 Thread exited: 0x0000026f276b8380
Event: 27.706 Thread 0x0000026f276b5aa0 Thread exited: 0x0000026f276b5aa0
Event: 28.675 Thread 0x0000026f276b5aa0 Thread added: 0x0000026f276b5aa0
Event: 29.786 Thread 0x0000026f276b5aa0 Thread exited: 0x0000026f276b5aa0
Event: 43.607 Thread 0x0000026f276b53d0 Thread added: 0x0000026f276b53d0
Event: 43.634 Thread 0x0000026f276b6f10 Thread added: 0x0000026f276b6f10
Event: 43.834 Thread 0x0000026f276b6f10 Thread exited: 0x0000026f276b6f10
Event: 44.138 Thread 0x0000026f276b53d0 Thread exited: 0x0000026f276b53d0
Event: 50.612 Thread 0x0000026f276b6840 Thread added: 0x0000026f276b6840
Event: 54.739 Thread 0x0000026f276b6840 Thread exited: 0x0000026f276b6840
Event: 120.703 Thread 0x0000026f6e754bd0 Thread added: 0x0000026f6e754bd0
Event: 120.704 Thread 0x0000026f6e753eb0 Thread added: 0x0000026f6e753eb0
Event: 120.704 Thread 0x0000026f6e751750 Thread added: 0x0000026f6e751750
Event: 120.706 Thread 0x0000026f6e751750 Thread exited: 0x0000026f6e751750
Event: 120.707 Thread 0x0000026f6e753eb0 Thread exited: 0x0000026f6e753eb0
Event: 120.707 Thread 0x0000026f276a1950 Thread exited: 0x0000026f276a1950


Dynamic libraries:
0x00007ff618550000 - 0x00007ff618560000 	C:\Program Files\Java\jdk-21\bin\java.exe
0x00007ff9b98e0000 - 0x00007ff9b9b49000 	C:\WINDOWS\SYSTEM32\ntdll.dll
0x00007ff9b8020000 - 0x00007ff9b80e9000 	C:\WINDOWS\System32\KERNEL32.DLL
0x00007ff9b71f0000 - 0x00007ff9b75e3000 	C:\WINDOWS\System32\KERNELBASE.dll
0x00007ff9b6b10000 - 0x00007ff9b6c5b000 	C:\WINDOWS\System32\ucrtbase.dll
0x00007ff9b3180000 - 0x00007ff9b319b000 	C:\Program Files\Java\jdk-21\bin\VCRUNTIME140.dll
0x00007ff9b3160000 - 0x00007ff9b3179000 	C:\Program Files\Java\jdk-21\bin\jli.dll
0x00007ff9b8920000 - 0x00007ff9b89d4000 	C:\WINDOWS\System32\ADVAPI32.dll
0x00007ff9b76b0000 - 0x00007ff9b7759000 	C:\WINDOWS\System32\msvcrt.dll
0x00007ff9b78c0000 - 0x00007ff9b7966000 	C:\WINDOWS\System32\sechost.dll
0x00007ff9b9690000 - 0x00007ff9b97a8000 	C:\WINDOWS\System32\RPCRT4.dll
0x00007ff9b8650000 - 0x00007ff9b8814000 	C:\WINDOWS\System32\USER32.dll
0x00007ff9b7050000 - 0x00007ff9b7077000 	C:\WINDOWS\System32\win32u.dll
0x00007ff9b7970000 - 0x00007ff9b799b000 	C:\WINDOWS\System32\GDI32.dll
0x00007ff9b6de0000 - 0x00007ff9b6f0d000 	C:\WINDOWS\System32\gdi32full.dll
0x00007ff997430000 - 0x00007ff9976c3000 	C:\WINDOWS\WinSxS\amd64_microsoft.windows.common-controls_6595b64144ccf1df_6.0.26100.5074_none_3e0d6f78e32fd63f\COMCTL32.dll
0x00007ff9b6f10000 - 0x00007ff9b6fb3000 	C:\WINDOWS\System32\msvcp_win.dll
0x00007ff9ada50000 - 0x00007ff9ada5b000 	C:\WINDOWS\SYSTEM32\VERSION.dll
0x00007ff9b8610000 - 0x00007ff9b863f000 	C:\WINDOWS\System32\IMM32.DLL
0x00007ff98e050000 - 0x00007ff98e142000 	C:\Program Files\Windhawk\Engine\1.6.1\64\windhawk.dll
0x00007ff9b1450000 - 0x00007ff9b145c000 	C:\Program Files\Java\jdk-21\bin\vcruntime140_1.dll
0x00007ff9b1250000 - 0x00007ff9b12de000 	C:\Program Files\Java\jdk-21\bin\msvcp140.dll
0x00007ff93a7a0000 - 0x00007ff93b4ba000 	C:\Program Files\Java\jdk-21\bin\server\jvm.dll
0x00007ff9b8590000 - 0x00007ff9b8604000 	C:\WINDOWS\System32\WS2_32.dll
0x00007ff9b62f0000 - 0x00007ff9b634e000 	C:\WINDOWS\SYSTEM32\POWRPROF.dll
0x00007ff9ada10000 - 0x00007ff9ada45000 	C:\WINDOWS\SYSTEM32\WINMM.dll
0x00007ff9b62d0000 - 0x00007ff9b62e4000 	C:\WINDOWS\SYSTEM32\UMPDC.dll
0x00007ff9b5810000 - 0x00007ff9b582b000 	C:\WINDOWS\SYSTEM32\kernel.appcore.dll
0x00007ff9b1240000 - 0x00007ff9b124a000 	C:\Program Files\Java\jdk-21\bin\jimage.dll
0x00007ff9b4110000 - 0x00007ff9b4352000 	C:\WINDOWS\SYSTEM32\DBGHELP.DLL
0x00007ff9b92c0000 - 0x00007ff9b963b000 	C:\WINDOWS\System32\combase.dll
0x00007ff9b8a00000 - 0x00007ff9b8ad7000 	C:\WINDOWS\System32\OLEAUT32.dll
0x00007ff994150000 - 0x00007ff99418d000 	C:\WINDOWS\SYSTEM32\dbgcore.DLL
0x00007ff9b6a70000 - 0x00007ff9b6b09000 	C:\WINDOWS\System32\bcryptPrimitives.dll
0x00007ff9b1230000 - 0x00007ff9b123f000 	C:\Program Files\Java\jdk-21\bin\instrument.dll
0x00007ff9b11f0000 - 0x00007ff9b120f000 	C:\Program Files\Java\jdk-21\bin\java.dll
0x00007ff9b8b70000 - 0x00007ff9b92bd000 	C:\WINDOWS\System32\SHELL32.dll
0x0000026f277d0000 - 0x0000026f2793c000 	C:\WINDOWS\System32\wintypes.dll
0x00007ff9b4690000 - 0x00007ff9b4ee9000 	C:\WINDOWS\SYSTEM32\windows.storage.dll
0x00007ff9b7760000 - 0x00007ff9b7850000 	C:\WINDOWS\System32\SHCORE.dll
0x00007ff9b7dd0000 - 0x00007ff9b7e32000 	C:\WINDOWS\System32\shlwapi.dll
0x00007ff9b6990000 - 0x00007ff9b69b9000 	C:\WINDOWS\SYSTEM32\profapi.dll
0x00007ff99d8c0000 - 0x00007ff99d997000 	C:\Program Files\Java\jdk-21\bin\jsvml.dll
0x00007ff9b1220000 - 0x00007ff9b1230000 	C:\Program Files\Java\jdk-21\bin\net.dll
0x00007ff9aebb0000 - 0x00007ff9aeccf000 	C:\WINDOWS\SYSTEM32\WINHTTP.dll
0x00007ff9b5d70000 - 0x00007ff9b5ddb000 	C:\WINDOWS\system32\mswsock.dll
0x00007ff9b1190000 - 0x00007ff9b11a6000 	C:\Program Files\Java\jdk-21\bin\nio.dll
0x00007ff9ae8e0000 - 0x00007ff9ae8f8000 	C:\Program Files\Java\jdk-21\bin\zip.dll
0x0000026f07910000 - 0x0000026f07913000 	C:\Users\yasas\.openjfx\cache\21.0.6+3\amd64\api-ms-win-core-console-l1-1-0.dll
0x0000026f07920000 - 0x0000026f07923000 	C:\Users\yasas\.openjfx\cache\21.0.6+3\amd64\api-ms-win-core-console-l1-2-0.dll
0x0000026f07930000 - 0x0000026f07933000 	C:\Users\yasas\.openjfx\cache\21.0.6+3\amd64\api-ms-win-core-datetime-l1-1-0.dll
0x0000026f08120000 - 0x0000026f08123000 	C:\Users\yasas\.openjfx\cache\21.0.6+3\amd64\api-ms-win-core-debug-l1-1-0.dll
0x0000026f08130000 - 0x0000026f08133000 	C:\Users\yasas\.openjfx\cache\21.0.6+3\amd64\api-ms-win-core-errorhandling-l1-1-0.dll
0x0000026f08140000 - 0x0000026f08144000 	C:\Users\yasas\.openjfx\cache\21.0.6+3\amd64\api-ms-win-core-file-l1-1-0.dll
0x0000026f27d40000 - 0x0000026f27d43000 	C:\Users\yasas\.openjfx\cache\21.0.6+3\amd64\api-ms-win-core-file-l1-2-0.dll
0x0000026f27d50000 - 0x0000026f27d53000 	C:\Users\yasas\.openjfx\cache\21.0.6+3\amd64\api-ms-win-core-file-l2-1-0.dll
0x0000026f27d60000 - 0x0000026f27d63000 	C:\Users\yasas\.openjfx\cache\21.0.6+3\amd64\api-ms-win-core-handle-l1-1-0.dll
0x0000026f27d70000 - 0x0000026f27d73000 	C:\Users\yasas\.openjfx\cache\21.0.6+3\amd64\api-ms-win-core-heap-l1-1-0.dll
0x0000026f27d80000 - 0x0000026f27d83000 	C:\Users\yasas\.openjfx\cache\21.0.6+3\amd64\api-ms-win-core-interlocked-l1-1-0.dll
0x0000026f27d90000 - 0x0000026f27d93000 	C:\Users\yasas\.openjfx\cache\21.0.6+3\amd64\api-ms-win-core-libraryloader-l1-1-0.dll
0x0000026f27da0000 - 0x0000026f27da3000 	C:\Users\yasas\.openjfx\cache\21.0.6+3\amd64\api-ms-win-core-localization-l1-2-0.dll
0x0000026f27db0000 - 0x0000026f27db3000 	C:\Users\yasas\.openjfx\cache\21.0.6+3\amd64\api-ms-win-core-memory-l1-1-0.dll
0x0000026f27dc0000 - 0x0000026f27dc3000 	C:\Users\yasas\.openjfx\cache\21.0.6+3\amd64\api-ms-win-core-namedpipe-l1-1-0.dll
0x0000026f27dd0000 - 0x0000026f27dd3000 	C:\Users\yasas\.openjfx\cache\21.0.6+3\amd64\api-ms-win-core-processenvironment-l1-1-0.dll
0x0000026f27de0000 - 0x0000026f27de3000 	C:\Users\yasas\.openjfx\cache\21.0.6+3\amd64\api-ms-win-core-processthreads-l1-1-0.dll
0x0000026f27df0000 - 0x0000026f27df3000 	C:\Users\yasas\.openjfx\cache\21.0.6+3\amd64\api-ms-win-core-processthreads-l1-1-1.dll
0x0000026f27e00000 - 0x0000026f27e03000 	C:\Users\yasas\.openjfx\cache\21.0.6+3\amd64\api-ms-win-core-profile-l1-1-0.dll
0x0000026f27e10000 - 0x0000026f27e13000 	C:\Users\yasas\.openjfx\cache\21.0.6+3\amd64\api-ms-win-core-rtlsupport-l1-1-0.dll
0x0000026f27e20000 - 0x0000026f27e23000 	C:\Users\yasas\.openjfx\cache\21.0.6+3\amd64\api-ms-win-core-string-l1-1-0.dll
0x0000026f27e30000 - 0x0000026f27e33000 	C:\Users\yasas\.openjfx\cache\21.0.6+3\amd64\api-ms-win-core-synch-l1-1-0.dll
0x0000026f27e40000 - 0x0000026f27e43000 	C:\Users\yasas\.openjfx\cache\21.0.6+3\amd64\api-ms-win-core-synch-l1-2-0.dll
0x0000026f27e50000 - 0x0000026f27e53000 	C:\Users\yasas\.openjfx\cache\21.0.6+3\amd64\api-ms-win-core-sysinfo-l1-1-0.dll
0x0000026f27e60000 - 0x0000026f27e63000 	C:\Users\yasas\.openjfx\cache\21.0.6+3\amd64\api-ms-win-core-timezone-l1-1-0.dll
0x0000026f27e70000 - 0x0000026f27e73000 	C:\Users\yasas\.openjfx\cache\21.0.6+3\amd64\api-ms-win-core-util-l1-1-0.dll
0x0000026f27e80000 - 0x0000026f27e83000 	C:\Users\yasas\.openjfx\cache\21.0.6+3\amd64\api-ms-win-crt-conio-l1-1-0.dll
0x0000026f27e90000 - 0x0000026f27e94000 	C:\Users\yasas\.openjfx\cache\21.0.6+3\amd64\api-ms-win-crt-convert-l1-1-0.dll
0x0000026f27ea0000 - 0x0000026f27ea3000 	C:\Users\yasas\.openjfx\cache\21.0.6+3\amd64\api-ms-win-crt-environment-l1-1-0.dll
0x0000026f27eb0000 - 0x0000026f27eb3000 	C:\Users\yasas\.openjfx\cache\21.0.6+3\amd64\api-ms-win-crt-filesystem-l1-1-0.dll
0x0000026f27ec0000 - 0x0000026f27ec3000 	C:\Users\yasas\.openjfx\cache\21.0.6+3\amd64\api-ms-win-crt-heap-l1-1-0.dll
0x0000026f27ed0000 - 0x0000026f27ed3000 	C:\Users\yasas\.openjfx\cache\21.0.6+3\amd64\api-ms-win-crt-locale-l1-1-0.dll
0x0000026f27ee0000 - 0x0000026f27ee5000 	C:\Users\yasas\.openjfx\cache\21.0.6+3\amd64\api-ms-win-crt-math-l1-1-0.dll
0x0000026f27ef0000 - 0x0000026f27ef5000 	C:\Users\yasas\.openjfx\cache\21.0.6+3\amd64\api-ms-win-crt-multibyte-l1-1-0.dll
0x0000026f27f00000 - 0x0000026f27f10000 	C:\Users\yasas\.openjfx\cache\21.0.6+3\amd64\api-ms-win-crt-private-l1-1-0.dll
0x0000026f27f10000 - 0x0000026f27f13000 	C:\Users\yasas\.openjfx\cache\21.0.6+3\amd64\api-ms-win-crt-process-l1-1-0.dll
0x0000026f27f20000 - 0x0000026f27f24000 	C:\Users\yasas\.openjfx\cache\21.0.6+3\amd64\api-ms-win-crt-runtime-l1-1-0.dll
0x0000026f27f30000 - 0x0000026f27f34000 	C:\Users\yasas\.openjfx\cache\21.0.6+3\amd64\api-ms-win-crt-stdio-l1-1-0.dll
0x0000026f27f40000 - 0x0000026f27f44000 	C:\Users\yasas\.openjfx\cache\21.0.6+3\amd64\api-ms-win-crt-string-l1-1-0.dll
0x0000026f27f50000 - 0x0000026f27f53000 	C:\Users\yasas\.openjfx\cache\21.0.6+3\amd64\api-ms-win-crt-time-l1-1-0.dll
0x0000026f27f60000 - 0x0000026f27f63000 	C:\Users\yasas\.openjfx\cache\21.0.6+3\amd64\api-ms-win-crt-utility-l1-1-0.dll
0x00007ff986e20000 - 0x00007ff986f1c000 	C:\Users\yasas\.openjfx\cache\21.0.6+3\amd64\ucrtbase.dll
0x00007ff9990a0000 - 0x00007ff9990bb000 	C:\Users\yasas\.openjfx\cache\21.0.6+3\amd64\vcruntime140.dll
0x00007ff999090000 - 0x00007ff99909c000 	C:\Users\yasas\.openjfx\cache\21.0.6+3\amd64\vcruntime140_1.dll
0x00007ff986bf0000 - 0x00007ff986c7e000 	C:\Users\yasas\.openjfx\cache\21.0.6+3\amd64\msvcp140.dll
0x00007ff999080000 - 0x00007ff999089000 	C:\Users\yasas\.openjfx\cache\21.0.6+3\amd64\msvcp140_1.dll
0x00007ff98d020000 - 0x00007ff98d061000 	C:\Users\yasas\.openjfx\cache\21.0.6+3\amd64\msvcp140_2.dll
0x00007ff998f00000 - 0x00007ff998f30000 	C:\Users\yasas\.openjfx\cache\21.0.6+3\amd64\prism_d3d.dll
0x00007ff94b5e0000 - 0x00007ff94b791000 	C:\WINDOWS\system32\d3d9.dll
0x00007ff9b3ae0000 - 0x00007ff9b3b0b000 	C:\WINDOWS\SYSTEM32\dwmapi.dll
0x00007ff9b3b20000 - 0x00007ff9b3b64000 	C:\WINDOWS\SYSTEM32\dxcore.dll
0x00007ff9b3860000 - 0x00007ff9b3908000 	C:\WINDOWS\system32\uxtheme.dll
0x00007ff94b510000 - 0x00007ff94b5d2000 	C:\WINDOWS\SYSTEM32\d3d9on12.dll
0x00007ff9b3960000 - 0x00007ff9b3a9a000 	C:\WINDOWS\SYSTEM32\dxgi.dll
0x00007ff94b4e0000 - 0x00007ff94b503000 	C:\WINDOWS\SYSTEM32\d3d12.dll
0x00007ff9b66f0000 - 0x00007ff9b6747000 	C:\WINDOWS\SYSTEM32\cfgmgr32.dll
0x00007ff94b260000 - 0x00007ff94b4d0000 	C:\WINDOWS\SYSTEM32\D3D12Core.dll
0x00007ff94b230000 - 0x00007ff94b257000 	C:\WINDOWS\System32\DriverStore\FileRepository\iigd_dch.inf_amd64_ce2a84db4d20c228\igd12umd64.dll
0x00007ff94a2e0000 - 0x00007ff94b22b000 	C:\WINDOWS\System32\DriverStore\FileRepository\iigd_dch.inf_amd64_ce2a84db4d20c228\igd12um64xel.dll
0x00007ff9b6c60000 - 0x00007ff9b6dd7000 	C:\WINDOWS\System32\CRYPT32.dll
0x00007ff9b7a40000 - 0x00007ff9b7bd8000 	C:\WINDOWS\System32\ole32.dll
0x00007ff9b6960000 - 0x00007ff9b6986000 	C:\WINDOWS\SYSTEM32\bcrypt.dll
0x00007ff9876b0000 - 0x00007ff9876f4000 	C:\WINDOWS\SYSTEM32\ControlLib.dll
0x00007ff9b80f0000 - 0x00007ff9b8577000 	C:\WINDOWS\System32\SETUPAPI.dll
0x00007ff9b6750000 - 0x00007ff9b677d000 	C:\WINDOWS\SYSTEM32\DEVOBJ.dll
0x00007ff9a7f10000 - 0x00007ff9a7f98000 	C:\WINDOWS\System32\DriverStore\FileRepository\iigd_dch.inf_amd64_ce2a84db4d20c228\IntelControlLib.dll
0x00007ff9b6fc0000 - 0x00007ff9b703e000 	C:\WINDOWS\System32\WINTRUST.dll
0x00007ff9b61a0000 - 0x00007ff9b61b3000 	C:\WINDOWS\SYSTEM32\MSASN1.dll
0x00007ff9b0bb0000 - 0x00007ff9b0c10000 	C:\WINDOWS\SYSTEM32\directxdatabasehelper.dll
0x00007ff9a7760000 - 0x00007ff9a7b34000 	C:\WINDOWS\System32\DriverStore\FileRepository\iigd_dch.inf_amd64_ce2a84db4d20c228\igdgmm64.dll
0x00007ff9a3940000 - 0x00007ff9a7752000 	C:\WINDOWS\System32\DriverStore\FileRepository\iigd_dch.inf_amd64_ce2a84db4d20c228\igc64.dll
0x00007ff94a2a0000 - 0x00007ff94a2ce000 	C:\WINDOWS\SYSTEM32\D3DSCache.dll
0x00007ff9b5e10000 - 0x00007ff9b5e3b000 	C:\WINDOWS\SYSTEM32\USERENV.dll
0x00007ff948ef0000 - 0x00007ff94a29d000 	C:\WINDOWS\System32\DriverStore\FileRepository\iigd_dch.inf_amd64_ce2a84db4d20c228\igd12dxva64.dll
0x00007ff9524b0000 - 0x00007ff9541d0000 	C:\WINDOWS\System32\DriverStore\FileRepository\iigd_dch.inf_amd64_ce2a84db4d20c228\media_bin_64.dll
0x00007ff95a260000 - 0x00007ff95a287000 	C:\WINDOWS\System32\DriverStore\FileRepository\iigd_dch.inf_amd64_ce2a84db4d20c228\igdinfo64.dll
0x00007ff9a2e30000 - 0x00007ff9a3069000 	C:\WINDOWS\SYSTEM32\twinapi.appcore.dll
0x00007ff98ae20000 - 0x00007ff98ae62000 	C:\Users\yasas\.openjfx\cache\21.0.6+3\amd64\glass.dll
0x00007ff9b8820000 - 0x00007ff9b8911000 	C:\WINDOWS\System32\COMDLG32.dll
0x00007ff9b7c70000 - 0x00007ff9b7dc8000 	C:\WINDOWS\System32\MSCTF.dll

dbghelp: loaded successfully - version: 4.0.5 - missing functions: none
symbol engine: initialized successfully - sym options: 0x614 - pdb path: .;C:\Program Files\Java\jdk-21\bin;C:\WINDOWS\SYSTEM32;C:\WINDOWS\WinSxS\amd64_microsoft.windows.common-controls_6595b64144ccf1df_6.0.26100.5074_none_3e0d6f78e32fd63f;C:\Program Files\Windhawk\Engine\1.6.1\64;C:\Program Files\Java\jdk-21\bin\server;C:\Users\yasas\.openjfx\cache\21.0.6+3\amd64;C:\WINDOWS\System32\DriverStore\FileRepository\iigd_dch.inf_amd64_ce2a84db4d20c228;C:\Program Files\Common Files\Microsoft Shared\Ink

VM Arguments:
jvm_args: -javaagent:C:\Program Files\JetBrains\IntelliJ IDEA 2025.2.1\lib\idea_rt.jar=50314 -Dfile.encoding=UTF-8 -Dsun.stdout.encoding=UTF-8 -Dsun.stderr.encoding=UTF-8 --module-path=C:\Users\yasas\.m2\repository\org\openjfx\javafx-base\21.0.6\javafx-base-21.0.6-win.jar;C:\Users\yasas\.m2\repository\org\springframework\security\spring-security-crypto\6.5.3\spring-security-crypto-6.5.3.jar;C:\Users\yasas\.m2\repository\org\hibernate\orm\hibernate-core\6.0.0.Final\hibernate-core-6.0.0.Final.jar;C:\Users\yasas\.m2\repository\org\openjfx\javafx-fxml\21.0.6\javafx-fxml-21.0.6-win.jar;C:\Users\yasas\.m2\repository\org\projectlombok\lombok\1.18.34\lombok-1.18.34.jar;C:\Users\yasas\.m2\repository\jakarta\persistence\jakarta.persistence-api\3.1.0\jakarta.persistence-api-3.1.0.jar;C:\Users\yasas\.m2\repository\org\openjfx\javafx-controls\21.0.6\javafx-controls-21.0.6-win.jar;C:\Users\yasas\.m2\repository\org\openjfx\javafx-graphics\21.0.6\javafx-graphics-21.0.6-win.jar;C:\Users\yasas\Documents\dev\ijse\elite-learners-system\target\classes -Djdk.module.main=lk.ijse.learners 
java_command: lk.ijse.learners/lk.ijse.learners.Launcher
java_class_path (initial): C:\Users\yasas\.m2\repository\jakarta\transaction\jakarta.transaction-api\2.0.0\jakarta.transaction-api-2.0.0.jar;C:\Users\yasas\.m2\repository\org\jboss\logging\jboss-logging\3.4.3.Final\jboss-logging-3.4.3.Final.jar;C:\Users\yasas\.m2\repository\org\jboss\jandex\2.4.2.Final\jandex-2.4.2.Final.jar;C:\Users\yasas\.m2\repository\com\fasterxml\classmate\1.5.1\classmate-1.5.1.jar;C:\Users\yasas\.m2\repository\org\hibernate\common\hibernate-commons-annotations\6.0.0.CR1\hibernate-commons-annotations-6.0.0.CR1.jar;C:\Users\yasas\.m2\repository\net\bytebuddy\byte-buddy\1.12.8\byte-buddy-1.12.8.jar;C:\Users\yasas\.m2\repository\jakarta\activation\jakarta.activation-api\2.0.1\jakarta.activation-api-2.0.1.jar;C:\Users\yasas\.m2\repository\jakarta\xml\bind\jakarta.xml.bind-api\3.0.1\jakarta.xml.bind-api-3.0.1.jar;C:\Users\yasas\.m2\repository\com\sun\activation\jakarta.activation\2.0.1\jakarta.activation-2.0.1.jar;C:\Users\yasas\.m2\repository\org\glassfish\jaxb\jaxb-runtime\3.0.2\jaxb-runtime-3.0.2.jar;C:\Users\yasas\.m2\repository\org\glassfish\jaxb\jaxb-core\3.0.2\jaxb-core-3.0.2.jar;C:\Users\yasas\.m2\repository\org\glassfish\jaxb\txw2\3.0.2\txw2-3.0.2.jar;C:\Users\yasas\.m2\repository\com\sun\istack\istack-commons-runtime\4.0.1\istack-commons-runtime-4.0.1.jar;C:\Users\yasas\.m2\repository\jakarta\inject\jakarta.inject-api\2.0.0\jakarta.inject-api-2.0.0.jar;C:\Users\yasas\.m2\repository\org\antlr\antlr4-runtime\4.9.1\antlr4-runtime-4.9.1.jar;C:\Users\yasas\.m2\repository\com\mysql\mysql-connector-j\8.0.33\mysql-connector-j-8.0.33.jar;C:\Users\yasas\.m2\repository\com\google\protobuf\protobuf-java\3.21.9\protobuf-java-3.21.9.jar;C:\Users\yasas\.m2\repository\org\openjfx\javafx-controls\21.0.6\javafx-controls-21.0.6.jar;C:\Users\yasas\.m2\repository\org\openjfx\javafx-graphics\21.0.6\javafx-graphics-21.0.6.jar;C:\Users\yasas\.m2\repository\org\openjfx\javafx-base\21.0.6\javafx-base-21.0.6.jar;C:\Users\yasas\.m2\repository\org\openjfx\javafx-fxml\21.0.6\javafx-fxml-21.0.6.jar
Launcher Type: SUN_STANDARD

[Global flags]
     intx CICompilerCount                          = 4                                         {product} {ergonomic}
     uint ConcGCThreads                            = 3                                         {product} {ergonomic}
     uint G1ConcRefinementThreads                  = 10                                        {product} {ergonomic}
   size_t G1HeapRegionSize                         = 2097152                                   {product} {ergonomic}
    uintx GCDrainStackTargetSize                   = 64                                        {product} {ergonomic}
   size_t InitialHeapSize                          = 264241152                                 {product} {ergonomic}
   size_t MarkStackSize                            = 4194304                                   {product} {ergonomic}
   size_t MaxHeapSize                              = 4217372672                                {product} {ergonomic}
   size_t MaxNewSize                               = 2529165312                                {product} {ergonomic}
   size_t MinHeapDeltaBytes                        = 2097152                                   {product} {ergonomic}
   size_t MinHeapSize                              = 8388608                                   {product} {ergonomic}
    uintx NonNMethodCodeHeapSize                   = 5839372                                {pd product} {ergonomic}
    uintx NonProfiledCodeHeapSize                  = 122909434                              {pd product} {ergonomic}
    uintx ProfiledCodeHeapSize                     = 122909434                              {pd product} {ergonomic}
    uintx ReservedCodeCacheSize                    = 251658240                              {pd product} {ergonomic}
     bool SegmentedCodeCache                       = true                                      {product} {ergonomic}
   size_t SoftMaxHeapSize                          = 4217372672                             {manageable} {ergonomic}
     bool UseCompressedOops                        = true                           {product lp64_product} {ergonomic}
     bool UseG1GC                                  = true                                      {product} {ergonomic}
     bool UseLargePagesIndividualAllocation        = false                                  {pd product} {ergonomic}

Logging:
Log output configuration:
 #0: stdout all=off uptime,level,tags foldmultilines=false
 #1: stderr all=off uptime,level,tags foldmultilines=false

Environment Variables:
PATH=C:\Program Files\Common Files\Oracle\Java\javapath;C:\WINDOWS\system32;C:\WINDOWS;C:\WINDOWS\System32\Wbem;C:\WINDOWS\System32\WindowsPowerShell\v1.0\;C:\WINDOWS\System32\OpenSSH\;C:\Program Files (x86)\NVIDIA Corporation\PhysX\Common;C:\Program Files\Git\cmd;C:\Program Files\MySQL\MySQL Shell 8.0\bin\;C:\Users\yasas\AppData\Local\Microsoft\WindowsApps;C:\Program Files\Git\bin;C:\Users\yasas\AppData\Local\Programs\Microsoft VS Code\bin
USERNAME=yasas
OS=Windows_NT
PROCESSOR_IDENTIFIER=Intel64 Family 6 Model 154 Stepping 3, GenuineIntel
TMP=C:\Users\yasas\AppData\Local\Temp
TEMP=C:\Users\yasas\AppData\Local\Temp




Periodic native trim disabled

---------------  S Y S T E M  ---------------

OS:
 Windows 11 , 64 bit Build 26100 (10.0.26100.5074)
OS uptime: 0 days 2:38 hours
Hyper-V role detected

CPU: total 12 (initial active 12) (6 cores per cpu, 2 threads per core) family 6 model 154 stepping 3 microcode 0x424, cx8, cmov, fxsr, ht, mmx, 3dnowpref, sse, sse2, sse3, ssse3, sse4.1, sse4.2, popcnt, lzcnt, tsc, tscinvbit, avx, avx2, aes, erms, clmul, bmi1, bmi2, adx, sha, fma, vzeroupper, clflush, clflushopt, clwb, hv, serialize, rdtscp, rdpid, fsrm, f16c, cet_ibt, cet_ss
Processor Information for processor 0
  Max Mhz: 2000, Current Mhz: 2000, Mhz Limit: 2000
Processor Information for processor 1
  Max Mhz: 2000, Current Mhz: 2000, Mhz Limit: 2000
Processor Information for processor 2
  Max Mhz: 2000, Current Mhz: 2000, Mhz Limit: 2000
Processor Information for processor 3
  Max Mhz: 2000, Current Mhz: 2000, Mhz Limit: 2000
Processor Information for processor 4
  Max Mhz: 2000, Current Mhz: 2000, Mhz Limit: 2000
Processor Information for processor 5
  Max Mhz: 2000, Current Mhz: 2000, Mhz Limit: 2000
Processor Information for processor 6
  Max Mhz: 2000, Current Mhz: 1520, Mhz Limit: 2000
Processor Information for processor 7
  Max Mhz: 2000, Current Mhz: 2000, Mhz Limit: 2000
Processor Information for processor 8
  Max Mhz: 2000, Current Mhz: 2000, Mhz Limit: 2000
Processor Information for processor 9
  Max Mhz: 2000, Current Mhz: 2000, Mhz Limit: 2000
Processor Information for processor 10
  Max Mhz: 2000, Current Mhz: 2000, Mhz Limit: 2000
Processor Information for processor 11
  Max Mhz: 2000, Current Mhz: 2000, Mhz Limit: 2000

Memory: 4k page, system-wide physical 16085M (813M free)
TotalPageFile size 26184M (AvailPageFile size 6461M)
current process WorkingSet (physical memory assigned to process): 1087M, peak: 1098M
current process commit charge ("private bytes"): 1161M, peak: 1180M

vm_info: Java HotSpot(TM) 64-Bit Server VM (21.0.7+8-LTS-245) for windows-amd64 JRE (21.0.7+8-LTS-245), built on 2025-02-21T05:11:27Z by "mach5one" with MS VC++ 17.6 (VS2022)

END.
