#
# A fatal error has been detected by the Java Runtime Environment:
#
#  EXCEPTION_ACCESS_VIOLATION (0xc0000005) at pc=0x00007ff970e36a17, pid=9892, tid=452
#
# JRE version: Java(TM) SE Runtime Environment (21.0.7+8) (build 21.0.7+8-LTS-245)
# Java VM: Java HotSpot(TM) 64-Bit Server VM (21.0.7+8-LTS-245, mixed mode, sharing, tiered, compressed oops, compressed class ptrs, g1 gc, windows-amd64)
# Problematic frame:
# C  [glass.dll+0x26a17]
#
# No core dump will be written. Minidumps are not enabled by default on client versions of Windows
#
# If you would like to submit a bug report, please visit:
#   https://bugreport.java.com/bugreport/crash.jsp
#

---------------  S U M M A R Y ------------

Command Line: -javaagent:C:\Program Files\JetBrains\IntelliJ IDEA 2025.2.1\lib\idea_rt.jar=50412 -Dfile.encoding=UTF-8 -Dsun.stdout.encoding=UTF-8 -Dsun.stderr.encoding=UTF-8 --module-path=C:\Users\yasas\.m2\repository\org\openjfx\javafx-base\21.0.6\javafx-base-21.0.6-win.jar;C:\Users\yasas\.m2\repository\org\springframework\security\spring-security-crypto\6.5.3\spring-security-crypto-6.5.3.jar;C:\Users\yasas\.m2\repository\org\hibernate\orm\hibernate-core\6.0.0.Final\hibernate-core-6.0.0.Final.jar;C:\Users\yasas\.m2\repository\org\openjfx\javafx-fxml\21.0.6\javafx-fxml-21.0.6-win.jar;C:\Users\yasas\.m2\repository\org\projectlombok\lombok\1.18.34\lombok-1.18.34.jar;C:\Users\yasas\.m2\repository\jakarta\persistence\jakarta.persistence-api\3.1.0\jakarta.persistence-api-3.1.0.jar;C:\Users\yasas\.m2\repository\org\openjfx\javafx-controls\21.0.6\javafx-controls-21.0.6-win.jar;C:\Users\yasas\.m2\repository\org\openjfx\javafx-graphics\21.0.6\javafx-graphics-21.0.6-win.jar;C:\Users\yasas\Documents\dev\ijse\elite-learners-system\target\classes -Djdk.module.main=lk.ijse.learners lk.ijse.learners/lk.ijse.learners.Launcher

Host: 12th Gen Intel(R) Core(TM) i5-12450H, 12 cores, 15G,  Windows 11 , 64 bit Build 26100 (10.0.26100.5074)
Time: Thu Sep 25 21:23:08 2025 Sri Lanka Standard Time elapsed time: 224.098980 seconds (0d 0h 3m 44s)

---------------  T H R E A D  ---------------

Current thread (0x0000014b63570060):  VMThread "VM Thread"          [id=452, stack(0x0000003041600000,0x0000003041700000) (1024K)]

Stack: [0x0000003041600000,0x0000003041700000],  sp=0x00000030416ff1f0,  free space=1020k
Native frames: (J=compiled Java code, j=interpreted, Vv=VM code, C=native code)
C  [glass.dll+0x26a17]


siginfo: EXCEPTION_ACCESS_VIOLATION (0xc0000005), reading address 0x0000000000000000


Registers:
RAX=0x0000000000000000, RBX=0x0000014b6357c8ba, RCX=0x0000014b63570060, RDX=0x00000030416ff1f0
RSP=0x00000030416ff1f0, RBP=0x00003e502d6b6886, RSI=0x0000014b69490068, RDI=0x0000014b69490040
R8 =0x0000000000010002, R9 =0x00003e502d6b6886, R10=0x0000014b426c0000, R11=0x0000014b69012850
R12=0x0000000000000001, R13=0x00007ff970e34360, R14=0x00000030416ff2f8, R15=0x0000014b69490040
RIP=0x00007ff970e36a17, EFLAGS=0x0000000000010206


Register to memory mapping:

RAX=0x0 is null
RBX=0x0000014b6357c8ba is a global jni handle
RCX=0x0000014b63570060 points into unknown readable memory: 0x00007ff93b216700 | 00 67 21 3b f9 7f 00 00
RDX=0x00000030416ff1f0 points into unknown readable memory: 0x0000000000000000 | 00 00 00 00 00 00 00 00
RSP=0x00000030416ff1f0 points into unknown readable memory: 0x0000000000000000 | 00 00 00 00 00 00 00 00
RBP=0x00003e502d6b6886 is an unknown value
RSI=0x0000014b69490068 points into unknown readable memory: 0x00003e502d6b6886 | 86 68 6b 2d 50 3e 00 00
RDI=0x0000014b69490040 points into unknown readable memory: 0x001fc00c15a4f686 | 86 f6 a4 15 0c c0 1f 00
R8 =0x0000000000010002 is an unknown value
R9 =0x00003e502d6b6886 is an unknown value
R10=0x0000014b426c0000 points into unknown readable memory: 0x0000000000000000 | 00 00 00 00 00 00 00 00
R11=0x0000014b69012850 points into unknown readable memory: 0x0000014b4259de40 | 40 de 59 42 4b 01 00 00
R12=0x0000000000000001 is an unknown value
R13=0x00007ff970e34360 glass.dll
R14=0x00000030416ff2f8 points into unknown readable memory: 0x00000030416ff2e0 | e0 f2 6f 41 30 00 00 00
R15=0x0000014b69490040 points into unknown readable memory: 0x001fc00c15a4f686 | 86 f6 a4 15 0c c0 1f 00

Top of Stack: (sp=0x00000030416ff1f0)
0x00000030416ff1f0:   0000000000000000 0000014b00000000
0x00000030416ff200:   0000014b68777eb0 0000000000000001
0x00000030416ff210:   0000014b69490048 00007ff9b6b5bc75
0x00000030416ff220:   0000014b69490040 0000014b00000000
0x00000030416ff230:   0000014b69490060 00003e502d6b6886
0x00000030416ff240:   fffffffffffffffe 00007ff98f520000
0x00000030416ff250:   00007ff970e10000 00007ff970e10000
0x00000030416ff260:   00000030416ff2e8 00007ff9b6b5b897
0x00000030416ff270:   00000030416ff200 00000030416ff2f8
0x00000030416ff280:   00000030416ff5e0 00007ff9b6c488c0
0x00000030416ff290:   0000000000000001 00007ff9b6b5b84d
0x00000030416ff2a0:   0000000000000000 0000000000000001
0x00000030416ff2b0:   00000030416ff5e0 00000030416ff2e8
0x00000030416ff2c0:   fffffffffffffffe 00007ff9b9926003
0x00000030416ff2d0:   0000000000000000 00007ff970e341ed
0x00000030416ff2e0:   00007ff970e4a008 0000003000000002
0x00000030416ff2f0:   00007ff900000002 00000030416ff2e0
0x00000030416ff300:   0000000000000000 00007ff9b6145e37
0x00000030416ff310:   0000000000000000 00007ff970e34312
0x00000030416ff320:   0000000000000001 0000000000000000
0x00000030416ff330:   0000000000000001 00007ff9b9954f8f
0x00000030416ff340:   00007ff9b6140000 00000030416ff5e0
0x00000030416ff350:   0000000000000001 0000000000000000
0x00000030416ff360:   0000000000000000 000000007ffe0384
0x00000030416ff370:   0000014b6900ce50 00007ff9b9a40ede
0x00000030416ff380:   00007ff970e10000 0000014b00000000
0x00000030416ff390:   0000000000000001 000000007ffe0385
0x00000030416ff3a0:   00007ff970e375a0 00007ff9b995483e
0x00000030416ff3b0:   0000000000000000 0000000000000000
0x00000030416ff3c0:   0000000000000000 0000000000000000
0x00000030416ff3d0:   0000000000000000 0000000000000000
0x00000030416ff3e0:   0000000000000000 0000000000000000 

Instructions: (pc=0x00007ff970e36a17)
0x00007ff970e36917:   8b 4d 58 e8 8d cf ff ff 48 8b 4d 60 e8 84 cf ff
0x00007ff970e36927:   ff 48 8b 95 80 00 00 00 48 8b 8d 18 01 00 00 e8
0x00007ff970e36937:   76 c4 ff ff 33 d2 33 c9 e8 cc e1 ff ff 90 48 89
0x00007ff970e36947:   54 24 10 55 48 83 ec 20 48 8b ea 48 b8 00 00 00
0x00007ff970e36957:   00 00 00 00 00 48 83 c4 20 5d c3 cc 40 55 48 8b
0x00007ff970e36967:   ea 48 8b 01 33 c9 81 38 05 00 00 c0 0f 94 c1 8b
0x00007ff970e36977:   c1 5d c3 cc 40 55 48 83 ec 20 48 8b ea 8a 4d 40
0x00007ff970e36987:   48 83 c4 20 5d e9 73 d3 ff ff cc 40 55 48 83 ec
0x00007ff970e36997:   20 48 8b ea 8a 4d 20 e8 61 d3 ff ff 90 48 83 c4
0x00007ff970e369a7:   20 5d c3 cc 40 55 48 83 ec 20 48 8b ea 48 83 c4
0x00007ff970e369b7:   20 5d e9 c2 d1 ff ff cc 40 55 48 83 ec 30 48 8b
0x00007ff970e369c7:   ea 48 8b 01 8b 10 48 89 4c 24 28 89 54 24 20 4c
0x00007ff970e369d7:   8d 0d 63 d6 ff ff 4c 8b 45 70 8b 55 68 48 8b 4d
0x00007ff970e369e7:   60 e8 03 d1 ff ff 90 48 83 c4 30 5d c3 cc cc cc
0x00007ff970e369f7:   cc cc cc cc cc cc cc cc cc 40 53 48 83 ec 20 48
0x00007ff970e36a07:   8b 1d fb 2f 01 00 48 85 db 74 16 e8 89 8f ff ff
0x00007ff970e36a17:   4c 8b 00 48 8b d3 48 8b c8 41 ff 90 b0 00 00 00
0x00007ff970e36a27:   90 48 83 c4 20 5b c3 cc cc 40 53 48 83 ec 20 48
0x00007ff970e36a37:   8b 1d 6b 31 01 00 48 85 db 74 57 b8 ff ff ff ff
0x00007ff970e36a47:   f0 0f c1 43 10 83 f8 01 75 3d 48 85 db 74 38 48
0x00007ff970e36a57:   8b 0b 48 85 c9 74 0d ff 15 44 08 00 00 48 c7 03
0x00007ff970e36a67:   00 00 00 00 48 8b 4b 08 48 85 c9 74 0d e8 33 ce
0x00007ff970e36a77:   ff ff 48 c7 43 08 00 00 00 00 ba 18 00 00 00 48
0x00007ff970e36a87:   8b cb e8 1e ce ff ff 48 c7 05 0f 31 01 00 00 00
0x00007ff970e36a97:   00 00 48 83 c4 20 5b c3 cc 40 53 48 83 ec 20 48
0x00007ff970e36aa7:   8b 1d db 30 01 00 48 85 db 74 57 b8 ff ff ff ff
0x00007ff970e36ab7:   f0 0f c1 43 10 83 f8 01 75 3d 48 85 db 74 38 48
0x00007ff970e36ac7:   8b 0b 48 85 c9 74 0d ff 15 d4 07 00 00 48 c7 03
0x00007ff970e36ad7:   00 00 00 00 48 8b 4b 08 48 85 c9 74 0d e8 c3 cd
0x00007ff970e36ae7:   ff ff 48 c7 43 08 00 00 00 00 ba 18 00 00 00 48
0x00007ff970e36af7:   8b cb e8 ae cd ff ff 48 c7 05 7f 30 01 00 00 00
0x00007ff970e36b07:   00 00 48 83 c4 20 5b c3 cc 40 53 48 83 ec 20 48 


Stack slot to memory mapping:

stack at sp + 0 slots: 0x0 is null
stack at sp + 1 slots: 0x0000014b00000000 is pointing into metadata
stack at sp + 2 slots: 0x0000014b68777eb0 points into unknown readable memory: 0x0000014b69012960 | 60 29 01 69 4b 01 00 00
stack at sp + 3 slots: 0x0000000000000001 is an unknown value
stack at sp + 4 slots: 0x0000014b69490048 points into unknown readable memory: 0x00003e502d6b6886 | 86 68 6b 2d 50 3e 00 00
stack at sp + 5 slots: 0x00007ff9b6b5bc75 ucrtbase.dll
stack at sp + 6 slots: 0x0000014b69490040 points into unknown readable memory: 0x001fc00c15a4f686 | 86 f6 a4 15 0c c0 1f 00
stack at sp + 7 slots: 0x0000014b00000000 is pointing into metadata

VM_Operation (0x0000003040bff310): Exit, mode: safepoint, requested by thread 0x0000014b71d7eb80


---------------  P R O C E S S  ---------------

Threads class SMR info:
_java_thread_list=0x0000014b73dce970, length=22, elements={
0x0000014b425cd9f0, 0x0000014b63589b80, 0x0000014b6358c7e0, 0x0000014b63592760,
0x0000014b63595e30, 0x0000014b63594a90, 0x0000014b68178090, 0x0000014b68178a20,
0x0000014b681798c0, 0x0000014b682905e0, 0x0000014b68292d40, 0x0000014b6828f8c0,
0x0000014b6828ff50, 0x0000014b68290c70, 0x0000014b68291300, 0x0000014b68291990,
0x0000014b68292020, 0x0000014b682926b0, 0x0000014b71d7e4f0, 0x0000014b71d7bd90,
0x0000014b71d7b070, 0x0000014b71d7eb80
}

Java Threads: ( => current thread )
  0x0000014b425cd9f0 JavaThread "main"                              [_thread_blocked, id=13516, stack(0x0000003040f00000,0x0000003041000000) (1024K)]
  0x0000014b63589b80 JavaThread "Reference Handler"          daemon [_thread_blocked, id=14492, stack(0x0000003041700000,0x0000003041800000) (1024K)]
  0x0000014b6358c7e0 JavaThread "Finalizer"                  daemon [_thread_blocked, id=13424, stack(0x0000003041800000,0x0000003041900000) (1024K)]
  0x0000014b63592760 JavaThread "Signal Dispatcher"          daemon [_thread_blocked, id=14956, stack(0x0000003041900000,0x0000003041a00000) (1024K)]
  0x0000014b63595e30 JavaThread "Attach Listener"            daemon [_thread_blocked, id=13232, stack(0x0000003041a00000,0x0000003041b00000) (1024K)]
  0x0000014b63594a90 JavaThread "Service Thread"             daemon [_thread_blocked, id=5696, stack(0x0000003041b00000,0x0000003041c00000) (1024K)]
  0x0000014b68178090 JavaThread "Monitor Deflation Thread"   daemon [_thread_blocked, id=13732, stack(0x0000003041c00000,0x0000003041d00000) (1024K)]
  0x0000014b68178a20 JavaThread "C2 CompilerThread0"         daemon [_thread_blocked, id=14476, stack(0x0000003041d00000,0x0000003041e00000) (1024K)]
  0x0000014b681798c0 JavaThread "C1 CompilerThread0"         daemon [_thread_blocked, id=16652, stack(0x0000003041e00000,0x0000003041f00000) (1024K)]
  0x0000014b682905e0 JavaThread "Common-Cleaner"             daemon [_thread_blocked, id=8432, stack(0x0000003041f00000,0x0000003042000000) (1024K)]
  0x0000014b68292d40 JavaThread "Monitor Ctrl-Break"         daemon [_thread_in_native, id=16784, stack(0x0000003042200000,0x0000003042300000) (1024K)]
  0x0000014b6828f8c0 JavaThread "Notification Thread"        daemon [_thread_blocked, id=8688, stack(0x0000003042300000,0x0000003042400000) (1024K)]
  0x0000014b6828ff50 JavaThread "QuantumRenderer-0"          daemon [_thread_blocked, id=4416, stack(0x0000003042800000,0x0000003042900000) (1024K)]
  0x0000014b68290c70 JavaThread "InvokeLaterDispatcher"      daemon [_thread_blocked, id=17116, stack(0x0000003042000000,0x0000003042100000) (1024K)]
  0x0000014b68291300 JavaThread "JavaFX Application Thread"         [_thread_in_native, id=4924, stack(0x0000003042d00000,0x0000003042e00000) (1024K)]
  0x0000014b68291990 JavaThread "Thread-1"                   daemon [_thread_in_native, id=5560, stack(0x0000003042f00000,0x0000003043000000) (1024K)]
  0x0000014b68292020 JavaThread "JavaFX-Launcher"                   [_thread_blocked, id=17088, stack(0x0000003043000000,0x0000003043100000) (1024K)]
  0x0000014b682926b0 JavaThread "mysql-cj-abandoned-connection-cleanup" daemon [_thread_blocked, id=13112, stack(0x0000003043600000,0x0000003043700000) (1024K)]
  0x0000014b71d7e4f0 JavaThread "Hibernate Connection Pool Validation Thread" daemon [_thread_blocked, id=14100, stack(0x0000003043800000,0x0000003043900000) (1024K)]
  0x0000014b71d7bd90 JavaThread "Prism Font Disposer"        daemon [_thread_blocked, id=15648, stack(0x0000003043d00000,0x0000003043e00000) (1024K)]
  0x0000014b71d7b070 JavaThread "Cleaner-0"                  daemon [_thread_blocked, id=3076, stack(0x0000003043e00000,0x0000003043f00000) (1024K)]
  0x0000014b71d7eb80 JavaThread "SIGINT handler"             daemon [_thread_blocked, id=6460, stack(0x0000003040b00000,0x0000003040c00000) (1024K)]
Total: 22

Other Threads:
=>0x0000014b63570060 VMThread "VM Thread"                           [id=452, stack(0x0000003041600000,0x0000003041700000) (1024K)]
  0x0000014b42bf0e10 WorkerThread "GC Thread#0"                     [id=7336, stack(0x0000003041000000,0x0000003041100000) (1024K)]
  0x0000014b691a97b0 WorkerThread "GC Thread#1"                     [id=7564, stack(0x0000003042100000,0x0000003042200000) (1024K)]
  0x0000014b689e3970 WorkerThread "GC Thread#2"                     [id=16956, stack(0x0000003042400000,0x0000003042500000) (1024K)]
  0x0000014b689e3d10 WorkerThread "GC Thread#3"                     [id=10092, stack(0x0000003042500000,0x0000003042600000) (1024K)]
  0x0000014b68aa9f20 WorkerThread "GC Thread#4"                     [id=9224, stack(0x0000003042600000,0x0000003042700000) (1024K)]
  0x0000014b68aa9b80 WorkerThread "GC Thread#5"                     [id=14648, stack(0x0000003042700000,0x0000003042800000) (1024K)]
  0x0000014b68aa8d00 WorkerThread "GC Thread#6"                     [id=8516, stack(0x0000003043200000,0x0000003043300000) (1024K)]
  0x0000014b68aa90a0 WorkerThread "GC Thread#7"                     [id=5448, stack(0x0000003043300000,0x0000003043400000) (1024K)]
  0x0000014b69b29270 WorkerThread "GC Thread#8"                     [id=7868, stack(0x0000003043400000,0x0000003043500000) (1024K)]
  0x0000014b69b27cb0 WorkerThread "GC Thread#9"                     [id=16468, stack(0x0000003043500000,0x0000003043600000) (1024K)]
  0x0000014b42c01940 ConcurrentGCThread "G1 Main Marker"            terminated
  0x0000014b4268d2e0 WorkerThread "G1 Conc#0"                       [id=8428, stack(0x0000003041200000,0x0000003041300000) (1024K)]
  0x0000014b69b2a0f0 WorkerThread "G1 Conc#1"                       [id=11340, stack(0x0000003043900000,0x0000003043a00000) (1024K)]
  0x0000014b69b2b6b0 WorkerThread "G1 Conc#2"                       [id=1752, stack(0x0000003043a00000,0x0000003043b00000) (1024K)]
  0x0000014b42c3e420 ConcurrentGCThread "G1 Refine#0"               terminated
  0x0000014b63434470 ConcurrentGCThread "G1 Service"                terminated
Total: 17

Threads with active compile tasks:
C2 CompilerThread0   224506 7109       4       java.lang.Integer::stringSize (47 bytes)
Total: 1

VM state: at safepoint (shutting down)

VM Mutex/Monitor currently owned by a thread:  ([mutex/lock_event])
[0x00007ff93b3dde50] Threads_lock - owner thread: 0x0000014b63570060
[0x00007ff93b3ddf50] Heap_lock - owner thread: 0x0000014b71d7eb80

Heap address: 0x0000000704a00000, size: 4022 MB, Compressed Oops mode: Zero based, Oop shift amount: 3

CDS archive(s) mapped at: [0x0000014b00000000-0x0000014b00c90000-0x0000014b00c90000), size 13172736, SharedBaseAddress: 0x0000014b00000000, ArchiveRelocationMode: 1.
Compressed class space mapped at: 0x0000014b01000000-0x0000014b41000000, reserved size: 1073741824
Narrow klass base: 0x0000014b00000000, Narrow klass shift: 0, Narrow klass range: 0x100000000

GC Precious Log:
 CardTable entry size: 512
 Card Set container configuration: InlinePtr #cards 4 size 8 Array Of Cards #cards 16 size 48 Howl #buckets 8 coarsen threshold 3686 Howl Bitmap #cards 512 size 80 coarsen threshold 460 Card regions per heap region 1 cards per card region 4096
 CPUs: 12 total, 12 available
 Memory: 16085M
 Large Page Support: Disabled
 NUMA Support: Disabled
 Compressed Oops: Enabled (Zero based)
 Heap Region Size: 2M
 Heap Min Capacity: 8M
 Heap Initial Capacity: 252M
 Heap Max Capacity: 4022M
 Pre-touch: Disabled
 Parallel Workers: 10
 Concurrent Workers: 3
 Concurrent Refinement Workers: 10
 Periodic GC: Disabled

Heap:
 garbage-first heap   total 473088K, used 189640K [0x0000000704a00000, 0x0000000800000000)
  region size 2048K, 10 young (20480K), 3 survivors (6144K)
 Metaspace       used 51362K, committed 51840K, reserved 1114112K
  class space    used 7150K, committed 7360K, reserved 1048576K

Heap Regions: E=young(eden), S=young(survivor), O=old, HS=humongous(starts), HC=humongous(continues), CS=collection set, F=free, TAMS=top-at-mark-start, PB=parsable bottom
|   0|0x0000000704a00000, 0x0000000704c00000, 0x0000000704c00000|100%| O|  |TAMS 0x0000000704a00000| PB 0x0000000704a00000| Untracked 
|   1|0x0000000704c00000, 0x0000000704e00000, 0x0000000704e00000|100%| O|  |TAMS 0x0000000704c00000| PB 0x0000000704c00000| Untracked 
|   2|0x0000000704e00000, 0x0000000705000000, 0x0000000705000000|100%| O|  |TAMS 0x0000000704e00000| PB 0x0000000704e00000| Untracked 
|   3|0x0000000705000000, 0x0000000705200000, 0x0000000705200000|100%| O|  |TAMS 0x0000000705000000| PB 0x0000000705000000| Untracked 
|   4|0x0000000705200000, 0x0000000705400000, 0x0000000705400000|100%| O|  |TAMS 0x0000000705200000| PB 0x0000000705200000| Untracked 
|   5|0x0000000705400000, 0x0000000705400000, 0x0000000705600000|  0%| F|  |TAMS 0x0000000705400000| PB 0x0000000705400000| Untracked 
|   6|0x0000000705600000, 0x0000000705800000, 0x0000000705800000|100%|HS|  |TAMS 0x0000000705600000| PB 0x0000000705600000| Complete 
|   7|0x0000000705800000, 0x0000000705a00000, 0x0000000705a00000|100%|HC|  |TAMS 0x0000000705800000| PB 0x0000000705800000| Complete 
|   8|0x0000000705a00000, 0x0000000705c00000, 0x0000000705c00000|100%|HC|  |TAMS 0x0000000705a00000| PB 0x0000000705a00000| Complete 
|   9|0x0000000705c00000, 0x0000000705e00000, 0x0000000705e00000|100%|HC|  |TAMS 0x0000000705c00000| PB 0x0000000705c00000| Complete 
|  10|0x0000000705e00000, 0x0000000706000000, 0x0000000706000000|100%|HC|  |TAMS 0x0000000705e00000| PB 0x0000000705e00000| Complete 
|  11|0x0000000706000000, 0x0000000706200000, 0x0000000706200000|100%|HC|  |TAMS 0x0000000706000000| PB 0x0000000706000000| Complete 
|  12|0x0000000706200000, 0x0000000706400000, 0x0000000706400000|100%|HC|  |TAMS 0x0000000706200000| PB 0x0000000706200000| Complete 
|  13|0x0000000706400000, 0x0000000706600000, 0x0000000706600000|100%|HC|  |TAMS 0x0000000706400000| PB 0x0000000706400000| Complete 
|  14|0x0000000706600000, 0x0000000706800000, 0x0000000706800000|100%|HC|  |TAMS 0x0000000706600000| PB 0x0000000706600000| Complete 
|  15|0x0000000706800000, 0x0000000706a00000, 0x0000000706a00000|100%|HC|  |TAMS 0x0000000706800000| PB 0x0000000706800000| Complete 
|  16|0x0000000706a00000, 0x0000000706c00000, 0x0000000706c00000|100%|HS|  |TAMS 0x0000000706a00000| PB 0x0000000706a00000| Complete 
|  17|0x0000000706c00000, 0x0000000706e00000, 0x0000000706e00000|100%|HS|  |TAMS 0x0000000706c00000| PB 0x0000000706c00000| Complete 
|  18|0x0000000706e00000, 0x0000000707000000, 0x0000000707000000|100%|HS|  |TAMS 0x0000000706e00000| PB 0x0000000706e00000| Complete 
|  19|0x0000000707000000, 0x0000000707200000, 0x0000000707200000|100%|HS|  |TAMS 0x0000000707000000| PB 0x0000000707000000| Complete 
|  20|0x0000000707200000, 0x0000000707400000, 0x0000000707400000|100%|HS|  |TAMS 0x0000000707200000| PB 0x0000000707200000| Complete 
|  21|0x0000000707400000, 0x0000000707600000, 0x0000000707600000|100%|HS|  |TAMS 0x0000000707400000| PB 0x0000000707400000| Complete 
|  22|0x0000000707600000, 0x0000000707800000, 0x0000000707800000|100%|HS|  |TAMS 0x0000000707600000| PB 0x0000000707600000| Complete 
|  23|0x0000000707800000, 0x0000000707a00000, 0x0000000707a00000|100%| O|  |TAMS 0x0000000707800000| PB 0x0000000707800000| Untracked 
|  24|0x0000000707a00000, 0x0000000707c00000, 0x0000000707c00000|100%|HS|  |TAMS 0x0000000707a00000| PB 0x0000000707a00000| Complete 
|  25|0x0000000707c00000, 0x0000000707e00000, 0x0000000707e00000|100%|HC|  |TAMS 0x0000000707c00000| PB 0x0000000707c00000| Complete 
|  26|0x0000000707e00000, 0x0000000708000000, 0x0000000708000000|100%|HC|  |TAMS 0x0000000707e00000| PB 0x0000000707e00000| Complete 
|  27|0x0000000708000000, 0x0000000708200000, 0x0000000708200000|100%|HC|  |TAMS 0x0000000708000000| PB 0x0000000708000000| Complete 
|  28|0x0000000708200000, 0x0000000708400000, 0x0000000708400000|100%|HC|  |TAMS 0x0000000708200000| PB 0x0000000708200000| Complete 
|  29|0x0000000708400000, 0x0000000708600000, 0x0000000708600000|100%|HC|  |TAMS 0x0000000708400000| PB 0x0000000708400000| Complete 
|  30|0x0000000708600000, 0x0000000708800000, 0x0000000708800000|100%|HC|  |TAMS 0x0000000708600000| PB 0x0000000708600000| Complete 
|  31|0x0000000708800000, 0x0000000708a00000, 0x0000000708a00000|100%|HC|  |TAMS 0x0000000708800000| PB 0x0000000708800000| Complete 
|  32|0x0000000708a00000, 0x0000000708c00000, 0x0000000708c00000|100%|HC|  |TAMS 0x0000000708a00000| PB 0x0000000708a00000| Complete 
|  33|0x0000000708c00000, 0x0000000708e00000, 0x0000000708e00000|100%|HC|  |TAMS 0x0000000708c00000| PB 0x0000000708c00000| Complete 
|  34|0x0000000708e00000, 0x0000000709000000, 0x0000000709000000|100%|HC|  |TAMS 0x0000000708e00000| PB 0x0000000708e00000| Complete 
|  35|0x0000000709000000, 0x0000000709200000, 0x0000000709200000|100%|HC|  |TAMS 0x0000000709000000| PB 0x0000000709000000| Complete 
|  36|0x0000000709200000, 0x0000000709400000, 0x0000000709400000|100%|HC|  |TAMS 0x0000000709200000| PB 0x0000000709200000| Complete 
|  37|0x0000000709400000, 0x0000000709600000, 0x0000000709600000|100%|HC|  |TAMS 0x0000000709400000| PB 0x0000000709400000| Complete 
|  38|0x0000000709600000, 0x0000000709800000, 0x0000000709800000|100%|HC|  |TAMS 0x0000000709600000| PB 0x0000000709600000| Complete 
|  39|0x0000000709800000, 0x0000000709a00000, 0x0000000709a00000|100%|HC|  |TAMS 0x0000000709800000| PB 0x0000000709800000| Complete 
|  40|0x0000000709a00000, 0x0000000709c00000, 0x0000000709c00000|100%|HC|  |TAMS 0x0000000709a00000| PB 0x0000000709a00000| Complete 
|  41|0x0000000709c00000, 0x0000000709e00000, 0x0000000709e00000|100%|HC|  |TAMS 0x0000000709c00000| PB 0x0000000709c00000| Complete 
|  42|0x0000000709e00000, 0x000000070a000000, 0x000000070a000000|100%|HC|  |TAMS 0x0000000709e00000| PB 0x0000000709e00000| Complete 
|  43|0x000000070a000000, 0x000000070a200000, 0x000000070a200000|100%|HC|  |TAMS 0x000000070a000000| PB 0x000000070a000000| Complete 
|  44|0x000000070a200000, 0x000000070a400000, 0x000000070a400000|100%|HC|  |TAMS 0x000000070a200000| PB 0x000000070a200000| Complete 
|  45|0x000000070a400000, 0x000000070a600000, 0x000000070a600000|100%|HC|  |TAMS 0x000000070a400000| PB 0x000000070a400000| Complete 
|  46|0x000000070a600000, 0x000000070a800000, 0x000000070a800000|100%|HC|  |TAMS 0x000000070a600000| PB 0x000000070a600000| Complete 
|  47|0x000000070a800000, 0x000000070aa00000, 0x000000070aa00000|100%|HC|  |TAMS 0x000000070a800000| PB 0x000000070a800000| Complete 
|  48|0x000000070aa00000, 0x000000070ac00000, 0x000000070ac00000|100%|HC|  |TAMS 0x000000070aa00000| PB 0x000000070aa00000| Complete 
|  49|0x000000070ac00000, 0x000000070ae00000, 0x000000070ae00000|100%|HC|  |TAMS 0x000000070ac00000| PB 0x000000070ac00000| Complete 
|  50|0x000000070ae00000, 0x000000070b000000, 0x000000070b000000|100%|HC|  |TAMS 0x000000070ae00000| PB 0x000000070ae00000| Complete 
|  51|0x000000070b000000, 0x000000070b200000, 0x000000070b200000|100%|HS|  |TAMS 0x000000070b000000| PB 0x000000070b000000| Complete 
|  52|0x000000070b200000, 0x000000070b400000, 0x000000070b400000|100%|HC|  |TAMS 0x000000070b200000| PB 0x000000070b200000| Complete 
|  53|0x000000070b400000, 0x000000070b600000, 0x000000070b600000|100%|HS|  |TAMS 0x000000070b400000| PB 0x000000070b400000| Complete 
|  54|0x000000070b600000, 0x000000070b800000, 0x000000070b800000|100%|HS|  |TAMS 0x000000070b600000| PB 0x000000070b600000| Complete 
|  55|0x000000070b800000, 0x000000070b957db0, 0x000000070ba00000| 67%| O|  |TAMS 0x000000070b800000| PB 0x000000070b800000| Untracked 
|  56|0x000000070ba00000, 0x000000070bc00000, 0x000000070bc00000|100%|HS|  |TAMS 0x000000070ba00000| PB 0x000000070ba00000| Complete 
|  57|0x000000070bc00000, 0x000000070be00000, 0x000000070be00000|100%|HC|  |TAMS 0x000000070bc00000| PB 0x000000070bc00000| Complete 
|  58|0x000000070be00000, 0x000000070c000000, 0x000000070c000000|100%|HS|  |TAMS 0x000000070be00000| PB 0x000000070be00000| Complete 
|  59|0x000000070c000000, 0x000000070c200000, 0x000000070c200000|100%|HS|  |TAMS 0x000000070c000000| PB 0x000000070c000000| Complete 
|  60|0x000000070c200000, 0x000000070c400000, 0x000000070c400000|100%|HS|  |TAMS 0x000000070c200000| PB 0x000000070c200000| Complete 
|  61|0x000000070c400000, 0x000000070c600000, 0x000000070c600000|100%|HC|  |TAMS 0x000000070c400000| PB 0x000000070c400000| Complete 
|  62|0x000000070c600000, 0x000000070c800000, 0x000000070c800000|100%|HC|  |TAMS 0x000000070c600000| PB 0x000000070c600000| Complete 
|  63|0x000000070c800000, 0x000000070ca00000, 0x000000070ca00000|100%|HC|  |TAMS 0x000000070c800000| PB 0x000000070c800000| Complete 
|  64|0x000000070ca00000, 0x000000070cc00000, 0x000000070cc00000|100%|HC|  |TAMS 0x000000070ca00000| PB 0x000000070ca00000| Complete 
|  65|0x000000070cc00000, 0x000000070ce00000, 0x000000070ce00000|100%|HC|  |TAMS 0x000000070cc00000| PB 0x000000070cc00000| Complete 
|  66|0x000000070ce00000, 0x000000070d000000, 0x000000070d000000|100%|HC|  |TAMS 0x000000070ce00000| PB 0x000000070ce00000| Complete 
|  67|0x000000070d000000, 0x000000070d200000, 0x000000070d200000|100%|HC|  |TAMS 0x000000070d000000| PB 0x000000070d000000| Complete 
|  68|0x000000070d200000, 0x000000070d400000, 0x000000070d400000|100%|HC|  |TAMS 0x000000070d200000| PB 0x000000070d200000| Complete 
|  69|0x000000070d400000, 0x000000070d600000, 0x000000070d600000|100%|HC|  |TAMS 0x000000070d400000| PB 0x000000070d400000| Complete 
|  70|0x000000070d600000, 0x000000070d800000, 0x000000070d800000|100%|HC|  |TAMS 0x000000070d600000| PB 0x000000070d600000| Complete 
|  71|0x000000070d800000, 0x000000070da00000, 0x000000070da00000|100%|HC|  |TAMS 0x000000070d800000| PB 0x000000070d800000| Complete 
|  72|0x000000070da00000, 0x000000070dc00000, 0x000000070dc00000|100%|HC|  |TAMS 0x000000070da00000| PB 0x000000070da00000| Complete 
|  73|0x000000070dc00000, 0x000000070de00000, 0x000000070de00000|100%|HC|  |TAMS 0x000000070dc00000| PB 0x000000070dc00000| Complete 
|  74|0x000000070de00000, 0x000000070e000000, 0x000000070e000000|100%|HC|  |TAMS 0x000000070de00000| PB 0x000000070de00000| Complete 
|  75|0x000000070e000000, 0x000000070e200000, 0x000000070e200000|100%|HC|  |TAMS 0x000000070e000000| PB 0x000000070e000000| Complete 
|  76|0x000000070e200000, 0x000000070e400000, 0x000000070e400000|100%|HC|  |TAMS 0x000000070e200000| PB 0x000000070e200000| Complete 
|  77|0x000000070e400000, 0x000000070e600000, 0x000000070e600000|100%|HC|  |TAMS 0x000000070e400000| PB 0x000000070e400000| Complete 
|  78|0x000000070e600000, 0x000000070e800000, 0x000000070e800000|100%|HC|  |TAMS 0x000000070e600000| PB 0x000000070e600000| Complete 
|  79|0x000000070e800000, 0x000000070ea00000, 0x000000070ea00000|100%|HC|  |TAMS 0x000000070e800000| PB 0x000000070e800000| Complete 
|  80|0x000000070ea00000, 0x000000070ec00000, 0x000000070ec00000|100%|HC|  |TAMS 0x000000070ea00000| PB 0x000000070ea00000| Complete 
|  81|0x000000070ec00000, 0x000000070ee00000, 0x000000070ee00000|100%|HC|  |TAMS 0x000000070ec00000| PB 0x000000070ec00000| Complete 
|  82|0x000000070ee00000, 0x000000070f000000, 0x000000070f000000|100%|HS|  |TAMS 0x000000070ee00000| PB 0x000000070ee00000| Complete 
|  83|0x000000070f000000, 0x000000070f200000, 0x000000070f200000|100%|HC|  |TAMS 0x000000070f000000| PB 0x000000070f000000| Complete 
|  84|0x000000070f200000, 0x000000070f200000, 0x000000070f400000|  0%| F|  |TAMS 0x000000070f200000| PB 0x000000070f200000| Untracked 
|  85|0x000000070f400000, 0x000000070f400000, 0x000000070f600000|  0%| F|  |TAMS 0x000000070f400000| PB 0x000000070f400000| Untracked 
|  86|0x000000070f600000, 0x000000070f600000, 0x000000070f800000|  0%| F|  |TAMS 0x000000070f600000| PB 0x000000070f600000| Untracked 
|  87|0x000000070f800000, 0x000000070f800000, 0x000000070fa00000|  0%| F|  |TAMS 0x000000070f800000| PB 0x000000070f800000| Untracked 
|  88|0x000000070fa00000, 0x000000070fa00000, 0x000000070fc00000|  0%| F|  |TAMS 0x000000070fa00000| PB 0x000000070fa00000| Untracked 
|  89|0x000000070fc00000, 0x000000070fc00000, 0x000000070fe00000|  0%| F|  |TAMS 0x000000070fc00000| PB 0x000000070fc00000| Untracked 
|  90|0x000000070fe00000, 0x000000070fe00000, 0x0000000710000000|  0%| F|  |TAMS 0x000000070fe00000| PB 0x000000070fe00000| Untracked 
|  91|0x0000000710000000, 0x0000000710000000, 0x0000000710200000|  0%| F|  |TAMS 0x0000000710000000| PB 0x0000000710000000| Untracked 
|  92|0x0000000710200000, 0x0000000710200000, 0x0000000710400000|  0%| F|  |TAMS 0x0000000710200000| PB 0x0000000710200000| Untracked 
|  93|0x0000000710400000, 0x0000000710400000, 0x0000000710600000|  0%| F|  |TAMS 0x0000000710400000| PB 0x0000000710400000| Untracked 
|  94|0x0000000710600000, 0x0000000710600000, 0x0000000710800000|  0%| F|  |TAMS 0x0000000710600000| PB 0x0000000710600000| Untracked 
|  95|0x0000000710800000, 0x0000000710800000, 0x0000000710a00000|  0%| F|  |TAMS 0x0000000710800000| PB 0x0000000710800000| Untracked 
|  96|0x0000000710a00000, 0x0000000710a00000, 0x0000000710c00000|  0%| F|  |TAMS 0x0000000710a00000| PB 0x0000000710a00000| Untracked 
|  97|0x0000000710c00000, 0x0000000710c00000, 0x0000000710e00000|  0%| F|  |TAMS 0x0000000710c00000| PB 0x0000000710c00000| Untracked 
|  98|0x0000000710e00000, 0x0000000710e00000, 0x0000000711000000|  0%| F|  |TAMS 0x0000000710e00000| PB 0x0000000710e00000| Untracked 
|  99|0x0000000711000000, 0x0000000711000000, 0x0000000711200000|  0%| F|  |TAMS 0x0000000711000000| PB 0x0000000711000000| Untracked 
| 100|0x0000000711200000, 0x0000000711200000, 0x0000000711400000|  0%| F|  |TAMS 0x0000000711200000| PB 0x0000000711200000| Untracked 
| 101|0x0000000711400000, 0x0000000711400000, 0x0000000711600000|  0%| F|  |TAMS 0x0000000711400000| PB 0x0000000711400000| Untracked 
| 102|0x0000000711600000, 0x0000000711600000, 0x0000000711800000|  0%| F|  |TAMS 0x0000000711600000| PB 0x0000000711600000| Untracked 
| 103|0x0000000711800000, 0x0000000711800000, 0x0000000711a00000|  0%| F|  |TAMS 0x0000000711800000| PB 0x0000000711800000| Untracked 
| 104|0x0000000711a00000, 0x0000000711a00000, 0x0000000711c00000|  0%| F|  |TAMS 0x0000000711a00000| PB 0x0000000711a00000| Untracked 
| 105|0x0000000711c00000, 0x0000000711c00000, 0x0000000711e00000|  0%| F|  |TAMS 0x0000000711c00000| PB 0x0000000711c00000| Untracked 
| 106|0x0000000711e00000, 0x0000000711e00000, 0x0000000712000000|  0%| F|  |TAMS 0x0000000711e00000| PB 0x0000000711e00000| Untracked 
| 107|0x0000000712000000, 0x0000000712000000, 0x0000000712200000|  0%| F|  |TAMS 0x0000000712000000| PB 0x0000000712000000| Untracked 
| 108|0x0000000712200000, 0x0000000712200000, 0x0000000712400000|  0%| F|  |TAMS 0x0000000712200000| PB 0x0000000712200000| Untracked 
| 109|0x0000000712400000, 0x0000000712400000, 0x0000000712600000|  0%| F|  |TAMS 0x0000000712400000| PB 0x0000000712400000| Untracked 
| 110|0x0000000712600000, 0x0000000712600000, 0x0000000712800000|  0%| F|  |TAMS 0x0000000712600000| PB 0x0000000712600000| Untracked 
| 111|0x0000000712800000, 0x0000000712800000, 0x0000000712a00000|  0%| F|  |TAMS 0x0000000712800000| PB 0x0000000712800000| Untracked 
| 112|0x0000000712a00000, 0x0000000712a00000, 0x0000000712c00000|  0%| F|  |TAMS 0x0000000712a00000| PB 0x0000000712a00000| Untracked 
| 113|0x0000000712c00000, 0x0000000712c00000, 0x0000000712e00000|  0%| F|  |TAMS 0x0000000712c00000| PB 0x0000000712c00000| Untracked 
| 114|0x0000000712e00000, 0x0000000712e00000, 0x0000000713000000|  0%| F|  |TAMS 0x0000000712e00000| PB 0x0000000712e00000| Untracked 
| 115|0x0000000713000000, 0x0000000713000000, 0x0000000713200000|  0%| F|  |TAMS 0x0000000713000000| PB 0x0000000713000000| Untracked 
| 116|0x0000000713200000, 0x0000000713200000, 0x0000000713400000|  0%| F|  |TAMS 0x0000000713200000| PB 0x0000000713200000| Untracked 
| 117|0x0000000713400000, 0x0000000713400000, 0x0000000713600000|  0%| F|  |TAMS 0x0000000713400000| PB 0x0000000713400000| Untracked 
| 118|0x0000000713600000, 0x0000000713600000, 0x0000000713800000|  0%| F|  |TAMS 0x0000000713600000| PB 0x0000000713600000| Untracked 
| 119|0x0000000713800000, 0x0000000713800000, 0x0000000713a00000|  0%| F|  |TAMS 0x0000000713800000| PB 0x0000000713800000| Untracked 
| 120|0x0000000713a00000, 0x0000000713a00000, 0x0000000713c00000|  0%| F|  |TAMS 0x0000000713a00000| PB 0x0000000713a00000| Untracked 
| 121|0x0000000713c00000, 0x0000000713c00000, 0x0000000713e00000|  0%| F|  |TAMS 0x0000000713c00000| PB 0x0000000713c00000| Untracked 
| 122|0x0000000713e00000, 0x0000000713e00000, 0x0000000714000000|  0%| F|  |TAMS 0x0000000713e00000| PB 0x0000000713e00000| Untracked 
| 123|0x0000000714000000, 0x0000000714000000, 0x0000000714200000|  0%| F|  |TAMS 0x0000000714000000| PB 0x0000000714000000| Untracked 
| 124|0x0000000714200000, 0x0000000714200000, 0x0000000714400000|  0%| F|  |TAMS 0x0000000714200000| PB 0x0000000714200000| Untracked 
| 125|0x0000000714400000, 0x0000000714400000, 0x0000000714600000|  0%| F|  |TAMS 0x0000000714400000| PB 0x0000000714400000| Untracked 
| 126|0x0000000714600000, 0x0000000714600000, 0x0000000714800000|  0%| F|  |TAMS 0x0000000714600000| PB 0x0000000714600000| Untracked 
| 127|0x0000000714800000, 0x0000000714800000, 0x0000000714a00000|  0%| F|  |TAMS 0x0000000714800000| PB 0x0000000714800000| Untracked 
| 128|0x0000000714a00000, 0x0000000714a00000, 0x0000000714c00000|  0%| F|  |TAMS 0x0000000714a00000| PB 0x0000000714a00000| Untracked 
| 129|0x0000000714c00000, 0x0000000714c00000, 0x0000000714e00000|  0%| F|  |TAMS 0x0000000714c00000| PB 0x0000000714c00000| Untracked 
| 130|0x0000000714e00000, 0x0000000714e00000, 0x0000000715000000|  0%| F|  |TAMS 0x0000000714e00000| PB 0x0000000714e00000| Untracked 
| 131|0x0000000715000000, 0x0000000715000000, 0x0000000715200000|  0%| F|  |TAMS 0x0000000715000000| PB 0x0000000715000000| Untracked 
| 132|0x0000000715200000, 0x0000000715200000, 0x0000000715400000|  0%| F|  |TAMS 0x0000000715200000| PB 0x0000000715200000| Untracked 
| 133|0x0000000715400000, 0x0000000715400000, 0x0000000715600000|  0%| F|  |TAMS 0x0000000715400000| PB 0x0000000715400000| Untracked 
| 134|0x0000000715600000, 0x0000000715600000, 0x0000000715800000|  0%| F|  |TAMS 0x0000000715600000| PB 0x0000000715600000| Untracked 
| 135|0x0000000715800000, 0x0000000715800000, 0x0000000715a00000|  0%| F|  |TAMS 0x0000000715800000| PB 0x0000000715800000| Untracked 
| 136|0x0000000715a00000, 0x0000000715a00000, 0x0000000715c00000|  0%| F|  |TAMS 0x0000000715a00000| PB 0x0000000715a00000| Untracked 
| 137|0x0000000715c00000, 0x0000000715c00000, 0x0000000715e00000|  0%| F|  |TAMS 0x0000000715c00000| PB 0x0000000715c00000| Untracked 
| 138|0x0000000715e00000, 0x0000000715e00000, 0x0000000716000000|  0%| F|  |TAMS 0x0000000715e00000| PB 0x0000000715e00000| Untracked 
| 139|0x0000000716000000, 0x0000000716000000, 0x0000000716200000|  0%| F|  |TAMS 0x0000000716000000| PB 0x0000000716000000| Untracked 
| 140|0x0000000716200000, 0x0000000716200000, 0x0000000716400000|  0%| F|  |TAMS 0x0000000716200000| PB 0x0000000716200000| Untracked 
| 141|0x0000000716400000, 0x0000000716400000, 0x0000000716600000|  0%| F|  |TAMS 0x0000000716400000| PB 0x0000000716400000| Untracked 
| 142|0x0000000716600000, 0x0000000716600000, 0x0000000716800000|  0%| F|  |TAMS 0x0000000716600000| PB 0x0000000716600000| Untracked 
| 143|0x0000000716800000, 0x0000000716800000, 0x0000000716a00000|  0%| F|  |TAMS 0x0000000716800000| PB 0x0000000716800000| Untracked 
| 144|0x0000000716a00000, 0x0000000716a00000, 0x0000000716c00000|  0%| F|  |TAMS 0x0000000716a00000| PB 0x0000000716a00000| Untracked 
| 145|0x0000000716c00000, 0x0000000716c00000, 0x0000000716e00000|  0%| F|  |TAMS 0x0000000716c00000| PB 0x0000000716c00000| Untracked 
| 146|0x0000000716e00000, 0x0000000716e00000, 0x0000000717000000|  0%| F|  |TAMS 0x0000000716e00000| PB 0x0000000716e00000| Untracked 
| 147|0x0000000717000000, 0x0000000717000000, 0x0000000717200000|  0%| F|  |TAMS 0x0000000717000000| PB 0x0000000717000000| Untracked 
| 148|0x0000000717200000, 0x0000000717200000, 0x0000000717400000|  0%| F|  |TAMS 0x0000000717200000| PB 0x0000000717200000| Untracked 
| 149|0x0000000717400000, 0x0000000717400000, 0x0000000717600000|  0%| F|  |TAMS 0x0000000717400000| PB 0x0000000717400000| Untracked 
| 150|0x0000000717600000, 0x0000000717600000, 0x0000000717800000|  0%| F|  |TAMS 0x0000000717600000| PB 0x0000000717600000| Untracked 
| 151|0x0000000717800000, 0x0000000717800000, 0x0000000717a00000|  0%| F|  |TAMS 0x0000000717800000| PB 0x0000000717800000| Untracked 
| 152|0x0000000717a00000, 0x0000000717a00000, 0x0000000717c00000|  0%| F|  |TAMS 0x0000000717a00000| PB 0x0000000717a00000| Untracked 
| 153|0x0000000717c00000, 0x0000000717c00000, 0x0000000717e00000|  0%| F|  |TAMS 0x0000000717c00000| PB 0x0000000717c00000| Untracked 
| 154|0x0000000717e00000, 0x0000000717e00000, 0x0000000718000000|  0%| F|  |TAMS 0x0000000717e00000| PB 0x0000000717e00000| Untracked 
| 155|0x0000000718000000, 0x0000000718000000, 0x0000000718200000|  0%| F|  |TAMS 0x0000000718000000| PB 0x0000000718000000| Untracked 
| 156|0x0000000718200000, 0x0000000718200000, 0x0000000718400000|  0%| F|  |TAMS 0x0000000718200000| PB 0x0000000718200000| Untracked 
| 157|0x0000000718400000, 0x0000000718400000, 0x0000000718600000|  0%| F|  |TAMS 0x0000000718400000| PB 0x0000000718400000| Untracked 
| 158|0x0000000718600000, 0x0000000718600000, 0x0000000718800000|  0%| F|  |TAMS 0x0000000718600000| PB 0x0000000718600000| Untracked 
| 159|0x0000000718800000, 0x0000000718800000, 0x0000000718a00000|  0%| F|  |TAMS 0x0000000718800000| PB 0x0000000718800000| Untracked 
| 160|0x0000000718a00000, 0x0000000718a00000, 0x0000000718c00000|  0%| F|  |TAMS 0x0000000718a00000| PB 0x0000000718a00000| Untracked 
| 161|0x0000000718c00000, 0x0000000718c00000, 0x0000000718e00000|  0%| F|  |TAMS 0x0000000718c00000| PB 0x0000000718c00000| Untracked 
| 162|0x0000000718e00000, 0x0000000718e00000, 0x0000000719000000|  0%| F|  |TAMS 0x0000000718e00000| PB 0x0000000718e00000| Untracked 
| 163|0x0000000719000000, 0x0000000719000000, 0x0000000719200000|  0%| F|  |TAMS 0x0000000719000000| PB 0x0000000719000000| Untracked 
| 164|0x0000000719200000, 0x0000000719200000, 0x0000000719400000|  0%| F|  |TAMS 0x0000000719200000| PB 0x0000000719200000| Untracked 
| 165|0x0000000719400000, 0x0000000719400000, 0x0000000719600000|  0%| F|  |TAMS 0x0000000719400000| PB 0x0000000719400000| Untracked 
| 166|0x0000000719600000, 0x0000000719600000, 0x0000000719800000|  0%| F|  |TAMS 0x0000000719600000| PB 0x0000000719600000| Untracked 
| 167|0x0000000719800000, 0x0000000719800000, 0x0000000719a00000|  0%| F|  |TAMS 0x0000000719800000| PB 0x0000000719800000| Untracked 
| 168|0x0000000719a00000, 0x0000000719a00000, 0x0000000719c00000|  0%| F|  |TAMS 0x0000000719a00000| PB 0x0000000719a00000| Untracked 
| 169|0x0000000719c00000, 0x0000000719c00000, 0x0000000719e00000|  0%| F|  |TAMS 0x0000000719c00000| PB 0x0000000719c00000| Untracked 
| 170|0x0000000719e00000, 0x0000000719e00000, 0x000000071a000000|  0%| F|  |TAMS 0x0000000719e00000| PB 0x0000000719e00000| Untracked 
| 171|0x000000071a000000, 0x000000071a000000, 0x000000071a200000|  0%| F|  |TAMS 0x000000071a000000| PB 0x000000071a000000| Untracked 
| 172|0x000000071a200000, 0x000000071a200000, 0x000000071a400000|  0%| F|  |TAMS 0x000000071a200000| PB 0x000000071a200000| Untracked 
| 173|0x000000071a400000, 0x000000071a400000, 0x000000071a600000|  0%| F|  |TAMS 0x000000071a400000| PB 0x000000071a400000| Untracked 
| 174|0x000000071a600000, 0x000000071a600000, 0x000000071a800000|  0%| F|  |TAMS 0x000000071a600000| PB 0x000000071a600000| Untracked 
| 175|0x000000071a800000, 0x000000071a800000, 0x000000071aa00000|  0%| F|  |TAMS 0x000000071a800000| PB 0x000000071a800000| Untracked 
| 176|0x000000071aa00000, 0x000000071aa00000, 0x000000071ac00000|  0%| F|  |TAMS 0x000000071aa00000| PB 0x000000071aa00000| Untracked 
| 177|0x000000071ac00000, 0x000000071ac00000, 0x000000071ae00000|  0%| F|  |TAMS 0x000000071ac00000| PB 0x000000071ac00000| Untracked 
| 178|0x000000071ae00000, 0x000000071ae00000, 0x000000071b000000|  0%| F|  |TAMS 0x000000071ae00000| PB 0x000000071ae00000| Untracked 
| 179|0x000000071b000000, 0x000000071b000000, 0x000000071b200000|  0%| F|  |TAMS 0x000000071b000000| PB 0x000000071b000000| Untracked 
| 180|0x000000071b200000, 0x000000071b200000, 0x000000071b400000|  0%| F|  |TAMS 0x000000071b200000| PB 0x000000071b200000| Untracked 
| 181|0x000000071b400000, 0x000000071b400000, 0x000000071b600000|  0%| F|  |TAMS 0x000000071b400000| PB 0x000000071b400000| Untracked 
| 182|0x000000071b600000, 0x000000071b600000, 0x000000071b800000|  0%| F|  |TAMS 0x000000071b600000| PB 0x000000071b600000| Untracked 
| 183|0x000000071b800000, 0x000000071b800000, 0x000000071ba00000|  0%| F|  |TAMS 0x000000071b800000| PB 0x000000071b800000| Untracked 
| 184|0x000000071ba00000, 0x000000071ba00000, 0x000000071bc00000|  0%| F|  |TAMS 0x000000071ba00000| PB 0x000000071ba00000| Untracked 
| 185|0x000000071bc00000, 0x000000071bc00000, 0x000000071be00000|  0%| F|  |TAMS 0x000000071bc00000| PB 0x000000071bc00000| Untracked 
| 186|0x000000071be00000, 0x000000071be00000, 0x000000071c000000|  0%| F|  |TAMS 0x000000071be00000| PB 0x000000071be00000| Untracked 
| 187|0x000000071c000000, 0x000000071c000000, 0x000000071c200000|  0%| F|  |TAMS 0x000000071c000000| PB 0x000000071c000000| Untracked 
| 188|0x000000071c200000, 0x000000071c200000, 0x000000071c400000|  0%| F|  |TAMS 0x000000071c200000| PB 0x000000071c200000| Untracked 
| 189|0x000000071c400000, 0x000000071c400000, 0x000000071c600000|  0%| F|  |TAMS 0x000000071c400000| PB 0x000000071c400000| Untracked 
| 190|0x000000071c600000, 0x000000071c600000, 0x000000071c800000|  0%| F|  |TAMS 0x000000071c600000| PB 0x000000071c600000| Untracked 
| 191|0x000000071c800000, 0x000000071c800000, 0x000000071ca00000|  0%| F|  |TAMS 0x000000071c800000| PB 0x000000071c800000| Untracked 
| 192|0x000000071ca00000, 0x000000071ca00000, 0x000000071cc00000|  0%| F|  |TAMS 0x000000071ca00000| PB 0x000000071ca00000| Untracked 
| 193|0x000000071cc00000, 0x000000071cc00000, 0x000000071ce00000|  0%| F|  |TAMS 0x000000071cc00000| PB 0x000000071cc00000| Untracked 
| 194|0x000000071ce00000, 0x000000071ce00000, 0x000000071d000000|  0%| F|  |TAMS 0x000000071ce00000| PB 0x000000071ce00000| Untracked 
| 195|0x000000071d000000, 0x000000071d000000, 0x000000071d200000|  0%| F|  |TAMS 0x000000071d000000| PB 0x000000071d000000| Untracked 
| 196|0x000000071d200000, 0x000000071d200000, 0x000000071d400000|  0%| F|  |TAMS 0x000000071d200000| PB 0x000000071d200000| Untracked 
| 197|0x000000071d400000, 0x000000071d400000, 0x000000071d600000|  0%| F|  |TAMS 0x000000071d400000| PB 0x000000071d400000| Untracked 
| 198|0x000000071d600000, 0x000000071d600000, 0x000000071d800000|  0%| F|  |TAMS 0x000000071d600000| PB 0x000000071d600000| Untracked 
| 199|0x000000071d800000, 0x000000071d800000, 0x000000071da00000|  0%| F|  |TAMS 0x000000071d800000| PB 0x000000071d800000| Untracked 
| 200|0x000000071da00000, 0x000000071da00000, 0x000000071dc00000|  0%| F|  |TAMS 0x000000071da00000| PB 0x000000071da00000| Untracked 
| 201|0x000000071dc00000, 0x000000071dc00000, 0x000000071de00000|  0%| F|  |TAMS 0x000000071dc00000| PB 0x000000071dc00000| Untracked 
| 202|0x000000071de00000, 0x000000071de00000, 0x000000071e000000|  0%| F|  |TAMS 0x000000071de00000| PB 0x000000071de00000| Untracked 
| 203|0x000000071e000000, 0x000000071e000000, 0x000000071e200000|  0%| F|  |TAMS 0x000000071e000000| PB 0x000000071e000000| Untracked 
| 204|0x000000071e200000, 0x000000071e200000, 0x000000071e400000|  0%| F|  |TAMS 0x000000071e200000| PB 0x000000071e200000| Untracked 
| 205|0x000000071e400000, 0x000000071e400000, 0x000000071e600000|  0%| F|  |TAMS 0x000000071e400000| PB 0x000000071e400000| Untracked 
| 206|0x000000071e600000, 0x000000071e600000, 0x000000071e800000|  0%| F|  |TAMS 0x000000071e600000| PB 0x000000071e600000| Untracked 
| 207|0x000000071e800000, 0x000000071e800000, 0x000000071ea00000|  0%| F|  |TAMS 0x000000071e800000| PB 0x000000071e800000| Untracked 
| 208|0x000000071ea00000, 0x000000071ea00000, 0x000000071ec00000|  0%| F|  |TAMS 0x000000071ea00000| PB 0x000000071ea00000| Untracked 
| 209|0x000000071ec00000, 0x000000071ec00000, 0x000000071ee00000|  0%| F|  |TAMS 0x000000071ec00000| PB 0x000000071ec00000| Untracked 
| 210|0x000000071ee00000, 0x000000071ee00000, 0x000000071f000000|  0%| F|  |TAMS 0x000000071ee00000| PB 0x000000071ee00000| Untracked 
| 211|0x000000071f000000, 0x000000071f000000, 0x000000071f200000|  0%| F|  |TAMS 0x000000071f000000| PB 0x000000071f000000| Untracked 
| 212|0x000000071f200000, 0x000000071f200000, 0x000000071f400000|  0%| F|  |TAMS 0x000000071f200000| PB 0x000000071f200000| Untracked 
| 213|0x000000071f400000, 0x000000071f400000, 0x000000071f600000|  0%| F|  |TAMS 0x000000071f400000| PB 0x000000071f400000| Untracked 
| 214|0x000000071f600000, 0x000000071f600000, 0x000000071f800000|  0%| F|  |TAMS 0x000000071f600000| PB 0x000000071f600000| Untracked 
| 215|0x000000071f800000, 0x000000071f800000, 0x000000071fa00000|  0%| F|  |TAMS 0x000000071f800000| PB 0x000000071f800000| Untracked 
| 216|0x000000071fa00000, 0x000000071fa00000, 0x000000071fc00000|  0%| F|  |TAMS 0x000000071fa00000| PB 0x000000071fa00000| Untracked 
| 217|0x000000071fc00000, 0x000000071fc00000, 0x000000071fe00000|  0%| F|  |TAMS 0x000000071fc00000| PB 0x000000071fc00000| Untracked 
| 218|0x000000071fe00000, 0x000000071fe00000, 0x0000000720000000|  0%| F|  |TAMS 0x000000071fe00000| PB 0x000000071fe00000| Untracked 
| 219|0x0000000720000000, 0x0000000720000000, 0x0000000720200000|  0%| F|  |TAMS 0x0000000720000000| PB 0x0000000720000000| Untracked 
| 220|0x0000000720200000, 0x00000007203bd0c8, 0x0000000720400000| 86%| E|  |TAMS 0x0000000720200000| PB 0x0000000720200000| Complete 
| 221|0x0000000720400000, 0x0000000720600000, 0x0000000720600000|100%| E|CS|TAMS 0x0000000720400000| PB 0x0000000720400000| Complete 
| 222|0x0000000720600000, 0x0000000720800000, 0x0000000720800000|100%| E|CS|TAMS 0x0000000720600000| PB 0x0000000720600000| Complete 
| 223|0x0000000720800000, 0x00000007209da550, 0x0000000720a00000| 92%| S|CS|TAMS 0x0000000720800000| PB 0x0000000720800000| Complete 
| 224|0x0000000720a00000, 0x0000000720c00000, 0x0000000720c00000|100%| S|CS|TAMS 0x0000000720a00000| PB 0x0000000720a00000| Complete 
| 225|0x0000000720c00000, 0x0000000720e00000, 0x0000000720e00000|100%| S|CS|TAMS 0x0000000720c00000| PB 0x0000000720c00000| Complete 
| 226|0x0000000720e00000, 0x0000000721000000, 0x0000000721000000|100%| E|CS|TAMS 0x0000000720e00000| PB 0x0000000720e00000| Complete 
| 227|0x0000000721000000, 0x0000000721200000, 0x0000000721200000|100%| E|CS|TAMS 0x0000000721000000| PB 0x0000000721000000| Complete 
| 228|0x0000000721200000, 0x0000000721400000, 0x0000000721400000|100%| E|CS|TAMS 0x0000000721200000| PB 0x0000000721200000| Complete 
| 229|0x0000000721400000, 0x0000000721600000, 0x0000000721600000|100%| E|CS|TAMS 0x0000000721400000| PB 0x0000000721400000| Complete 
|2010|0x00000007ffe00000, 0x0000000800000000, 0x0000000800000000|100%| O|  |TAMS 0x00000007ffe00000| PB 0x00000007ffe00000| Untracked 

Card table byte_map: [0x0000014b5ca30000,0x0000014b5d210000] _byte_map_base: 0x0000014b5920b000

Marking Bits: (CMBitMap*) 0x0000014b42bf1510
 Bits: [0x0000014b5d210000, 0x0000014b610e8000)

Polling page: 0x0000014b42870000

Metaspace:

Usage:
  Non-class:     43.18 MB used.
      Class:      6.98 MB used.
       Both:     50.16 MB used.

Virtual space:
  Non-class space:       64.00 MB reserved,      43.44 MB ( 68%) committed,  1 nodes.
      Class space:        1.00 GB reserved,       7.19 MB ( <1%) committed,  1 nodes.
             Both:        1.06 GB reserved,      50.62 MB (  5%) committed. 

Chunk freelists:
   Non-Class:  3.95 MB
       Class:  8.73 MB
        Both:  12.68 MB

MaxMetaspaceSize: unlimited
CompressedClassSpaceSize: 1.00 GB
Initial GC threshold: 21.00 MB
Current GC threshold: 83.25 MB
CDS: on
 - commit_granule_bytes: 65536.
 - commit_granule_words: 8192.
 - virtual_space_node_default_size: 8388608.
 - enlarge_chunks_in_place: 1.
 - use_allocation_guard: 0.


Internal statistics:

num_allocs_failed_limit: 6.
num_arena_births: 592.
num_arena_deaths: 0.
num_vsnodes_births: 2.
num_vsnodes_deaths: 0.
num_space_committed: 810.
num_space_uncommitted: 0.
num_chunks_returned_to_freelist: 6.
num_chunks_taken_from_freelist: 2284.
num_chunk_merges: 6.
num_chunk_splits: 1662.
num_chunks_enlarged: 1323.
num_inconsistent_stats: 0.

CodeHeap 'non-profiled nmethods': size=120000Kb used=3164Kb max_used=3164Kb free=116836Kb
 bounds [0x0000014b54280000, 0x0000014b545a0000, 0x0000014b5b7b0000]
CodeHeap 'profiled nmethods': size=120000Kb used=11928Kb max_used=11928Kb free=108071Kb
 bounds [0x0000014b4c7b0000, 0x0000014b4d360000, 0x0000014b53ce0000]
CodeHeap 'non-nmethods': size=5760Kb used=2092Kb max_used=2133Kb free=3667Kb
 bounds [0x0000014b53ce0000, 0x0000014b53f50000, 0x0000014b54280000]
 total_blobs=7142 nmethods=6119 adapters=924
 compilation: enabled
              stopped_count=0, restarted_count=0
 full_count=0

Compilation events (20 events):
Event: 39.595 Thread 0x0000014b681798c0 nmethod 7099 0x0000014b4d352710 code [0x0000014b4d3529a0, 0x0000014b4d3535a8]
Event: 61.828 Thread 0x0000014b681798c0 7100       3       jdk.internal.loader.ClassLoaders::bootLoader (4 bytes)
Event: 61.828 Thread 0x0000014b681798c0 nmethod 7100 0x0000014b4c993510 code [0x0000014b4c9936a0, 0x0000014b4c993798]
Event: 87.002 Thread 0x0000014b68178a20 7101       4       com.sun.javafx.tk.quantum.QuantumToolkit::postPulse (133 bytes)
Event: 87.049 Thread 0x0000014b68178a20 nmethod 7101 0x0000014b54594a10 code [0x0000014b54594cc0, 0x0000014b54595ff8]
Event: 87.123 Thread 0x0000014b68178a20 7102       4       com.sun.javafx.tk.quantum.QuantumToolkit$$Lambda/0x0000014b0103d158::run (8 bytes)
Event: 87.124 Thread 0x0000014b68178a20 nmethod 7102 0x0000014b54596910 code [0x0000014b54596ac0, 0x0000014b54596bd0]
Event: 223.503 Thread 0x0000014b681798c0 7103       3       java.util.logging.LogManager$LogNode::<init> (15 bytes)
Event: 223.503 Thread 0x0000014b68178a20 7104       4       java.lang.ref.Reference::refersTo (6 bytes)
Event: 223.504 Thread 0x0000014b681798c0 nmethod 7103 0x0000014b4d353910 code [0x0000014b4d353ac0, 0x0000014b4d353cf0]
Event: 223.506 Thread 0x0000014b68178a20 nmethod 7104 0x0000014b54596d10 code [0x0000014b54596ea0, 0x0000014b54596f50]
Event: 223.509 Thread 0x0000014b681798c0 7105       3       java.util.logging.LogManager::checkPermission (16 bytes)
Event: 223.510 Thread 0x0000014b681798c0 nmethod 7105 0x0000014b4d353d90 code [0x0000014b4d353f40, 0x0000014b4d354130]
Event: 223.510 Thread 0x0000014b681798c0 7106   !   3       java.util.logging.LogManager$LoggerContext::findLogger (113 bytes)
Event: 223.514 Thread 0x0000014b681798c0 nmethod 7106 0x0000014b4d354210 code [0x0000014b4d3544c0, 0x0000014b4d3553f8]
Event: 223.514 Thread 0x0000014b681798c0 7107       3       java.util.logging.Logger::updateEffectiveLevel (126 bytes)
Event: 223.517 Thread 0x0000014b68178a20 7109       4       java.lang.Integer::stringSize (47 bytes)
Event: 223.517 Thread 0x0000014b681798c0 nmethod 7107 0x0000014b4d355990 code [0x0000014b4d355be0, 0x0000014b4d356710]
Event: 223.517 Thread 0x0000014b681798c0 7108       3       java.util.logging.Logger::getHandlers (5 bytes)
Event: 223.518 Thread 0x0000014b681798c0 nmethod 7108 0x0000014b4d356a90 code [0x0000014b4d356c40, 0x0000014b4d356e08]

GC Heap History (20 events):
Event: 4.559 GC heap before
{Heap before GC invocations=9 (full 0):
 garbage-first heap   total 153600K, used 75884K [0x0000000704a00000, 0x0000000800000000)
  region size 2048K, 7 young (14336K), 2 survivors (4096K)
 Metaspace       used 36870K, committed 37312K, reserved 1114112K
  class space    used 5040K, committed 5248K, reserved 1048576K
}
Event: 4.565 GC heap after
{Heap after GC invocations=10 (full 0):
 garbage-first heap   total 153600K, used 69571K [0x0000000704a00000, 0x0000000800000000)
  region size 2048K, 3 young (6144K), 3 survivors (6144K)
 Metaspace       used 36870K, committed 37312K, reserved 1114112K
  class space    used 5040K, committed 5248K, reserved 1048576K
}
Event: 5.149 GC heap before
{Heap before GC invocations=10 (full 0):
 garbage-first heap   total 153600K, used 116675K [0x0000000704a00000, 0x0000000800000000)
  region size 2048K, 17 young (34816K), 3 survivors (6144K)
 Metaspace       used 41763K, committed 42176K, reserved 1114112K
  class space    used 5998K, committed 6208K, reserved 1048576K
}
Event: 5.155 GC heap after
{Heap after GC invocations=11 (full 0):
 garbage-first heap   total 153600K, used 92108K [0x0000000704a00000, 0x0000000800000000)
  region size 2048K, 3 young (6144K), 3 survivors (6144K)
 Metaspace       used 41763K, committed 42176K, reserved 1114112K
  class space    used 5998K, committed 6208K, reserved 1048576K
}
Event: 10.459 GC heap before
{Heap before GC invocations=12 (full 0):
 garbage-first heap   total 180224K, used 176076K [0x0000000704a00000, 0x0000000800000000)
  region size 2048K, 9 young (18432K), 3 survivors (6144K)
 Metaspace       used 42754K, committed 43264K, reserved 1114112K
  class space    used 6090K, committed 6336K, reserved 1048576K
}
Event: 10.464 GC heap after
{Heap after GC invocations=13 (full 0):
 garbage-first heap   total 186368K, used 164262K [0x0000000704a00000, 0x0000000800000000)
  region size 2048K, 2 young (4096K), 2 survivors (4096K)
 Metaspace       used 42754K, committed 43264K, reserved 1114112K
  class space    used 6090K, committed 6336K, reserved 1048576K
}
Event: 10.518 GC heap before
{Heap before GC invocations=13 (full 0):
 garbage-first heap   total 186368K, used 168358K [0x0000000704a00000, 0x0000000800000000)
  region size 2048K, 4 young (8192K), 2 survivors (4096K)
 Metaspace       used 43599K, committed 44096K, reserved 1114112K
  class space    used 6160K, committed 6400K, reserved 1048576K
}
Event: 10.522 GC heap after
{Heap after GC invocations=14 (full 0):
 garbage-first heap   total 186368K, used 164023K [0x0000000704a00000, 0x0000000800000000)
  region size 2048K, 1 young (2048K), 1 survivors (2048K)
 Metaspace       used 43599K, committed 44096K, reserved 1114112K
  class space    used 6160K, committed 6400K, reserved 1048576K
}
Event: 10.616 GC heap before
{Heap before GC invocations=14 (full 0):
 garbage-first heap   total 186368K, used 168119K [0x0000000704a00000, 0x0000000800000000)
  region size 2048K, 4 young (8192K), 1 survivors (2048K)
 Metaspace       used 45136K, committed 45568K, reserved 1114112K
  class space    used 6328K, committed 6528K, reserved 1048576K
}
Event: 10.619 GC heap after
{Heap after GC invocations=15 (full 0):
 garbage-first heap   total 288768K, used 164344K [0x0000000704a00000, 0x0000000800000000)
  region size 2048K, 1 young (2048K), 1 survivors (2048K)
 Metaspace       used 45136K, committed 45568K, reserved 1114112K
  class space    used 6328K, committed 6528K, reserved 1048576K
}
Event: 13.905 GC heap before
{Heap before GC invocations=16 (full 0):
 garbage-first heap   total 288768K, used 188920K [0x0000000704a00000, 0x0000000800000000)
  region size 2048K, 15 young (30720K), 1 survivors (2048K)
 Metaspace       used 49497K, committed 49984K, reserved 1114112K
  class space    used 7009K, committed 7232K, reserved 1048576K
}
Event: 13.910 GC heap after
{Heap after GC invocations=17 (full 0):
 garbage-first heap   total 288768K, used 166975K [0x0000000704a00000, 0x0000000800000000)
  region size 2048K, 2 young (4096K), 2 survivors (4096K)
 Metaspace       used 49497K, committed 49984K, reserved 1114112K
  class space    used 7009K, committed 7232K, reserved 1048576K
}
Event: 32.119 GC heap before
{Heap before GC invocations=18 (full 0):
 garbage-first heap   total 290816K, used 183359K [0x0000000704a00000, 0x0000000800000000)
  region size 2048K, 9 young (18432K), 2 survivors (4096K)
 Metaspace       used 50673K, committed 51136K, reserved 1114112K
  class space    used 7072K, committed 7296K, reserved 1048576K
}
Event: 32.124 GC heap after
{Heap after GC invocations=19 (full 0):
 garbage-first heap   total 290816K, used 173223K [0x0000000704a00000, 0x0000000800000000)
  region size 2048K, 3 young (6144K), 3 survivors (6144K)
 Metaspace       used 50673K, committed 51136K, reserved 1114112K
  class space    used 7072K, committed 7296K, reserved 1048576K
}
Event: 32.150 GC heap before
{Heap before GC invocations=20 (full 0):
 garbage-first heap   total 301056K, used 177319K [0x0000000704a00000, 0x0000000800000000)
  region size 2048K, 4 young (8192K), 3 survivors (6144K)
 Metaspace       used 50683K, committed 51200K, reserved 1114112K
  class space    used 7073K, committed 7296K, reserved 1048576K
}
Event: 32.155 GC heap after
{Heap after GC invocations=21 (full 0):
 garbage-first heap   total 301056K, used 177186K [0x0000000704a00000, 0x0000000800000000)
  region size 2048K, 3 young (6144K), 3 survivors (6144K)
 Metaspace       used 50683K, committed 51200K, reserved 1114112K
  class space    used 7073K, committed 7296K, reserved 1048576K
}
Event: 32.208 GC heap before
{Heap before GC invocations=22 (full 0):
 garbage-first heap   total 331776K, used 195618K [0x0000000704a00000, 0x0000000800000000)
  region size 2048K, 4 young (8192K), 3 survivors (6144K)
 Metaspace       used 50683K, committed 51200K, reserved 1114112K
  class space    used 7073K, committed 7296K, reserved 1048576K
}
Event: 32.213 GC heap after
{Heap after GC invocations=23 (full 0):
 garbage-first heap   total 473088K, used 195839K [0x0000000704a00000, 0x0000000800000000)
  region size 2048K, 3 young (6144K), 3 survivors (6144K)
 Metaspace       used 50683K, committed 51200K, reserved 1114112K
  class space    used 7073K, committed 7296K, reserved 1048576K
}
Event: 38.059 GC heap before
{Heap before GC invocations=23 (full 0):
 garbage-first heap   total 473088K, used 269567K [0x0000000704a00000, 0x0000000800000000)
  region size 2048K, 7 young (14336K), 3 survivors (6144K)
 Metaspace       used 50887K, committed 51392K, reserved 1114112K
  class space    used 7081K, committed 7296K, reserved 1048576K
}
Event: 38.065 GC heap after
{Heap after GC invocations=24 (full 0):
 garbage-first heap   total 473088K, used 173256K [0x0000000704a00000, 0x0000000800000000)
  region size 2048K, 3 young (6144K), 3 survivors (6144K)
 Metaspace       used 50887K, committed 51392K, reserved 1114112K
  class space    used 7081K, committed 7296K, reserved 1048576K
}

Dll operation events (20 events):
Event: 0.728 Loaded shared library C:\Users\yasas\.openjfx\cache\21.0.6+3\amd64\api-ms-win-crt-multibyte-l1-1-0.dll
Event: 0.732 Loaded shared library C:\Users\yasas\.openjfx\cache\21.0.6+3\amd64\api-ms-win-crt-private-l1-1-0.dll
Event: 0.737 Loaded shared library C:\Users\yasas\.openjfx\cache\21.0.6+3\amd64\api-ms-win-crt-process-l1-1-0.dll
Event: 0.742 Loaded shared library C:\Users\yasas\.openjfx\cache\21.0.6+3\amd64\api-ms-win-crt-runtime-l1-1-0.dll
Event: 0.746 Loaded shared library C:\Users\yasas\.openjfx\cache\21.0.6+3\amd64\api-ms-win-crt-stdio-l1-1-0.dll
Event: 0.751 Loaded shared library C:\Users\yasas\.openjfx\cache\21.0.6+3\amd64\api-ms-win-crt-string-l1-1-0.dll
Event: 0.754 Loaded shared library C:\Users\yasas\.openjfx\cache\21.0.6+3\amd64\api-ms-win-crt-time-l1-1-0.dll
Event: 0.758 Loaded shared library C:\Users\yasas\.openjfx\cache\21.0.6+3\amd64\api-ms-win-crt-utility-l1-1-0.dll
Event: 0.777 Loaded shared library C:\Users\yasas\.openjfx\cache\21.0.6+3\amd64\ucrtbase.dll
Event: 0.782 Loaded shared library C:\Users\yasas\.openjfx\cache\21.0.6+3\amd64\vcruntime140.dll
Event: 0.786 Loaded shared library C:\Users\yasas\.openjfx\cache\21.0.6+3\amd64\vcruntime140_1.dll
Event: 0.799 Loaded shared library C:\Users\yasas\.openjfx\cache\21.0.6+3\amd64\msvcp140.dll
Event: 0.803 Loaded shared library C:\Users\yasas\.openjfx\cache\21.0.6+3\amd64\msvcp140_1.dll
Event: 0.811 Loaded shared library C:\Users\yasas\.openjfx\cache\21.0.6+3\amd64\msvcp140_2.dll
Event: 0.866 Loaded shared library C:\Users\yasas\.openjfx\cache\21.0.6+3\amd64\prism_d3d.dll
Event: 1.009 Loaded shared library C:\Users\yasas\.openjfx\cache\21.0.6+3\amd64\glass.dll
Event: 1.155 Loaded shared library C:\Program Files\Java\jdk-21\bin\jimage.dll
Event: 1.358 Loaded shared library C:\Program Files\Java\jdk-21\bin\verify.dll
Event: 2.046 Loaded shared library C:\Program Files\Java\jdk-21\bin\sunmscapi.dll
Event: 4.384 Loaded shared library C:\Users\yasas\.openjfx\cache\21.0.6+3\amd64\javafx_font.dll

Deoptimization events (20 events):
Event: 38.085 Thread 0x0000014b68291300 Uncommon trap: trap_request=0xffffffd6 fr.pc=0x0000014b544bf740 relative=0x00000000000065e0
Event: 38.085 Thread 0x0000014b68291300 Uncommon trap: reason=array_check action=maybe_recompile pc=0x0000014b544bf740 method=org.antlr.v4.runtime.misc.Array2DHashSet.getOrAddImpl(Ljava/lang/Object;)Ljava/lang/Object; @ 36 c2
Event: 38.085 Thread 0x0000014b68291300 DEOPT PACKING pc=0x0000014b544bf740 sp=0x0000003042df9750
Event: 38.085 Thread 0x0000014b68291300 DEOPT UNPACKING pc=0x0000014b53d346a2 sp=0x0000003042df93c0 mode 2
Event: 38.211 Thread 0x0000014b68291300 Uncommon trap: trap_request=0xffffff45 fr.pc=0x0000014b5431d56c relative=0x00000000000000cc
Event: 38.211 Thread 0x0000014b68291300 Uncommon trap: reason=unstable_if action=reinterpret pc=0x0000014b5431d56c method=javafx.scene.Parent.setChildDirty(Ljavafx/scene/Node;Z)V @ 22 c2
Event: 38.211 Thread 0x0000014b68291300 DEOPT PACKING pc=0x0000014b5431d56c sp=0x0000003042df9c10
Event: 38.211 Thread 0x0000014b68291300 DEOPT UNPACKING pc=0x0000014b53d346a2 sp=0x0000003042df9b98 mode 2
Event: 38.214 Thread 0x0000014b68291300 Uncommon trap: trap_request=0xffffff45 fr.pc=0x0000014b544df408 relative=0x00000000000004a8
Event: 38.214 Thread 0x0000014b68291300 Uncommon trap: reason=unstable_if action=reinterpret pc=0x0000014b544df408 method=javafx.scene.Node.notifyParentOfBoundsChange()V @ 18 c2
Event: 38.214 Thread 0x0000014b68291300 DEOPT PACKING pc=0x0000014b544df408 sp=0x0000003042df9d50
Event: 38.214 Thread 0x0000014b68291300 DEOPT UNPACKING pc=0x0000014b53d346a2 sp=0x0000003042df9b60 mode 2
Event: 38.214 Thread 0x0000014b68291300 Uncommon trap: trap_request=0xffffff45 fr.pc=0x0000014b544e0438 relative=0x00000000000004b8
Event: 38.214 Thread 0x0000014b68291300 Uncommon trap: reason=unstable_if action=reinterpret pc=0x0000014b544e0438 method=javafx.scene.Node.notifyParentOfBoundsChange()V @ 18 c2
Event: 38.214 Thread 0x0000014b68291300 DEOPT PACKING pc=0x0000014b544e0438 sp=0x0000003042df9ca0
Event: 38.214 Thread 0x0000014b68291300 DEOPT UNPACKING pc=0x0000014b53d346a2 sp=0x0000003042df9b80 mode 2
Event: 223.509 Thread 0x0000014b71d7b700 Uncommon trap: trap_request=0xffffffcc fr.pc=0x0000014b54584710 relative=0x0000000000000350
Event: 223.509 Thread 0x0000014b71d7b700 Uncommon trap: reason=intrinsic_or_type_checked_inlining action=make_not_entrant pc=0x0000014b54584710 method=java.util.Arrays.copyOf([Ljava/lang/Object;ILjava/lang/Class;)[Ljava/lang/Object; @ 35 c2
Event: 223.509 Thread 0x0000014b71d7b700 DEOPT PACKING pc=0x0000014b54584710 sp=0x0000003040cfed00
Event: 223.509 Thread 0x0000014b71d7b700 DEOPT UNPACKING pc=0x0000014b53d346a2 sp=0x0000003040cfeca8 mode 2

Classes loaded (20 events):
Event: 20.458 Loading class java/time/format/DateTimeFormatterBuilder$LocalizedPrinterParser
Event: 20.458 Loading class java/time/format/DateTimeFormatterBuilder$LocalizedPrinterParser done
Event: 28.854 Loading class java/text/BreakIterator
Event: 28.854 Loading class java/text/BreakIterator done
Event: 28.854 Loading class sun/util/locale/provider/BreakIteratorProviderImpl
Event: 28.854 Loading class sun/util/locale/provider/BreakIteratorProviderImpl done
Event: 28.854 Loading class sun/util/locale/provider/BaseLocaleDataMetaInfo
Event: 28.855 Loading class sun/util/locale/provider/BaseLocaleDataMetaInfo done
Event: 28.855 Loading class sun/util/locale/provider/BreakIteratorProviderImpl$GraphemeBreakIterator
Event: 28.855 Loading class sun/util/locale/provider/BreakIteratorProviderImpl$GraphemeBreakIterator done
Event: 28.856 Loading class java/text/StringCharacterIterator
Event: 28.856 Loading class java/text/StringCharacterIterator done
Event: 28.856 Loading class sun/util/locale/provider/BreakIteratorProviderImpl$CharacterIteratorCharSequence
Event: 28.856 Loading class sun/util/locale/provider/BreakIteratorProviderImpl$CharacterIteratorCharSequence done
Event: 28.856 Loading class java/text/BreakIterator$BreakIteratorCache
Event: 28.856 Loading class java/text/BreakIterator$BreakIteratorCache done
Event: 28.856 Loading class jdk/internal/util/regex/Grapheme
Event: 28.856 Loading class jdk/internal/util/regex/Grapheme done
Event: 223.502 Loading class jdk/internal/misc/Signal$1
Event: 223.502 Loading class jdk/internal/misc/Signal$1 done

Classes unloaded (0 events):
No events

Classes redefined (0 events):
No events

Internal exceptions (20 events):
Event: 5.025 Thread 0x0000014b68291300 Exception <a 'java/lang/NoSuchMethodError'{0x000000070c2a0120}: 'java.lang.Object java.lang.invoke.Invokers$Holder.linkToTargetMethod(java.lang.Object, long, java.lang.Object)'> (0x000000070c2a0120) 
thrown [s\open\src\hotspot\share\interpreter\linkResolver.cpp, line 773]
Event: 10.779 Thread 0x0000014b68291300 Exception <a 'java/lang/NoSuchMethodError'{0x00000007154500f0}: 'int java.lang.invoke.DirectMethodHandle$Holder.invokeStatic(java.lang.Object)'> (0x00000007154500f0) 
thrown [s\open\src\hotspot\share\interpreter\linkResolver.cpp, line 773]
Event: 10.883 Thread 0x0000014b68291300 Exception <a 'java/lang/NoSuchMethodError'{0x0000000715014628}: 'void java.lang.invoke.DirectMethodHandle$Holder.invokeInterface(java.lang.Object, java.lang.Object, java.lang.Object)'> (0x0000000715014628) 
thrown [s\open\src\hotspot\share\interpreter\linkResolver.cpp, line 773]
Event: 10.901 Thread 0x0000014b68291300 Exception <a 'java/lang/NoSuchMethodError'{0x0000000715093be8}: 'void java.lang.invoke.DirectMethodHandle$Holder.invokeStaticInit(java.lang.Object, java.lang.Object, java.lang.Object, java.lang.Object, java.lang.Object)'> (0x0000000715093be8) 
thrown [s\open\src\hotspot\share\interpreter\linkResolver.cpp, line 773]
Event: 10.920 Thread 0x0000014b68291300 Exception <a 'java/lang/NoSuchMethodError'{0x000000071511a918}: 'void java.lang.invoke.DirectMethodHandle$Holder.invokeInterface(java.lang.Object, java.lang.Object, java.lang.Object, java.lang.Object)'> (0x000000071511a918) 
thrown [s\open\src\hotspot\share\interpreter\linkResolver.cpp, line 773]
Event: 10.921 Thread 0x0000014b68291300 Exception <a 'java/lang/IncompatibleClassChangeError'{0x000000071511e2e0}: Found class java.lang.Object, but interface was expected> (0x000000071511e2e0) 
thrown [s\open\src\hotspot\share\interpreter\linkResolver.cpp, line 840]
Event: 10.973 Thread 0x0000014b68291300 Exception <a 'java/io/FileNotFoundException'{0x0000000714e96cb8}> (0x0000000714e96cb8) 
thrown [s\open\src\hotspot\share\prims\jni.cpp, line 520]
Event: 10.981 Thread 0x0000014b68291300 Exception <a 'java/lang/ClassNotFoundException'{0x0000000714ed20b8}: com/sun/javafx/scene/control/skin/resources/controls-nt> (0x0000000714ed20b8) 
thrown [s\open\src\hotspot\share\prims\jni.cpp, line 539]
Event: 10.982 Thread 0x0000014b68291300 Exception <a 'java/lang/ClassNotFoundException'{0x0000000714eda9f8}: com/sun/javafx/scene/control/skin/resources/controls-nt_en> (0x0000000714eda9f8) 
thrown [s\open\src\hotspot\share\prims\jni.cpp, line 539]
Event: 10.982 Thread 0x0000014b68291300 Exception <a 'java/lang/ClassNotFoundException'{0x0000000714edc8c8}: com/sun/javafx/scene/control/skin/resources/controls-nt_en_US> (0x0000000714edc8c8) 
thrown [s\open\src\hotspot\share\prims\jni.cpp, line 539]
Event: 10.983 Thread 0x0000014b68291300 Exception <a 'java/io/FileNotFoundException'{0x0000000714ee3d98}> (0x0000000714ee3d98) 
thrown [s\open\src\hotspot\share\prims\jni.cpp, line 520]
Event: 13.983 Thread 0x0000014b68291300 Exception <a 'java/io/FileNotFoundException'{0x00000007163137a8}> (0x00000007163137a8) 
thrown [s\open\src\hotspot\share\prims\jni.cpp, line 520]
Event: 13.985 Thread 0x0000014b68291300 Exception <a 'java/io/FileNotFoundException'{0x000000071632ca88}> (0x000000071632ca88) 
thrown [s\open\src\hotspot\share\prims\jni.cpp, line 520]
Event: 13.997 Thread 0x0000014b68291300 Exception <a 'java/lang/ClassCastException'{0x00000007163a2d38}: class java.lang.String cannot be cast to class javafx.scene.paint.Paint (java.lang.String is in module java.base of loader 'bootstrap'; javafx.scene.paint.Paint is in module javafx.graphics@21.0.6 of loader 'app')> (0x00000007163a2d38) 
thrown [s\open\src\hotspot\share\interpreter\interpreterRuntime.cpp, line 455]
Event: 14.066 Thread 0x0000014b6828ff50 Exception <a 'java/lang/NoSuchMethodError'{0x0000000715c48388}: 'java.lang.Object java.lang.invoke.DirectMethodHandle$Holder.invokeStaticInit(java.lang.Object, int)'> (0x0000000715c48388) 
thrown [s\open\src\hotspot\share\interpreter\linkResolver.cpp, line 773]
Event: 15.681 Thread 0x0000014b68291300 Exception <a 'java/lang/NoSuchMethodError'{0x0000000715d5c2a8}: 'java.lang.Object java.lang.invoke.DirectMethodHandle$Holder.newInvokeSpecial(java.lang.Object, java.lang.Object, int, int, int, int, int, java.lang.Object)'> (0x0000000715d5c2a8) 
thrown [s\open\src\hotspot\share\interpreter\linkResolver.cpp, line 773]
Event: 15.682 Thread 0x0000014b68291300 Exception <a 'java/lang/NoSuchMethodError'{0x0000000715d6e468}: 'java.lang.Object java.lang.invoke.DirectMethodHandle$Holder.newInvokeSpecial(java.lang.Object, java.lang.Object, java.lang.Object, int, int, int, int, int)'> (0x0000000715d6e468) 
thrown [s\open\src\hotspot\share\interpreter\linkResolver.cpp, line 773]
Event: 15.683 Thread 0x0000014b68291300 Exception <a 'java/lang/NoSuchMethodError'{0x0000000715d75d28}: 'java.lang.Object java.lang.invoke.Invokers$Holder.linkToTargetMethod(java.lang.Object, java.lang.Object, int, int, int, int, int, java.lang.Object)'> (0x0000000715d75d28) 
thrown [s\open\src\hotspot\share\interpreter\linkResolver.cpp, line 773]
Event: 32.400 Thread 0x0000014b68291300 Exception <a 'java/lang/ClassCastException'{0x0000000721572540}: class java.lang.String cannot be cast to class javafx.scene.paint.Paint (java.lang.String is in module java.base of loader 'bootstrap'; javafx.scene.paint.Paint is in module javafx.graphics@21.0.6 of loader 'app')> (0x0000000721572540) 
thrown [s\open\src\hotspot\share\interpreter\interpreterRuntime.cpp, line 455]
Event: 38.166 Thread 0x0000014b68291300 Exception <a 'java/lang/ClassCastException'{0x00000007213af260}: class java.lang.String cannot be cast to class javafx.scene.paint.Paint (java.lang.String is in module java.base of loader 'bootstrap'; javafx.scene.paint.Paint is in module javafx.graphics@21.0.6 of loader 'app')> (0x00000007213af260) 
thrown [s\open\src\hotspot\share\interpreter\interpreterRuntime.cpp, line 455]

ZGC Phase Switch (0 events):
No events

VM Operations (20 events):
Event: 33.214 Executing VM operation: Cleanup done
Event: 34.215 Executing VM operation: Cleanup
Event: 34.215 Executing VM operation: Cleanup done
Event: 35.215 Executing VM operation: Cleanup
Event: 35.215 Executing VM operation: Cleanup done
Event: 36.216 Executing VM operation: Cleanup
Event: 36.216 Executing VM operation: Cleanup done
Event: 37.216 Executing VM operation: Cleanup
Event: 37.216 Executing VM operation: Cleanup done
Event: 38.059 Executing VM operation: G1TryInitiateConcMark (G1 Humongous Allocation)
Event: 38.065 Executing VM operation: G1TryInitiateConcMark (G1 Humongous Allocation) done
Event: 38.181 Executing VM operation: HandshakeAllThreads (Deoptimize)
Event: 38.181 Executing VM operation: HandshakeAllThreads (Deoptimize) done
Event: 39.182 Executing VM operation: Cleanup
Event: 39.182 Executing VM operation: Cleanup done
Event: 60.147 Executing VM operation: HandshakeAllThreads (HandshakeForDeflation)
Event: 60.147 Executing VM operation: HandshakeAllThreads (HandshakeForDeflation) done
Event: 60.147 Executing VM operation: RendezvousGCThreads
Event: 60.147 Executing VM operation: RendezvousGCThreads done
Event: 223.522 Executing VM operation: Exit

Events (20 events):
Event: 32.170 Thread 0x0000014b63570060 flushing nmethod 0x0000014b4cdeb010
Event: 32.170 Thread 0x0000014b63570060 flushing nmethod 0x0000014b4ce18510
Event: 32.170 Thread 0x0000014b63570060 flushing nmethod 0x0000014b4ce1e910
Event: 32.170 Thread 0x0000014b63570060 flushing nmethod 0x0000014b4ce5de90
Event: 32.170 Thread 0x0000014b63570060 flushing nmethod 0x0000014b4ce5e590
Event: 32.170 Thread 0x0000014b63570060 flushing nmethod 0x0000014b4ce5ef10
Event: 32.170 Thread 0x0000014b63570060 flushing nmethod 0x0000014b4ce5fb10
Event: 32.170 Thread 0x0000014b63570060 flushing nmethod 0x0000014b4d0a1390
Event: 32.170 Thread 0x0000014b63570060 flushing nmethod 0x0000014b4d0a1d10
Event: 32.170 Thread 0x0000014b63570060 flushing nmethod 0x0000014b4d0b6310
Event: 32.170 Thread 0x0000014b63570060 flushing nmethod 0x0000014b4d1bc790
Event: 32.414 Thread 0x0000014b733c9860 Thread added: 0x0000014b733c9860
Event: 32.955 Thread 0x0000014b733c9860 Thread exited: 0x0000014b733c9860
Event: 38.032 Thread 0x0000014b733c9860 Thread added: 0x0000014b733c9860
Event: 39.595 Thread 0x0000014b733c9860 Thread exited: 0x0000014b733c9860
Event: 223.502 Thread 0x0000014b71d7eb80 Thread added: 0x0000014b71d7eb80
Event: 223.505 Thread 0x0000014b71d7b700 Thread added: 0x0000014b71d7b700
Event: 223.506 Thread 0x0000014b71d7d140 Thread added: 0x0000014b71d7d140
Event: 223.510 Thread 0x0000014b71d7b700 Thread exited: 0x0000014b71d7b700
Event: 223.522 Thread 0x0000014b71d7d140 Thread exited: 0x0000014b71d7d140


Dynamic libraries:
0x00007ff618550000 - 0x00007ff618560000 	C:\Program Files\Java\jdk-21\bin\java.exe
0x00007ff9b98e0000 - 0x00007ff9b9b49000 	C:\WINDOWS\SYSTEM32\ntdll.dll
0x00007ff9b8020000 - 0x00007ff9b80e9000 	C:\WINDOWS\System32\KERNEL32.DLL
0x00007ff9b71f0000 - 0x00007ff9b75e3000 	C:\WINDOWS\System32\KERNELBASE.dll
0x00007ff9b6b10000 - 0x00007ff9b6c5b000 	C:\WINDOWS\System32\ucrtbase.dll
0x00007ff9b3180000 - 0x00007ff9b319b000 	C:\Program Files\Java\jdk-21\bin\VCRUNTIME140.dll
0x00007ff9b3160000 - 0x00007ff9b3179000 	C:\Program Files\Java\jdk-21\bin\jli.dll
0x00007ff9b8920000 - 0x00007ff9b89d4000 	C:\WINDOWS\System32\ADVAPI32.dll
0x00007ff9b76b0000 - 0x00007ff9b7759000 	C:\WINDOWS\System32\msvcrt.dll
0x00007ff9b78c0000 - 0x00007ff9b7966000 	C:\WINDOWS\System32\sechost.dll
0x00007ff9b9690000 - 0x00007ff9b97a8000 	C:\WINDOWS\System32\RPCRT4.dll
0x00007ff9b8650000 - 0x00007ff9b8814000 	C:\WINDOWS\System32\USER32.dll
0x00007ff9b7050000 - 0x00007ff9b7077000 	C:\WINDOWS\System32\win32u.dll
0x00007ff9b7970000 - 0x00007ff9b799b000 	C:\WINDOWS\System32\GDI32.dll
0x00007ff9b6de0000 - 0x00007ff9b6f0d000 	C:\WINDOWS\System32\gdi32full.dll
0x00007ff997430000 - 0x00007ff9976c3000 	C:\WINDOWS\WinSxS\amd64_microsoft.windows.common-controls_6595b64144ccf1df_6.0.26100.5074_none_3e0d6f78e32fd63f\COMCTL32.dll
0x00007ff9b6f10000 - 0x00007ff9b6fb3000 	C:\WINDOWS\System32\msvcp_win.dll
0x00007ff9ada50000 - 0x00007ff9ada5b000 	C:\WINDOWS\SYSTEM32\VERSION.dll
0x00007ff9b8610000 - 0x00007ff9b863f000 	C:\WINDOWS\System32\IMM32.DLL
0x00007ff98e050000 - 0x00007ff98e142000 	C:\Program Files\Windhawk\Engine\1.6.1\64\windhawk.dll
0x00007ff9b1450000 - 0x00007ff9b145c000 	C:\Program Files\Java\jdk-21\bin\vcruntime140_1.dll
0x00007ff9b1250000 - 0x00007ff9b12de000 	C:\Program Files\Java\jdk-21\bin\msvcp140.dll
0x00007ff93a7a0000 - 0x00007ff93b4ba000 	C:\Program Files\Java\jdk-21\bin\server\jvm.dll
0x00007ff9b8590000 - 0x00007ff9b8604000 	C:\WINDOWS\System32\WS2_32.dll
0x00007ff9b62f0000 - 0x00007ff9b634e000 	C:\WINDOWS\SYSTEM32\POWRPROF.dll
0x00007ff9ada10000 - 0x00007ff9ada45000 	C:\WINDOWS\SYSTEM32\WINMM.dll
0x00007ff9b62d0000 - 0x00007ff9b62e4000 	C:\WINDOWS\SYSTEM32\UMPDC.dll
0x00007ff9b5810000 - 0x00007ff9b582b000 	C:\WINDOWS\SYSTEM32\kernel.appcore.dll
0x00007ff9b1240000 - 0x00007ff9b124a000 	C:\Program Files\Java\jdk-21\bin\jimage.dll
0x00007ff9b4110000 - 0x00007ff9b4352000 	C:\WINDOWS\SYSTEM32\DBGHELP.DLL
0x00007ff9b92c0000 - 0x00007ff9b963b000 	C:\WINDOWS\System32\combase.dll
0x00007ff9b8a00000 - 0x00007ff9b8ad7000 	C:\WINDOWS\System32\OLEAUT32.dll
0x00007ff994150000 - 0x00007ff99418d000 	C:\WINDOWS\SYSTEM32\dbgcore.DLL
0x00007ff9b6a70000 - 0x00007ff9b6b09000 	C:\WINDOWS\System32\bcryptPrimitives.dll
0x00007ff9b11f0000 - 0x00007ff9b11ff000 	C:\Program Files\Java\jdk-21\bin\instrument.dll
0x00007ff9b1220000 - 0x00007ff9b123f000 	C:\Program Files\Java\jdk-21\bin\java.dll
0x00007ff9b8b70000 - 0x00007ff9b92bd000 	C:\WINDOWS\System32\SHELL32.dll
0x0000014b68000000 - 0x0000014b6816c000 	C:\WINDOWS\System32\wintypes.dll
0x00007ff9b4690000 - 0x00007ff9b4ee9000 	C:\WINDOWS\SYSTEM32\windows.storage.dll
0x00007ff9b7760000 - 0x00007ff9b7850000 	C:\WINDOWS\System32\SHCORE.dll
0x00007ff9b7dd0000 - 0x00007ff9b7e32000 	C:\WINDOWS\System32\shlwapi.dll
0x00007ff9b6990000 - 0x00007ff9b69b9000 	C:\WINDOWS\SYSTEM32\profapi.dll
0x00007ff99d8c0000 - 0x00007ff99d997000 	C:\Program Files\Java\jdk-21\bin\jsvml.dll
0x00007ff9b1200000 - 0x00007ff9b1210000 	C:\Program Files\Java\jdk-21\bin\net.dll
0x00007ff9aebb0000 - 0x00007ff9aeccf000 	C:\WINDOWS\SYSTEM32\WINHTTP.dll
0x00007ff9b5d70000 - 0x00007ff9b5ddb000 	C:\WINDOWS\system32\mswsock.dll
0x00007ff9b1190000 - 0x00007ff9b11a6000 	C:\Program Files\Java\jdk-21\bin\nio.dll
0x00007ff9ae8e0000 - 0x00007ff9ae8f8000 	C:\Program Files\Java\jdk-21\bin\zip.dll
0x0000014b63f30000 - 0x0000014b63f33000 	C:\Users\yasas\.openjfx\cache\21.0.6+3\amd64\api-ms-win-core-console-l1-1-0.dll
0x0000014b63f40000 - 0x0000014b63f43000 	C:\Users\yasas\.openjfx\cache\21.0.6+3\amd64\api-ms-win-core-console-l1-2-0.dll
0x0000014b63f50000 - 0x0000014b63f53000 	C:\Users\yasas\.openjfx\cache\21.0.6+3\amd64\api-ms-win-core-datetime-l1-1-0.dll
0x0000014b63f60000 - 0x0000014b63f63000 	C:\Users\yasas\.openjfx\cache\21.0.6+3\amd64\api-ms-win-core-debug-l1-1-0.dll
0x0000014b63f70000 - 0x0000014b63f73000 	C:\Users\yasas\.openjfx\cache\21.0.6+3\amd64\api-ms-win-core-errorhandling-l1-1-0.dll
0x0000014b63f80000 - 0x0000014b63f84000 	C:\Users\yasas\.openjfx\cache\21.0.6+3\amd64\api-ms-win-core-file-l1-1-0.dll
0x0000014b63f90000 - 0x0000014b63f93000 	C:\Users\yasas\.openjfx\cache\21.0.6+3\amd64\api-ms-win-core-file-l1-2-0.dll
0x0000014b63fa0000 - 0x0000014b63fa3000 	C:\Users\yasas\.openjfx\cache\21.0.6+3\amd64\api-ms-win-core-file-l2-1-0.dll
0x0000014b63fb0000 - 0x0000014b63fb3000 	C:\Users\yasas\.openjfx\cache\21.0.6+3\amd64\api-ms-win-core-handle-l1-1-0.dll
0x0000014b63fc0000 - 0x0000014b63fc3000 	C:\Users\yasas\.openjfx\cache\21.0.6+3\amd64\api-ms-win-core-heap-l1-1-0.dll
0x0000014b63fd0000 - 0x0000014b63fd3000 	C:\Users\yasas\.openjfx\cache\21.0.6+3\amd64\api-ms-win-core-interlocked-l1-1-0.dll
0x0000014b63fe0000 - 0x0000014b63fe3000 	C:\Users\yasas\.openjfx\cache\21.0.6+3\amd64\api-ms-win-core-libraryloader-l1-1-0.dll
0x0000014b63ff0000 - 0x0000014b63ff3000 	C:\Users\yasas\.openjfx\cache\21.0.6+3\amd64\api-ms-win-core-localization-l1-2-0.dll
0x0000014b69d40000 - 0x0000014b69d43000 	C:\Users\yasas\.openjfx\cache\21.0.6+3\amd64\api-ms-win-core-memory-l1-1-0.dll
0x0000014b69d50000 - 0x0000014b69d53000 	C:\Users\yasas\.openjfx\cache\21.0.6+3\amd64\api-ms-win-core-namedpipe-l1-1-0.dll
0x0000014b69d60000 - 0x0000014b69d63000 	C:\Users\yasas\.openjfx\cache\21.0.6+3\amd64\api-ms-win-core-processenvironment-l1-1-0.dll
0x0000014b69d70000 - 0x0000014b69d73000 	C:\Users\yasas\.openjfx\cache\21.0.6+3\amd64\api-ms-win-core-processthreads-l1-1-0.dll
0x0000014b69d80000 - 0x0000014b69d83000 	C:\Users\yasas\.openjfx\cache\21.0.6+3\amd64\api-ms-win-core-processthreads-l1-1-1.dll
0x0000014b69d90000 - 0x0000014b69d93000 	C:\Users\yasas\.openjfx\cache\21.0.6+3\amd64\api-ms-win-core-profile-l1-1-0.dll
0x0000014b69da0000 - 0x0000014b69da3000 	C:\Users\yasas\.openjfx\cache\21.0.6+3\amd64\api-ms-win-core-rtlsupport-l1-1-0.dll
0x0000014b69db0000 - 0x0000014b69db3000 	C:\Users\yasas\.openjfx\cache\21.0.6+3\amd64\api-ms-win-core-string-l1-1-0.dll
0x0000014b69dc0000 - 0x0000014b69dc3000 	C:\Users\yasas\.openjfx\cache\21.0.6+3\amd64\api-ms-win-core-synch-l1-1-0.dll
0x0000014b69dd0000 - 0x0000014b69dd3000 	C:\Users\yasas\.openjfx\cache\21.0.6+3\amd64\api-ms-win-core-synch-l1-2-0.dll
0x0000014b69de0000 - 0x0000014b69de3000 	C:\Users\yasas\.openjfx\cache\21.0.6+3\amd64\api-ms-win-core-sysinfo-l1-1-0.dll
0x0000014b69df0000 - 0x0000014b69df3000 	C:\Users\yasas\.openjfx\cache\21.0.6+3\amd64\api-ms-win-core-timezone-l1-1-0.dll
0x0000014b69e00000 - 0x0000014b69e03000 	C:\Users\yasas\.openjfx\cache\21.0.6+3\amd64\api-ms-win-core-util-l1-1-0.dll
0x0000014b69e10000 - 0x0000014b69e13000 	C:\Users\yasas\.openjfx\cache\21.0.6+3\amd64\api-ms-win-crt-conio-l1-1-0.dll
0x0000014b69e20000 - 0x0000014b69e24000 	C:\Users\yasas\.openjfx\cache\21.0.6+3\amd64\api-ms-win-crt-convert-l1-1-0.dll
0x0000014b69e30000 - 0x0000014b69e33000 	C:\Users\yasas\.openjfx\cache\21.0.6+3\amd64\api-ms-win-crt-environment-l1-1-0.dll
0x0000014b69e40000 - 0x0000014b69e43000 	C:\Users\yasas\.openjfx\cache\21.0.6+3\amd64\api-ms-win-crt-filesystem-l1-1-0.dll
0x0000014b69e50000 - 0x0000014b69e53000 	C:\Users\yasas\.openjfx\cache\21.0.6+3\amd64\api-ms-win-crt-heap-l1-1-0.dll
0x0000014b69e60000 - 0x0000014b69e63000 	C:\Users\yasas\.openjfx\cache\21.0.6+3\amd64\api-ms-win-crt-locale-l1-1-0.dll
0x0000014b69e70000 - 0x0000014b69e75000 	C:\Users\yasas\.openjfx\cache\21.0.6+3\amd64\api-ms-win-crt-math-l1-1-0.dll
0x0000014b69e80000 - 0x0000014b69e85000 	C:\Users\yasas\.openjfx\cache\21.0.6+3\amd64\api-ms-win-crt-multibyte-l1-1-0.dll
0x0000014b69e90000 - 0x0000014b69ea0000 	C:\Users\yasas\.openjfx\cache\21.0.6+3\amd64\api-ms-win-crt-private-l1-1-0.dll
0x0000014b69ea0000 - 0x0000014b69ea3000 	C:\Users\yasas\.openjfx\cache\21.0.6+3\amd64\api-ms-win-crt-process-l1-1-0.dll
0x0000014b69eb0000 - 0x0000014b69eb4000 	C:\Users\yasas\.openjfx\cache\21.0.6+3\amd64\api-ms-win-crt-runtime-l1-1-0.dll
0x0000014b69ec0000 - 0x0000014b69ec4000 	C:\Users\yasas\.openjfx\cache\21.0.6+3\amd64\api-ms-win-crt-stdio-l1-1-0.dll
0x0000014b69ed0000 - 0x0000014b69ed4000 	C:\Users\yasas\.openjfx\cache\21.0.6+3\amd64\api-ms-win-crt-string-l1-1-0.dll
0x0000014b69ee0000 - 0x0000014b69ee3000 	C:\Users\yasas\.openjfx\cache\21.0.6+3\amd64\api-ms-win-crt-time-l1-1-0.dll
0x0000014b69ef0000 - 0x0000014b69ef3000 	C:\Users\yasas\.openjfx\cache\21.0.6+3\amd64\api-ms-win-crt-utility-l1-1-0.dll
0x00007ff946ad0000 - 0x00007ff946bcc000 	C:\Users\yasas\.openjfx\cache\21.0.6+3\amd64\ucrtbase.dll
0x00007ff98aea0000 - 0x00007ff98aebb000 	C:\Users\yasas\.openjfx\cache\21.0.6+3\amd64\vcruntime140.dll
0x00007ff999060000 - 0x00007ff99906c000 	C:\Users\yasas\.openjfx\cache\21.0.6+3\amd64\vcruntime140_1.dll
0x00007ff9476d0000 - 0x00007ff94775e000 	C:\Users\yasas\.openjfx\cache\21.0.6+3\amd64\msvcp140.dll
0x00007ff998f00000 - 0x00007ff998f09000 	C:\Users\yasas\.openjfx\cache\21.0.6+3\amd64\msvcp140_1.dll
0x00007ff986bf0000 - 0x00007ff986c31000 	C:\Users\yasas\.openjfx\cache\21.0.6+3\amd64\msvcp140_2.dll
0x00007ff987b10000 - 0x00007ff987b40000 	C:\Users\yasas\.openjfx\cache\21.0.6+3\amd64\prism_d3d.dll
0x00007ff94b5e0000 - 0x00007ff94b791000 	C:\WINDOWS\system32\d3d9.dll
0x00007ff9b3ae0000 - 0x00007ff9b3b0b000 	C:\WINDOWS\SYSTEM32\dwmapi.dll
0x00007ff9b3b20000 - 0x00007ff9b3b64000 	C:\WINDOWS\SYSTEM32\dxcore.dll
0x00007ff9b3860000 - 0x00007ff9b3908000 	C:\WINDOWS\system32\uxtheme.dll
0x00007ff94b510000 - 0x00007ff94b5d2000 	C:\WINDOWS\SYSTEM32\d3d9on12.dll
0x00007ff94b4e0000 - 0x00007ff94b503000 	C:\WINDOWS\SYSTEM32\d3d12.dll
0x00007ff9b3960000 - 0x00007ff9b3a9a000 	C:\WINDOWS\SYSTEM32\dxgi.dll
0x00007ff9b66f0000 - 0x00007ff9b6747000 	C:\WINDOWS\SYSTEM32\cfgmgr32.dll
0x00007ff94b260000 - 0x00007ff94b4d0000 	C:\WINDOWS\SYSTEM32\D3D12Core.dll
0x00007ff94b230000 - 0x00007ff94b257000 	C:\WINDOWS\System32\DriverStore\FileRepository\iigd_dch.inf_amd64_ce2a84db4d20c228\igd12umd64.dll
0x00007ff94a2e0000 - 0x00007ff94b22b000 	C:\WINDOWS\System32\DriverStore\FileRepository\iigd_dch.inf_amd64_ce2a84db4d20c228\igd12um64xel.dll
0x00007ff9b6c60000 - 0x00007ff9b6dd7000 	C:\WINDOWS\System32\CRYPT32.dll
0x00007ff9b7a40000 - 0x00007ff9b7bd8000 	C:\WINDOWS\System32\ole32.dll
0x00007ff9b6960000 - 0x00007ff9b6986000 	C:\WINDOWS\SYSTEM32\bcrypt.dll
0x00007ff9876b0000 - 0x00007ff9876f4000 	C:\WINDOWS\SYSTEM32\ControlLib.dll
0x00007ff9b80f0000 - 0x00007ff9b8577000 	C:\WINDOWS\System32\SETUPAPI.dll
0x00007ff9b6750000 - 0x00007ff9b677d000 	C:\WINDOWS\SYSTEM32\DEVOBJ.dll
0x00007ff9a7f10000 - 0x00007ff9a7f98000 	C:\WINDOWS\System32\DriverStore\FileRepository\iigd_dch.inf_amd64_ce2a84db4d20c228\IntelControlLib.dll
0x00007ff9b6fc0000 - 0x00007ff9b703e000 	C:\WINDOWS\System32\WINTRUST.dll
0x00007ff9b61a0000 - 0x00007ff9b61b3000 	C:\WINDOWS\SYSTEM32\MSASN1.dll
0x00007ff9b0bb0000 - 0x00007ff9b0c10000 	C:\WINDOWS\SYSTEM32\directxdatabasehelper.dll
0x00007ff9a7760000 - 0x00007ff9a7b34000 	C:\WINDOWS\System32\DriverStore\FileRepository\iigd_dch.inf_amd64_ce2a84db4d20c228\igdgmm64.dll
0x00007ff9a3940000 - 0x00007ff9a7752000 	C:\WINDOWS\System32\DriverStore\FileRepository\iigd_dch.inf_amd64_ce2a84db4d20c228\igc64.dll
0x00007ff94a2a0000 - 0x00007ff94a2ce000 	C:\WINDOWS\SYSTEM32\D3DSCache.dll
0x00007ff9b5e10000 - 0x00007ff9b5e3b000 	C:\WINDOWS\SYSTEM32\USERENV.dll
0x00007ff948ef0000 - 0x00007ff94a29d000 	C:\WINDOWS\System32\DriverStore\FileRepository\iigd_dch.inf_amd64_ce2a84db4d20c228\igd12dxva64.dll
0x00007ff9524b0000 - 0x00007ff9541d0000 	C:\WINDOWS\System32\DriverStore\FileRepository\iigd_dch.inf_amd64_ce2a84db4d20c228\media_bin_64.dll
0x00007ff95a260000 - 0x00007ff95a287000 	C:\WINDOWS\System32\DriverStore\FileRepository\iigd_dch.inf_amd64_ce2a84db4d20c228\igdinfo64.dll
0x00007ff9a2e30000 - 0x00007ff9a3069000 	C:\WINDOWS\SYSTEM32\twinapi.appcore.dll
0x00007ff970e10000 - 0x00007ff970e52000 	C:\Users\yasas\.openjfx\cache\21.0.6+3\amd64\glass.dll
0x00007ff9b8820000 - 0x00007ff9b8911000 	C:\WINDOWS\System32\COMDLG32.dll
0x00007ff9b7c70000 - 0x00007ff9b7dc8000 	C:\WINDOWS\System32\MSCTF.dll

dbghelp: loaded successfully - version: 4.0.5 - missing functions: none
symbol engine: initialized successfully - sym options: 0x614 - pdb path: .;C:\Program Files\Java\jdk-21\bin;C:\WINDOWS\SYSTEM32;C:\WINDOWS\WinSxS\amd64_microsoft.windows.common-controls_6595b64144ccf1df_6.0.26100.5074_none_3e0d6f78e32fd63f;C:\Program Files\Windhawk\Engine\1.6.1\64;C:\Program Files\Java\jdk-21\bin\server;C:\Users\yasas\.openjfx\cache\21.0.6+3\amd64;C:\WINDOWS\System32\DriverStore\FileRepository\iigd_dch.inf_amd64_ce2a84db4d20c228;C:\Program Files\Common Files\Microsoft Shared\Ink

VM Arguments:
jvm_args: -javaagent:C:\Program Files\JetBrains\IntelliJ IDEA 2025.2.1\lib\idea_rt.jar=50412 -Dfile.encoding=UTF-8 -Dsun.stdout.encoding=UTF-8 -Dsun.stderr.encoding=UTF-8 --module-path=C:\Users\yasas\.m2\repository\org\openjfx\javafx-base\21.0.6\javafx-base-21.0.6-win.jar;C:\Users\yasas\.m2\repository\org\springframework\security\spring-security-crypto\6.5.3\spring-security-crypto-6.5.3.jar;C:\Users\yasas\.m2\repository\org\hibernate\orm\hibernate-core\6.0.0.Final\hibernate-core-6.0.0.Final.jar;C:\Users\yasas\.m2\repository\org\openjfx\javafx-fxml\21.0.6\javafx-fxml-21.0.6-win.jar;C:\Users\yasas\.m2\repository\org\projectlombok\lombok\1.18.34\lombok-1.18.34.jar;C:\Users\yasas\.m2\repository\jakarta\persistence\jakarta.persistence-api\3.1.0\jakarta.persistence-api-3.1.0.jar;C:\Users\yasas\.m2\repository\org\openjfx\javafx-controls\21.0.6\javafx-controls-21.0.6-win.jar;C:\Users\yasas\.m2\repository\org\openjfx\javafx-graphics\21.0.6\javafx-graphics-21.0.6-win.jar;C:\Users\yasas\Documents\dev\ijse\elite-learners-system\target\classes -Djdk.module.main=lk.ijse.learners 
java_command: lk.ijse.learners/lk.ijse.learners.Launcher
java_class_path (initial): C:\Users\yasas\.m2\repository\jakarta\transaction\jakarta.transaction-api\2.0.0\jakarta.transaction-api-2.0.0.jar;C:\Users\yasas\.m2\repository\org\jboss\logging\jboss-logging\3.4.3.Final\jboss-logging-3.4.3.Final.jar;C:\Users\yasas\.m2\repository\org\jboss\jandex\2.4.2.Final\jandex-2.4.2.Final.jar;C:\Users\yasas\.m2\repository\com\fasterxml\classmate\1.5.1\classmate-1.5.1.jar;C:\Users\yasas\.m2\repository\org\hibernate\common\hibernate-commons-annotations\6.0.0.CR1\hibernate-commons-annotations-6.0.0.CR1.jar;C:\Users\yasas\.m2\repository\net\bytebuddy\byte-buddy\1.12.8\byte-buddy-1.12.8.jar;C:\Users\yasas\.m2\repository\jakarta\activation\jakarta.activation-api\2.0.1\jakarta.activation-api-2.0.1.jar;C:\Users\yasas\.m2\repository\jakarta\xml\bind\jakarta.xml.bind-api\3.0.1\jakarta.xml.bind-api-3.0.1.jar;C:\Users\yasas\.m2\repository\com\sun\activation\jakarta.activation\2.0.1\jakarta.activation-2.0.1.jar;C:\Users\yasas\.m2\repository\org\glassfish\jaxb\jaxb-runtime\3.0.2\jaxb-runtime-3.0.2.jar;C:\Users\yasas\.m2\repository\org\glassfish\jaxb\jaxb-core\3.0.2\jaxb-core-3.0.2.jar;C:\Users\yasas\.m2\repository\org\glassfish\jaxb\txw2\3.0.2\txw2-3.0.2.jar;C:\Users\yasas\.m2\repository\com\sun\istack\istack-commons-runtime\4.0.1\istack-commons-runtime-4.0.1.jar;C:\Users\yasas\.m2\repository\jakarta\inject\jakarta.inject-api\2.0.0\jakarta.inject-api-2.0.0.jar;C:\Users\yasas\.m2\repository\org\antlr\antlr4-runtime\4.9.1\antlr4-runtime-4.9.1.jar;C:\Users\yasas\.m2\repository\com\mysql\mysql-connector-j\8.0.33\mysql-connector-j-8.0.33.jar;C:\Users\yasas\.m2\repository\com\google\protobuf\protobuf-java\3.21.9\protobuf-java-3.21.9.jar;C:\Users\yasas\.m2\repository\org\openjfx\javafx-controls\21.0.6\javafx-controls-21.0.6.jar;C:\Users\yasas\.m2\repository\org\openjfx\javafx-graphics\21.0.6\javafx-graphics-21.0.6.jar;C:\Users\yasas\.m2\repository\org\openjfx\javafx-base\21.0.6\javafx-base-21.0.6.jar;C:\Users\yasas\.m2\repository\org\openjfx\javafx-fxml\21.0.6\javafx-fxml-21.0.6.jar
Launcher Type: SUN_STANDARD

[Global flags]
     intx CICompilerCount                          = 4                                         {product} {ergonomic}
     uint ConcGCThreads                            = 3                                         {product} {ergonomic}
     uint G1ConcRefinementThreads                  = 10                                        {product} {ergonomic}
   size_t G1HeapRegionSize                         = 2097152                                   {product} {ergonomic}
    uintx GCDrainStackTargetSize                   = 64                                        {product} {ergonomic}
   size_t InitialHeapSize                          = 264241152                                 {product} {ergonomic}
   size_t MarkStackSize                            = 4194304                                   {product} {ergonomic}
   size_t MaxHeapSize                              = 4217372672                                {product} {ergonomic}
   size_t MaxNewSize                               = 2529165312                                {product} {ergonomic}
   size_t MinHeapDeltaBytes                        = 2097152                                   {product} {ergonomic}
   size_t MinHeapSize                              = 8388608                                   {product} {ergonomic}
    uintx NonNMethodCodeHeapSize                   = 5839372                                {pd product} {ergonomic}
    uintx NonProfiledCodeHeapSize                  = 122909434                              {pd product} {ergonomic}
    uintx ProfiledCodeHeapSize                     = 122909434                              {pd product} {ergonomic}
    uintx ReservedCodeCacheSize                    = 251658240                              {pd product} {ergonomic}
     bool SegmentedCodeCache                       = true                                      {product} {ergonomic}
   size_t SoftMaxHeapSize                          = 4217372672                             {manageable} {ergonomic}
     bool UseCompressedOops                        = true                           {product lp64_product} {ergonomic}
     bool UseG1GC                                  = true                                      {product} {ergonomic}
     bool UseLargePagesIndividualAllocation        = false                                  {pd product} {ergonomic}

Logging:
Log output configuration:
 #0: stdout all=off uptime,level,tags foldmultilines=false
 #1: stderr all=off uptime,level,tags foldmultilines=false

Environment Variables:
PATH=C:\Program Files\Common Files\Oracle\Java\javapath;C:\WINDOWS\system32;C:\WINDOWS;C:\WINDOWS\System32\Wbem;C:\WINDOWS\System32\WindowsPowerShell\v1.0\;C:\WINDOWS\System32\OpenSSH\;C:\Program Files (x86)\NVIDIA Corporation\PhysX\Common;C:\Program Files\Git\cmd;C:\Program Files\MySQL\MySQL Shell 8.0\bin\;C:\Users\yasas\AppData\Local\Microsoft\WindowsApps;C:\Program Files\Git\bin;C:\Users\yasas\AppData\Local\Programs\Microsoft VS Code\bin
USERNAME=yasas
OS=Windows_NT
PROCESSOR_IDENTIFIER=Intel64 Family 6 Model 154 Stepping 3, GenuineIntel
TMP=C:\Users\yasas\AppData\Local\Temp
TEMP=C:\Users\yasas\AppData\Local\Temp




Periodic native trim disabled

---------------  S Y S T E M  ---------------

OS:
 Windows 11 , 64 bit Build 26100 (10.0.26100.5074)
OS uptime: 0 days 2:53 hours
Hyper-V role detected

CPU: total 12 (initial active 12) (6 cores per cpu, 2 threads per core) family 6 model 154 stepping 3 microcode 0x424, cx8, cmov, fxsr, ht, mmx, 3dnowpref, sse, sse2, sse3, ssse3, sse4.1, sse4.2, popcnt, lzcnt, tsc, tscinvbit, avx, avx2, aes, erms, clmul, bmi1, bmi2, adx, sha, fma, vzeroupper, clflush, clflushopt, clwb, hv, serialize, rdtscp, rdpid, fsrm, f16c, cet_ibt, cet_ss
Processor Information for processor 0
  Max Mhz: 2000, Current Mhz: 2000, Mhz Limit: 2000
Processor Information for processor 1
  Max Mhz: 2000, Current Mhz: 2000, Mhz Limit: 2000
Processor Information for processor 2
  Max Mhz: 2000, Current Mhz: 2000, Mhz Limit: 2000
Processor Information for processor 3
  Max Mhz: 2000, Current Mhz: 2000, Mhz Limit: 2000
Processor Information for processor 4
  Max Mhz: 2000, Current Mhz: 2000, Mhz Limit: 2000
Processor Information for processor 5
  Max Mhz: 2000, Current Mhz: 2000, Mhz Limit: 2000
Processor Information for processor 6
  Max Mhz: 2000, Current Mhz: 2000, Mhz Limit: 2000
Processor Information for processor 7
  Max Mhz: 2000, Current Mhz: 2000, Mhz Limit: 2000
Processor Information for processor 8
  Max Mhz: 2000, Current Mhz: 1466, Mhz Limit: 2000
Processor Information for processor 9
  Max Mhz: 2000, Current Mhz: 2000, Mhz Limit: 2000
Processor Information for processor 10
  Max Mhz: 2000, Current Mhz: 2000, Mhz Limit: 2000
Processor Information for processor 11
  Max Mhz: 2000, Current Mhz: 2000, Mhz Limit: 2000

Memory: 4k page, system-wide physical 16085M (3618M free)
TotalPageFile size 26184M (AvailPageFile size 4967M)
current process WorkingSet (physical memory assigned to process): 1034M, peak: 1061M
current process commit charge ("private bytes"): 1246M, peak: 1278M

vm_info: Java HotSpot(TM) 64-Bit Server VM (21.0.7+8-LTS-245) for windows-amd64 JRE (21.0.7+8-LTS-245), built on 2025-02-21T05:11:27Z by "mach5one" with MS VC++ 17.6 (VS2022)

END.
