#
# A fatal error has been detected by the Java Runtime Environment:
#
#  EXCEPTION_ACCESS_VIOLATION (0xc0000005) at pc=0x00007ff977ce6a17, pid=5436, tid=11392
#
# JRE version: Java(TM) SE Runtime Environment (21.0.7+8) (build 21.0.7+8-LTS-245)
# Java VM: Java HotSpot(TM) 64-Bit Server VM (21.0.7+8-LTS-245, mixed mode, sharing, tiered, compressed oops, compressed class ptrs, g1 gc, windows-amd64)
# Problematic frame:
# C  0x00007ff977ce6a17
#
# No core dump will be written. Minidumps are not enabled by default on client versions of Windows
#
# If you would like to submit a bug report, please visit:
#   https://bugreport.java.com/bugreport/crash.jsp
#

---------------  S U M M A R Y ------------

Command Line: -agentlib:jdwp=transport=dt_socket,address=127.0.0.1:50355,suspend=y,server=n -javaagent:C:\Users\yasas\AppData\Local\JetBrains\IntelliJIdea2025.2\captureAgent\debugger-agent.jar=file:///C:/Users/yasas/AppData/Local/Temp/capture4250086363161716008.props -agentpath:C:\Users\yasas\AppData\Local\Temp\idea_libasyncProfiler_dll_temp_folder\libasyncProfiler.dll=version,jfr,event=wall,interval=10ms,cstack=no,file=C:\Users\yasas\IdeaSnapshots\Launcher_2025_09_25_210908.jfr,dbghelppath=C:\Users\yasas\AppData\Local\Temp\idea_dbghelp_dll_temp_folder\dbghelp.dll,log=C:\Users\yasas\AppData\Local\Temp\Launcher_2025_09_25_210908.jfr.log.txt,logLevel=DEBUG -Dkotlinx.coroutines.debug.enable.creation.stack.trace=false -Ddebugger.agent.enable.coroutines=true -Dkotlinx.coroutines.debug.enable.flows.stack.trace=true -Dkotlinx.coroutines.debug.enable.mutable.state.flows.stack.trace=true -Dfile.encoding=UTF-8 -Dsun.stdout.encoding=UTF-8 -Dsun.stderr.encoding=UTF-8 --module-path=C:\Users\yasas\.m2\repository\org\openjfx\javafx-base\21.0.6\javafx-base-21.0.6-win.jar;C:\Users\yasas\.m2\repository\org\springframework\security\spring-security-crypto\6.5.3\spring-security-crypto-6.5.3.jar;C:\Users\yasas\.m2\repository\org\hibernate\orm\hibernate-core\6.0.0.Final\hibernate-core-6.0.0.Final.jar;C:\Users\yasas\.m2\repository\org\openjfx\javafx-fxml\21.0.6\javafx-fxml-21.0.6-win.jar;C:\Users\yasas\.m2\repository\org\projectlombok\lombok\1.18.34\lombok-1.18.34.jar;C:\Users\yasas\.m2\repository\jakarta\persistence\jakarta.persistence-api\3.1.0\jakarta.persistence-api-3.1.0.jar;C:\Users\yasas\.m2\repository\org\openjfx\javafx-controls\21.0.6\javafx-controls-21.0.6-win.jar;C:\Users\yasas\.m2\repository\org\openjfx\javafx-graphics\21.0.6\javafx-graphics-21.0.6-win.jar;C:\Users\yasas\Documents\dev\ijse\elite-learners-system\target\classes -Djdk.module.main=lk.ijse.learners lk.ijse.learners/lk.ijse.learners.Launcher

Host: 12th Gen Intel(R) Core(TM) i5-12450H, 12 cores, 15G,  Windows 11 , 64 bit Build 26100 (10.0.26100.5074)
Time: Thu Sep 25 21:10:21 2025 Sri Lanka Standard Time elapsed time: 72.966605 seconds (0d 0h 1m 12s)

---------------  T H R E A D  ---------------

Current thread (0x00000222db7375f0):  VMThread "VM Thread"          [id=11392, stack(0x000000a82f400000,0x000000a82f500000) (1024K)]

Stack: [0x000000a82f400000,0x000000a82f500000],  sp=0x000000a82f4ff090,  free space=1020k
Native frames: (J=compiled Java code, j=interpreted, Vv=VM code, C=native code)
C  0x00007ff977ce6a17


siginfo: EXCEPTION_ACCESS_VIOLATION (0xc0000005), reading address 0x0000000000000000


Registers:
RAX=0x0000000000000000, RBX=0x00000222c1b925ea, RCX=0x00000222db7375f0, RDX=0x000000a82f4ff090
RSP=0x000000a82f4ff090, RBP=0x0000e12cec818263, RSI=0x00000222f8819ea8, RDI=0x00000222f8819e80
R8 =0x0000000000010002, R9 =0x0000e12cec818263, R10=0x00000222d09d0000, R11=0x000000a82f4ff178
R12=0x0000000000000001, R13=0x00007ff977ce4360, R14=0x000000a82f4ff198, R15=0x00000222f8819e80
RIP=0x00007ff977ce6a17, EFLAGS=0x0000000000010206


Register to memory mapping:

RAX=0x0 is null
RBX=0x00000222c1b925ea is a global jni handle
RCX=0x00000222db7375f0 points into unknown readable memory: 0x00007ff93b216700 | 00 67 21 3b f9 7f 00 00
RDX=0x000000a82f4ff090 points into unknown readable memory: 0x0000000000000000 | 00 00 00 00 00 00 00 00
RSP=0x000000a82f4ff090 points into unknown readable memory: 0x0000000000000000 | 00 00 00 00 00 00 00 00
RBP=0x0000e12cec818263 is an unknown value
RSI=0x00000222f8819ea8 points into unknown readable memory: 0x0000e12cec818263 | 63 82 81 ec 2c e1 00 00
RDI=0x00000222f8819e80 points into unknown readable memory: 0xbe7112ecec827da8 | a8 7d 82 ec ec 12 71 be
R8 =0x0000000000010002 is an unknown value
R9 =0x0000e12cec818263 is an unknown value
R10=0x00000222d09d0000 points into unknown readable memory: 0x0000000000000000 | 00 00 00 00 00 00 00 00
R11=0x000000a82f4ff178 points into unknown readable memory: 0x00007ff977ce41ed | ed 41 ce 77 f9 7f 00 00
R12=0x0000000000000001 is an unknown value
R13=0x00007ff977ce4360 points into unknown readable memory: 0x74894808245c8948 | 48 89 5c 24 08 48 89 74
R14=0x000000a82f4ff198 points into unknown readable memory: 0x000000a82f4ff180 | 80 f1 4f 2f a8 00 00 00
R15=0x00000222f8819e80 points into unknown readable memory: 0xbe7112ecec827da8 | a8 7d 82 ec ec 12 71 be

Top of Stack: (sp=0x000000a82f4ff090)
0x000000a82f4ff090:   0000000000000000 0000022200000000
0x000000a82f4ff0a0:   00000222f8a9db60 0000000000000001
0x000000a82f4ff0b0:   00000222f8819e88 00007ff9b6b5bc75
0x000000a82f4ff0c0:   00000222f8819e80 0000022200000000
0x000000a82f4ff0d0:   00000222f8819ea0 0000e12cec818263
0x000000a82f4ff0e0:   fffffffffffffffe 00007ff98df20000
0x000000a82f4ff0f0:   00007ff977cc0000 00007ff977cc0000
0x000000a82f4ff100:   000000a82f4ff188 00007ff9b6b5b897
0x000000a82f4ff110:   000000a82f4ff100 000000a82f4ff198
0x000000a82f4ff120:   000000a82f4ff480 00007ff9b6c488c0
0x000000a82f4ff130:   0000000000000001 00007ff9b6b5b84d
0x000000a82f4ff140:   0000000000000000 0000000000000001
0x000000a82f4ff150:   000000a82f4ff480 000000a82f4ff188
0x000000a82f4ff160:   fffffffffffffffe 00007ff9b9926003
0x000000a82f4ff170:   0000000000000000 00007ff977ce41ed
0x000000a82f4ff180:   00007ff977cfa008 000000a800000002
0x000000a82f4ff190:   00007ff900000002 000000a82f4ff180
0x000000a82f4ff1a0:   0000000000000000 00007ff9b6145e37
0x000000a82f4ff1b0:   0000000000000000 00007ff977ce4312
0x000000a82f4ff1c0:   0000000000000001 0000000000000000
0x000000a82f4ff1d0:   0000000000000001 00007ff9b9954f8f
0x000000a82f4ff1e0:   00007ff9b6140000 000000a82f4ff480
0x000000a82f4ff1f0:   0000000000000001 0000000000000000
0x000000a82f4ff200:   0000000000000000 000000007ffe0384
0x000000a82f4ff210:   00000222f88b5300 00007ff9b9a40ede
0x000000a82f4ff220:   00007ff977cc0000 0000022200000000
0x000000a82f4ff230:   0000000000000001 000000007ffe0385
0x000000a82f4ff240:   00007ff977ce75a0 00007ff9b995483e
0x000000a82f4ff250:   0000000000000000 0000000000000000
0x000000a82f4ff260:   0000000000000000 0000000000000000
0x000000a82f4ff270:   0000000000000000 0000000000000000
0x000000a82f4ff280:   0000000000000000 0000000000000000 

Instructions: (pc=0x00007ff977ce6a17)
0x00007ff977ce6917:   8b 4d 58 e8 8d cf ff ff 48 8b 4d 60 e8 84 cf ff
0x00007ff977ce6927:   ff 48 8b 95 80 00 00 00 48 8b 8d 18 01 00 00 e8
0x00007ff977ce6937:   76 c4 ff ff 33 d2 33 c9 e8 cc e1 ff ff 90 48 89
0x00007ff977ce6947:   54 24 10 55 48 83 ec 20 48 8b ea 48 b8 00 00 00
0x00007ff977ce6957:   00 00 00 00 00 48 83 c4 20 5d c3 cc 40 55 48 8b
0x00007ff977ce6967:   ea 48 8b 01 33 c9 81 38 05 00 00 c0 0f 94 c1 8b
0x00007ff977ce6977:   c1 5d c3 cc 40 55 48 83 ec 20 48 8b ea 8a 4d 40
0x00007ff977ce6987:   48 83 c4 20 5d e9 73 d3 ff ff cc 40 55 48 83 ec
0x00007ff977ce6997:   20 48 8b ea 8a 4d 20 e8 61 d3 ff ff 90 48 83 c4
0x00007ff977ce69a7:   20 5d c3 cc 40 55 48 83 ec 20 48 8b ea 48 83 c4
0x00007ff977ce69b7:   20 5d e9 c2 d1 ff ff cc 40 55 48 83 ec 30 48 8b
0x00007ff977ce69c7:   ea 48 8b 01 8b 10 48 89 4c 24 28 89 54 24 20 4c
0x00007ff977ce69d7:   8d 0d 63 d6 ff ff 4c 8b 45 70 8b 55 68 48 8b 4d
0x00007ff977ce69e7:   60 e8 03 d1 ff ff 90 48 83 c4 30 5d c3 cc cc cc
0x00007ff977ce69f7:   cc cc cc cc cc cc cc cc cc 40 53 48 83 ec 20 48
0x00007ff977ce6a07:   8b 1d fb 2f 01 00 48 85 db 74 16 e8 89 8f ff ff
0x00007ff977ce6a17:   4c 8b 00 48 8b d3 48 8b c8 41 ff 90 b0 00 00 00
0x00007ff977ce6a27:   90 48 83 c4 20 5b c3 cc cc 40 53 48 83 ec 20 48
0x00007ff977ce6a37:   8b 1d 6b 31 01 00 48 85 db 74 57 b8 ff ff ff ff
0x00007ff977ce6a47:   f0 0f c1 43 10 83 f8 01 75 3d 48 85 db 74 38 48
0x00007ff977ce6a57:   8b 0b 48 85 c9 74 0d ff 15 44 08 00 00 48 c7 03
0x00007ff977ce6a67:   00 00 00 00 48 8b 4b 08 48 85 c9 74 0d e8 33 ce
0x00007ff977ce6a77:   ff ff 48 c7 43 08 00 00 00 00 ba 18 00 00 00 48
0x00007ff977ce6a87:   8b cb e8 1e ce ff ff 48 c7 05 0f 31 01 00 00 00
0x00007ff977ce6a97:   00 00 48 83 c4 20 5b c3 cc 40 53 48 83 ec 20 48
0x00007ff977ce6aa7:   8b 1d db 30 01 00 48 85 db 74 57 b8 ff ff ff ff
0x00007ff977ce6ab7:   f0 0f c1 43 10 83 f8 01 75 3d 48 85 db 74 38 48
0x00007ff977ce6ac7:   8b 0b 48 85 c9 74 0d ff 15 d4 07 00 00 48 c7 03
0x00007ff977ce6ad7:   00 00 00 00 48 8b 4b 08 48 85 c9 74 0d e8 c3 cd
0x00007ff977ce6ae7:   ff ff 48 c7 43 08 00 00 00 00 ba 18 00 00 00 48
0x00007ff977ce6af7:   8b cb e8 ae cd ff ff 48 c7 05 7f 30 01 00 00 00
0x00007ff977ce6b07:   00 00 48 83 c4 20 5b c3 cc 40 53 48 83 ec 20 48 


Stack slot to memory mapping:

stack at sp + 0 slots: 0x0 is null
stack at sp + 1 slots: 0x0000022200000000 is an unknown value
stack at sp + 2 slots: 0x00000222f8a9db60 points into unknown readable memory: 0x00000222f8a9da40 | 40 da a9 f8 22 02 00 00
stack at sp + 3 slots: 0x0000000000000001 is an unknown value
stack at sp + 4 slots: 0x00000222f8819e88 points into unknown readable memory: 0x0000e12cec818263 | 63 82 81 ec 2c e1 00 00
stack at sp + 5 slots: 0x00007ff9b6b5bc75 ucrtbase.dll
stack at sp + 6 slots: 0x00000222f8819e80 points into unknown readable memory: 0xbe7112ecec827da8 | a8 7d 82 ec ec 12 71 be
stack at sp + 7 slots: 0x0000022200000000 is an unknown value

VM_Operation (0x000000a82e9ff2e0): Exit, mode: safepoint, requested by thread 0x00000222f39b24e0


---------------  P R O C E S S  ---------------

Threads class SMR info:
_java_thread_list=0x00000222c1b674e0, length=22, elements={
0x00000222d0b044f0, 0x00000222f2e42340, 0x00000222db74ccc0, 0x00000222db74e3c0,
0x00000222f2e46fb0, 0x00000222f2e51290, 0x00000222f2e74d30, 0x00000222f2e76110,
0x00000222f2e3cee0, 0x00000222f3a9cbc0, 0x00000222f3822930, 0x00000222f3685e60,
0x00000222f8486790, 0x00000222f8addbc0, 0x00000222f8a98400, 0x00000222f8d7aa90,
0x00000222f8d9cde0, 0x00000222f8e15540, 0x00000222c32e8d60, 0x00000222c5de9c90,
0x00000222c5def1e0, 0x00000222f39b24e0
}

Java Threads: ( => current thread )
  0x00000222d0b044f0 JavaThread "main"                              [_thread_blocked, id=11748, stack(0x000000a82ed00000,0x000000a82ee00000) (1024K)]
  0x00000222f2e42340 JavaThread "Reference Handler"          daemon [_thread_blocked, id=17148, stack(0x000000a82f500000,0x000000a82f600000) (1024K)]
  0x00000222db74ccc0 JavaThread "Finalizer"                  daemon [_thread_blocked, id=14560, stack(0x000000a82f600000,0x000000a82f700000) (1024K)]
  0x00000222db74e3c0 JavaThread "Attach Listener"            daemon [_thread_blocked, id=13164, stack(0x000000a82f800000,0x000000a82f900000) (1024K)]
  0x00000222f2e46fb0 JavaThread "Service Thread"             daemon [_thread_blocked, id=13176, stack(0x000000a82f900000,0x000000a82fa00000) (1024K)]
  0x00000222f2e51290 JavaThread "Monitor Deflation Thread"   daemon [_thread_blocked, id=12872, stack(0x000000a82fa00000,0x000000a82fb00000) (1024K)]
  0x00000222f2e74d30 JavaThread "C2 CompilerThread0"         daemon [_thread_blocked, id=5788, stack(0x000000a82fb00000,0x000000a82fc00000) (1024K)]
  0x00000222f2e76110 JavaThread "C1 CompilerThread0"         daemon [_thread_blocked, id=1756, stack(0x000000a82fc00000,0x000000a82fd00000) (1024K)]
  0x00000222f2e3cee0 JavaThread "Common-Cleaner"             daemon [_thread_blocked, id=12964, stack(0x000000a82fd00000,0x000000a82fe00000) (1024K)]
  0x00000222f3a9cbc0 JavaThread "JDWP Event Helper Thread"   daemon [_thread_blocked, id=8464, stack(0x000000a830100000,0x000000a830200000) (1024K)]
  0x00000222f3822930 JavaThread "IntelliJ Suspend Helper"    daemon [_thread_blocked, id=16328, stack(0x000000a82fe00000,0x000000a82ff00000) (1024K)]
  0x00000222f3685e60 JavaThread "Notification Thread"        daemon [_thread_blocked, id=6108, stack(0x000000a82ff00000,0x000000a830000000) (1024K)]
  0x00000222f8486790 JavaThread "QuantumRenderer-0"          daemon [_thread_blocked, id=14012, stack(0x000000a830c00000,0x000000a830d00000) (1024K)]
  0x00000222f8addbc0 JavaThread "InvokeLaterDispatcher"      daemon [_thread_blocked, id=7068, stack(0x000000a831100000,0x000000a831200000) (1024K)]
  0x00000222f8a98400 JavaThread "JavaFX Application Thread"         [_thread_in_native, id=15592, stack(0x000000a831200000,0x000000a831300000) (1024K)]
  0x00000222f8d7aa90 JavaThread "Thread-1"                   daemon [_thread_in_native, id=17080, stack(0x000000a831400000,0x000000a831500000) (1024K)]
  0x00000222f8d9cde0 JavaThread "JavaFX-Launcher"                   [_thread_blocked, id=2184, stack(0x000000a831500000,0x000000a831600000) (1024K)]
  0x00000222f8e15540 JavaThread "mysql-cj-abandoned-connection-cleanup" daemon [_thread_blocked, id=14588, stack(0x000000a831700000,0x000000a831800000) (1024K)]
  0x00000222c32e8d60 JavaThread "Hibernate Connection Pool Validation Thread" daemon [_thread_blocked, id=13492, stack(0x000000a831b00000,0x000000a831c00000) (1024K)]
  0x00000222c5de9c90 JavaThread "Prism Font Disposer"        daemon [_thread_blocked, id=17068, stack(0x000000a831e00000,0x000000a831f00000) (1024K)]
  0x00000222c5def1e0 JavaThread "Cleaner-0"                  daemon [_thread_blocked, id=6680, stack(0x000000a831f00000,0x000000a832000000) (1024K)]
  0x00000222f39b24e0 JavaThread "SIGINT handler"             daemon [_thread_blocked, id=16804, stack(0x000000a82e900000,0x000000a82ea00000) (1024K)]
Total: 22

Other Threads:
=>0x00000222db7375f0 VMThread "VM Thread"                           [id=11392, stack(0x000000a82f400000,0x000000a82f500000) (1024K)]
  0x00000222db623790 WorkerThread "GC Thread#0"                     [id=5116, stack(0x000000a82ee00000,0x000000a82ef00000) (1024K)]
  0x00000222f39660b0 WorkerThread "GC Thread#1"                     [id=1600, stack(0x000000a830300000,0x000000a830400000) (1024K)]
  0x00000222f8092e70 WorkerThread "GC Thread#2"                     [id=11348, stack(0x000000a830400000,0x000000a830500000) (1024K)]
  0x00000222f83636a0 WorkerThread "GC Thread#3"                     [id=3264, stack(0x000000a830500000,0x000000a830600000) (1024K)]
  0x00000222f83c8660 WorkerThread "GC Thread#4"                     [id=6164, stack(0x000000a830600000,0x000000a830700000) (1024K)]
  0x00000222f83c7f20 WorkerThread "GC Thread#5"                     [id=12608, stack(0x000000a830700000,0x000000a830800000) (1024K)]
  0x00000222f83c94e0 WorkerThread "GC Thread#6"                     [id=16536, stack(0x000000a830800000,0x000000a830900000) (1024K)]
  0x00000222f83c7b80 WorkerThread "GC Thread#7"                     [id=5800, stack(0x000000a830900000,0x000000a830a00000) (1024K)]
  0x00000222f83c82c0 WorkerThread "GC Thread#8"                     [id=11512, stack(0x000000a830a00000,0x000000a830b00000) (1024K)]
  0x00000222f83c8a00 WorkerThread "GC Thread#9"                     [id=8452, stack(0x000000a830b00000,0x000000a830c00000) (1024K)]
  0x00000222db6341d0 ConcurrentGCThread "G1 Main Marker"            terminated
  0x00000222db635d20 WorkerThread "G1 Conc#0"                       [id=10536, stack(0x000000a82f000000,0x000000a82f100000) (1024K)]
  0x00000222c1e10930 WorkerThread "G1 Conc#1"                       [id=6576, stack(0x000000a831800000,0x000000a831900000) (1024K)]
  0x00000222c1e0f370 WorkerThread "G1 Conc#2"                       [id=6168, stack(0x000000a831900000,0x000000a831a00000) (1024K)]
  0x00000222db6ff280 ConcurrentGCThread "G1 Refine#0"               terminated
  0x00000222db6ffd00 ConcurrentGCThread "G1 Service"                terminated
Total: 17

Threads with active compile tasks:
C1 CompilerThread0    73253 7305   !   3       java.util.logging.LogManager$LoggerContext::findLogger (113 bytes)
Total: 1

VM state: at safepoint (shutting down)

VM Mutex/Monitor currently owned by a thread:  ([mutex/lock_event])
[0x00007ff93b3dde50] Threads_lock - owner thread: 0x00000222db7375f0
[0x00007ff93b3ddf50] Heap_lock - owner thread: 0x00000222f39b24e0

Heap address: 0x0000000704a00000, size: 4022 MB, Compressed Oops mode: Zero based, Oop shift amount: 3

CDS archive(s) mapped at: [0x0000022280000000-0x0000022280c90000-0x0000022280c90000), size 13172736, SharedBaseAddress: 0x0000022280000000, ArchiveRelocationMode: 1.
Compressed class space mapped at: 0x0000022281000000-0x00000222c1000000, reserved size: 1073741824
Narrow klass base: 0x0000022280000000, Narrow klass shift: 0, Narrow klass range: 0x100000000

GC Precious Log:
 CardTable entry size: 512
 Card Set container configuration: InlinePtr #cards 4 size 8 Array Of Cards #cards 16 size 48 Howl #buckets 8 coarsen threshold 3686 Howl Bitmap #cards 512 size 80 coarsen threshold 460 Card regions per heap region 1 cards per card region 4096
 CPUs: 12 total, 12 available
 Memory: 16085M
 Large Page Support: Disabled
 NUMA Support: Disabled
 Compressed Oops: Enabled (Zero based)
 Heap Region Size: 2M
 Heap Min Capacity: 8M
 Heap Initial Capacity: 252M
 Heap Max Capacity: 4022M
 Pre-touch: Disabled
 Parallel Workers: 10
 Concurrent Workers: 3
 Concurrent Refinement Workers: 10
 Periodic GC: Disabled

Heap:
 garbage-first heap   total 362496K, used 290337K [0x0000000704a00000, 0x0000000800000000)
  region size 2048K, 14 young (28672K), 1 survivors (2048K)
 Metaspace       used 55646K, committed 56192K, reserved 1114112K
  class space    used 7476K, committed 7744K, reserved 1048576K

Heap Regions: E=young(eden), S=young(survivor), O=old, HS=humongous(starts), HC=humongous(continues), CS=collection set, F=free, TAMS=top-at-mark-start, PB=parsable bottom
|   0|0x0000000704a00000, 0x0000000704c00000, 0x0000000704c00000|100%|HS|  |TAMS 0x0000000704a00000| PB 0x0000000704a00000| Complete 
|   1|0x0000000704c00000, 0x0000000704e00000, 0x0000000704e00000|100%| O|  |TAMS 0x0000000704c00000| PB 0x0000000704c00000| Untracked 
|   2|0x0000000704e00000, 0x0000000705000000, 0x0000000705000000|100%| O|  |TAMS 0x0000000704e00000| PB 0x0000000704e00000| Untracked 
|   3|0x0000000705000000, 0x0000000705200000, 0x0000000705200000|100%| O|  |TAMS 0x0000000705000000| PB 0x0000000705000000| Untracked 
|   4|0x0000000705200000, 0x0000000705400000, 0x0000000705400000|100%| O|  |TAMS 0x0000000705200000| PB 0x0000000705200000| Untracked 
|   5|0x0000000705400000, 0x0000000705600000, 0x0000000705600000|100%| O|  |TAMS 0x0000000705400000| PB 0x0000000705400000| Untracked 
|   6|0x0000000705600000, 0x0000000705800000, 0x0000000705800000|100%| O|Cm|TAMS 0x0000000705600000| PB 0x0000000705600000| Complete 
|   7|0x0000000705800000, 0x0000000705a00000, 0x0000000705a00000|100%|HS|  |TAMS 0x0000000705800000| PB 0x0000000705800000| Complete 
|   8|0x0000000705a00000, 0x0000000705c00000, 0x0000000705c00000|100%|HS|  |TAMS 0x0000000705a00000| PB 0x0000000705a00000| Complete 
|   9|0x0000000705c00000, 0x0000000705e00000, 0x0000000705e00000|100%|HS|  |TAMS 0x0000000705c00000| PB 0x0000000705c00000| Complete 
|  10|0x0000000705e00000, 0x0000000706000000, 0x0000000706000000|100%|HC|  |TAMS 0x0000000705e00000| PB 0x0000000705e00000| Complete 
|  11|0x0000000706000000, 0x0000000706200000, 0x0000000706200000|100%|HC|  |TAMS 0x0000000706000000| PB 0x0000000706000000| Complete 
|  12|0x0000000706200000, 0x0000000706400000, 0x0000000706400000|100%|HC|  |TAMS 0x0000000706200000| PB 0x0000000706200000| Complete 
|  13|0x0000000706400000, 0x0000000706600000, 0x0000000706600000|100%|HC|  |TAMS 0x0000000706400000| PB 0x0000000706400000| Complete 
|  14|0x0000000706600000, 0x0000000706800000, 0x0000000706800000|100%|HC|  |TAMS 0x0000000706600000| PB 0x0000000706600000| Complete 
|  15|0x0000000706800000, 0x0000000706a00000, 0x0000000706a00000|100%|HC|  |TAMS 0x0000000706800000| PB 0x0000000706800000| Complete 
|  16|0x0000000706a00000, 0x0000000706c00000, 0x0000000706c00000|100%|HC|  |TAMS 0x0000000706a00000| PB 0x0000000706a00000| Complete 
|  17|0x0000000706c00000, 0x0000000706e00000, 0x0000000706e00000|100%|HC|  |TAMS 0x0000000706c00000| PB 0x0000000706c00000| Complete 
|  18|0x0000000706e00000, 0x0000000707000000, 0x0000000707000000|100%|HC|  |TAMS 0x0000000706e00000| PB 0x0000000706e00000| Complete 
|  19|0x0000000707000000, 0x0000000707200000, 0x0000000707200000|100%|HS|  |TAMS 0x0000000707000000| PB 0x0000000707000000| Complete 
|  20|0x0000000707200000, 0x0000000707400000, 0x0000000707400000|100%|HS|  |TAMS 0x0000000707200000| PB 0x0000000707200000| Complete 
|  21|0x0000000707400000, 0x0000000707600000, 0x0000000707600000|100%|HS|  |TAMS 0x0000000707400000| PB 0x0000000707400000| Complete 
|  22|0x0000000707600000, 0x0000000707800000, 0x0000000707800000|100%|HS|  |TAMS 0x0000000707600000| PB 0x0000000707600000| Complete 
|  23|0x0000000707800000, 0x0000000707a00000, 0x0000000707a00000|100%|HS|  |TAMS 0x0000000707800000| PB 0x0000000707800000| Complete 
|  24|0x0000000707a00000, 0x0000000707c00000, 0x0000000707c00000|100%|HS|  |TAMS 0x0000000707a00000| PB 0x0000000707a00000| Complete 
|  25|0x0000000707c00000, 0x0000000707e00000, 0x0000000707e00000|100%|HC|  |TAMS 0x0000000707c00000| PB 0x0000000707c00000| Complete 
|  26|0x0000000707e00000, 0x0000000708000000, 0x0000000708000000|100%|HC|  |TAMS 0x0000000707e00000| PB 0x0000000707e00000| Complete 
|  27|0x0000000708000000, 0x0000000708200000, 0x0000000708200000|100%|HC|  |TAMS 0x0000000708000000| PB 0x0000000708000000| Complete 
|  28|0x0000000708200000, 0x0000000708400000, 0x0000000708400000|100%|HC|  |TAMS 0x0000000708200000| PB 0x0000000708200000| Complete 
|  29|0x0000000708400000, 0x0000000708600000, 0x0000000708600000|100%|HC|  |TAMS 0x0000000708400000| PB 0x0000000708400000| Complete 
|  30|0x0000000708600000, 0x0000000708800000, 0x0000000708800000|100%|HC|  |TAMS 0x0000000708600000| PB 0x0000000708600000| Complete 
|  31|0x0000000708800000, 0x0000000708a00000, 0x0000000708a00000|100%|HC|  |TAMS 0x0000000708800000| PB 0x0000000708800000| Complete 
|  32|0x0000000708a00000, 0x0000000708c00000, 0x0000000708c00000|100%|HC|  |TAMS 0x0000000708a00000| PB 0x0000000708a00000| Complete 
|  33|0x0000000708c00000, 0x0000000708e00000, 0x0000000708e00000|100%|HC|  |TAMS 0x0000000708c00000| PB 0x0000000708c00000| Complete 
|  34|0x0000000708e00000, 0x0000000709000000, 0x0000000709000000|100%|HC|  |TAMS 0x0000000708e00000| PB 0x0000000708e00000| Complete 
|  35|0x0000000709000000, 0x0000000709200000, 0x0000000709200000|100%|HC|  |TAMS 0x0000000709000000| PB 0x0000000709000000| Complete 
|  36|0x0000000709200000, 0x0000000709400000, 0x0000000709400000|100%|HC|  |TAMS 0x0000000709200000| PB 0x0000000709200000| Complete 
|  37|0x0000000709400000, 0x0000000709600000, 0x0000000709600000|100%|HC|  |TAMS 0x0000000709400000| PB 0x0000000709400000| Complete 
|  38|0x0000000709600000, 0x0000000709800000, 0x0000000709800000|100%|HC|  |TAMS 0x0000000709600000| PB 0x0000000709600000| Complete 
|  39|0x0000000709800000, 0x0000000709a00000, 0x0000000709a00000|100%|HC|  |TAMS 0x0000000709800000| PB 0x0000000709800000| Complete 
|  40|0x0000000709a00000, 0x0000000709c00000, 0x0000000709c00000|100%|HC|  |TAMS 0x0000000709a00000| PB 0x0000000709a00000| Complete 
|  41|0x0000000709c00000, 0x0000000709e00000, 0x0000000709e00000|100%|HC|  |TAMS 0x0000000709c00000| PB 0x0000000709c00000| Complete 
|  42|0x0000000709e00000, 0x000000070a000000, 0x000000070a000000|100%|HC|  |TAMS 0x0000000709e00000| PB 0x0000000709e00000| Complete 
|  43|0x000000070a000000, 0x000000070a200000, 0x000000070a200000|100%|HC|  |TAMS 0x000000070a000000| PB 0x000000070a000000| Complete 
|  44|0x000000070a200000, 0x000000070a400000, 0x000000070a400000|100%|HC|  |TAMS 0x000000070a200000| PB 0x000000070a200000| Complete 
|  45|0x000000070a400000, 0x000000070a600000, 0x000000070a600000|100%|HC|  |TAMS 0x000000070a400000| PB 0x000000070a400000| Complete 
|  46|0x000000070a600000, 0x000000070a800000, 0x000000070a800000|100%|HC|  |TAMS 0x000000070a600000| PB 0x000000070a600000| Complete 
|  47|0x000000070a800000, 0x000000070aa00000, 0x000000070aa00000|100%|HC|  |TAMS 0x000000070a800000| PB 0x000000070a800000| Complete 
|  48|0x000000070aa00000, 0x000000070ac00000, 0x000000070ac00000|100%|HC|  |TAMS 0x000000070aa00000| PB 0x000000070aa00000| Complete 
|  49|0x000000070ac00000, 0x000000070ae00000, 0x000000070ae00000|100%|HC|  |TAMS 0x000000070ac00000| PB 0x000000070ac00000| Complete 
|  50|0x000000070ae00000, 0x000000070b000000, 0x000000070b000000|100%|HC|  |TAMS 0x000000070ae00000| PB 0x000000070ae00000| Complete 
|  51|0x000000070b000000, 0x000000070b200000, 0x000000070b200000|100%|HS|  |TAMS 0x000000070b000000| PB 0x000000070b000000| Complete 
|  52|0x000000070b200000, 0x000000070b400000, 0x000000070b400000|100%|HS|  |TAMS 0x000000070b200000| PB 0x000000070b200000| Complete 
|  53|0x000000070b400000, 0x000000070b600000, 0x000000070b600000|100%|HS|  |TAMS 0x000000070b400000| PB 0x000000070b400000| Complete 
|  54|0x000000070b600000, 0x000000070b800000, 0x000000070b800000|100%| O|  |TAMS 0x000000070b600000| PB 0x000000070b600000| Untracked 
|  55|0x000000070b800000, 0x000000070ba00000, 0x000000070ba00000|100%| O|  |TAMS 0x000000070b800000| PB 0x000000070b800000| Untracked 
|  56|0x000000070ba00000, 0x000000070ba4eed0, 0x000000070bc00000| 15%| O|  |TAMS 0x000000070ba00000| PB 0x000000070ba00000| Untracked 
|  57|0x000000070bc00000, 0x000000070be00000, 0x000000070be00000|100%|HS|  |TAMS 0x000000070bc00000| PB 0x000000070bc00000| Complete 
|  58|0x000000070be00000, 0x000000070c000000, 0x000000070c000000|100%|HC|  |TAMS 0x000000070be00000| PB 0x000000070be00000| Complete 
|  59|0x000000070c000000, 0x000000070c200000, 0x000000070c200000|100%|HS|  |TAMS 0x000000070c000000| PB 0x000000070c000000| Complete 
|  60|0x000000070c200000, 0x000000070c400000, 0x000000070c400000|100%|HC|  |TAMS 0x000000070c200000| PB 0x000000070c200000| Complete 
|  61|0x000000070c400000, 0x000000070c600000, 0x000000070c600000|100%|HS|  |TAMS 0x000000070c400000| PB 0x000000070c400000| Complete 
|  62|0x000000070c600000, 0x000000070c800000, 0x000000070c800000|100%|HC|  |TAMS 0x000000070c600000| PB 0x000000070c600000| Complete 
|  63|0x000000070c800000, 0x000000070c800000, 0x000000070ca00000|  0%| F|  |TAMS 0x000000070c800000| PB 0x000000070c800000| Untracked 
|  64|0x000000070ca00000, 0x000000070ca00000, 0x000000070cc00000|  0%| F|  |TAMS 0x000000070ca00000| PB 0x000000070ca00000| Untracked 
|  65|0x000000070cc00000, 0x000000070cc00000, 0x000000070ce00000|  0%| F|  |TAMS 0x000000070cc00000| PB 0x000000070cc00000| Untracked 
|  66|0x000000070ce00000, 0x000000070ce00000, 0x000000070d000000|  0%| F|  |TAMS 0x000000070ce00000| PB 0x000000070ce00000| Untracked 
|  67|0x000000070d000000, 0x000000070d000000, 0x000000070d200000|  0%| F|  |TAMS 0x000000070d000000| PB 0x000000070d000000| Untracked 
|  68|0x000000070d200000, 0x000000070d400000, 0x000000070d400000|100%|HS|  |TAMS 0x000000070d200000| PB 0x000000070d200000| Complete 
|  69|0x000000070d400000, 0x000000070d600000, 0x000000070d600000|100%|HC|  |TAMS 0x000000070d400000| PB 0x000000070d400000| Complete 
|  70|0x000000070d600000, 0x000000070d800000, 0x000000070d800000|100%|HS|  |TAMS 0x000000070d600000| PB 0x000000070d600000| Complete 
|  71|0x000000070d800000, 0x000000070da00000, 0x000000070da00000|100%|HC|  |TAMS 0x000000070d800000| PB 0x000000070d800000| Complete 
|  72|0x000000070da00000, 0x000000070dc00000, 0x000000070dc00000|100%|HC|  |TAMS 0x000000070da00000| PB 0x000000070da00000| Complete 
|  73|0x000000070dc00000, 0x000000070de00000, 0x000000070de00000|100%|HC|  |TAMS 0x000000070dc00000| PB 0x000000070dc00000| Complete 
|  74|0x000000070de00000, 0x000000070e000000, 0x000000070e000000|100%|HC|  |TAMS 0x000000070de00000| PB 0x000000070de00000| Complete 
|  75|0x000000070e000000, 0x000000070e200000, 0x000000070e200000|100%|HC|  |TAMS 0x000000070e000000| PB 0x000000070e000000| Complete 
|  76|0x000000070e200000, 0x000000070e400000, 0x000000070e400000|100%|HC|  |TAMS 0x000000070e200000| PB 0x000000070e200000| Complete 
|  77|0x000000070e400000, 0x000000070e600000, 0x000000070e600000|100%|HC|  |TAMS 0x000000070e400000| PB 0x000000070e400000| Complete 
|  78|0x000000070e600000, 0x000000070e800000, 0x000000070e800000|100%|HC|  |TAMS 0x000000070e600000| PB 0x000000070e600000| Complete 
|  79|0x000000070e800000, 0x000000070ea00000, 0x000000070ea00000|100%|HC|  |TAMS 0x000000070e800000| PB 0x000000070e800000| Complete 
|  80|0x000000070ea00000, 0x000000070ec00000, 0x000000070ec00000|100%|HC|  |TAMS 0x000000070ea00000| PB 0x000000070ea00000| Complete 
|  81|0x000000070ec00000, 0x000000070ee00000, 0x000000070ee00000|100%|HC|  |TAMS 0x000000070ec00000| PB 0x000000070ec00000| Complete 
|  82|0x000000070ee00000, 0x000000070f000000, 0x000000070f000000|100%|HC|  |TAMS 0x000000070ee00000| PB 0x000000070ee00000| Complete 
|  83|0x000000070f000000, 0x000000070f200000, 0x000000070f200000|100%|HC|  |TAMS 0x000000070f000000| PB 0x000000070f000000| Complete 
|  84|0x000000070f200000, 0x000000070f400000, 0x000000070f400000|100%|HC|  |TAMS 0x000000070f200000| PB 0x000000070f200000| Complete 
|  85|0x000000070f400000, 0x000000070f600000, 0x000000070f600000|100%|HC|  |TAMS 0x000000070f400000| PB 0x000000070f400000| Complete 
|  86|0x000000070f600000, 0x000000070f800000, 0x000000070f800000|100%|HC|  |TAMS 0x000000070f600000| PB 0x000000070f600000| Complete 
|  87|0x000000070f800000, 0x000000070fa00000, 0x000000070fa00000|100%|HC|  |TAMS 0x000000070f800000| PB 0x000000070f800000| Complete 
|  88|0x000000070fa00000, 0x000000070fc00000, 0x000000070fc00000|100%|HC|  |TAMS 0x000000070fa00000| PB 0x000000070fa00000| Complete 
|  89|0x000000070fc00000, 0x000000070fe00000, 0x000000070fe00000|100%|HC|  |TAMS 0x000000070fc00000| PB 0x000000070fc00000| Complete 
|  90|0x000000070fe00000, 0x0000000710000000, 0x0000000710000000|100%|HC|  |TAMS 0x000000070fe00000| PB 0x000000070fe00000| Complete 
|  91|0x0000000710000000, 0x0000000710200000, 0x0000000710200000|100%|HC|  |TAMS 0x0000000710000000| PB 0x0000000710000000| Complete 
|  92|0x0000000710200000, 0x0000000710200000, 0x0000000710400000|  0%| F|  |TAMS 0x0000000710200000| PB 0x0000000710200000| Untracked 
|  93|0x0000000710400000, 0x0000000710400000, 0x0000000710600000|  0%| F|  |TAMS 0x0000000710400000| PB 0x0000000710400000| Untracked 
|  94|0x0000000710600000, 0x0000000710739648, 0x0000000710800000| 61%| S|CS|TAMS 0x0000000710600000| PB 0x0000000710600000| Complete 
|  95|0x0000000710800000, 0x0000000710a00000, 0x0000000710a00000|100%|HS|  |TAMS 0x0000000710800000| PB 0x0000000710800000| Complete 
|  96|0x0000000710a00000, 0x0000000710c00000, 0x0000000710c00000|100%|HC|  |TAMS 0x0000000710a00000| PB 0x0000000710a00000| Complete 
|  97|0x0000000710c00000, 0x0000000710e00000, 0x0000000710e00000|100%|HC|  |TAMS 0x0000000710c00000| PB 0x0000000710c00000| Complete 
|  98|0x0000000710e00000, 0x0000000711000000, 0x0000000711000000|100%|HC|  |TAMS 0x0000000710e00000| PB 0x0000000710e00000| Complete 
|  99|0x0000000711000000, 0x0000000711200000, 0x0000000711200000|100%|HC|  |TAMS 0x0000000711000000| PB 0x0000000711000000| Complete 
| 100|0x0000000711200000, 0x0000000711400000, 0x0000000711400000|100%|HC|  |TAMS 0x0000000711200000| PB 0x0000000711200000| Complete 
| 101|0x0000000711400000, 0x0000000711600000, 0x0000000711600000|100%|HC|  |TAMS 0x0000000711400000| PB 0x0000000711400000| Complete 
| 102|0x0000000711600000, 0x0000000711800000, 0x0000000711800000|100%|HC|  |TAMS 0x0000000711600000| PB 0x0000000711600000| Complete 
| 103|0x0000000711800000, 0x0000000711a00000, 0x0000000711a00000|100%|HC|  |TAMS 0x0000000711800000| PB 0x0000000711800000| Complete 
| 104|0x0000000711a00000, 0x0000000711a00000, 0x0000000711c00000|  0%| F|  |TAMS 0x0000000711a00000| PB 0x0000000711a00000| Untracked 
| 105|0x0000000711c00000, 0x0000000711c00000, 0x0000000711e00000|  0%| F|  |TAMS 0x0000000711c00000| PB 0x0000000711c00000| Untracked 
| 106|0x0000000711e00000, 0x0000000711e00000, 0x0000000712000000|  0%| F|  |TAMS 0x0000000711e00000| PB 0x0000000711e00000| Untracked 
| 107|0x0000000712000000, 0x0000000712000000, 0x0000000712200000|  0%| F|  |TAMS 0x0000000712000000| PB 0x0000000712000000| Untracked 
| 108|0x0000000712200000, 0x0000000712200000, 0x0000000712400000|  0%| F|  |TAMS 0x0000000712200000| PB 0x0000000712200000| Untracked 
| 109|0x0000000712400000, 0x0000000712400000, 0x0000000712600000|  0%| F|  |TAMS 0x0000000712400000| PB 0x0000000712400000| Untracked 
| 110|0x0000000712600000, 0x0000000712600000, 0x0000000712800000|  0%| F|  |TAMS 0x0000000712600000| PB 0x0000000712600000| Untracked 
| 111|0x0000000712800000, 0x0000000712800000, 0x0000000712a00000|  0%| F|  |TAMS 0x0000000712800000| PB 0x0000000712800000| Untracked 
| 112|0x0000000712a00000, 0x0000000712a00000, 0x0000000712c00000|  0%| F|  |TAMS 0x0000000712a00000| PB 0x0000000712a00000| Untracked 
| 113|0x0000000712c00000, 0x0000000712c00000, 0x0000000712e00000|  0%| F|  |TAMS 0x0000000712c00000| PB 0x0000000712c00000| Untracked 
| 114|0x0000000712e00000, 0x0000000712e00000, 0x0000000713000000|  0%| F|  |TAMS 0x0000000712e00000| PB 0x0000000712e00000| Untracked 
| 115|0x0000000713000000, 0x0000000713000000, 0x0000000713200000|  0%| F|  |TAMS 0x0000000713000000| PB 0x0000000713000000| Untracked 
| 116|0x0000000713200000, 0x0000000713200000, 0x0000000713400000|  0%| F|  |TAMS 0x0000000713200000| PB 0x0000000713200000| Untracked 
| 117|0x0000000713400000, 0x0000000713400000, 0x0000000713600000|  0%| F|  |TAMS 0x0000000713400000| PB 0x0000000713400000| Untracked 
| 118|0x0000000713600000, 0x0000000713600000, 0x0000000713800000|  0%| F|  |TAMS 0x0000000713600000| PB 0x0000000713600000| Untracked 
| 119|0x0000000713800000, 0x0000000713800000, 0x0000000713a00000|  0%| F|  |TAMS 0x0000000713800000| PB 0x0000000713800000| Untracked 
| 120|0x0000000713a00000, 0x0000000713a00000, 0x0000000713c00000|  0%| F|  |TAMS 0x0000000713a00000| PB 0x0000000713a00000| Untracked 
| 121|0x0000000713c00000, 0x0000000713c00000, 0x0000000713e00000|  0%| F|  |TAMS 0x0000000713c00000| PB 0x0000000713c00000| Untracked 
| 122|0x0000000713e00000, 0x0000000713e00000, 0x0000000714000000|  0%| F|  |TAMS 0x0000000713e00000| PB 0x0000000713e00000| Untracked 
| 123|0x0000000714000000, 0x0000000714000000, 0x0000000714200000|  0%| F|  |TAMS 0x0000000714000000| PB 0x0000000714000000| Untracked 
| 124|0x0000000714200000, 0x0000000714200000, 0x0000000714400000|  0%| F|  |TAMS 0x0000000714200000| PB 0x0000000714200000| Untracked 
| 125|0x0000000714400000, 0x0000000714600000, 0x0000000714600000|100%| E|CS|TAMS 0x0000000714400000| PB 0x0000000714400000| Complete 
| 126|0x0000000714600000, 0x0000000714600000, 0x0000000714800000|  0%| F|  |TAMS 0x0000000714600000| PB 0x0000000714600000| Untracked 
| 127|0x0000000714800000, 0x0000000714800000, 0x0000000714a00000|  0%| F|  |TAMS 0x0000000714800000| PB 0x0000000714800000| Untracked 
| 128|0x0000000714a00000, 0x0000000714a00000, 0x0000000714c00000|  0%| F|  |TAMS 0x0000000714a00000| PB 0x0000000714a00000| Untracked 
| 129|0x0000000714c00000, 0x0000000714c00000, 0x0000000714e00000|  0%| F|  |TAMS 0x0000000714c00000| PB 0x0000000714c00000| Untracked 
| 130|0x0000000714e00000, 0x0000000714e00000, 0x0000000715000000|  0%| F|  |TAMS 0x0000000714e00000| PB 0x0000000714e00000| Untracked 
| 131|0x0000000715000000, 0x000000071514cd60, 0x0000000715200000| 65%| E|  |TAMS 0x0000000715000000| PB 0x0000000715000000| Complete 
| 132|0x0000000715200000, 0x0000000715400000, 0x0000000715400000|100%| E|CS|TAMS 0x0000000715200000| PB 0x0000000715200000| Complete 
| 133|0x0000000715400000, 0x0000000715600000, 0x0000000715600000|100%| E|CS|TAMS 0x0000000715400000| PB 0x0000000715400000| Complete 
| 134|0x0000000715600000, 0x0000000715800000, 0x0000000715800000|100%| E|CS|TAMS 0x0000000715600000| PB 0x0000000715600000| Complete 
| 135|0x0000000715800000, 0x0000000715a00000, 0x0000000715a00000|100%| E|CS|TAMS 0x0000000715800000| PB 0x0000000715800000| Complete 
| 136|0x0000000715a00000, 0x0000000715c00000, 0x0000000715c00000|100%| E|CS|TAMS 0x0000000715a00000| PB 0x0000000715a00000| Complete 
| 137|0x0000000715c00000, 0x0000000715e00000, 0x0000000715e00000|100%| E|CS|TAMS 0x0000000715c00000| PB 0x0000000715c00000| Complete 
| 138|0x0000000715e00000, 0x0000000716000000, 0x0000000716000000|100%| E|CS|TAMS 0x0000000715e00000| PB 0x0000000715e00000| Complete 
| 139|0x0000000716000000, 0x0000000716200000, 0x0000000716200000|100%| E|CS|TAMS 0x0000000716000000| PB 0x0000000716000000| Complete 
| 140|0x0000000716200000, 0x0000000716400000, 0x0000000716400000|100%| E|CS|TAMS 0x0000000716200000| PB 0x0000000716200000| Complete 
| 141|0x0000000716400000, 0x0000000716600000, 0x0000000716600000|100%| E|CS|TAMS 0x0000000716400000| PB 0x0000000716400000| Complete 
| 142|0x0000000716600000, 0x0000000716800000, 0x0000000716800000|100%| E|CS|TAMS 0x0000000716600000| PB 0x0000000716600000| Complete 
| 143|0x0000000716800000, 0x0000000716a00000, 0x0000000716a00000|100%|HS|  |TAMS 0x0000000716800000| PB 0x0000000716800000| Complete 
| 144|0x0000000716a00000, 0x0000000716c00000, 0x0000000716c00000|100%|HC|  |TAMS 0x0000000716a00000| PB 0x0000000716a00000| Complete 
| 145|0x0000000716c00000, 0x0000000716e00000, 0x0000000716e00000|100%|HC|  |TAMS 0x0000000716c00000| PB 0x0000000716c00000| Complete 
| 146|0x0000000716e00000, 0x0000000717000000, 0x0000000717000000|100%|HC|  |TAMS 0x0000000716e00000| PB 0x0000000716e00000| Complete 
| 147|0x0000000717000000, 0x0000000717200000, 0x0000000717200000|100%|HC|  |TAMS 0x0000000717000000| PB 0x0000000717000000| Complete 
| 148|0x0000000717200000, 0x0000000717400000, 0x0000000717400000|100%|HC|  |TAMS 0x0000000717200000| PB 0x0000000717200000| Complete 
| 149|0x0000000717400000, 0x0000000717600000, 0x0000000717600000|100%|HC|  |TAMS 0x0000000717400000| PB 0x0000000717400000| Complete 
| 150|0x0000000717600000, 0x0000000717800000, 0x0000000717800000|100%|HC|  |TAMS 0x0000000717600000| PB 0x0000000717600000| Complete 
| 151|0x0000000717800000, 0x0000000717a00000, 0x0000000717a00000|100%|HC|  |TAMS 0x0000000717800000| PB 0x0000000717800000| Complete 
| 152|0x0000000717a00000, 0x0000000717c00000, 0x0000000717c00000|100%|HC|  |TAMS 0x0000000717a00000| PB 0x0000000717a00000| Complete 
| 153|0x0000000717c00000, 0x0000000717e00000, 0x0000000717e00000|100%|HC|  |TAMS 0x0000000717c00000| PB 0x0000000717c00000| Complete 
| 154|0x0000000717e00000, 0x0000000718000000, 0x0000000718000000|100%|HC|  |TAMS 0x0000000717e00000| PB 0x0000000717e00000| Complete 
| 155|0x0000000718000000, 0x0000000718200000, 0x0000000718200000|100%|HC|  |TAMS 0x0000000718000000| PB 0x0000000718000000| Complete 
| 156|0x0000000718200000, 0x0000000718400000, 0x0000000718400000|100%|HC|  |TAMS 0x0000000718200000| PB 0x0000000718200000| Complete 
| 157|0x0000000718400000, 0x0000000718600000, 0x0000000718600000|100%|HC|  |TAMS 0x0000000718400000| PB 0x0000000718400000| Complete 
| 158|0x0000000718600000, 0x0000000718800000, 0x0000000718800000|100%|HC|  |TAMS 0x0000000718600000| PB 0x0000000718600000| Complete 
| 159|0x0000000718800000, 0x0000000718a00000, 0x0000000718a00000|100%|HC|  |TAMS 0x0000000718800000| PB 0x0000000718800000| Complete 
| 160|0x0000000718a00000, 0x0000000718c00000, 0x0000000718c00000|100%|HC|  |TAMS 0x0000000718a00000| PB 0x0000000718a00000| Complete 
| 161|0x0000000718c00000, 0x0000000718e00000, 0x0000000718e00000|100%|HC|  |TAMS 0x0000000718c00000| PB 0x0000000718c00000| Complete 
| 162|0x0000000718e00000, 0x0000000719000000, 0x0000000719000000|100%|HC|  |TAMS 0x0000000718e00000| PB 0x0000000718e00000| Complete 
| 163|0x0000000719000000, 0x0000000719200000, 0x0000000719200000|100%|HC|  |TAMS 0x0000000719000000| PB 0x0000000719000000| Complete 
| 164|0x0000000719200000, 0x0000000719400000, 0x0000000719400000|100%|HC|  |TAMS 0x0000000719200000| PB 0x0000000719200000| Complete 
| 165|0x0000000719400000, 0x0000000719600000, 0x0000000719600000|100%|HC|  |TAMS 0x0000000719400000| PB 0x0000000719400000| Complete 
| 166|0x0000000719600000, 0x0000000719800000, 0x0000000719800000|100%|HC|  |TAMS 0x0000000719600000| PB 0x0000000719600000| Complete 
| 167|0x0000000719800000, 0x0000000719a00000, 0x0000000719a00000|100%|HC|  |TAMS 0x0000000719800000| PB 0x0000000719800000| Complete 
| 168|0x0000000719a00000, 0x0000000719c00000, 0x0000000719c00000|100%|HC|  |TAMS 0x0000000719a00000| PB 0x0000000719a00000| Complete 
| 169|0x0000000719c00000, 0x0000000719e00000, 0x0000000719e00000|100%|HC|  |TAMS 0x0000000719c00000| PB 0x0000000719c00000| Complete 
| 170|0x0000000719e00000, 0x000000071a000000, 0x000000071a000000|100%|HC|  |TAMS 0x0000000719e00000| PB 0x0000000719e00000| Complete 
| 171|0x000000071a000000, 0x000000071a200000, 0x000000071a200000|100%|HC|  |TAMS 0x000000071a000000| PB 0x000000071a000000| Complete 
| 172|0x000000071a200000, 0x000000071a400000, 0x000000071a400000|100%|HC|  |TAMS 0x000000071a200000| PB 0x000000071a200000| Complete 
| 173|0x000000071a400000, 0x000000071a600000, 0x000000071a600000|100%|HC|  |TAMS 0x000000071a400000| PB 0x000000071a400000| Complete 
| 174|0x000000071a600000, 0x000000071a800000, 0x000000071a800000|100%|HC|  |TAMS 0x000000071a600000| PB 0x000000071a600000| Complete 
| 175|0x000000071a800000, 0x000000071aa00000, 0x000000071aa00000|100%|HC|  |TAMS 0x000000071a800000| PB 0x000000071a800000| Complete 
|2010|0x00000007ffe00000, 0x0000000800000000, 0x0000000800000000|100%| O|  |TAMS 0x00000007ffe00000| PB 0x00000007ffe00000| Untracked 

Card table byte_map: [0x00000222ebbb0000,0x00000222ec390000] _byte_map_base: 0x00000222e838b000

Marking Bits: (CMBitMap*) 0x00000222db623da0
 Bits: [0x00000222ec390000, 0x00000222f0268000)

Polling page: 0x00000222d0aa0000

Metaspace:

Usage:
  Non-class:     47.04 MB used.
      Class:      7.30 MB used.
       Both:     54.34 MB used.

Virtual space:
  Non-class space:       64.00 MB reserved,      47.31 MB ( 74%) committed,  1 nodes.
      Class space:        1.00 GB reserved,       7.56 MB ( <1%) committed,  1 nodes.
             Both:        1.06 GB reserved,      54.88 MB (  5%) committed. 

Chunk freelists:
   Non-Class:  416.00 KB
       Class:  8.41 MB
        Both:  8.81 MB

MaxMetaspaceSize: unlimited
CompressedClassSpaceSize: 1.00 GB
Initial GC threshold: 21.00 MB
Current GC threshold: 88.88 MB
CDS: on
 - commit_granule_bytes: 65536.
 - commit_granule_words: 8192.
 - virtual_space_node_default_size: 8388608.
 - enlarge_chunks_in_place: 1.
 - use_allocation_guard: 0.


Internal statistics:

num_allocs_failed_limit: 6.
num_arena_births: 586.
num_arena_deaths: 0.
num_vsnodes_births: 2.
num_vsnodes_deaths: 0.
num_space_committed: 878.
num_space_uncommitted: 0.
num_chunks_returned_to_freelist: 6.
num_chunks_taken_from_freelist: 2296.
num_chunk_merges: 3.
num_chunk_splits: 1667.
num_chunks_enlarged: 1327.
num_inconsistent_stats: 0.

CodeHeap 'non-profiled nmethods': size=120000Kb used=4670Kb max_used=4670Kb free=115329Kb
 bounds [0x00000222e3220000, 0x00000222e36b0000, 0x00000222ea750000]
CodeHeap 'profiled nmethods': size=120000Kb used=16009Kb max_used=16009Kb free=103990Kb
 bounds [0x00000222db750000, 0x00000222dc700000, 0x00000222e2c80000]
CodeHeap 'non-nmethods': size=5760Kb used=2142Kb max_used=2207Kb free=3617Kb
 bounds [0x00000222e2c80000, 0x00000222e2ef0000, 0x00000222e3220000]
 total_blobs=7618 nmethods=6594 adapters=927
 compilation: enabled
              stopped_count=0, restarted_count=0
 full_count=0

Compilation events (20 events):
Event: 64.764 Thread 0x00000222f2e74d30 7296       4       com.sun.javafx.event.EventHandlerManager::dispatchCapturingEvent (23 bytes)
Event: 64.771 Thread 0x00000222f2e74d30 nmethod 7296 0x00000222e36aac90 code [0x00000222e36aaee0, 0x00000222e36ab828]
Event: 65.554 Thread 0x00000222f2e76110 7297       3       javafx.scene.Node$FocusWithinProperty::adjust (39 bytes)
Event: 65.554 Thread 0x00000222f2e76110 nmethod 7297 0x00000222dc6eed90 code [0x00000222dc6eef40, 0x00000222dc6ef228]
Event: 65.644 Thread 0x00000222f2e76110 7298       3       java.util.LinkedList::remove (77 bytes)
Event: 65.644 Thread 0x00000222f2e76110 nmethod 7298 0x00000222dc6ef390 code [0x00000222dc6ef5a0, 0x00000222dc6efad0]
Event: 66.190 Thread 0x00000222f2e76110 7299       3       com.sun.javafx.geom.RoundRectangle2D::setRoundRect (34 bytes)
Event: 66.191 Thread 0x00000222f2e76110 nmethod 7299 0x00000222dc6efe90 code [0x00000222dc6f0020, 0x00000222dc6f0148]
Event: 66.199 Thread 0x00000222f2e74d30 7300       4       com.sun.javafx.scene.input.InputEventUtils::recomputeCoordinates (220 bytes)
Event: 66.219 Thread 0x00000222f2e74d30 nmethod 7300 0x00000222e36ac690 code [0x00000222e36ac920, 0x00000222e36ad758]
Event: 66.222 Thread 0x00000222f2e74d30 7301       4       java.lang.Math::abs (11 bytes)
Event: 66.222 Thread 0x00000222f2e74d30 nmethod 7301 0x00000222e36af110 code [0x00000222e36af280, 0x00000222e36af2f8]
Event: 66.465 Thread 0x00000222f2e74d30 7302       4       java.util.ArrayDeque::pollFirst (36 bytes)
Event: 66.466 Thread 0x00000222f2e74d30 nmethod 7302 0x00000222e36af410 code [0x00000222e36af5a0, 0x00000222e36af6f8]
Event: 67.897 Thread 0x00000222f2e76110 7303       3       jdk.internal.loader.ClassLoaders::bootLoader (4 bytes)
Event: 67.897 Thread 0x00000222f2e76110 nmethod 7303 0x00000222dc6f0290 code [0x00000222dc6f0420, 0x00000222dc6f0518]
Event: 72.439 Thread 0x00000222f2e76110 7304       3       java.util.logging.LogManager::checkPermission (16 bytes)
Event: 72.439 Thread 0x00000222f2e76110 nmethod 7304 0x00000222dc6f0590 code [0x00000222dc6f0740, 0x00000222dc6f0930]
Event: 72.439 Thread 0x00000222f2e76110 7305   !   3       java.util.logging.LogManager$LoggerContext::findLogger (113 bytes)
Event: 72.440 Thread 0x00000222f2e76110 nmethod 7305 0x00000222dc6f0a90 code [0x00000222dc6f0d40, 0x00000222dc6f1d58]

GC Heap History (20 events):
Event: 4.631 GC heap before
{Heap before GC invocations=5 (full 0):
 garbage-first heap   total 61440K, used 35600K [0x0000000704a00000, 0x0000000800000000)
  region size 2048K, 18 young (36864K), 6 survivors (12288K)
 Metaspace       used 34527K, committed 34816K, reserved 1114112K
  class space    used 4314K, committed 4416K, reserved 1048576K
}
Event: 4.640 GC heap after
{Heap after GC invocations=6 (full 0):
 garbage-first heap   total 61440K, used 11324K [0x0000000704a00000, 0x0000000800000000)
  region size 2048K, 2 young (4096K), 2 survivors (4096K)
 Metaspace       used 34527K, committed 34816K, reserved 1114112K
  class space    used 4314K, committed 4416K, reserved 1048576K
}
Event: 4.845 GC heap before
{Heap before GC invocations=6 (full 0):
 garbage-first heap   total 61440K, used 21564K [0x0000000704a00000, 0x0000000800000000)
  region size 2048K, 8 young (16384K), 2 survivors (4096K)
 Metaspace       used 35661K, committed 35968K, reserved 1114112K
  class space    used 4450K, committed 4608K, reserved 1048576K
}
Event: 4.849 GC heap after
{Heap after GC invocations=7 (full 0):
 garbage-first heap   total 61440K, used 11477K [0x0000000704a00000, 0x0000000800000000)
  region size 2048K, 2 young (4096K), 2 survivors (4096K)
 Metaspace       used 35661K, committed 35968K, reserved 1114112K
  class space    used 4450K, committed 4608K, reserved 1048576K
}
Event: 6.051 GC heap before
{Heap before GC invocations=8 (full 0):
 garbage-first heap   total 110592K, used 99541K [0x0000000704a00000, 0x0000000800000000)
  region size 2048K, 18 young (36864K), 2 survivors (4096K)
 Metaspace       used 40874K, committed 41344K, reserved 1114112K
  class space    used 5331K, committed 5568K, reserved 1048576K
}
Event: 6.057 GC heap after
{Heap after GC invocations=9 (full 0):
 garbage-first heap   total 143360K, used 69569K [0x0000000704a00000, 0x0000000800000000)
  region size 2048K, 3 young (6144K), 3 survivors (6144K)
 Metaspace       used 40874K, committed 41344K, reserved 1114112K
  class space    used 5331K, committed 5568K, reserved 1048576K
}
Event: 14.881 GC heap before
{Heap before GC invocations=9 (full 0):
 garbage-first heap   total 149504K, used 145345K [0x0000000704a00000, 0x0000000800000000)
  region size 2048K, 21 young (43008K), 3 survivors (6144K)
 Metaspace       used 46666K, committed 47040K, reserved 1114112K
  class space    used 6352K, committed 6528K, reserved 1048576K
}
Event: 14.890 GC heap after
{Heap after GC invocations=10 (full 0):
 garbage-first heap   total 157696K, used 110455K [0x0000000704a00000, 0x0000000800000000)
  region size 2048K, 3 young (6144K), 3 survivors (6144K)
 Metaspace       used 46666K, committed 47040K, reserved 1114112K
  class space    used 6352K, committed 6528K, reserved 1048576K
}
Event: 14.892 GC heap before
{Heap before GC invocations=10 (full 0):
 garbage-first heap   total 157696K, used 110455K [0x0000000704a00000, 0x0000000800000000)
  region size 2048K, 4 young (8192K), 3 survivors (6144K)
 Metaspace       used 46667K, committed 47040K, reserved 1114112K
  class space    used 6352K, committed 6528K, reserved 1048576K
}
Event: 14.897 GC heap after
{Heap after GC invocations=11 (full 0):
 garbage-first heap   total 157696K, used 111352K [0x0000000704a00000, 0x0000000800000000)
  region size 2048K, 2 young (4096K), 2 survivors (4096K)
 Metaspace       used 46667K, committed 47040K, reserved 1114112K
  class space    used 6352K, committed 6528K, reserved 1048576K
}
Event: 14.916 GC heap before
{Heap before GC invocations=12 (full 0):
 garbage-first heap   total 194560K, used 113400K [0x0000000704a00000, 0x0000000800000000)
  region size 2048K, 3 young (6144K), 2 survivors (4096K)
 Metaspace       used 46668K, committed 47040K, reserved 1114112K
  class space    used 6352K, committed 6528K, reserved 1048576K
}
Event: 14.920 GC heap after
{Heap after GC invocations=13 (full 0):
 garbage-first heap   total 194560K, used 113082K [0x0000000704a00000, 0x0000000800000000)
  region size 2048K, 2 young (4096K), 2 survivors (4096K)
 Metaspace       used 46668K, committed 47040K, reserved 1114112K
  class space    used 6352K, committed 6528K, reserved 1048576K
}
Event: 14.969 GC heap before
{Heap before GC invocations=14 (full 0):
 garbage-first heap   total 198656K, used 115130K [0x0000000704a00000, 0x0000000800000000)
  region size 2048K, 4 young (8192K), 2 survivors (4096K)
 Metaspace       used 46786K, committed 47296K, reserved 1114112K
  class space    used 6376K, committed 6592K, reserved 1048576K
}
Event: 14.972 GC heap after
{Heap after GC invocations=15 (full 0):
 garbage-first heap   total 198656K, used 115516K [0x0000000704a00000, 0x0000000800000000)
  region size 2048K, 2 young (4096K), 2 survivors (4096K)
 Metaspace       used 46786K, committed 47296K, reserved 1114112K
  class space    used 6376K, committed 6592K, reserved 1048576K
}
Event: 15.005 GC heap before
{Heap before GC invocations=16 (full 0):
 garbage-first heap   total 202752K, used 117564K [0x0000000704a00000, 0x0000000800000000)
  region size 2048K, 3 young (6144K), 2 survivors (4096K)
 Metaspace       used 46793K, committed 47296K, reserved 1114112K
  class space    used 6377K, committed 6592K, reserved 1048576K
}
Event: 15.008 GC heap after
{Heap after GC invocations=17 (full 0):
 garbage-first heap   total 202752K, used 117540K [0x0000000704a00000, 0x0000000800000000)
  region size 2048K, 2 young (4096K), 2 survivors (4096K)
 Metaspace       used 46793K, committed 47296K, reserved 1114112K
  class space    used 6377K, committed 6592K, reserved 1048576K
}
Event: 15.969 GC heap before
{Heap before GC invocations=18 (full 0):
 garbage-first heap   total 204800K, used 203556K [0x0000000704a00000, 0x0000000800000000)
  region size 2048K, 21 young (43008K), 2 survivors (4096K)
 Metaspace       used 52912K, committed 53376K, reserved 1114112K
  class space    used 7188K, committed 7360K, reserved 1048576K
}
Event: 15.975 GC heap after
{Heap after GC invocations=19 (full 0):
 garbage-first heap   total 210944K, used 166606K [0x0000000704a00000, 0x0000000800000000)
  region size 2048K, 3 young (6144K), 3 survivors (6144K)
 Metaspace       used 52912K, committed 53376K, reserved 1114112K
  class space    used 7188K, committed 7360K, reserved 1048576K
}
Event: 22.435 GC heap before
{Heap before GC invocations=19 (full 0):
 garbage-first heap   total 210944K, used 172750K [0x0000000704a00000, 0x0000000800000000)
  region size 2048K, 7 young (14336K), 3 survivors (6144K)
 Metaspace       used 54143K, committed 54592K, reserved 1114112K
  class space    used 7336K, committed 7552K, reserved 1048576K
}
Event: 22.441 GC heap after
{Heap after GC invocations=20 (full 0):
 garbage-first heap   total 210944K, used 167457K [0x0000000704a00000, 0x0000000800000000)
  region size 2048K, 1 young (2048K), 1 survivors (2048K)
 Metaspace       used 54143K, committed 54592K, reserved 1114112K
  class space    used 7336K, committed 7552K, reserved 1048576K
}

Dll operation events (20 events):
Event: 1.194 Loaded shared library C:\Users\yasas\.openjfx\cache\21.0.6+3\amd64\api-ms-win-crt-multibyte-l1-1-0.dll
Event: 1.200 Loaded shared library C:\Users\yasas\.openjfx\cache\21.0.6+3\amd64\api-ms-win-crt-private-l1-1-0.dll
Event: 1.206 Loaded shared library C:\Users\yasas\.openjfx\cache\21.0.6+3\amd64\api-ms-win-crt-process-l1-1-0.dll
Event: 1.211 Loaded shared library C:\Users\yasas\.openjfx\cache\21.0.6+3\amd64\api-ms-win-crt-runtime-l1-1-0.dll
Event: 1.215 Loaded shared library C:\Users\yasas\.openjfx\cache\21.0.6+3\amd64\api-ms-win-crt-stdio-l1-1-0.dll
Event: 1.220 Loaded shared library C:\Users\yasas\.openjfx\cache\21.0.6+3\amd64\api-ms-win-crt-string-l1-1-0.dll
Event: 1.226 Loaded shared library C:\Users\yasas\.openjfx\cache\21.0.6+3\amd64\api-ms-win-crt-time-l1-1-0.dll
Event: 1.230 Loaded shared library C:\Users\yasas\.openjfx\cache\21.0.6+3\amd64\api-ms-win-crt-utility-l1-1-0.dll
Event: 1.252 Loaded shared library C:\Users\yasas\.openjfx\cache\21.0.6+3\amd64\ucrtbase.dll
Event: 1.259 Loaded shared library C:\Users\yasas\.openjfx\cache\21.0.6+3\amd64\vcruntime140.dll
Event: 1.265 Loaded shared library C:\Users\yasas\.openjfx\cache\21.0.6+3\amd64\vcruntime140_1.dll
Event: 1.277 Loaded shared library C:\Users\yasas\.openjfx\cache\21.0.6+3\amd64\msvcp140.dll
Event: 1.287 Loaded shared library C:\Users\yasas\.openjfx\cache\21.0.6+3\amd64\msvcp140_1.dll
Event: 1.295 Loaded shared library C:\Users\yasas\.openjfx\cache\21.0.6+3\amd64\msvcp140_2.dll
Event: 1.396 Loaded shared library C:\Users\yasas\.openjfx\cache\21.0.6+3\amd64\prism_d3d.dll
Event: 1.745 Loaded shared library C:\Users\yasas\.openjfx\cache\21.0.6+3\amd64\glass.dll
Event: 1.972 Loaded shared library C:\Program Files\Java\jdk-21\bin\jimage.dll
Event: 2.324 Loaded shared library C:\Program Files\Java\jdk-21\bin\verify.dll
Event: 3.301 Loaded shared library C:\Program Files\Java\jdk-21\bin\sunmscapi.dll
Event: 5.871 Loaded shared library C:\Users\yasas\.openjfx\cache\21.0.6+3\amd64\javafx_font.dll

Deoptimization events (20 events):
Event: 59.058 Thread 0x00000222f8a98400 Uncommon trap: trap_request=0xffffffd6 fr.pc=0x00000222e36a7090 relative=0x0000000000000730
Event: 59.058 Thread 0x00000222f8a98400 Uncommon trap: reason=array_check action=maybe_recompile pc=0x00000222e36a7090 method=com.sun.javafx.event.EventDispatchChainImpl.prepend(Ljavafx/event/EventDispatcher;)Ljavafx/event/EventDispatchChain; @ 33 c2
Event: 59.058 Thread 0x00000222f8a98400 DEOPT PACKING pc=0x00000222e36a7090 sp=0x000000a8312f8ab0
Event: 59.058 Thread 0x00000222f8a98400 DEOPT UNPACKING pc=0x00000222e2cd46a2 sp=0x000000a8312f8a70 mode 2
Event: 59.068 Thread 0x00000222f8a98400 Uncommon trap: trap_request=0xffffffd6 fr.pc=0x00000222e36a714c relative=0x00000000000007ec
Event: 59.068 Thread 0x00000222f8a98400 Uncommon trap: reason=array_check action=maybe_recompile pc=0x00000222e36a714c method=com.sun.javafx.event.EventDispatchChainImpl.insertFirst(Ljavafx/event/EventDispatcher;)V @ 9 c2
Event: 59.068 Thread 0x00000222f8a98400 DEOPT PACKING pc=0x00000222e36a714c sp=0x000000a8312f8b60
Event: 59.068 Thread 0x00000222f8a98400 DEOPT UNPACKING pc=0x00000222e2cd46a2 sp=0x000000a8312f8ab8 mode 2
Event: 59.068 Thread 0x00000222f8a98400 Uncommon trap: trap_request=0xffffffd6 fr.pc=0x00000222e36a7090 relative=0x0000000000000730
Event: 59.068 Thread 0x00000222f8a98400 Uncommon trap: reason=array_check action=maybe_recompile pc=0x00000222e36a7090 method=com.sun.javafx.event.EventDispatchChainImpl.prepend(Ljavafx/event/EventDispatcher;)Ljavafx/event/EventDispatchChain; @ 33 c2
Event: 59.068 Thread 0x00000222f8a98400 DEOPT PACKING pc=0x00000222e36a7090 sp=0x000000a8312f8ab0
Event: 59.068 Thread 0x00000222f8a98400 DEOPT UNPACKING pc=0x00000222e2cd46a2 sp=0x000000a8312f8a70 mode 2
Event: 59.068 Thread 0x00000222f8a98400 Uncommon trap: trap_request=0xffffffd6 fr.pc=0x00000222e36a7090 relative=0x0000000000000730
Event: 59.068 Thread 0x00000222f8a98400 Uncommon trap: reason=array_check action=maybe_recompile pc=0x00000222e36a7090 method=com.sun.javafx.event.EventDispatchChainImpl.prepend(Ljavafx/event/EventDispatcher;)Ljavafx/event/EventDispatchChain; @ 33 c2
Event: 59.068 Thread 0x00000222f8a98400 DEOPT PACKING pc=0x00000222e36a7090 sp=0x000000a8312f8ab0
Event: 59.068 Thread 0x00000222f8a98400 DEOPT UNPACKING pc=0x00000222e2cd46a2 sp=0x000000a8312f8a70 mode 2
Event: 72.440 Thread 0x00000222f8486790 DEOPT PACKING pc=0x00000222dbff357c sp=0x000000a830cfed80
Event: 72.440 Thread 0x00000222c5deff00 DEOPT PACKING pc=0x00000222db9c165c sp=0x000000a82ebff320
Event: 72.440 Thread 0x00000222f8486790 DEOPT UNPACKING pc=0x00000222e2cd4e42 sp=0x000000a830cfe2b8 mode 1
Event: 72.440 Thread 0x00000222c5deff00 DEOPT UNPACKING pc=0x00000222e2cd4e42 sp=0x000000a82ebfe780 mode 1

Classes loaded (20 events):
Event: 55.935 Loading class com/sun/javafx/scene/control/behavior/CellBehaviorBase
Event: 55.935 Loading class com/sun/javafx/scene/control/behavior/CellBehaviorBase done
Event: 55.935 Loading class javafx/scene/input/MouseEvent
Event: 55.935 Loading class javafx/scene/input/MouseEvent done
Event: 55.935 Loading class com/sun/javafx/scene/control/behavior/CellBehaviorBase
Event: 55.935 Loading class com/sun/javafx/scene/control/behavior/CellBehaviorBase done
Event: 55.935 Loading class javafx/scene/input/MouseEvent
Event: 55.935 Loading class javafx/scene/input/MouseEvent done
Event: 65.643 Loading class com/sun/prism/GraphicsResource
Event: 65.643 Loading class com/sun/prism/GraphicsResource done
Event: 65.643 Loading class com/sun/prism/GraphicsResource
Event: 65.643 Loading class com/sun/prism/GraphicsResource done
Event: 72.437 Loading class jdk/internal/misc/Signal$1
Event: 72.437 Loading class jdk/internal/misc/Signal$1 done
Event: 72.438 Loading class java/util/IdentityHashMap$KeyIterator
Event: 72.438 Loading class java/util/IdentityHashMap$KeyIterator done
Event: 72.439 Loading class com/sun/javafx/tk/quantum/QuantumRenderer
Event: 72.439 Loading class com/sun/javafx/tk/quantum/QuantumRenderer done
Event: 72.440 Loading class com/sun/javafx/tk/quantum/QuantumToolkit
Event: 72.440 Loading class com/sun/javafx/tk/quantum/QuantumToolkit done

Classes unloaded (0 events):
No events

Classes redefined (1 events):
Event: 0.806 Thread 0x00000222db7375f0 redefined class name=java.lang.Throwable, count=1

Internal exceptions (20 events):
Event: 15.665 Thread 0x00000222f8a98400 Exception <a 'java/lang/NoSuchMethodError'{0x000000070c0b2a88}: 'int java.lang.invoke.DirectMethodHandle$Holder.invokeStatic(java.lang.Object)'> (0x000000070c0b2a88) 
thrown [s\open\src\hotspot\share\interpreter\linkResolver.cpp, line 773]
Event: 15.795 Thread 0x00000222f8a98400 Exception <a 'java/lang/NoSuchMethodError'{0x000000070bd4a6f8}: 'void java.lang.invoke.DirectMethodHandle$Holder.invokeInterface(java.lang.Object, java.lang.Object, java.lang.Object)'> (0x000000070bd4a6f8) 
thrown [s\open\src\hotspot\share\interpreter\linkResolver.cpp, line 773]
Event: 15.804 Thread 0x00000222f8a98400 Exception <a 'java/lang/NoSuchMethodError'{0x000000070bddb8d0}: 'void java.lang.invoke.DirectMethodHandle$Holder.invokeStaticInit(java.lang.Object, java.lang.Object, java.lang.Object, java.lang.Object, java.lang.Object)'> (0x000000070bddb8d0) 
thrown [s\open\src\hotspot\share\interpreter\linkResolver.cpp, line 773]
Event: 15.816 Thread 0x00000222f8a98400 Exception <a 'java/lang/NoSuchMethodError'{0x000000070ba72bb0}: 'void java.lang.invoke.DirectMethodHandle$Holder.invokeInterface(java.lang.Object, java.lang.Object, java.lang.Object, java.lang.Object)'> (0x000000070ba72bb0) 
thrown [s\open\src\hotspot\share\interpreter\linkResolver.cpp, line 773]
Event: 15.816 Thread 0x00000222f8a98400 Exception <a 'java/lang/IncompatibleClassChangeError'{0x000000070ba76598}: Found class java.lang.Object, but interface was expected> (0x000000070ba76598) 
thrown [s\open\src\hotspot\share\interpreter\linkResolver.cpp, line 840]
Event: 15.851 Thread 0x00000222f8a98400 Exception <a 'java/io/FileNotFoundException'{0x000000070b819cb8}> (0x000000070b819cb8) 
thrown [s\open\src\hotspot\share\prims\jni.cpp, line 520]
Event: 15.858 Thread 0x00000222f8a98400 Exception <a 'java/lang/ClassNotFoundException'{0x000000070b855cf8}: com/sun/javafx/scene/control/skin/resources/controls-nt> (0x000000070b855cf8) 
thrown [s\open\src\hotspot\share\prims\jni.cpp, line 539]
Event: 15.859 Thread 0x00000222f8a98400 Exception <a 'java/lang/ClassNotFoundException'{0x000000070b85e658}: com/sun/javafx/scene/control/skin/resources/controls-nt_en> (0x000000070b85e658) 
thrown [s\open\src\hotspot\share\prims\jni.cpp, line 539]
Event: 15.859 Thread 0x00000222f8a98400 Exception <a 'java/lang/ClassNotFoundException'{0x000000070b8602e0}: com/sun/javafx/scene/control/skin/resources/controls-nt_en_US> (0x000000070b8602e0) 
thrown [s\open\src\hotspot\share\prims\jni.cpp, line 539]
Event: 15.860 Thread 0x00000222f8a98400 Exception <a 'java/io/FileNotFoundException'{0x000000070b8677d0}> (0x000000070b8677d0) 
thrown [s\open\src\hotspot\share\prims\jni.cpp, line 520]
Event: 22.524 Thread 0x00000222f8a98400 Exception <a 'java/io/FileNotFoundException'{0x0000000716716980}> (0x0000000716716980) 
thrown [s\open\src\hotspot\share\prims\jni.cpp, line 520]
Event: 22.526 Thread 0x00000222f8a98400 Exception <a 'java/io/FileNotFoundException'{0x000000071672fb60}> (0x000000071672fb60) 
thrown [s\open\src\hotspot\share\prims\jni.cpp, line 520]
Event: 22.540 Thread 0x00000222f8a98400 Exception <a 'java/lang/ClassCastException'{0x00000007167a6740}: class java.lang.String cannot be cast to class javafx.scene.paint.Paint (java.lang.String is in module java.base of loader 'bootstrap'; javafx.scene.paint.Paint is in module javafx.graphics@21.0.6 of loader 'app')> (0x00000007167a6740) 
thrown [s\open\src\hotspot\share\interpreter\interpreterRuntime.cpp, line 455]
Event: 22.614 Thread 0x00000222f8486790 Exception <a 'java/lang/NoSuchMethodError'{0x0000000716592c78}: 'java.lang.Object java.lang.invoke.DirectMethodHandle$Holder.invokeStaticInit(java.lang.Object, int)'> (0x0000000716592c78) 
thrown [s\open\src\hotspot\share\interpreter\linkResolver.cpp, line 773]
Event: 22.620 Thread 0x00000222f8486790 Implicit null exception at 0x00000222e352420e to 0x00000222e35244b4
Event: 40.475 Thread 0x00000222f8a98400 Exception <a 'java/lang/ClassCastException'{0x0000000715d94bf8}: class java.lang.String cannot be cast to class javafx.scene.paint.Paint (java.lang.String is in module java.base of loader 'bootstrap'; javafx.scene.paint.Paint is in module javafx.graphics@21.0.6 of loader 'app')> (0x0000000715d94bf8) 
thrown [s\open\src\hotspot\share\interpreter\interpreterRuntime.cpp, line 455]
Event: 54.853 Thread 0x00000222f8a98400 Exception <a 'java/lang/NoSuchMethodError'{0x00000007158ac8f0}: 'java.lang.Object java.lang.invoke.DirectMethodHandle$Holder.newInvokeSpecial(java.lang.Object, java.lang.Object, int, int, int, int, int, java.lang.Object)'> (0x00000007158ac8f0) 
thrown [s\open\src\hotspot\share\interpreter\linkResolver.cpp, line 773]
Event: 54.854 Thread 0x00000222f8a98400 Exception <a 'java/lang/NoSuchMethodError'{0x00000007158bf030}: 'java.lang.Object java.lang.invoke.DirectMethodHandle$Holder.newInvokeSpecial(java.lang.Object, java.lang.Object, java.lang.Object, int, int, int, int, int)'> (0x00000007158bf030) 
thrown [s\open\src\hotspot\share\interpreter\linkResolver.cpp, line 773]
Event: 54.855 Thread 0x00000222f8a98400 Exception <a 'java/lang/NoSuchMethodError'{0x00000007158c6e70}: 'java.lang.Object java.lang.invoke.Invokers$Holder.linkToTargetMethod(java.lang.Object, java.lang.Object, int, int, int, int, int, java.lang.Object)'> (0x00000007158c6e70) 
thrown [s\open\src\hotspot\share\interpreter\linkResolver.cpp, line 773]
Event: 55.908 Thread 0x00000222f8a98400 Exception <a 'java/lang/ClassCastException'{0x00000007154e7660}: class java.lang.String cannot be cast to class javafx.scene.paint.Paint (java.lang.String is in module java.base of loader 'bootstrap'; javafx.scene.paint.Paint is in module javafx.graphics@21.0.6 of loader 'app')> (0x00000007154e7660) 
thrown [s\open\src\hotspot\share\interpreter\interpreterRuntime.cpp, line 455]

ZGC Phase Switch (0 events):
No events

VM Operations (20 events):
Event: 54.477 Executing VM operation: Cleanup done
Event: 55.478 Executing VM operation: Cleanup
Event: 55.478 Executing VM operation: Cleanup done
Event: 55.923 Executing VM operation: HandshakeAllThreads (Deoptimize)
Event: 55.923 Executing VM operation: HandshakeAllThreads (Deoptimize) done
Event: 56.923 Executing VM operation: Cleanup
Event: 56.923 Executing VM operation: Cleanup done
Event: 60.241 Executing VM operation: HandshakeAllThreads (HandshakeForDeflation)
Event: 60.241 Executing VM operation: HandshakeAllThreads (HandshakeForDeflation) done
Event: 60.241 Executing VM operation: RendezvousGCThreads
Event: 60.241 Executing VM operation: RendezvousGCThreads done
Event: 65.243 Executing VM operation: Cleanup
Event: 65.243 Executing VM operation: Cleanup done
Event: 66.244 Executing VM operation: Cleanup
Event: 66.244 Executing VM operation: Cleanup done
Event: 72.408 Executing VM operation: ChangeBreakpoints
Event: 72.408 Executing VM operation: ChangeBreakpoints done
Event: 72.408 Executing VM operation: ChangeBreakpoints
Event: 72.408 Executing VM operation: ChangeBreakpoints done
Event: 72.440 Executing VM operation: Exit

Events (20 events):
Event: 22.495 Thread 0x000002230c3a2bb0 Thread added: 0x000002230c3a2bb0
Event: 22.496 Thread 0x000002230c3a4dc0 Thread added: 0x000002230c3a4dc0
Event: 23.045 Thread 0x000002230c3a4dc0 Thread exited: 0x000002230c3a4dc0
Event: 23.716 Thread 0x000002230c3a2bb0 Thread exited: 0x000002230c3a2bb0
Event: 24.759 Thread 0x000002230c3a46f0 Thread added: 0x000002230c3a46f0
Event: 24.759 Thread 0x000002230c3a4dc0 Thread added: 0x000002230c3a4dc0
Event: 25.111 Thread 0x000002230c3a4dc0 Thread exited: 0x000002230c3a4dc0
Event: 25.119 Thread 0x000002230c3a46f0 Thread exited: 0x000002230c3a46f0
Event: 40.489 Thread 0x000002230c3a46f0 Thread added: 0x000002230c3a46f0
Event: 40.985 Thread 0x000002230c3a46f0 Thread exited: 0x000002230c3a46f0
Event: 55.932 Thread 0x000002230c3a24e0 Thread added: 0x000002230c3a24e0
Event: 59.183 Thread 0x000002230c3a24e0 Thread exited: 0x000002230c3a24e0
Event: 72.408 Thread 0x00000222f39970e0 Thread exited: 0x00000222f39970e0
Event: 72.413 Thread 0x00000222f80d2990 Thread exited: 0x00000222f80d2990
Event: 72.437 Thread 0x00000222f39b24e0 Thread added: 0x00000222f39b24e0
Event: 72.438 Thread 0x00000222f39b5960 Thread added: 0x00000222f39b5960
Event: 72.438 Thread 0x00000222c5deff00 Thread added: 0x00000222c5deff00
Event: 72.439 Thread 0x00000222f39b5960 Thread exited: 0x00000222f39b5960
Event: 72.440 Thread 0x00000222c5deff00 Thread exited: 0x00000222c5deff00
Event: 72.440 Thread 0x00000222db74d840 Thread exited: 0x00000222db74d840


Dynamic libraries:
0x00007ff618550000 - 0x00007ff618560000 	C:\Program Files\Java\jdk-21\bin\java.exe
0x00007ff9b98e0000 - 0x00007ff9b9b49000 	C:\WINDOWS\SYSTEM32\ntdll.dll
0x00007ff9b8020000 - 0x00007ff9b80e9000 	C:\WINDOWS\System32\KERNEL32.DLL
0x00007ff9b71f0000 - 0x00007ff9b75e3000 	C:\WINDOWS\System32\KERNELBASE.dll
0x00007ff9b6b10000 - 0x00007ff9b6c5b000 	C:\WINDOWS\System32\ucrtbase.dll
0x00007ff9b3180000 - 0x00007ff9b3199000 	C:\Program Files\Java\jdk-21\bin\jli.dll
0x00007ff9b8920000 - 0x00007ff9b89d4000 	C:\WINDOWS\System32\ADVAPI32.dll
0x00007ff9b3160000 - 0x00007ff9b317b000 	C:\Program Files\Java\jdk-21\bin\VCRUNTIME140.dll
0x00007ff9b76b0000 - 0x00007ff9b7759000 	C:\WINDOWS\System32\msvcrt.dll
0x00007ff9b78c0000 - 0x00007ff9b7966000 	C:\WINDOWS\System32\sechost.dll
0x00007ff9b9690000 - 0x00007ff9b97a8000 	C:\WINDOWS\System32\RPCRT4.dll
0x00007ff9b8650000 - 0x00007ff9b8814000 	C:\WINDOWS\System32\USER32.dll
0x00007ff9b7050000 - 0x00007ff9b7077000 	C:\WINDOWS\System32\win32u.dll
0x00007ff9b7970000 - 0x00007ff9b799b000 	C:\WINDOWS\System32\GDI32.dll
0x00007ff9b6de0000 - 0x00007ff9b6f0d000 	C:\WINDOWS\System32\gdi32full.dll
0x00007ff9b6f10000 - 0x00007ff9b6fb3000 	C:\WINDOWS\System32\msvcp_win.dll
0x00007ff997430000 - 0x00007ff9976c3000 	C:\WINDOWS\WinSxS\amd64_microsoft.windows.common-controls_6595b64144ccf1df_6.0.26100.5074_none_3e0d6f78e32fd63f\COMCTL32.dll
0x00007ff9ada50000 - 0x00007ff9ada5b000 	C:\WINDOWS\SYSTEM32\VERSION.dll
0x00007ff9b8610000 - 0x00007ff9b863f000 	C:\WINDOWS\System32\IMM32.DLL
0x00007ff98e050000 - 0x00007ff98e142000 	C:\Program Files\Windhawk\Engine\1.6.1\64\windhawk.dll
0x00007ff9b1450000 - 0x00007ff9b145c000 	C:\Program Files\Java\jdk-21\bin\vcruntime140_1.dll
0x00007ff9b1250000 - 0x00007ff9b12de000 	C:\Program Files\Java\jdk-21\bin\msvcp140.dll
0x00007ff93a7a0000 - 0x00007ff93b4ba000 	C:\Program Files\Java\jdk-21\bin\server\jvm.dll
0x00007ff9b8590000 - 0x00007ff9b8604000 	C:\WINDOWS\System32\WS2_32.dll
0x00007ff9ada10000 - 0x00007ff9ada45000 	C:\WINDOWS\SYSTEM32\WINMM.dll
0x00007ff9b62f0000 - 0x00007ff9b634e000 	C:\WINDOWS\SYSTEM32\POWRPROF.dll
0x00007ff9b62d0000 - 0x00007ff9b62e4000 	C:\WINDOWS\SYSTEM32\UMPDC.dll
0x00007ff9b5810000 - 0x00007ff9b582b000 	C:\WINDOWS\SYSTEM32\kernel.appcore.dll
0x00007ff9b1240000 - 0x00007ff9b124a000 	C:\Program Files\Java\jdk-21\bin\jimage.dll
0x00007ff9b4110000 - 0x00007ff9b4352000 	C:\WINDOWS\SYSTEM32\DBGHELP.DLL
0x00007ff9b92c0000 - 0x00007ff9b963b000 	C:\WINDOWS\System32\combase.dll
0x00007ff9b8a00000 - 0x00007ff9b8ad7000 	C:\WINDOWS\System32\OLEAUT32.dll
0x00007ff994150000 - 0x00007ff99418d000 	C:\WINDOWS\SYSTEM32\dbgcore.DLL
0x00007ff9b6a70000 - 0x00007ff9b6b09000 	C:\WINDOWS\System32\bcryptPrimitives.dll
0x00007ff986c40000 - 0x00007ff986c7c000 	C:\Program Files\Java\jdk-21\bin\jdwp.dll
0x00007ff99d2a0000 - 0x00007ff99d2af000 	C:\Program Files\Java\jdk-21\bin\instrument.dll
0x00007ff9b1220000 - 0x00007ff9b123f000 	C:\Program Files\Java\jdk-21\bin\java.dll
0x00007ff93e700000 - 0x00007ff93e911000 	C:\Users\yasas\AppData\Local\Temp\idea_libasyncProfiler_dll_temp_folder\libasyncProfiler.dll
0x00007ff9ae8e0000 - 0x00007ff9ae8f8000 	C:\Program Files\Java\jdk-21\bin\zip.dll
0x00007ff9b8b70000 - 0x00007ff9b92bd000 	C:\WINDOWS\System32\SHELL32.dll
0x00000222f3230000 - 0x00000222f339c000 	C:\WINDOWS\System32\wintypes.dll
0x00007ff9b4690000 - 0x00007ff9b4ee9000 	C:\WINDOWS\SYSTEM32\windows.storage.dll
0x00007ff9b7760000 - 0x00007ff9b7850000 	C:\WINDOWS\System32\SHCORE.dll
0x00007ff9b7dd0000 - 0x00007ff9b7e32000 	C:\WINDOWS\System32\shlwapi.dll
0x00007ff9b6990000 - 0x00007ff9b69b9000 	C:\WINDOWS\SYSTEM32\profapi.dll
0x00007ff99d8c0000 - 0x00007ff99d997000 	C:\Program Files\Java\jdk-21\bin\jsvml.dll
0x00007ff9b1200000 - 0x00007ff9b1210000 	C:\Program Files\Java\jdk-21\bin\net.dll
0x00007ff9aebb0000 - 0x00007ff9aeccf000 	C:\WINDOWS\SYSTEM32\WINHTTP.dll
0x00007ff9b5d70000 - 0x00007ff9b5ddb000 	C:\WINDOWS\system32\mswsock.dll
0x00007ff9b1190000 - 0x00007ff9b11a6000 	C:\Program Files\Java\jdk-21\bin\nio.dll
0x00007ff999060000 - 0x00007ff99906c000 	C:\Program Files\Java\jdk-21\bin\dt_socket.dll
0x00007ff9b5260000 - 0x00007ff9b5294000 	C:\WINDOWS\SYSTEM32\IPHLPAPI.DLL
0x00000222d1000000 - 0x00000222d1003000 	C:\Users\yasas\.openjfx\cache\21.0.6+3\amd64\api-ms-win-core-console-l1-1-0.dll
0x00000222d26c0000 - 0x00000222d26c3000 	C:\Users\yasas\.openjfx\cache\21.0.6+3\amd64\api-ms-win-core-console-l1-2-0.dll
0x00000222d26d0000 - 0x00000222d26d3000 	C:\Users\yasas\.openjfx\cache\21.0.6+3\amd64\api-ms-win-core-datetime-l1-1-0.dll
0x00000222d26e0000 - 0x00000222d26e3000 	C:\Users\yasas\.openjfx\cache\21.0.6+3\amd64\api-ms-win-core-debug-l1-1-0.dll
0x00000222d26f0000 - 0x00000222d26f3000 	C:\Users\yasas\.openjfx\cache\21.0.6+3\amd64\api-ms-win-core-errorhandling-l1-1-0.dll
0x00000222d2700000 - 0x00000222d2704000 	C:\Users\yasas\.openjfx\cache\21.0.6+3\amd64\api-ms-win-core-file-l1-1-0.dll
0x00000222d2710000 - 0x00000222d2713000 	C:\Users\yasas\.openjfx\cache\21.0.6+3\amd64\api-ms-win-core-file-l1-2-0.dll
0x00000222d2720000 - 0x00000222d2723000 	C:\Users\yasas\.openjfx\cache\21.0.6+3\amd64\api-ms-win-core-file-l2-1-0.dll
0x00000222d2730000 - 0x00000222d2733000 	C:\Users\yasas\.openjfx\cache\21.0.6+3\amd64\api-ms-win-core-handle-l1-1-0.dll
0x00000222d2740000 - 0x00000222d2743000 	C:\Users\yasas\.openjfx\cache\21.0.6+3\amd64\api-ms-win-core-heap-l1-1-0.dll
0x00000222d2750000 - 0x00000222d2753000 	C:\Users\yasas\.openjfx\cache\21.0.6+3\amd64\api-ms-win-core-interlocked-l1-1-0.dll
0x00000222f3ba0000 - 0x00000222f3ba3000 	C:\Users\yasas\.openjfx\cache\21.0.6+3\amd64\api-ms-win-core-libraryloader-l1-1-0.dll
0x00000222f3bb0000 - 0x00000222f3bb3000 	C:\Users\yasas\.openjfx\cache\21.0.6+3\amd64\api-ms-win-core-localization-l1-2-0.dll
0x00000222f3bc0000 - 0x00000222f3bc3000 	C:\Users\yasas\.openjfx\cache\21.0.6+3\amd64\api-ms-win-core-memory-l1-1-0.dll
0x00000222f3bd0000 - 0x00000222f3bd3000 	C:\Users\yasas\.openjfx\cache\21.0.6+3\amd64\api-ms-win-core-namedpipe-l1-1-0.dll
0x00000222f3be0000 - 0x00000222f3be3000 	C:\Users\yasas\.openjfx\cache\21.0.6+3\amd64\api-ms-win-core-processenvironment-l1-1-0.dll
0x00000222f3bf0000 - 0x00000222f3bf3000 	C:\Users\yasas\.openjfx\cache\21.0.6+3\amd64\api-ms-win-core-processthreads-l1-1-0.dll
0x00000222f3c00000 - 0x00000222f3c03000 	C:\Users\yasas\.openjfx\cache\21.0.6+3\amd64\api-ms-win-core-processthreads-l1-1-1.dll
0x00000222f3c10000 - 0x00000222f3c13000 	C:\Users\yasas\.openjfx\cache\21.0.6+3\amd64\api-ms-win-core-profile-l1-1-0.dll
0x00000222f3c20000 - 0x00000222f3c23000 	C:\Users\yasas\.openjfx\cache\21.0.6+3\amd64\api-ms-win-core-rtlsupport-l1-1-0.dll
0x00000222f3c30000 - 0x00000222f3c33000 	C:\Users\yasas\.openjfx\cache\21.0.6+3\amd64\api-ms-win-core-string-l1-1-0.dll
0x00000222f3c40000 - 0x00000222f3c43000 	C:\Users\yasas\.openjfx\cache\21.0.6+3\amd64\api-ms-win-core-synch-l1-1-0.dll
0x00000222f3c50000 - 0x00000222f3c53000 	C:\Users\yasas\.openjfx\cache\21.0.6+3\amd64\api-ms-win-core-synch-l1-2-0.dll
0x00000222f3c60000 - 0x00000222f3c63000 	C:\Users\yasas\.openjfx\cache\21.0.6+3\amd64\api-ms-win-core-sysinfo-l1-1-0.dll
0x00000222f3c70000 - 0x00000222f3c73000 	C:\Users\yasas\.openjfx\cache\21.0.6+3\amd64\api-ms-win-core-timezone-l1-1-0.dll
0x00000222f3c80000 - 0x00000222f3c83000 	C:\Users\yasas\.openjfx\cache\21.0.6+3\amd64\api-ms-win-core-util-l1-1-0.dll
0x00000222f3c90000 - 0x00000222f3c93000 	C:\Users\yasas\.openjfx\cache\21.0.6+3\amd64\api-ms-win-crt-conio-l1-1-0.dll
0x00000222f3ca0000 - 0x00000222f3ca4000 	C:\Users\yasas\.openjfx\cache\21.0.6+3\amd64\api-ms-win-crt-convert-l1-1-0.dll
0x00000222f3cb0000 - 0x00000222f3cb3000 	C:\Users\yasas\.openjfx\cache\21.0.6+3\amd64\api-ms-win-crt-environment-l1-1-0.dll
0x00000222f3cc0000 - 0x00000222f3cc3000 	C:\Users\yasas\.openjfx\cache\21.0.6+3\amd64\api-ms-win-crt-filesystem-l1-1-0.dll
0x00000222f3cd0000 - 0x00000222f3cd3000 	C:\Users\yasas\.openjfx\cache\21.0.6+3\amd64\api-ms-win-crt-heap-l1-1-0.dll
0x00000222f3ce0000 - 0x00000222f3ce3000 	C:\Users\yasas\.openjfx\cache\21.0.6+3\amd64\api-ms-win-crt-locale-l1-1-0.dll
0x00000222f3cf0000 - 0x00000222f3cf5000 	C:\Users\yasas\.openjfx\cache\21.0.6+3\amd64\api-ms-win-crt-math-l1-1-0.dll
0x00000222f3d00000 - 0x00000222f3d05000 	C:\Users\yasas\.openjfx\cache\21.0.6+3\amd64\api-ms-win-crt-multibyte-l1-1-0.dll
0x00000222f3d10000 - 0x00000222f3d20000 	C:\Users\yasas\.openjfx\cache\21.0.6+3\amd64\api-ms-win-crt-private-l1-1-0.dll
0x00000222f3d20000 - 0x00000222f3d23000 	C:\Users\yasas\.openjfx\cache\21.0.6+3\amd64\api-ms-win-crt-process-l1-1-0.dll
0x00000222f3d30000 - 0x00000222f3d34000 	C:\Users\yasas\.openjfx\cache\21.0.6+3\amd64\api-ms-win-crt-runtime-l1-1-0.dll
0x00000222f3d40000 - 0x00000222f3d44000 	C:\Users\yasas\.openjfx\cache\21.0.6+3\amd64\api-ms-win-crt-stdio-l1-1-0.dll
0x00000222f3d50000 - 0x00000222f3d54000 	C:\Users\yasas\.openjfx\cache\21.0.6+3\amd64\api-ms-win-crt-string-l1-1-0.dll
0x00000222f3d60000 - 0x00000222f3d63000 	C:\Users\yasas\.openjfx\cache\21.0.6+3\amd64\api-ms-win-crt-time-l1-1-0.dll
0x00000222f3d70000 - 0x00000222f3d73000 	C:\Users\yasas\.openjfx\cache\21.0.6+3\amd64\api-ms-win-crt-utility-l1-1-0.dll
0x00007ff946ad0000 - 0x00007ff946bcc000 	C:\Users\yasas\.openjfx\cache\21.0.6+3\amd64\ucrtbase.dll
0x00007ff987b20000 - 0x00007ff987b3b000 	C:\Users\yasas\.openjfx\cache\21.0.6+3\amd64\vcruntime140.dll
0x00007ff998f00000 - 0x00007ff998f0c000 	C:\Users\yasas\.openjfx\cache\21.0.6+3\amd64\vcruntime140_1.dll
0x00007ff977d10000 - 0x00007ff977d9e000 	C:\Users\yasas\.openjfx\cache\21.0.6+3\amd64\msvcp140.dll
0x00007ff98f520000 - 0x00007ff98f529000 	C:\Users\yasas\.openjfx\cache\21.0.6+3\amd64\msvcp140_1.dll
0x00007ff986970000 - 0x00007ff9869b1000 	C:\Users\yasas\.openjfx\cache\21.0.6+3\amd64\msvcp140_2.dll
0x00007ff986940000 - 0x00007ff986970000 	C:\Users\yasas\.openjfx\cache\21.0.6+3\amd64\prism_d3d.dll
0x00007ff94b5e0000 - 0x00007ff94b791000 	C:\WINDOWS\system32\d3d9.dll
0x00007ff9b3ae0000 - 0x00007ff9b3b0b000 	C:\WINDOWS\SYSTEM32\dwmapi.dll
0x00007ff9b3b20000 - 0x00007ff9b3b64000 	C:\WINDOWS\SYSTEM32\dxcore.dll
0x00007ff9b3860000 - 0x00007ff9b3908000 	C:\WINDOWS\system32\uxtheme.dll
0x00007ff94b510000 - 0x00007ff94b5d2000 	C:\WINDOWS\SYSTEM32\d3d9on12.dll
0x00007ff9b3960000 - 0x00007ff9b3a9a000 	C:\WINDOWS\SYSTEM32\dxgi.dll
0x00007ff94b4e0000 - 0x00007ff94b503000 	C:\WINDOWS\SYSTEM32\d3d12.dll
0x00007ff9b66f0000 - 0x00007ff9b6747000 	C:\WINDOWS\SYSTEM32\cfgmgr32.dll
0x00007ff94b260000 - 0x00007ff94b4d0000 	C:\WINDOWS\SYSTEM32\D3D12Core.dll
0x00007ff94b230000 - 0x00007ff94b257000 	C:\WINDOWS\System32\DriverStore\FileRepository\iigd_dch.inf_amd64_ce2a84db4d20c228\igd12umd64.dll
0x00007ff94a2e0000 - 0x00007ff94b22b000 	C:\WINDOWS\System32\DriverStore\FileRepository\iigd_dch.inf_amd64_ce2a84db4d20c228\igd12um64xel.dll
0x00007ff9b6c60000 - 0x00007ff9b6dd7000 	C:\WINDOWS\System32\CRYPT32.dll
0x00007ff9b7a40000 - 0x00007ff9b7bd8000 	C:\WINDOWS\System32\ole32.dll
0x00007ff9b6960000 - 0x00007ff9b6986000 	C:\WINDOWS\SYSTEM32\bcrypt.dll
0x00007ff9876b0000 - 0x00007ff9876f4000 	C:\WINDOWS\SYSTEM32\ControlLib.dll
0x00007ff9b80f0000 - 0x00007ff9b8577000 	C:\WINDOWS\System32\SETUPAPI.dll
0x00007ff9b6750000 - 0x00007ff9b677d000 	C:\WINDOWS\SYSTEM32\DEVOBJ.dll
0x00007ff9a7f10000 - 0x00007ff9a7f98000 	C:\WINDOWS\System32\DriverStore\FileRepository\iigd_dch.inf_amd64_ce2a84db4d20c228\IntelControlLib.dll
0x00007ff9b6fc0000 - 0x00007ff9b703e000 	C:\WINDOWS\System32\WINTRUST.dll
0x00007ff9b61a0000 - 0x00007ff9b61b3000 	C:\WINDOWS\SYSTEM32\MSASN1.dll
0x00007ff9b0bb0000 - 0x00007ff9b0c10000 	C:\WINDOWS\SYSTEM32\directxdatabasehelper.dll
0x00007ff9a7760000 - 0x00007ff9a7b34000 	C:\WINDOWS\System32\DriverStore\FileRepository\iigd_dch.inf_amd64_ce2a84db4d20c228\igdgmm64.dll
0x00007ff9a3940000 - 0x00007ff9a7752000 	C:\WINDOWS\System32\DriverStore\FileRepository\iigd_dch.inf_amd64_ce2a84db4d20c228\igc64.dll
0x00007ff94a2a0000 - 0x00007ff94a2ce000 	C:\WINDOWS\SYSTEM32\D3DSCache.dll
0x00007ff9b5e10000 - 0x00007ff9b5e3b000 	C:\WINDOWS\SYSTEM32\USERENV.dll
0x00007ff948ef0000 - 0x00007ff94a29d000 	C:\WINDOWS\System32\DriverStore\FileRepository\iigd_dch.inf_amd64_ce2a84db4d20c228\igd12dxva64.dll
0x00007ff9524b0000 - 0x00007ff9541d0000 	C:\WINDOWS\System32\DriverStore\FileRepository\iigd_dch.inf_amd64_ce2a84db4d20c228\media_bin_64.dll
0x00007ff95a260000 - 0x00007ff95a287000 	C:\WINDOWS\System32\DriverStore\FileRepository\iigd_dch.inf_amd64_ce2a84db4d20c228\igdinfo64.dll

dbghelp: loaded successfully - version: 4.0.5 - missing functions: none
symbol engine: initialized successfully - sym options: 0x614 - pdb path: .;C:\Program Files\Java\jdk-21\bin;C:\WINDOWS\SYSTEM32;C:\WINDOWS\WinSxS\amd64_microsoft.windows.common-controls_6595b64144ccf1df_6.0.26100.5074_none_3e0d6f78e32fd63f;C:\Program Files\Windhawk\Engine\1.6.1\64;C:\Program Files\Java\jdk-21\bin\server;C:\Users\yasas\AppData\Local\Temp\idea_libasyncProfiler_dll_temp_folder;C:\Users\yasas\.openjfx\cache\21.0.6+3\amd64;C:\WINDOWS\System32\DriverStore\FileRepository\iigd_dch.inf_amd64_ce2a84db4d20c228;C:\Program Files\Common Files\Microsoft Shared\Ink

VM Arguments:
jvm_args: -agentlib:jdwp=transport=dt_socket,address=127.0.0.1:50355,suspend=y,server=n -javaagent:C:\Users\yasas\AppData\Local\JetBrains\IntelliJIdea2025.2\captureAgent\debugger-agent.jar=file:///C:/Users/yasas/AppData/Local/Temp/capture4250086363161716008.props -agentpath:C:\Users\yasas\AppData\Local\Temp\idea_libasyncProfiler_dll_temp_folder\libasyncProfiler.dll=version,jfr,event=wall,interval=10ms,cstack=no,file=C:\Users\yasas\IdeaSnapshots\Launcher_2025_09_25_210908.jfr,dbghelppath=C:\Users\yasas\AppData\Local\Temp\idea_dbghelp_dll_temp_folder\dbghelp.dll,log=C:\Users\yasas\AppData\Local\Temp\Launcher_2025_09_25_210908.jfr.log.txt,logLevel=DEBUG -Dkotlinx.coroutines.debug.enable.creation.stack.trace=false -Ddebugger.agent.enable.coroutines=true -Dkotlinx.coroutines.debug.enable.flows.stack.trace=true -Dkotlinx.coroutines.debug.enable.mutable.state.flows.stack.trace=true -Dfile.encoding=UTF-8 -Dsun.stdout.encoding=UTF-8 -Dsun.stderr.encoding=UTF-8 --module-path=C:\Users\yasas\.m2\repository\org\openjfx\javafx-base\21.0.6\javafx-base-21.0.6-win.jar;C:\Users\yasas\.m2\repository\org\springframework\security\spring-security-crypto\6.5.3\spring-security-crypto-6.5.3.jar;C:\Users\yasas\.m2\repository\org\hibernate\orm\hibernate-core\6.0.0.Final\hibernate-core-6.0.0.Final.jar;C:\Users\yasas\.m2\repository\org\openjfx\javafx-fxml\21.0.6\javafx-fxml-21.0.6-win.jar;C:\Users\yasas\.m2\repository\org\projectlombok\lombok\1.18.34\lombok-1.18.34.jar;C:\Users\yasas\.m2\repository\jakarta\persistence\jakarta.persistence-api\3.1.0\jakarta.persistence-api-3.1.0.jar;C:\Users\yasas\.m2\repository\org\openjfx\javafx-controls\21.0.6\javafx-controls-21.0.6-win.jar;C:\Users\yasas\.m2\repository\org\openjfx\javafx-graphics\21.0.6\javafx-graphics-21.0.6-win.jar;C:\Users\yasas\Documents\dev\ijse\elite-learners-system\target\classes -Djdk.module.main=lk.ijse.learners 
java_command: lk.ijse.learners/lk.ijse.learners.Launcher
java_class_path (initial): C:\Users\yasas\.m2\repository\jakarta\transaction\jakarta.transaction-api\2.0.0\jakarta.transaction-api-2.0.0.jar;C:\Users\yasas\.m2\repository\org\jboss\logging\jboss-logging\3.4.3.Final\jboss-logging-3.4.3.Final.jar;C:\Users\yasas\.m2\repository\org\jboss\jandex\2.4.2.Final\jandex-2.4.2.Final.jar;C:\Users\yasas\.m2\repository\com\fasterxml\classmate\1.5.1\classmate-1.5.1.jar;C:\Users\yasas\.m2\repository\org\hibernate\common\hibernate-commons-annotations\6.0.0.CR1\hibernate-commons-annotations-6.0.0.CR1.jar;C:\Users\yasas\.m2\repository\net\bytebuddy\byte-buddy\1.12.8\byte-buddy-1.12.8.jar;C:\Users\yasas\.m2\repository\jakarta\activation\jakarta.activation-api\2.0.1\jakarta.activation-api-2.0.1.jar;C:\Users\yasas\.m2\repository\jakarta\xml\bind\jakarta.xml.bind-api\3.0.1\jakarta.xml.bind-api-3.0.1.jar;C:\Users\yasas\.m2\repository\com\sun\activation\jakarta.activation\2.0.1\jakarta.activation-2.0.1.jar;C:\Users\yasas\.m2\repository\org\glassfish\jaxb\jaxb-runtime\3.0.2\jaxb-runtime-3.0.2.jar;C:\Users\yasas\.m2\repository\org\glassfish\jaxb\jaxb-core\3.0.2\jaxb-core-3.0.2.jar;C:\Users\yasas\.m2\repository\org\glassfish\jaxb\txw2\3.0.2\txw2-3.0.2.jar;C:\Users\yasas\.m2\repository\com\sun\istack\istack-commons-runtime\4.0.1\istack-commons-runtime-4.0.1.jar;C:\Users\yasas\.m2\repository\jakarta\inject\jakarta.inject-api\2.0.0\jakarta.inject-api-2.0.0.jar;C:\Users\yasas\.m2\repository\org\antlr\antlr4-runtime\4.9.1\antlr4-runtime-4.9.1.jar;C:\Users\yasas\.m2\repository\com\mysql\mysql-connector-j\8.0.33\mysql-connector-j-8.0.33.jar;C:\Users\yasas\.m2\repository\com\google\protobuf\protobuf-java\3.21.9\protobuf-java-3.21.9.jar;C:\Users\yasas\.m2\repository\org\openjfx\javafx-controls\21.0.6\javafx-controls-21.0.6.jar;C:\Users\yasas\.m2\repository\org\openjfx\javafx-graphics\21.0.6\javafx-graphics-21.0.6.jar;C:\Users\yasas\.m2\repository\org\openjfx\javafx-base\21.0.6\javafx-base-21.0.6.jar;C:\Users\yasas\.m2\repository\org\openjfx\javafx-fxml\21.0.6\javafx-fxml-21.0.6.jar;C:\Program Files\JetBrains\IntelliJ IDEA 2025.2.1\lib\idea_rt.jar
Launcher Type: SUN_STANDARD

[Global flags]
     intx CICompilerCount                          = 4                                         {product} {ergonomic}
     uint ConcGCThreads                            = 3                                         {product} {ergonomic}
     uint G1ConcRefinementThreads                  = 10                                        {product} {ergonomic}
   size_t G1HeapRegionSize                         = 2097152                                   {product} {ergonomic}
    uintx GCDrainStackTargetSize                   = 64                                        {product} {ergonomic}
   size_t InitialHeapSize                          = 264241152                                 {product} {ergonomic}
   size_t MarkStackSize                            = 4194304                                   {product} {ergonomic}
   size_t MaxHeapSize                              = 4217372672                                {product} {ergonomic}
   size_t MaxNewSize                               = 2529165312                                {product} {ergonomic}
   size_t MinHeapDeltaBytes                        = 2097152                                   {product} {ergonomic}
   size_t MinHeapSize                              = 8388608                                   {product} {ergonomic}
    uintx NonNMethodCodeHeapSize                   = 5839372                                {pd product} {ergonomic}
    uintx NonProfiledCodeHeapSize                  = 122909434                              {pd product} {ergonomic}
    uintx ProfiledCodeHeapSize                     = 122909434                              {pd product} {ergonomic}
    uintx ReservedCodeCacheSize                    = 251658240                              {pd product} {ergonomic}
     bool SegmentedCodeCache                       = true                                      {product} {ergonomic}
   size_t SoftMaxHeapSize                          = 4217372672                             {manageable} {ergonomic}
     bool UseCompressedOops                        = true                           {product lp64_product} {ergonomic}
     bool UseG1GC                                  = true                                      {product} {ergonomic}
     bool UseLargePagesIndividualAllocation        = false                                  {pd product} {ergonomic}

Logging:
Log output configuration:
 #0: stdout all=off uptime,level,tags foldmultilines=false
 #1: stderr all=off uptime,level,tags foldmultilines=false

Environment Variables:
PATH=C:\Program Files\Common Files\Oracle\Java\javapath;C:\WINDOWS\system32;C:\WINDOWS;C:\WINDOWS\System32\Wbem;C:\WINDOWS\System32\WindowsPowerShell\v1.0\;C:\WINDOWS\System32\OpenSSH\;C:\Program Files (x86)\NVIDIA Corporation\PhysX\Common;C:\Program Files\Git\cmd;C:\Program Files\MySQL\MySQL Shell 8.0\bin\;C:\Users\yasas\AppData\Local\Microsoft\WindowsApps;C:\Program Files\Git\bin;C:\Users\yasas\AppData\Local\Programs\Microsoft VS Code\bin
USERNAME=yasas
OS=Windows_NT
PROCESSOR_IDENTIFIER=Intel64 Family 6 Model 154 Stepping 3, GenuineIntel
TMP=C:\Users\yasas\AppData\Local\Temp
TEMP=C:\Users\yasas\AppData\Local\Temp




Periodic native trim disabled

---------------  S Y S T E M  ---------------

OS:
 Windows 11 , 64 bit Build 26100 (10.0.26100.5074)
OS uptime: 0 days 2:40 hours
Hyper-V role detected

CPU: total 12 (initial active 12) (6 cores per cpu, 2 threads per core) family 6 model 154 stepping 3 microcode 0x424, cx8, cmov, fxsr, ht, mmx, 3dnowpref, sse, sse2, sse3, ssse3, sse4.1, sse4.2, popcnt, lzcnt, tsc, tscinvbit, avx, avx2, aes, erms, clmul, bmi1, bmi2, adx, sha, fma, vzeroupper, clflush, clflushopt, clwb, hv, serialize, rdtscp, rdpid, fsrm, f16c, cet_ibt, cet_ss
Processor Information for processor 0
  Max Mhz: 2000, Current Mhz: 2000, Mhz Limit: 2000
Processor Information for processor 1
  Max Mhz: 2000, Current Mhz: 2000, Mhz Limit: 2000
Processor Information for processor 2
  Max Mhz: 2000, Current Mhz: 1520, Mhz Limit: 2000
Processor Information for processor 3
  Max Mhz: 2000, Current Mhz: 2000, Mhz Limit: 2000
Processor Information for processor 4
  Max Mhz: 2000, Current Mhz: 1520, Mhz Limit: 2000
Processor Information for processor 5
  Max Mhz: 2000, Current Mhz: 1520, Mhz Limit: 2000
Processor Information for processor 6
  Max Mhz: 2000, Current Mhz: 2000, Mhz Limit: 2000
Processor Information for processor 7
  Max Mhz: 2000, Current Mhz: 2000, Mhz Limit: 2000
Processor Information for processor 8
  Max Mhz: 2000, Current Mhz: 1466, Mhz Limit: 2000
Processor Information for processor 9
  Max Mhz: 2000, Current Mhz: 1466, Mhz Limit: 2000
Processor Information for processor 10
  Max Mhz: 2000, Current Mhz: 1466, Mhz Limit: 2000
Processor Information for processor 11
  Max Mhz: 2000, Current Mhz: 1466, Mhz Limit: 2000

Memory: 4k page, system-wide physical 16085M (4981M free)
TotalPageFile size 26184M (AvailPageFile size 5655M)
current process WorkingSet (physical memory assigned to process): 1010M, peak: 1090M
current process commit charge ("private bytes"): 1128M, peak: 1217M

vm_info: Java HotSpot(TM) 64-Bit Server VM (21.0.7+8-LTS-245) for windows-amd64 JRE (21.0.7+8-LTS-245), built on 2025-02-21T05:11:27Z by "mach5one" with MS VC++ 17.6 (VS2022)

END.
