#
# A fatal error has been detected by the Java Runtime Environment:
#
#  EXCEPTION_ACCESS_VIOLATION (0xc0000005) at pc=0x00007ff98ae46a17, pid=15436, tid=17300
#
# JRE version: Java(TM) SE Runtime Environment (21.0.7+8) (build 21.0.7+8-LTS-245)
# Java VM: Java HotSpot(TM) 64-Bit Server VM (21.0.7+8-LTS-245, mixed mode, sharing, tiered, compressed oops, compressed class ptrs, g1 gc, windows-amd64)
# Problematic frame:
# C  [glass.dll+0x26a17]
#
# No core dump will be written. Minidumps are not enabled by default on client versions of Windows
#
# If you would like to submit a bug report, please visit:
#   https://bugreport.java.com/bugreport/crash.jsp
#

---------------  S U M M A R Y ------------

Command Line: -javaagent:C:\Program Files\JetBrains\IntelliJ IDEA 2025.2.1\lib\idea_rt.jar=50285 -Dfile.encoding=UTF-8 -Dsun.stdout.encoding=UTF-8 -Dsun.stderr.encoding=UTF-8 --module-path=C:\Users\yasas\.m2\repository\org\openjfx\javafx-base\21.0.6\javafx-base-21.0.6-win.jar;C:\Users\yasas\.m2\repository\org\springframework\security\spring-security-crypto\6.5.3\spring-security-crypto-6.5.3.jar;C:\Users\yasas\.m2\repository\org\hibernate\orm\hibernate-core\6.0.0.Final\hibernate-core-6.0.0.Final.jar;C:\Users\yasas\.m2\repository\org\openjfx\javafx-fxml\21.0.6\javafx-fxml-21.0.6-win.jar;C:\Users\yasas\.m2\repository\org\projectlombok\lombok\1.18.34\lombok-1.18.34.jar;C:\Users\yasas\.m2\repository\jakarta\persistence\jakarta.persistence-api\3.1.0\jakarta.persistence-api-3.1.0.jar;C:\Users\yasas\.m2\repository\org\openjfx\javafx-controls\21.0.6\javafx-controls-21.0.6-win.jar;C:\Users\yasas\.m2\repository\org\openjfx\javafx-graphics\21.0.6\javafx-graphics-21.0.6-win.jar;C:\Users\yasas\Documents\dev\ijse\elite-learners-system\target\classes -Djdk.module.main=lk.ijse.learners lk.ijse.learners/lk.ijse.learners.Launcher

Host: 12th Gen Intel(R) Core(TM) i5-12450H, 12 cores, 15G,  Windows 11 , 64 bit Build 26100 (10.0.26100.5074)
Time: Thu Sep 25 21:05:50 2025 Sri Lanka Standard Time elapsed time: 90.238268 seconds (0d 0h 1m 30s)

---------------  T H R E A D  ---------------

Current thread (0x00000170c46c5540):  VMThread "VM Thread"          [id=17300, stack(0x000000600b900000,0x000000600ba00000) (1024K)]

Stack: [0x000000600b900000,0x000000600ba00000],  sp=0x000000600b9ff240,  free space=1020k
Native frames: (J=compiled Java code, j=interpreted, Vv=VM code, C=native code)
C  [glass.dll+0x26a17]


siginfo: EXCEPTION_ACCESS_VIOLATION (0xc0000005), reading address 0x0000000000000000


Registers:
RAX=0x0000000000000000, RBX=0x00000170c46d22ba, RCX=0x00000170c46c5540, RDX=0x000000600b9ff240
RSP=0x000000600b9ff240, RBP=0x000014f4c8301704, RSI=0x000001710a947c78, RDI=0x000001710a947c50
R8 =0x0000000000010002, R9 =0x000014f4c8301704, R10=0x00000170a2e70000, R11=0x000000600b9ff328
R12=0x0000000000000001, R13=0x00007ff98ae44360, R14=0x000000600b9ff348, R15=0x000001710a947c50
RIP=0x00007ff98ae46a17, EFLAGS=0x0000000000010202


Register to memory mapping:

RAX=0x0 is null
RBX=0x00000170c46d22ba is a global jni handle
RCX=0x00000170c46c5540 points into unknown readable memory: 0x00007ff93b216700 | 00 67 21 3b f9 7f 00 00
RDX=0x000000600b9ff240 points into unknown readable memory: 0x0000000000000000 | 00 00 00 00 00 00 00 00
RSP=0x000000600b9ff240 points into unknown readable memory: 0x0000000000000000 | 00 00 00 00 00 00 00 00
RBP=0x000014f4c8301704 is an unknown value
RSI=0x000001710a947c78 points into unknown readable memory: 0x000014f4c8301704 | 04 17 30 c8 f4 14 00 00
RDI=0x000001710a947c50 points into unknown readable memory: 0x0007eb6c6673f084 | 84 f0 73 66 6c eb 07 00
R8 =0x0000000000010002 is an unknown value
R9 =0x000014f4c8301704 is an unknown value
R10=0x00000170a2e70000 points into unknown readable memory: 0x0000000000000000 | 00 00 00 00 00 00 00 00
R11=0x000000600b9ff328 points into unknown readable memory: 0x00007ff98ae441ed | ed 41 e4 8a f9 7f 00 00
R12=0x0000000000000001 is an unknown value
R13=0x00007ff98ae44360 glass.dll
R14=0x000000600b9ff348 points into unknown readable memory: 0x000000600b9ff330 | 30 f3 9f 0b 60 00 00 00
R15=0x000001710a947c50 points into unknown readable memory: 0x0007eb6c6673f084 | 84 f0 73 66 6c eb 07 00

Top of Stack: (sp=0x000000600b9ff240)
0x000000600b9ff240:   0000000000000000 0000017100000000
0x000000600b9ff250:   000001710b21bef0 0000000000000001
0x000000600b9ff260:   000001710a947c58 00007ff9b6b5bc75
0x000000600b9ff270:   000001710a947c50 0000017100000000
0x000000600b9ff280:   000001710a947c70 000014f4c8301704
0x000000600b9ff290:   fffffffffffffffe 00007ff999070000
0x000000600b9ff2a0:   00007ff98ae20000 00007ff98ae20000
0x000000600b9ff2b0:   000000600b9ff338 00007ff9b6b5b897
0x000000600b9ff2c0:   000000600b9ff300 000000600b9ff348
0x000000600b9ff2d0:   000000600b9ff630 00007ff9b6c488c0
0x000000600b9ff2e0:   0000000000000001 00007ff9b6b5b84d
0x000000600b9ff2f0:   0000000000000000 0000000000000001
0x000000600b9ff300:   000000600b9ff630 000000600b9ff338
0x000000600b9ff310:   fffffffffffffffe 00007ff9b9926003
0x000000600b9ff320:   0000000000000000 00007ff98ae441ed
0x000000600b9ff330:   00007ff98ae5a008 0000006000000002
0x000000600b9ff340:   00007ff900000002 000000600b9ff330
0x000000600b9ff350:   0000000000000000 00007ff9b6145e37
0x000000600b9ff360:   0000000000000000 00007ff98ae44312
0x000000600b9ff370:   0000000000000001 0000000000000000
0x000000600b9ff380:   0000000000000001 00007ff9b9954f8f
0x000000600b9ff390:   00007ff9b6140000 000000600b9ff630
0x000000600b9ff3a0:   0000000000000001 0000000000000000
0x000000600b9ff3b0:   0000000000000000 000000007ffe0384
0x000000600b9ff3c0:   000001710a943ad0 00007ff9b9a40ede
0x000000600b9ff3d0:   00007ff98ae20000 0000017100000000
0x000000600b9ff3e0:   0000000000000001 000000007ffe0385
0x000000600b9ff3f0:   00007ff98ae475a0 00007ff9b995483e
0x000000600b9ff400:   0000000000000000 0000000000000000
0x000000600b9ff410:   0000000000000000 0000000000000000
0x000000600b9ff420:   0000000000000000 0000000000000000
0x000000600b9ff430:   0000000000000000 0000000000000000 

Instructions: (pc=0x00007ff98ae46a17)
0x00007ff98ae46917:   8b 4d 58 e8 8d cf ff ff 48 8b 4d 60 e8 84 cf ff
0x00007ff98ae46927:   ff 48 8b 95 80 00 00 00 48 8b 8d 18 01 00 00 e8
0x00007ff98ae46937:   76 c4 ff ff 33 d2 33 c9 e8 cc e1 ff ff 90 48 89
0x00007ff98ae46947:   54 24 10 55 48 83 ec 20 48 8b ea 48 b8 00 00 00
0x00007ff98ae46957:   00 00 00 00 00 48 83 c4 20 5d c3 cc 40 55 48 8b
0x00007ff98ae46967:   ea 48 8b 01 33 c9 81 38 05 00 00 c0 0f 94 c1 8b
0x00007ff98ae46977:   c1 5d c3 cc 40 55 48 83 ec 20 48 8b ea 8a 4d 40
0x00007ff98ae46987:   48 83 c4 20 5d e9 73 d3 ff ff cc 40 55 48 83 ec
0x00007ff98ae46997:   20 48 8b ea 8a 4d 20 e8 61 d3 ff ff 90 48 83 c4
0x00007ff98ae469a7:   20 5d c3 cc 40 55 48 83 ec 20 48 8b ea 48 83 c4
0x00007ff98ae469b7:   20 5d e9 c2 d1 ff ff cc 40 55 48 83 ec 30 48 8b
0x00007ff98ae469c7:   ea 48 8b 01 8b 10 48 89 4c 24 28 89 54 24 20 4c
0x00007ff98ae469d7:   8d 0d 63 d6 ff ff 4c 8b 45 70 8b 55 68 48 8b 4d
0x00007ff98ae469e7:   60 e8 03 d1 ff ff 90 48 83 c4 30 5d c3 cc cc cc
0x00007ff98ae469f7:   cc cc cc cc cc cc cc cc cc 40 53 48 83 ec 20 48
0x00007ff98ae46a07:   8b 1d fb 2f 01 00 48 85 db 74 16 e8 89 8f ff ff
0x00007ff98ae46a17:   4c 8b 00 48 8b d3 48 8b c8 41 ff 90 b0 00 00 00
0x00007ff98ae46a27:   90 48 83 c4 20 5b c3 cc cc 40 53 48 83 ec 20 48
0x00007ff98ae46a37:   8b 1d 6b 31 01 00 48 85 db 74 57 b8 ff ff ff ff
0x00007ff98ae46a47:   f0 0f c1 43 10 83 f8 01 75 3d 48 85 db 74 38 48
0x00007ff98ae46a57:   8b 0b 48 85 c9 74 0d ff 15 44 08 00 00 48 c7 03
0x00007ff98ae46a67:   00 00 00 00 48 8b 4b 08 48 85 c9 74 0d e8 33 ce
0x00007ff98ae46a77:   ff ff 48 c7 43 08 00 00 00 00 ba 18 00 00 00 48
0x00007ff98ae46a87:   8b cb e8 1e ce ff ff 48 c7 05 0f 31 01 00 00 00
0x00007ff98ae46a97:   00 00 48 83 c4 20 5b c3 cc 40 53 48 83 ec 20 48
0x00007ff98ae46aa7:   8b 1d db 30 01 00 48 85 db 74 57 b8 ff ff ff ff
0x00007ff98ae46ab7:   f0 0f c1 43 10 83 f8 01 75 3d 48 85 db 74 38 48
0x00007ff98ae46ac7:   8b 0b 48 85 c9 74 0d ff 15 d4 07 00 00 48 c7 03
0x00007ff98ae46ad7:   00 00 00 00 48 8b 4b 08 48 85 c9 74 0d e8 c3 cd
0x00007ff98ae46ae7:   ff ff 48 c7 43 08 00 00 00 00 ba 18 00 00 00 48
0x00007ff98ae46af7:   8b cb e8 ae cd ff ff 48 c7 05 7f 30 01 00 00 00
0x00007ff98ae46b07:   00 00 48 83 c4 20 5b c3 cc 40 53 48 83 ec 20 48 


Stack slot to memory mapping:

stack at sp + 0 slots: 0x0 is null
stack at sp + 1 slots: 0x0000017100000000 is an unknown value
stack at sp + 2 slots: 0x000001710b21bef0 points into unknown readable memory: 0x000001710b21be30 | 30 be 21 0b 71 01 00 00
stack at sp + 3 slots: 0x0000000000000001 is an unknown value
stack at sp + 4 slots: 0x000001710a947c58 points into unknown readable memory: 0x000014f4c8301704 | 04 17 30 c8 f4 14 00 00
stack at sp + 5 slots: 0x00007ff9b6b5bc75 ucrtbase.dll
stack at sp + 6 slots: 0x000001710a947c50 points into unknown readable memory: 0x0007eb6c6673f084 | 84 f0 73 66 6c eb 07 00
stack at sp + 7 slots: 0x0000017100000000 is an unknown value

VM_Operation (0x000000600aefeef0): Exit, mode: safepoint, requested by thread 0x00000171138efaf0


---------------  P R O C E S S  ---------------

Threads class SMR info:
_java_thread_list=0x0000017115952050, length=22, elements={
0x00000170a304c720, 0x00000170c46e0200, 0x00000170c46e0e50, 0x00000170c46e4620,
0x00000170c46e7080, 0x00000170c46e7c00, 0x00000170c46e9b90, 0x00000170c46ed5c0,
0x00000170c46f07e0, 0x00000170c4a70980, 0x000001710a12ffa0, 0x00000170c4cf80a0,
0x000001710ab19e90, 0x000001710b21db90, 0x000001710b21f220, 0x000001710b4189b0,
0x000001710b419010, 0x000001710b7bd520, 0x00000171138f0180, 0x00000171138eedd0,
0x00000171138ef460, 0x00000171138efaf0
}

Java Threads: ( => current thread )
  0x00000170a304c720 JavaThread "main"                              [_thread_blocked, id=1648, stack(0x000000600b200000,0x000000600b300000) (1024K)]
  0x00000170c46e0200 JavaThread "Reference Handler"          daemon [_thread_blocked, id=14392, stack(0x000000600ba00000,0x000000600bb00000) (1024K)]
  0x00000170c46e0e50 JavaThread "Finalizer"                  daemon [_thread_blocked, id=1916, stack(0x000000600bb00000,0x000000600bc00000) (1024K)]
  0x00000170c46e4620 JavaThread "Signal Dispatcher"          daemon [_thread_blocked, id=6544, stack(0x000000600bc00000,0x000000600bd00000) (1024K)]
  0x00000170c46e7080 JavaThread "Attach Listener"            daemon [_thread_blocked, id=11532, stack(0x000000600bd00000,0x000000600be00000) (1024K)]
  0x00000170c46e7c00 JavaThread "Service Thread"             daemon [_thread_blocked, id=8820, stack(0x000000600be00000,0x000000600bf00000) (1024K)]
  0x00000170c46e9b90 JavaThread "Monitor Deflation Thread"   daemon [_thread_blocked, id=11380, stack(0x000000600bf00000,0x000000600c000000) (1024K)]
  0x00000170c46ed5c0 JavaThread "C2 CompilerThread0"         daemon [_thread_blocked, id=14284, stack(0x000000600c000000,0x000000600c100000) (1024K)]
  0x00000170c46f07e0 JavaThread "C1 CompilerThread0"         daemon [_thread_blocked, id=17332, stack(0x000000600c100000,0x000000600c200000) (1024K)]
  0x00000170c4a70980 JavaThread "Common-Cleaner"             daemon [_thread_blocked, id=2868, stack(0x000000600c200000,0x000000600c300000) (1024K)]
  0x000001710a12ffa0 JavaThread "Monitor Ctrl-Break"         daemon [_thread_in_native, id=9392, stack(0x000000600c500000,0x000000600c600000) (1024K)]
  0x00000170c4cf80a0 JavaThread "Notification Thread"        daemon [_thread_blocked, id=17008, stack(0x000000600c600000,0x000000600c700000) (1024K)]
  0x000001710ab19e90 JavaThread "QuantumRenderer-0"          daemon [_thread_blocked, id=4156, stack(0x000000600cb00000,0x000000600cc00000) (1024K)]
  0x000001710b21db90 JavaThread "InvokeLaterDispatcher"      daemon [_thread_blocked, id=3132, stack(0x000000600c300000,0x000000600c400000) (1024K)]
  0x000001710b21f220 JavaThread "JavaFX Application Thread"         [_thread_in_native, id=2084, stack(0x000000600d000000,0x000000600d100000) (1024K)]
  0x000001710b4189b0 JavaThread "Thread-1"                   daemon [_thread_blocked, id=16816, stack(0x000000600d200000,0x000000600d300000) (1024K)]
  0x000001710b419010 JavaThread "JavaFX-Launcher"                   [_thread_blocked, id=12716, stack(0x000000600d300000,0x000000600d400000) (1024K)]
  0x000001710b7bd520 JavaThread "mysql-cj-abandoned-connection-cleanup" daemon [_thread_blocked, id=16112, stack(0x000000600d500000,0x000000600d600000) (1024K)]
  0x00000171138f0180 JavaThread "Hibernate Connection Pool Validation Thread" daemon [_thread_blocked, id=8516, stack(0x000000600db00000,0x000000600dc00000) (1024K)]
  0x00000171138eedd0 JavaThread "Prism Font Disposer"        daemon [_thread_blocked, id=440, stack(0x000000600e100000,0x000000600e200000) (1024K)]
  0x00000171138ef460 JavaThread "Cleaner-0"                  daemon [_thread_blocked, id=15524, stack(0x000000600da00000,0x000000600db00000) (1024K)]
  0x00000171138efaf0 JavaThread "SIGINT handler"             daemon [_thread_blocked, id=11776, stack(0x000000600ae00000,0x000000600af00000) (1024K)]
Total: 22

Other Threads:
=>0x00000170c46c5540 VMThread "VM Thread"                           [id=17300, stack(0x000000600b900000,0x000000600ba00000) (1024K)]
  0x00000170a310de80 WorkerThread "GC Thread#0"                     [id=11848, stack(0x000000600b300000,0x000000600b400000) (1024K)]
  0x00000170c46c3f80 WorkerThread "GC Thread#1"                     [id=6896, stack(0x000000600c400000,0x000000600c500000) (1024K)]
  0x00000170c46c4a60 WorkerThread "GC Thread#2"                     [id=13540, stack(0x000000600c700000,0x000000600c800000) (1024K)]
  0x00000170c46c58e0 WorkerThread "GC Thread#3"                     [id=10856, stack(0x000000600c800000,0x000000600c900000) (1024K)]
  0x00000170c46c46c0 WorkerThread "GC Thread#4"                     [id=16632, stack(0x000000600c900000,0x000000600ca00000) (1024K)]
  0x00000170c46c51a0 WorkerThread "GC Thread#5"                     [id=1156, stack(0x000000600ca00000,0x000000600cb00000) (1024K)]
  0x000001710b6fe610 WorkerThread "GC Thread#6"                     [id=14804, stack(0x000000600d600000,0x000000600d700000) (1024K)]
  0x000001710b6fccb0 WorkerThread "GC Thread#7"                     [id=4824, stack(0x000000600d700000,0x000000600d800000) (1024K)]
  0x000001710b6fd050 WorkerThread "GC Thread#8"                     [id=14208, stack(0x000000600d800000,0x000000600d900000) (1024K)]
  0x000001710b6fdb30 WorkerThread "GC Thread#9"                     [id=1560, stack(0x000000600d900000,0x000000600da00000) (1024K)]
  0x00000170a310ebf0 ConcurrentGCThread "G1 Main Marker"            terminated
  0x00000170a349f3a0 WorkerThread "G1 Conc#0"                       [id=14988, stack(0x000000600b500000,0x000000600b600000) (1024K)]
  0x000001710b6fd3f0 WorkerThread "G1 Conc#1"                       [id=16772, stack(0x000000600dc00000,0x000000600dd00000) (1024K)]
  0x000001710b6fbe30 WorkerThread "G1 Conc#2"                       [id=16696, stack(0x000000600dd00000,0x000000600de00000) (1024K)]
  0x00000170c4576c30 ConcurrentGCThread "G1 Refine#0"               terminated
  0x00000170c45776b0 ConcurrentGCThread "G1 Service"                terminated
Total: 17

Threads with active compile tasks:
C1 CompilerThread0    90433 8383       3       java.util.logging.Logger::updateEffectiveLevel (126 bytes)
Total: 1

VM state: at safepoint (shutting down)

VM Mutex/Monitor currently owned by a thread:  ([mutex/lock_event])
[0x00007ff93b3dde50] Threads_lock - owner thread: 0x00000170c46c5540
[0x00007ff93b3ddf50] Heap_lock - owner thread: 0x00000171138efaf0

Heap address: 0x0000000704a00000, size: 4022 MB, Compressed Oops mode: Zero based, Oop shift amount: 3

CDS archive(s) mapped at: [0x00000170c5000000-0x00000170c5c90000-0x00000170c5c90000), size 13172736, SharedBaseAddress: 0x00000170c5000000, ArchiveRelocationMode: 1.
Compressed class space mapped at: 0x00000170c6000000-0x0000017106000000, reserved size: 1073741824
Narrow klass base: 0x00000170c5000000, Narrow klass shift: 0, Narrow klass range: 0x100000000

GC Precious Log:
 CardTable entry size: 512
 Card Set container configuration: InlinePtr #cards 4 size 8 Array Of Cards #cards 16 size 48 Howl #buckets 8 coarsen threshold 3686 Howl Bitmap #cards 512 size 80 coarsen threshold 460 Card regions per heap region 1 cards per card region 4096
 CPUs: 12 total, 12 available
 Memory: 16085M
 Large Page Support: Disabled
 NUMA Support: Disabled
 Compressed Oops: Enabled (Zero based)
 Heap Region Size: 2M
 Heap Min Capacity: 8M
 Heap Initial Capacity: 252M
 Heap Max Capacity: 4022M
 Pre-touch: Disabled
 Parallel Workers: 10
 Concurrent Workers: 3
 Concurrent Refinement Workers: 10
 Periodic GC: Disabled

Heap:
 garbage-first heap   total 382976K, used 329416K [0x0000000704a00000, 0x0000000800000000)
  region size 2048K, 34 young (69632K), 4 survivors (8192K)
 Metaspace       used 52671K, committed 53184K, reserved 1114112K
  class space    used 7235K, committed 7488K, reserved 1048576K

Heap Regions: E=young(eden), S=young(survivor), O=old, HS=humongous(starts), HC=humongous(continues), CS=collection set, F=free, TAMS=top-at-mark-start, PB=parsable bottom
|   0|0x0000000704a00000, 0x0000000704c00000, 0x0000000704c00000|100%|HS|  |TAMS 0x0000000704a00000| PB 0x0000000704a00000| Complete 
|   1|0x0000000704c00000, 0x0000000704e00000, 0x0000000704e00000|100%| O|  |TAMS 0x0000000704c00000| PB 0x0000000704c00000| Untracked 
|   2|0x0000000704e00000, 0x0000000705000000, 0x0000000705000000|100%| O|  |TAMS 0x0000000704e00000| PB 0x0000000704e00000| Untracked 
|   3|0x0000000705000000, 0x0000000705200000, 0x0000000705200000|100%| O|  |TAMS 0x0000000705000000| PB 0x0000000705000000| Untracked 
|   4|0x0000000705200000, 0x0000000705400000, 0x0000000705400000|100%| O|  |TAMS 0x0000000705200000| PB 0x0000000705200000| Untracked 
|   5|0x0000000705400000, 0x0000000705600000, 0x0000000705600000|100%| O|Cm|TAMS 0x0000000705400000| PB 0x0000000705400000| Complete 
|   6|0x0000000705600000, 0x0000000705800000, 0x0000000705800000|100%|HS|  |TAMS 0x0000000705600000| PB 0x0000000705600000| Complete 
|   7|0x0000000705800000, 0x0000000705a00000, 0x0000000705a00000|100%|HC|  |TAMS 0x0000000705800000| PB 0x0000000705800000| Complete 
|   8|0x0000000705a00000, 0x0000000705c00000, 0x0000000705c00000|100%|HC|  |TAMS 0x0000000705a00000| PB 0x0000000705a00000| Complete 
|   9|0x0000000705c00000, 0x0000000705e00000, 0x0000000705e00000|100%|HC|  |TAMS 0x0000000705c00000| PB 0x0000000705c00000| Complete 
|  10|0x0000000705e00000, 0x0000000706000000, 0x0000000706000000|100%|HC|  |TAMS 0x0000000705e00000| PB 0x0000000705e00000| Complete 
|  11|0x0000000706000000, 0x0000000706200000, 0x0000000706200000|100%|HC|  |TAMS 0x0000000706000000| PB 0x0000000706000000| Complete 
|  12|0x0000000706200000, 0x0000000706400000, 0x0000000706400000|100%|HC|  |TAMS 0x0000000706200000| PB 0x0000000706200000| Complete 
|  13|0x0000000706400000, 0x0000000706600000, 0x0000000706600000|100%|HC|  |TAMS 0x0000000706400000| PB 0x0000000706400000| Complete 
|  14|0x0000000706600000, 0x0000000706800000, 0x0000000706800000|100%|HC|  |TAMS 0x0000000706600000| PB 0x0000000706600000| Complete 
|  15|0x0000000706800000, 0x0000000706a00000, 0x0000000706a00000|100%|HC|  |TAMS 0x0000000706800000| PB 0x0000000706800000| Complete 
|  16|0x0000000706a00000, 0x0000000706c00000, 0x0000000706c00000|100%| O|  |TAMS 0x0000000706a00000| PB 0x0000000706a00000| Untracked 
|  17|0x0000000706c00000, 0x0000000706e00000, 0x0000000706e00000|100%|HS|  |TAMS 0x0000000706c00000| PB 0x0000000706c00000| Complete 
|  18|0x0000000706e00000, 0x0000000707000000, 0x0000000707000000|100%|HS|  |TAMS 0x0000000706e00000| PB 0x0000000706e00000| Complete 
|  19|0x0000000707000000, 0x0000000707200000, 0x0000000707200000|100%|HS|  |TAMS 0x0000000707000000| PB 0x0000000707000000| Complete 
|  20|0x0000000707200000, 0x0000000707400000, 0x0000000707400000|100%|HS|  |TAMS 0x0000000707200000| PB 0x0000000707200000| Complete 
|  21|0x0000000707400000, 0x0000000707600000, 0x0000000707600000|100%|HS|  |TAMS 0x0000000707400000| PB 0x0000000707400000| Complete 
|  22|0x0000000707600000, 0x0000000707800000, 0x0000000707800000|100%|HS|  |TAMS 0x0000000707600000| PB 0x0000000707600000| Complete 
|  23|0x0000000707800000, 0x0000000707a00000, 0x0000000707a00000|100%|HS|  |TAMS 0x0000000707800000| PB 0x0000000707800000| Complete 
|  24|0x0000000707a00000, 0x0000000707c00000, 0x0000000707c00000|100%|HC|  |TAMS 0x0000000707a00000| PB 0x0000000707a00000| Complete 
|  25|0x0000000707c00000, 0x0000000707e00000, 0x0000000707e00000|100%|HC|  |TAMS 0x0000000707c00000| PB 0x0000000707c00000| Complete 
|  26|0x0000000707e00000, 0x0000000708000000, 0x0000000708000000|100%|HC|  |TAMS 0x0000000707e00000| PB 0x0000000707e00000| Complete 
|  27|0x0000000708000000, 0x0000000708200000, 0x0000000708200000|100%|HC|  |TAMS 0x0000000708000000| PB 0x0000000708000000| Complete 
|  28|0x0000000708200000, 0x0000000708400000, 0x0000000708400000|100%|HC|  |TAMS 0x0000000708200000| PB 0x0000000708200000| Complete 
|  29|0x0000000708400000, 0x0000000708600000, 0x0000000708600000|100%|HC|  |TAMS 0x0000000708400000| PB 0x0000000708400000| Complete 
|  30|0x0000000708600000, 0x0000000708800000, 0x0000000708800000|100%|HC|  |TAMS 0x0000000708600000| PB 0x0000000708600000| Complete 
|  31|0x0000000708800000, 0x0000000708a00000, 0x0000000708a00000|100%|HC|  |TAMS 0x0000000708800000| PB 0x0000000708800000| Complete 
|  32|0x0000000708a00000, 0x0000000708c00000, 0x0000000708c00000|100%|HC|  |TAMS 0x0000000708a00000| PB 0x0000000708a00000| Complete 
|  33|0x0000000708c00000, 0x0000000708e00000, 0x0000000708e00000|100%|HC|  |TAMS 0x0000000708c00000| PB 0x0000000708c00000| Complete 
|  34|0x0000000708e00000, 0x0000000709000000, 0x0000000709000000|100%|HC|  |TAMS 0x0000000708e00000| PB 0x0000000708e00000| Complete 
|  35|0x0000000709000000, 0x0000000709200000, 0x0000000709200000|100%|HC|  |TAMS 0x0000000709000000| PB 0x0000000709000000| Complete 
|  36|0x0000000709200000, 0x0000000709400000, 0x0000000709400000|100%|HC|  |TAMS 0x0000000709200000| PB 0x0000000709200000| Complete 
|  37|0x0000000709400000, 0x0000000709600000, 0x0000000709600000|100%|HC|  |TAMS 0x0000000709400000| PB 0x0000000709400000| Complete 
|  38|0x0000000709600000, 0x0000000709800000, 0x0000000709800000|100%|HC|  |TAMS 0x0000000709600000| PB 0x0000000709600000| Complete 
|  39|0x0000000709800000, 0x0000000709a00000, 0x0000000709a00000|100%|HC|  |TAMS 0x0000000709800000| PB 0x0000000709800000| Complete 
|  40|0x0000000709a00000, 0x0000000709c00000, 0x0000000709c00000|100%|HC|  |TAMS 0x0000000709a00000| PB 0x0000000709a00000| Complete 
|  41|0x0000000709c00000, 0x0000000709e00000, 0x0000000709e00000|100%|HC|  |TAMS 0x0000000709c00000| PB 0x0000000709c00000| Complete 
|  42|0x0000000709e00000, 0x000000070a000000, 0x000000070a000000|100%|HC|  |TAMS 0x0000000709e00000| PB 0x0000000709e00000| Complete 
|  43|0x000000070a000000, 0x000000070a200000, 0x000000070a200000|100%|HC|  |TAMS 0x000000070a000000| PB 0x000000070a000000| Complete 
|  44|0x000000070a200000, 0x000000070a400000, 0x000000070a400000|100%|HC|  |TAMS 0x000000070a200000| PB 0x000000070a200000| Complete 
|  45|0x000000070a400000, 0x000000070a600000, 0x000000070a600000|100%|HC|  |TAMS 0x000000070a400000| PB 0x000000070a400000| Complete 
|  46|0x000000070a600000, 0x000000070a800000, 0x000000070a800000|100%|HC|  |TAMS 0x000000070a600000| PB 0x000000070a600000| Complete 
|  47|0x000000070a800000, 0x000000070aa00000, 0x000000070aa00000|100%|HC|  |TAMS 0x000000070a800000| PB 0x000000070a800000| Complete 
|  48|0x000000070aa00000, 0x000000070ac00000, 0x000000070ac00000|100%|HC|  |TAMS 0x000000070aa00000| PB 0x000000070aa00000| Complete 
|  49|0x000000070ac00000, 0x000000070ae00000, 0x000000070ae00000|100%|HC|  |TAMS 0x000000070ac00000| PB 0x000000070ac00000| Complete 
|  50|0x000000070ae00000, 0x000000070ae00000, 0x000000070b000000|  0%| F|  |TAMS 0x000000070ae00000| PB 0x000000070ae00000| Untracked 
|  51|0x000000070b000000, 0x000000070b200000, 0x000000070b200000|100%|HS|  |TAMS 0x000000070b000000| PB 0x000000070b000000| Complete 
|  52|0x000000070b200000, 0x000000070b400000, 0x000000070b400000|100%|HC|  |TAMS 0x000000070b200000| PB 0x000000070b200000| Complete 
|  53|0x000000070b400000, 0x000000070b600000, 0x000000070b600000|100%|HS|  |TAMS 0x000000070b400000| PB 0x000000070b400000| Complete 
|  54|0x000000070b600000, 0x000000070b800000, 0x000000070b800000|100%|HS|  |TAMS 0x000000070b600000| PB 0x000000070b600000| Complete 
|  55|0x000000070b800000, 0x000000070ba00000, 0x000000070ba00000|100%|HS|  |TAMS 0x000000070b800000| PB 0x000000070b800000| Complete 
|  56|0x000000070ba00000, 0x000000070bc00000, 0x000000070bc00000|100%|HS|  |TAMS 0x000000070ba00000| PB 0x000000070ba00000| Complete 
|  57|0x000000070bc00000, 0x000000070be00000, 0x000000070be00000|100%|HS|  |TAMS 0x000000070bc00000| PB 0x000000070bc00000| Complete 
|  58|0x000000070be00000, 0x000000070c000000, 0x000000070c000000|100%|HC|  |TAMS 0x000000070be00000| PB 0x000000070be00000| Complete 
|  59|0x000000070c000000, 0x000000070c200000, 0x000000070c200000|100%|HS|  |TAMS 0x000000070c000000| PB 0x000000070c000000| Complete 
|  60|0x000000070c200000, 0x000000070c400000, 0x000000070c400000|100%|HC|  |TAMS 0x000000070c200000| PB 0x000000070c200000| Complete 
|  61|0x000000070c400000, 0x000000070c600000, 0x000000070c600000|100%|HS|  |TAMS 0x000000070c400000| PB 0x000000070c400000| Complete 
|  62|0x000000070c600000, 0x000000070c800000, 0x000000070c800000|100%|HC|  |TAMS 0x000000070c600000| PB 0x000000070c600000| Complete 
|  63|0x000000070c800000, 0x000000070ca00000, 0x000000070ca00000|100%|HC|  |TAMS 0x000000070c800000| PB 0x000000070c800000| Complete 
|  64|0x000000070ca00000, 0x000000070cc00000, 0x000000070cc00000|100%|HC|  |TAMS 0x000000070ca00000| PB 0x000000070ca00000| Complete 
|  65|0x000000070cc00000, 0x000000070ce00000, 0x000000070ce00000|100%|HC|  |TAMS 0x000000070cc00000| PB 0x000000070cc00000| Complete 
|  66|0x000000070ce00000, 0x000000070d000000, 0x000000070d000000|100%|HC|  |TAMS 0x000000070ce00000| PB 0x000000070ce00000| Complete 
|  67|0x000000070d000000, 0x000000070d200000, 0x000000070d200000|100%|HC|  |TAMS 0x000000070d000000| PB 0x000000070d000000| Complete 
|  68|0x000000070d200000, 0x000000070d400000, 0x000000070d400000|100%|HC|  |TAMS 0x000000070d200000| PB 0x000000070d200000| Complete 
|  69|0x000000070d400000, 0x000000070d600000, 0x000000070d600000|100%|HC|  |TAMS 0x000000070d400000| PB 0x000000070d400000| Complete 
|  70|0x000000070d600000, 0x000000070d800000, 0x000000070d800000|100%|HS|  |TAMS 0x000000070d600000| PB 0x000000070d600000| Complete 
|  71|0x000000070d800000, 0x000000070da00000, 0x000000070da00000|100%|HC|  |TAMS 0x000000070d800000| PB 0x000000070d800000| Complete 
|  72|0x000000070da00000, 0x000000070dc00000, 0x000000070dc00000|100%|HS|  |TAMS 0x000000070da00000| PB 0x000000070da00000| Complete 
|  73|0x000000070dc00000, 0x000000070de00000, 0x000000070de00000|100%|HC|  |TAMS 0x000000070dc00000| PB 0x000000070dc00000| Complete 
|  74|0x000000070de00000, 0x000000070de00000, 0x000000070e000000|  0%| F|  |TAMS 0x000000070de00000| PB 0x000000070de00000| Untracked 
|  75|0x000000070e000000, 0x000000070e000000, 0x000000070e200000|  0%| F|  |TAMS 0x000000070e000000| PB 0x000000070e000000| Untracked 
|  76|0x000000070e200000, 0x000000070e200000, 0x000000070e400000|  0%| F|  |TAMS 0x000000070e200000| PB 0x000000070e200000| Untracked 
|  77|0x000000070e400000, 0x000000070e400000, 0x000000070e600000|  0%| F|  |TAMS 0x000000070e400000| PB 0x000000070e400000| Untracked 
|  78|0x000000070e600000, 0x000000070e800000, 0x000000070e800000|100%|HS|  |TAMS 0x000000070e600000| PB 0x000000070e600000| Complete 
|  79|0x000000070e800000, 0x000000070ea00000, 0x000000070ea00000|100%|HC|  |TAMS 0x000000070e800000| PB 0x000000070e800000| Complete 
|  80|0x000000070ea00000, 0x000000070ec00000, 0x000000070ec00000|100%|HC|  |TAMS 0x000000070ea00000| PB 0x000000070ea00000| Complete 
|  81|0x000000070ec00000, 0x000000070ee00000, 0x000000070ee00000|100%|HC|  |TAMS 0x000000070ec00000| PB 0x000000070ec00000| Complete 
|  82|0x000000070ee00000, 0x000000070f000000, 0x000000070f000000|100%|HC|  |TAMS 0x000000070ee00000| PB 0x000000070ee00000| Complete 
|  83|0x000000070f000000, 0x000000070f200000, 0x000000070f200000|100%|HC|  |TAMS 0x000000070f000000| PB 0x000000070f000000| Complete 
|  84|0x000000070f200000, 0x000000070f400000, 0x000000070f400000|100%|HC|  |TAMS 0x000000070f200000| PB 0x000000070f200000| Complete 
|  85|0x000000070f400000, 0x000000070f600000, 0x000000070f600000|100%|HC|  |TAMS 0x000000070f400000| PB 0x000000070f400000| Complete 
|  86|0x000000070f600000, 0x000000070f800000, 0x000000070f800000|100%|HC|  |TAMS 0x000000070f600000| PB 0x000000070f600000| Complete 
|  87|0x000000070f800000, 0x000000070fa00000, 0x000000070fa00000|100%|HC|  |TAMS 0x000000070f800000| PB 0x000000070f800000| Complete 
|  88|0x000000070fa00000, 0x000000070fc00000, 0x000000070fc00000|100%|HC|  |TAMS 0x000000070fa00000| PB 0x000000070fa00000| Complete 
|  89|0x000000070fc00000, 0x000000070fe00000, 0x000000070fe00000|100%|HC|  |TAMS 0x000000070fc00000| PB 0x000000070fc00000| Complete 
|  90|0x000000070fe00000, 0x0000000710000000, 0x0000000710000000|100%|HC|  |TAMS 0x000000070fe00000| PB 0x000000070fe00000| Complete 
|  91|0x0000000710000000, 0x0000000710200000, 0x0000000710200000|100%|HC|  |TAMS 0x0000000710000000| PB 0x0000000710000000| Complete 
|  92|0x0000000710200000, 0x0000000710400000, 0x0000000710400000|100%|HC|  |TAMS 0x0000000710200000| PB 0x0000000710200000| Complete 
|  93|0x0000000710400000, 0x0000000710600000, 0x0000000710600000|100%|HC|  |TAMS 0x0000000710400000| PB 0x0000000710400000| Complete 
|  94|0x0000000710600000, 0x0000000710800000, 0x0000000710800000|100%|HC|  |TAMS 0x0000000710600000| PB 0x0000000710600000| Complete 
|  95|0x0000000710800000, 0x0000000710a00000, 0x0000000710a00000|100%|HC|  |TAMS 0x0000000710800000| PB 0x0000000710800000| Complete 
|  96|0x0000000710a00000, 0x0000000710c00000, 0x0000000710c00000|100%|HC|  |TAMS 0x0000000710a00000| PB 0x0000000710a00000| Complete 
|  97|0x0000000710c00000, 0x0000000710e00000, 0x0000000710e00000|100%|HC|  |TAMS 0x0000000710c00000| PB 0x0000000710c00000| Complete 
|  98|0x0000000710e00000, 0x0000000711000000, 0x0000000711000000|100%|HC|  |TAMS 0x0000000710e00000| PB 0x0000000710e00000| Complete 
|  99|0x0000000711000000, 0x0000000711200000, 0x0000000711200000|100%|HC|  |TAMS 0x0000000711000000| PB 0x0000000711000000| Complete 
| 100|0x0000000711200000, 0x0000000711400000, 0x0000000711400000|100%| S|CS|TAMS 0x0000000711200000| PB 0x0000000711200000| Complete 
| 101|0x0000000711400000, 0x0000000711600000, 0x0000000711600000|100%| S|CS|TAMS 0x0000000711400000| PB 0x0000000711400000| Complete 
| 102|0x0000000711600000, 0x0000000711800000, 0x0000000711800000|100%| S|CS|TAMS 0x0000000711600000| PB 0x0000000711600000| Complete 
| 103|0x0000000711800000, 0x000000071195d350, 0x0000000711a00000| 68%| S|CS|TAMS 0x0000000711800000| PB 0x0000000711800000| Complete 
| 104|0x0000000711a00000, 0x0000000711c00000, 0x0000000711c00000|100%|HS|  |TAMS 0x0000000711a00000| PB 0x0000000711a00000| Complete 
| 105|0x0000000711c00000, 0x0000000711e00000, 0x0000000711e00000|100%|HC|  |TAMS 0x0000000711c00000| PB 0x0000000711c00000| Complete 
| 106|0x0000000711e00000, 0x0000000712000000, 0x0000000712000000|100%|HC|  |TAMS 0x0000000711e00000| PB 0x0000000711e00000| Complete 
| 107|0x0000000712000000, 0x0000000712200000, 0x0000000712200000|100%|HC|  |TAMS 0x0000000712000000| PB 0x0000000712000000| Complete 
| 108|0x0000000712200000, 0x0000000712400000, 0x0000000712400000|100%|HC|  |TAMS 0x0000000712200000| PB 0x0000000712200000| Complete 
| 109|0x0000000712400000, 0x0000000712600000, 0x0000000712600000|100%|HC|  |TAMS 0x0000000712400000| PB 0x0000000712400000| Complete 
| 110|0x0000000712600000, 0x0000000712800000, 0x0000000712800000|100%|HC|  |TAMS 0x0000000712600000| PB 0x0000000712600000| Complete 
| 111|0x0000000712800000, 0x0000000712a00000, 0x0000000712a00000|100%|HC|  |TAMS 0x0000000712800000| PB 0x0000000712800000| Complete 
| 112|0x0000000712a00000, 0x0000000712c00000, 0x0000000712c00000|100%|HC|  |TAMS 0x0000000712a00000| PB 0x0000000712a00000| Complete 
| 113|0x0000000712c00000, 0x0000000712e00000, 0x0000000712e00000|100%|HC|  |TAMS 0x0000000712c00000| PB 0x0000000712c00000| Complete 
| 114|0x0000000712e00000, 0x0000000713000000, 0x0000000713000000|100%|HC|  |TAMS 0x0000000712e00000| PB 0x0000000712e00000| Complete 
| 115|0x0000000713000000, 0x0000000713200000, 0x0000000713200000|100%|HC|  |TAMS 0x0000000713000000| PB 0x0000000713000000| Complete 
| 116|0x0000000713200000, 0x0000000713400000, 0x0000000713400000|100%|HC|  |TAMS 0x0000000713200000| PB 0x0000000713200000| Complete 
| 117|0x0000000713400000, 0x0000000713600000, 0x0000000713600000|100%|HC|  |TAMS 0x0000000713400000| PB 0x0000000713400000| Complete 
| 118|0x0000000713600000, 0x0000000713800000, 0x0000000713800000|100%|HC|  |TAMS 0x0000000713600000| PB 0x0000000713600000| Complete 
| 119|0x0000000713800000, 0x0000000713a00000, 0x0000000713a00000|100%|HC|  |TAMS 0x0000000713800000| PB 0x0000000713800000| Complete 
| 120|0x0000000713a00000, 0x0000000713c00000, 0x0000000713c00000|100%|HC|  |TAMS 0x0000000713a00000| PB 0x0000000713a00000| Complete 
| 121|0x0000000713c00000, 0x0000000713e00000, 0x0000000713e00000|100%|HC|  |TAMS 0x0000000713c00000| PB 0x0000000713c00000| Complete 
| 122|0x0000000713e00000, 0x0000000714000000, 0x0000000714000000|100%|HC|  |TAMS 0x0000000713e00000| PB 0x0000000713e00000| Complete 
| 123|0x0000000714000000, 0x0000000714200000, 0x0000000714200000|100%|HC|  |TAMS 0x0000000714000000| PB 0x0000000714000000| Complete 
| 124|0x0000000714200000, 0x0000000714400000, 0x0000000714400000|100%|HC|  |TAMS 0x0000000714200000| PB 0x0000000714200000| Complete 
| 125|0x0000000714400000, 0x0000000714600000, 0x0000000714600000|100%|HC|  |TAMS 0x0000000714400000| PB 0x0000000714400000| Complete 
| 126|0x0000000714600000, 0x0000000714800000, 0x0000000714800000|100%|HC|  |TAMS 0x0000000714600000| PB 0x0000000714600000| Complete 
| 127|0x0000000714800000, 0x0000000714a00000, 0x0000000714a00000|100%|HC|  |TAMS 0x0000000714800000| PB 0x0000000714800000| Complete 
| 128|0x0000000714a00000, 0x0000000714c00000, 0x0000000714c00000|100%|HC|  |TAMS 0x0000000714a00000| PB 0x0000000714a00000| Complete 
| 129|0x0000000714c00000, 0x0000000714e00000, 0x0000000714e00000|100%|HC|  |TAMS 0x0000000714c00000| PB 0x0000000714c00000| Complete 
| 130|0x0000000714e00000, 0x0000000715000000, 0x0000000715000000|100%|HC|  |TAMS 0x0000000714e00000| PB 0x0000000714e00000| Complete 
| 131|0x0000000715000000, 0x0000000715200000, 0x0000000715200000|100%|HC|  |TAMS 0x0000000715000000| PB 0x0000000715000000| Complete 
| 132|0x0000000715200000, 0x0000000715400000, 0x0000000715400000|100%|HC|  |TAMS 0x0000000715200000| PB 0x0000000715200000| Complete 
| 133|0x0000000715400000, 0x0000000715600000, 0x0000000715600000|100%|HC|  |TAMS 0x0000000715400000| PB 0x0000000715400000| Complete 
| 134|0x0000000715600000, 0x0000000715800000, 0x0000000715800000|100%|HC|  |TAMS 0x0000000715600000| PB 0x0000000715600000| Complete 
| 135|0x0000000715800000, 0x0000000715a00000, 0x0000000715a00000|100%|HC|  |TAMS 0x0000000715800000| PB 0x0000000715800000| Complete 
| 136|0x0000000715a00000, 0x0000000715c00000, 0x0000000715c00000|100%|HC|  |TAMS 0x0000000715a00000| PB 0x0000000715a00000| Complete 
| 137|0x0000000715c00000, 0x0000000715c00000, 0x0000000715e00000|  0%| F|  |TAMS 0x0000000715c00000| PB 0x0000000715c00000| Untracked 
| 138|0x0000000715e00000, 0x0000000715e00000, 0x0000000716000000|  0%| F|  |TAMS 0x0000000715e00000| PB 0x0000000715e00000| Untracked 
| 139|0x0000000716000000, 0x0000000716000000, 0x0000000716200000|  0%| F|  |TAMS 0x0000000716000000| PB 0x0000000716000000| Untracked 
| 140|0x0000000716200000, 0x0000000716200000, 0x0000000716400000|  0%| F|  |TAMS 0x0000000716200000| PB 0x0000000716200000| Untracked 
| 141|0x0000000716400000, 0x0000000716400000, 0x0000000716600000|  0%| F|  |TAMS 0x0000000716400000| PB 0x0000000716400000| Untracked 
| 142|0x0000000716600000, 0x0000000716600000, 0x0000000716800000|  0%| F|  |TAMS 0x0000000716600000| PB 0x0000000716600000| Untracked 
| 143|0x0000000716800000, 0x0000000716800000, 0x0000000716a00000|  0%| F|  |TAMS 0x0000000716800000| PB 0x0000000716800000| Untracked 
| 144|0x0000000716a00000, 0x0000000716a00000, 0x0000000716c00000|  0%| F|  |TAMS 0x0000000716a00000| PB 0x0000000716a00000| Untracked 
| 145|0x0000000716c00000, 0x0000000716c00000, 0x0000000716e00000|  0%| F|  |TAMS 0x0000000716c00000| PB 0x0000000716c00000| Untracked 
| 146|0x0000000716e00000, 0x0000000716e00000, 0x0000000717000000|  0%| F|  |TAMS 0x0000000716e00000| PB 0x0000000716e00000| Untracked 
| 147|0x0000000717000000, 0x0000000717000000, 0x0000000717200000|  0%| F|  |TAMS 0x0000000717000000| PB 0x0000000717000000| Untracked 
| 148|0x0000000717200000, 0x0000000717200000, 0x0000000717400000|  0%| F|  |TAMS 0x0000000717200000| PB 0x0000000717200000| Untracked 
| 149|0x0000000717400000, 0x0000000717400000, 0x0000000717600000|  0%| F|  |TAMS 0x0000000717400000| PB 0x0000000717400000| Untracked 
| 150|0x0000000717600000, 0x0000000717600000, 0x0000000717800000|  0%| F|  |TAMS 0x0000000717600000| PB 0x0000000717600000| Untracked 
| 151|0x0000000717800000, 0x0000000717800000, 0x0000000717a00000|  0%| F|  |TAMS 0x0000000717800000| PB 0x0000000717800000| Untracked 
| 152|0x0000000717a00000, 0x0000000717a00000, 0x0000000717c00000|  0%| F|  |TAMS 0x0000000717a00000| PB 0x0000000717a00000| Untracked 
| 153|0x0000000717c00000, 0x0000000717c00000, 0x0000000717e00000|  0%| F|  |TAMS 0x0000000717c00000| PB 0x0000000717c00000| Untracked 
| 154|0x0000000717e00000, 0x0000000717e00000, 0x0000000718000000|  0%| F|  |TAMS 0x0000000717e00000| PB 0x0000000717e00000| Untracked 
| 155|0x0000000718000000, 0x0000000718000000, 0x0000000718200000|  0%| F|  |TAMS 0x0000000718000000| PB 0x0000000718000000| Untracked 
| 156|0x0000000718200000, 0x0000000718283a98, 0x0000000718400000| 25%| E|  |TAMS 0x0000000718200000| PB 0x0000000718200000| Complete 
| 157|0x0000000718400000, 0x0000000718600000, 0x0000000718600000|100%| E|CS|TAMS 0x0000000718400000| PB 0x0000000718400000| Complete 
| 158|0x0000000718600000, 0x0000000718800000, 0x0000000718800000|100%| E|CS|TAMS 0x0000000718600000| PB 0x0000000718600000| Complete 
| 159|0x0000000718800000, 0x0000000718a00000, 0x0000000718a00000|100%| E|CS|TAMS 0x0000000718800000| PB 0x0000000718800000| Complete 
| 160|0x0000000718a00000, 0x0000000718c00000, 0x0000000718c00000|100%| E|CS|TAMS 0x0000000718a00000| PB 0x0000000718a00000| Complete 
| 161|0x0000000718c00000, 0x0000000718e00000, 0x0000000718e00000|100%| E|CS|TAMS 0x0000000718c00000| PB 0x0000000718c00000| Complete 
| 162|0x0000000718e00000, 0x0000000719000000, 0x0000000719000000|100%| E|CS|TAMS 0x0000000718e00000| PB 0x0000000718e00000| Complete 
| 163|0x0000000719000000, 0x0000000719200000, 0x0000000719200000|100%| E|CS|TAMS 0x0000000719000000| PB 0x0000000719000000| Complete 
| 164|0x0000000719200000, 0x0000000719400000, 0x0000000719400000|100%| E|CS|TAMS 0x0000000719200000| PB 0x0000000719200000| Complete 
| 165|0x0000000719400000, 0x0000000719600000, 0x0000000719600000|100%| E|CS|TAMS 0x0000000719400000| PB 0x0000000719400000| Complete 
| 166|0x0000000719600000, 0x0000000719800000, 0x0000000719800000|100%| E|CS|TAMS 0x0000000719600000| PB 0x0000000719600000| Complete 
| 167|0x0000000719800000, 0x0000000719a00000, 0x0000000719a00000|100%| E|CS|TAMS 0x0000000719800000| PB 0x0000000719800000| Complete 
| 168|0x0000000719a00000, 0x0000000719c00000, 0x0000000719c00000|100%| E|CS|TAMS 0x0000000719a00000| PB 0x0000000719a00000| Complete 
| 169|0x0000000719c00000, 0x0000000719e00000, 0x0000000719e00000|100%| E|CS|TAMS 0x0000000719c00000| PB 0x0000000719c00000| Complete 
| 170|0x0000000719e00000, 0x000000071a000000, 0x000000071a000000|100%| E|CS|TAMS 0x0000000719e00000| PB 0x0000000719e00000| Complete 
| 171|0x000000071a000000, 0x000000071a200000, 0x000000071a200000|100%| E|CS|TAMS 0x000000071a000000| PB 0x000000071a000000| Complete 
| 172|0x000000071a200000, 0x000000071a400000, 0x000000071a400000|100%| E|CS|TAMS 0x000000071a200000| PB 0x000000071a200000| Complete 
| 173|0x000000071a400000, 0x000000071a600000, 0x000000071a600000|100%| E|CS|TAMS 0x000000071a400000| PB 0x000000071a400000| Complete 
| 174|0x000000071a600000, 0x000000071a800000, 0x000000071a800000|100%| E|CS|TAMS 0x000000071a600000| PB 0x000000071a600000| Complete 
| 175|0x000000071a800000, 0x000000071aa00000, 0x000000071aa00000|100%| E|CS|TAMS 0x000000071a800000| PB 0x000000071a800000| Complete 
| 176|0x000000071aa00000, 0x000000071ac00000, 0x000000071ac00000|100%| E|CS|TAMS 0x000000071aa00000| PB 0x000000071aa00000| Complete 
| 177|0x000000071ac00000, 0x000000071ae00000, 0x000000071ae00000|100%| E|CS|TAMS 0x000000071ac00000| PB 0x000000071ac00000| Complete 
| 178|0x000000071ae00000, 0x000000071b000000, 0x000000071b000000|100%| E|CS|TAMS 0x000000071ae00000| PB 0x000000071ae00000| Complete 
| 179|0x000000071b000000, 0x000000071b200000, 0x000000071b200000|100%| E|CS|TAMS 0x000000071b000000| PB 0x000000071b000000| Complete 
| 180|0x000000071b200000, 0x000000071b400000, 0x000000071b400000|100%| E|CS|TAMS 0x000000071b200000| PB 0x000000071b200000| Complete 
| 181|0x000000071b400000, 0x000000071b600000, 0x000000071b600000|100%| E|CS|TAMS 0x000000071b400000| PB 0x000000071b400000| Complete 
| 182|0x000000071b600000, 0x000000071b800000, 0x000000071b800000|100%| E|CS|TAMS 0x000000071b600000| PB 0x000000071b600000| Complete 
| 183|0x000000071b800000, 0x000000071ba00000, 0x000000071ba00000|100%| E|CS|TAMS 0x000000071b800000| PB 0x000000071b800000| Complete 
| 184|0x000000071ba00000, 0x000000071bc00000, 0x000000071bc00000|100%| E|CS|TAMS 0x000000071ba00000| PB 0x000000071ba00000| Complete 
| 185|0x000000071bc00000, 0x000000071be00000, 0x000000071be00000|100%| E|CS|TAMS 0x000000071bc00000| PB 0x000000071bc00000| Complete 
|2010|0x00000007ffe00000, 0x00000007ffe55080, 0x0000000800000000| 16%| O|  |TAMS 0x00000007ffe00000| PB 0x00000007ffe00000| Untracked 

Card table byte_map: [0x00000170bd3a0000,0x00000170bdb80000] _byte_map_base: 0x00000170b9b7b000

Marking Bits: (CMBitMap*) 0x00000170a310e580
 Bits: [0x00000170bdb80000, 0x00000170c1a58000)

Polling page: 0x00000170a3190000

Metaspace:

Usage:
  Non-class:     44.37 MB used.
      Class:      7.07 MB used.
       Both:     51.44 MB used.

Virtual space:
  Non-class space:       64.00 MB reserved,      44.62 MB ( 70%) committed,  1 nodes.
      Class space:        1.00 GB reserved,       7.31 MB ( <1%) committed,  1 nodes.
             Both:        1.06 GB reserved,      51.94 MB (  5%) committed. 

Chunk freelists:
   Non-Class:  3.22 MB
       Class:  8.65 MB
        Both:  11.88 MB

MaxMetaspaceSize: unlimited
CompressedClassSpaceSize: 1.00 GB
Initial GC threshold: 21.00 MB
Current GC threshold: 69.62 MB
CDS: on
 - commit_granule_bytes: 65536.
 - commit_granule_words: 8192.
 - virtual_space_node_default_size: 8388608.
 - enlarge_chunks_in_place: 1.
 - use_allocation_guard: 0.


Internal statistics:

num_allocs_failed_limit: 6.
num_arena_births: 598.
num_arena_deaths: 0.
num_vsnodes_births: 2.
num_vsnodes_deaths: 0.
num_space_committed: 831.
num_space_uncommitted: 0.
num_chunks_returned_to_freelist: 6.
num_chunks_taken_from_freelist: 2348.
num_chunk_merges: 6.
num_chunk_splits: 1681.
num_chunks_enlarged: 1336.
num_inconsistent_stats: 0.

CodeHeap 'non-profiled nmethods': size=120000Kb used=4980Kb max_used=4980Kb free=115019Kb
 bounds [0x00000170b4b00000, 0x00000170b4fe0000, 0x00000170bc030000]
CodeHeap 'profiled nmethods': size=120000Kb used=16102Kb max_used=16102Kb free=103897Kb
 bounds [0x00000170ad030000, 0x00000170adff0000, 0x00000170b4560000]
CodeHeap 'non-nmethods': size=5760Kb used=2087Kb max_used=2140Kb free=3672Kb
 bounds [0x00000170b4560000, 0x00000170b47d0000, 0x00000170b4b00000]
 total_blobs=8817 nmethods=7786 adapters=934
 compilation: enabled
              stopped_count=0, restarted_count=0
 full_count=0

Compilation events (20 events):
Event: 85.527 Thread 0x00000170c46ed5c0 nmethod 8373 0x00000170b4fd6a90 code [0x00000170b4fd6c20, 0x00000170b4fd6f98]
Event: 85.727 Thread 0x00000170c46f07e0 8374       3       javafx.scene.Parent::recomputeBounds (163 bytes)
Event: 85.728 Thread 0x00000170c46f07e0 nmethod 8374 0x00000170adfe6810 code [0x00000170adfe6ae0, 0x00000170adfe7b40]
Event: 86.697 Thread 0x00000170c46ed5c0 8375       4       com.sun.javafx.scene.layout.RegionHelper::pickNodeLocalImpl (12 bytes)
Event: 86.715 Thread 0x00000170c46ed5c0 nmethod 8375 0x00000170b4fd7010 code [0x00000170b4fd73a0, 0x00000170b4fd8910]
Event: 86.723 Thread 0x00000170c46ed5c0 8376       4       com.sun.javafx.collections.VetoableListDecorator$VetoableIteratorDecorator::hasNext (14 bytes)
Event: 86.724 Thread 0x00000170c46ed5c0 nmethod 8376 0x00000170b4fd9f90 code [0x00000170b4fda140, 0x00000170b4fda2d0]
Event: 86.740 Thread 0x00000170c46ed5c0 8377       4       com.sun.javafx.event.CompositeEventDispatcher::dispatchBubblingEvent (35 bytes)
Event: 86.742 Thread 0x00000170c46ed5c0 nmethod 8377 0x00000170b4fda490 code [0x00000170b4fda620, 0x00000170b4fda740]
Event: 86.973 Thread 0x00000170c46ed5c0 8378       4       com.sun.javafx.tk.quantum.QuantumToolkit::postPulse (133 bytes)
Event: 86.990 Thread 0x00000170c46ed5c0 nmethod 8378 0x00000170b4fda890 code [0x00000170b4fdab60, 0x00000170b4fdc2b8]
Event: 87.196 Thread 0x00000170c46ed5c0 8379       4       com.sun.javafx.tk.quantum.QuantumToolkit$$Lambda/0x00000170c603d158::run (8 bytes)
Event: 87.197 Thread 0x00000170c46ed5c0 nmethod 8379 0x00000170b4fdcc90 code [0x00000170b4fdce40, 0x00000170b4fdcf50]
Event: 89.883 Thread 0x00000170c46ed5c0 8380       4       jdk.internal.misc.VM::isBooted (13 bytes)
Event: 89.884 Thread 0x00000170c46ed5c0 nmethod 8380 0x00000170b4fdd090 code [0x00000170b4fdd220, 0x00000170b4fdd2b8]
Event: 89.885 Thread 0x00000170c46f07e0 8381       3       java.util.logging.LogManager::checkPermission (16 bytes)
Event: 89.885 Thread 0x00000170c46f07e0 nmethod 8381 0x00000170adfe7e90 code [0x00000170adfe8040, 0x00000170adfe8230]
Event: 89.885 Thread 0x00000170c46f07e0 8382   !   3       java.util.logging.LogManager$LoggerContext::findLogger (113 bytes)
Event: 89.886 Thread 0x00000170c46f07e0 nmethod 8382 0x00000170adfe8310 code [0x00000170adfe85c0, 0x00000170adfe94f8]
Event: 89.886 Thread 0x00000170c46f07e0 8383       3       java.util.logging.Logger::updateEffectiveLevel (126 bytes)

GC Heap History (20 events):
Event: 1.751 GC heap before
{Heap before GC invocations=1 (full 0):
 garbage-first heap   total 258048K, used 39669K [0x0000000704a00000, 0x0000000800000000)
  region size 2048K, 21 young (43008K), 2 survivors (4096K)
 Metaspace       used 12771K, committed 13056K, reserved 1114112K
  class space    used 1612K, committed 1792K, reserved 1048576K
}
Event: 1.759 GC heap after
{Heap after GC invocations=2 (full 0):
 garbage-first heap   total 258048K, used 7000K [0x0000000704a00000, 0x0000000800000000)
  region size 2048K, 3 young (6144K), 3 survivors (6144K)
 Metaspace       used 12771K, committed 13056K, reserved 1114112K
  class space    used 1612K, committed 1792K, reserved 1048576K
}
Event: 2.556 GC heap before
{Heap before GC invocations=2 (full 0):
 garbage-first heap   total 258048K, used 23384K [0x0000000704a00000, 0x0000000800000000)
  region size 2048K, 13 young (26624K), 3 survivors (6144K)
 Metaspace       used 21288K, committed 21504K, reserved 1114112K
  class space    used 2602K, committed 2688K, reserved 1048576K
}
Event: 2.563 GC heap after
{Heap after GC invocations=3 (full 0):
 garbage-first heap   total 258048K, used 10065K [0x0000000704a00000, 0x0000000800000000)
  region size 2048K, 5 young (10240K), 5 survivors (10240K)
 Metaspace       used 21288K, committed 21504K, reserved 1114112K
  class space    used 2602K, committed 2688K, reserved 1048576K
}
Event: 3.072 GC heap before
{Heap before GC invocations=4 (full 0):
 garbage-first heap   total 49152K, used 46929K [0x0000000704a00000, 0x0000000800000000)
  region size 2048K, 23 young (47104K), 5 survivors (10240K)
 Metaspace       used 29141K, committed 29504K, reserved 1114112K
  class space    used 3796K, committed 3968K, reserved 1048576K
}
Event: 3.081 GC heap after
{Heap after GC invocations=5 (full 0):
 garbage-first heap   total 59392K, used 11017K [0x0000000704a00000, 0x0000000800000000)
  region size 2048K, 5 young (10240K), 5 survivors (10240K)
 Metaspace       used 29141K, committed 29504K, reserved 1114112K
  class space    used 3796K, committed 3968K, reserved 1048576K
}
Event: 3.682 GC heap before
{Heap before GC invocations=5 (full 0):
 garbage-first heap   total 59392K, used 35593K [0x0000000704a00000, 0x0000000800000000)
  region size 2048K, 17 young (34816K), 5 survivors (10240K)
 Metaspace       used 33058K, committed 33408K, reserved 1114112K
  class space    used 4367K, committed 4544K, reserved 1048576K
}
Event: 3.694 GC heap after
{Heap after GC invocations=6 (full 0):
 garbage-first heap   total 59392K, used 12388K [0x0000000704a00000, 0x0000000800000000)
  region size 2048K, 2 young (4096K), 2 survivors (4096K)
 Metaspace       used 33058K, committed 33408K, reserved 1114112K
  class space    used 4367K, committed 4544K, reserved 1048576K
}
Event: 3.924 GC heap before
{Heap before GC invocations=6 (full 0):
 garbage-first heap   total 59392K, used 20580K [0x0000000704a00000, 0x0000000800000000)
  region size 2048K, 7 young (14336K), 2 survivors (4096K)
 Metaspace       used 34995K, committed 35328K, reserved 1114112K
  class space    used 4658K, committed 4800K, reserved 1048576K
}
Event: 3.928 GC heap after
{Heap after GC invocations=7 (full 0):
 garbage-first heap   total 59392K, used 12479K [0x0000000704a00000, 0x0000000800000000)
  region size 2048K, 2 young (4096K), 2 survivors (4096K)
 Metaspace       used 34995K, committed 35328K, reserved 1114112K
  class space    used 4658K, committed 4800K, reserved 1048576K
}
Event: 4.401 GC heap before
{Heap before GC invocations=7 (full 0):
 garbage-first heap   total 114688K, used 69823K [0x0000000704a00000, 0x0000000800000000)
  region size 2048K, 4 young (8192K), 2 survivors (4096K)
 Metaspace       used 35683K, committed 36096K, reserved 1114112K
  class space    used 4800K, committed 4992K, reserved 1048576K
}
Event: 4.404 GC heap after
{Heap after GC invocations=8 (full 0):
 garbage-first heap   total 172032K, used 68019K [0x0000000704a00000, 0x0000000800000000)
  region size 2048K, 2 young (4096K), 2 survivors (4096K)
 Metaspace       used 35683K, committed 36096K, reserved 1114112K
  class space    used 4800K, committed 4992K, reserved 1048576K
}
Event: 4.676 GC heap before
{Heap before GC invocations=9 (full 0):
 garbage-first heap   total 172032K, used 76211K [0x0000000704a00000, 0x0000000800000000)
  region size 2048K, 7 young (14336K), 2 survivors (4096K)
 Metaspace       used 36833K, committed 37312K, reserved 1114112K
  class space    used 5041K, committed 5248K, reserved 1048576K
}
Event: 4.681 GC heap after
{Heap after GC invocations=10 (full 0):
 garbage-first heap   total 172032K, used 69894K [0x0000000704a00000, 0x0000000800000000)
  region size 2048K, 3 young (6144K), 3 survivors (6144K)
 Metaspace       used 36833K, committed 37312K, reserved 1114112K
  class space    used 5041K, committed 5248K, reserved 1048576K
}
Event: 5.340 GC heap before
{Heap before GC invocations=10 (full 0):
 garbage-first heap   total 172032K, used 116998K [0x0000000704a00000, 0x0000000800000000)
  region size 2048K, 17 young (34816K), 3 survivors (6144K)
 Metaspace       used 41782K, committed 42240K, reserved 1114112K
  class space    used 6003K, committed 6208K, reserved 1048576K
}
Event: 5.349 GC heap after
{Heap after GC invocations=11 (full 0):
 garbage-first heap   total 172032K, used 92533K [0x0000000704a00000, 0x0000000800000000)
  region size 2048K, 4 young (8192K), 4 survivors (8192K)
 Metaspace       used 41782K, committed 42240K, reserved 1114112K
  class space    used 6003K, committed 6208K, reserved 1048576K
}
Event: 10.149 GC heap before
{Heap before GC invocations=12 (full 0):
 garbage-first heap   total 172032K, used 96629K [0x0000000704a00000, 0x0000000800000000)
  region size 2048K, 6 young (12288K), 4 survivors (8192K)
 Metaspace       used 42254K, committed 42752K, reserved 1114112K
  class space    used 6028K, committed 6272K, reserved 1048576K
}
Event: 10.154 GC heap after
{Heap after GC invocations=13 (full 0):
 garbage-first heap   total 172032K, used 94874K [0x0000000704a00000, 0x0000000800000000)
  region size 2048K, 3 young (6144K), 3 survivors (6144K)
 Metaspace       used 42254K, committed 42752K, reserved 1114112K
  class space    used 6028K, committed 6272K, reserved 1048576K
}
Event: 38.328 GC heap before
{Heap before GC invocations=14 (full 0):
 garbage-first heap   total 217088K, used 213658K [0x0000000704a00000, 0x0000000800000000)
  region size 2048K, 27 young (55296K), 3 survivors (6144K)
 Metaspace       used 49678K, committed 50176K, reserved 1114112K
  class space    used 7010K, committed 7232K, reserved 1048576K
}
Event: 38.337 GC heap after
{Heap after GC invocations=15 (full 0):
 garbage-first heap   total 382976K, used 167624K [0x0000000704a00000, 0x0000000800000000)
  region size 2048K, 4 young (8192K), 4 survivors (8192K)
 Metaspace       used 49678K, committed 50176K, reserved 1114112K
  class space    used 7010K, committed 7232K, reserved 1048576K
}

Dll operation events (20 events):
Event: 0.765 Loaded shared library C:\Users\yasas\.openjfx\cache\21.0.6+3\amd64\api-ms-win-crt-multibyte-l1-1-0.dll
Event: 0.770 Loaded shared library C:\Users\yasas\.openjfx\cache\21.0.6+3\amd64\api-ms-win-crt-private-l1-1-0.dll
Event: 0.775 Loaded shared library C:\Users\yasas\.openjfx\cache\21.0.6+3\amd64\api-ms-win-crt-process-l1-1-0.dll
Event: 0.780 Loaded shared library C:\Users\yasas\.openjfx\cache\21.0.6+3\amd64\api-ms-win-crt-runtime-l1-1-0.dll
Event: 0.785 Loaded shared library C:\Users\yasas\.openjfx\cache\21.0.6+3\amd64\api-ms-win-crt-stdio-l1-1-0.dll
Event: 0.791 Loaded shared library C:\Users\yasas\.openjfx\cache\21.0.6+3\amd64\api-ms-win-crt-string-l1-1-0.dll
Event: 0.796 Loaded shared library C:\Users\yasas\.openjfx\cache\21.0.6+3\amd64\api-ms-win-crt-time-l1-1-0.dll
Event: 0.801 Loaded shared library C:\Users\yasas\.openjfx\cache\21.0.6+3\amd64\api-ms-win-crt-utility-l1-1-0.dll
Event: 0.822 Loaded shared library C:\Users\yasas\.openjfx\cache\21.0.6+3\amd64\ucrtbase.dll
Event: 0.828 Loaded shared library C:\Users\yasas\.openjfx\cache\21.0.6+3\amd64\vcruntime140.dll
Event: 0.833 Loaded shared library C:\Users\yasas\.openjfx\cache\21.0.6+3\amd64\vcruntime140_1.dll
Event: 0.846 Loaded shared library C:\Users\yasas\.openjfx\cache\21.0.6+3\amd64\msvcp140.dll
Event: 0.851 Loaded shared library C:\Users\yasas\.openjfx\cache\21.0.6+3\amd64\msvcp140_1.dll
Event: 0.859 Loaded shared library C:\Users\yasas\.openjfx\cache\21.0.6+3\amd64\msvcp140_2.dll
Event: 0.917 Loaded shared library C:\Users\yasas\.openjfx\cache\21.0.6+3\amd64\prism_d3d.dll
Event: 1.082 Loaded shared library C:\Users\yasas\.openjfx\cache\21.0.6+3\amd64\glass.dll
Event: 1.228 Loaded shared library C:\Program Files\Java\jdk-21\bin\jimage.dll
Event: 1.394 Loaded shared library C:\Program Files\Java\jdk-21\bin\verify.dll
Event: 1.979 Loaded shared library C:\Program Files\Java\jdk-21\bin\sunmscapi.dll
Event: 4.427 Loaded shared library C:\Users\yasas\.openjfx\cache\21.0.6+3\amd64\javafx_font.dll

Deoptimization events (20 events):
Event: 83.830 Thread 0x000001710b21f220 Uncommon trap: trap_request=0xffffffde fr.pc=0x00000170b4d8b1f8 relative=0x0000000000000df8
Event: 83.830 Thread 0x000001710b21f220 Uncommon trap: reason=class_check action=maybe_recompile pc=0x00000170b4d8b1f8 method=java.util.WeakHashMap.matchesKey(Ljava/util/WeakHashMap$Entry;Ljava/lang/Object;)Z @ 21 c2
Event: 83.830 Thread 0x000001710b21f220 DEOPT PACKING pc=0x00000170b4d8b1f8 sp=0x000000600d0f77e0
Event: 83.830 Thread 0x000001710b21f220 DEOPT UNPACKING pc=0x00000170b45b46a2 sp=0x000000600d0f7738 mode 2
Event: 83.832 Thread 0x000001710b21f220 Uncommon trap: trap_request=0xffffffde fr.pc=0x00000170b4f0d928 relative=0x0000000000000088
Event: 83.832 Thread 0x000001710b21f220 Uncommon trap: reason=class_check action=maybe_recompile pc=0x00000170b4f0d928 method=javafx.scene.control.PopupControl$CSSBridge.getStyleableParent()Ljavafx/css/Styleable; @ 4 c2
Event: 83.832 Thread 0x000001710b21f220 DEOPT PACKING pc=0x00000170b4f0d928 sp=0x000000600d0f6ee0
Event: 83.832 Thread 0x000001710b21f220 DEOPT UNPACKING pc=0x00000170b45b46a2 sp=0x000000600d0f6e68 mode 2
Event: 83.833 Thread 0x000001710b21f220 Uncommon trap: trap_request=0xffffffde fr.pc=0x00000170b4f0d928 relative=0x0000000000000088
Event: 83.833 Thread 0x000001710b21f220 Uncommon trap: reason=class_check action=maybe_recompile pc=0x00000170b4f0d928 method=javafx.scene.control.PopupControl$CSSBridge.getStyleableParent()Ljavafx/css/Styleable; @ 4 c2
Event: 83.833 Thread 0x000001710b21f220 DEOPT PACKING pc=0x00000170b4f0d928 sp=0x000000600d0f6bb0
Event: 83.833 Thread 0x000001710b21f220 DEOPT UNPACKING pc=0x00000170b45b46a2 sp=0x000000600d0f6b38 mode 2
Event: 83.836 Thread 0x000001710b21f220 Uncommon trap: trap_request=0xffffffde fr.pc=0x00000170b4f0d928 relative=0x0000000000000088
Event: 83.836 Thread 0x000001710b21f220 Uncommon trap: reason=class_check action=maybe_recompile pc=0x00000170b4f0d928 method=javafx.scene.control.PopupControl$CSSBridge.getStyleableParent()Ljavafx/css/Styleable; @ 4 c2
Event: 83.836 Thread 0x000001710b21f220 DEOPT PACKING pc=0x00000170b4f0d928 sp=0x000000600d0f6ee0
Event: 83.836 Thread 0x000001710b21f220 DEOPT UNPACKING pc=0x00000170b45b46a2 sp=0x000000600d0f6e68 mode 2
Event: 83.836 Thread 0x000001710b21f220 Uncommon trap: trap_request=0xffffffde fr.pc=0x00000170b4f0d928 relative=0x0000000000000088
Event: 83.836 Thread 0x000001710b21f220 Uncommon trap: reason=class_check action=maybe_recompile pc=0x00000170b4f0d928 method=javafx.scene.control.PopupControl$CSSBridge.getStyleableParent()Ljavafx/css/Styleable; @ 4 c2
Event: 83.836 Thread 0x000001710b21f220 DEOPT PACKING pc=0x00000170b4f0d928 sp=0x000000600d0f6bb0
Event: 83.836 Thread 0x000001710b21f220 DEOPT UNPACKING pc=0x00000170b45b46a2 sp=0x000000600d0f6b38 mode 2

Classes loaded (20 events):
Event: 49.925 Loading class java/time/temporal/WeekFields
Event: 49.926 Loading class java/time/temporal/WeekFields done
Event: 49.926 Loading class java/time/DayOfWeek
Event: 49.926 Loading class java/time/DayOfWeek done
Event: 49.926 Loading class java/time/temporal/WeekFields$ComputedDayOfField
Event: 49.927 Loading class java/time/temporal/WeekFields$ComputedDayOfField done
Event: 49.931 Loading class java/time/chrono/IsoEra
Event: 49.931 Loading class java/time/chrono/Era
Event: 49.931 Loading class java/time/chrono/Era done
Event: 49.931 Loading class java/time/chrono/IsoEra done
Event: 55.232 Loading class java/time/format/DateTimeFormatterBuilder$ReducedPrinterParser
Event: 55.261 Loading class java/time/format/DateTimeFormatterBuilder$ReducedPrinterParser done
Event: 55.263 Loading class java/text/ParsePosition
Event: 55.264 Loading class java/text/ParsePosition done
Event: 55.264 Loading class java/time/format/DateTimeParseContext
Event: 55.264 Loading class java/time/format/DateTimeParseContext done
Event: 55.264 Loading class java/time/format/Parsed
Event: 55.265 Loading class java/time/format/Parsed done
Event: 89.882 Loading class jdk/internal/misc/Signal$1
Event: 89.883 Loading class jdk/internal/misc/Signal$1 done

Classes unloaded (0 events):
No events

Classes redefined (0 events):
No events

Internal exceptions (20 events):
Event: 10.974 Thread 0x000001710b21f220 Exception <a 'java/lang/IncompatibleClassChangeError'{0x000000070c68f818}: Found class java.lang.Object, but interface was expected> (0x000000070c68f818) 
thrown [s\open\src\hotspot\share\interpreter\linkResolver.cpp, line 840]
Event: 11.005 Thread 0x000001710b21f220 Exception <a 'java/io/FileNotFoundException'{0x000000070c405ac0}> (0x000000070c405ac0) 
thrown [s\open\src\hotspot\share\prims\jni.cpp, line 520]
Event: 11.012 Thread 0x000001710b21f220 Exception <a 'java/lang/ClassNotFoundException'{0x000000070c440a28}: com/sun/javafx/scene/control/skin/resources/controls-nt> (0x000000070c440a28) 
thrown [s\open\src\hotspot\share\prims\jni.cpp, line 539]
Event: 11.013 Thread 0x000001710b21f220 Exception <a 'java/lang/ClassNotFoundException'{0x000000070c449368}: com/sun/javafx/scene/control/skin/resources/controls-nt_en> (0x000000070c449368) 
thrown [s\open\src\hotspot\share\prims\jni.cpp, line 539]
Event: 11.013 Thread 0x000001710b21f220 Exception <a 'java/lang/ClassNotFoundException'{0x000000070c44afd0}: com/sun/javafx/scene/control/skin/resources/controls-nt_en_US> (0x000000070c44afd0) 
thrown [s\open\src\hotspot\share\prims\jni.cpp, line 539]
Event: 11.014 Thread 0x000001710b21f220 Exception <a 'java/io/FileNotFoundException'{0x000000070c4524a0}> (0x000000070c4524a0) 
thrown [s\open\src\hotspot\share\prims\jni.cpp, line 520]
Event: 38.248 Thread 0x000001710b21f220 Exception <a 'java/lang/NoSuchMethodError'{0x000000070bd84978}: 'java.lang.Object java.lang.invoke.DirectMethodHandle$Holder.newInvokeSpecial(java.lang.Object, java.lang.Object, int, int, int, int, int, java.lang.Object)'> (0x000000070bd84978) 
thrown [s\open\src\hotspot\share\interpreter\linkResolver.cpp, line 773]
Event: 38.249 Thread 0x000001710b21f220 Exception <a 'java/lang/NoSuchMethodError'{0x000000070bd96610}: 'java.lang.Object java.lang.invoke.DirectMethodHandle$Holder.newInvokeSpecial(java.lang.Object, java.lang.Object, java.lang.Object, int, int, int, int, int)'> (0x000000070bd96610) 
thrown [s\open\src\hotspot\share\interpreter\linkResolver.cpp, line 773]
Event: 38.249 Thread 0x000001710b21f220 Exception <a 'java/lang/NoSuchMethodError'{0x000000070bd9d970}: 'java.lang.Object java.lang.invoke.Invokers$Holder.linkToTargetMethod(java.lang.Object, java.lang.Object, int, int, int, int, int, java.lang.Object)'> (0x000000070bd9d970) 
thrown [s\open\src\hotspot\share\interpreter\linkResolver.cpp, line 773]
Event: 38.446 Thread 0x000001710b21f220 Exception <a 'java/io/FileNotFoundException'{0x000000071bb46518}> (0x000000071bb46518) 
thrown [s\open\src\hotspot\share\prims\jni.cpp, line 520]
Event: 38.448 Thread 0x000001710b21f220 Exception <a 'java/io/FileNotFoundException'{0x000000071bb5f7f8}> (0x000000071bb5f7f8) 
thrown [s\open\src\hotspot\share\prims\jni.cpp, line 520]
Event: 38.464 Thread 0x000001710b21f220 Exception <a 'java/lang/ClassCastException'{0x000000071bbd5e20}: class java.lang.String cannot be cast to class javafx.scene.paint.Paint (java.lang.String is in module java.base of loader 'bootstrap'; javafx.scene.paint.Paint is in module javafx.graphics@21.0.6 of loader 'app')> (0x000000071bbd5e20) 
thrown [s\open\src\hotspot\share\interpreter\interpreterRuntime.cpp, line 455]
Event: 38.538 Thread 0x000001710ab19e90 Exception <a 'java/lang/NoSuchMethodError'{0x000000071b6221c8}: 'java.lang.Object java.lang.invoke.DirectMethodHandle$Holder.invokeStaticInit(java.lang.Object, int)'> (0x000000071b6221c8) 
thrown [s\open\src\hotspot\share\interpreter\linkResolver.cpp, line 773]
Event: 39.857 Thread 0x000001710b21f220 Exception <a 'java/lang/ClassCastException'{0x000000071b527450}: class java.lang.String cannot be cast to class javafx.scene.paint.Paint (java.lang.String is in module java.base of loader 'bootstrap'; javafx.scene.paint.Paint is in module javafx.graphics@21.0.6 of loader 'app')> (0x000000071b527450) 
thrown [s\open\src\hotspot\share\interpreter\interpreterRuntime.cpp, line 455]
Event: 68.516 Thread 0x000001710b21f220 Exception <a 'java/lang/ClassCastException'{0x0000000718d20798}: class java.lang.String cannot be cast to class javafx.scene.paint.Paint (java.lang.String is in module java.base of loader 'bootstrap'; javafx.scene.paint.Paint is in module javafx.graphics@21.0.6 of loader 'app')> (0x0000000718d20798) 
thrown [s\open\src\hotspot\share\interpreter\interpreterRuntime.cpp, line 455]
Event: 83.819 Thread 0x000001710b21f220 Implicit null exception at 0x00000170b4ef8508 to 0x00000170b4eff8b8
Event: 83.819 Thread 0x000001710b21f220 Exception <a 'java/io/FileNotFoundException'{0x000000071896c420}> (0x000000071896c420) 
thrown [s\open\src\hotspot\share\prims\jni.cpp, line 520]
Event: 83.820 Thread 0x000001710b21f220 Exception <a 'java/io/FileNotFoundException'{0x0000000718985f10}> (0x0000000718985f10) 
thrown [s\open\src\hotspot\share\prims\jni.cpp, line 520]
Event: 83.830 Thread 0x000001710b21f220 Exception <a 'java/lang/ClassCastException'{0x0000000718603438}> (0x0000000718603438) 
thrown [s\open\src\hotspot\share\runtime\sharedRuntime.cpp, line 625]
Event: 89.885 Thread 0x000001710b4189b0 Exception <a 'java/lang/NullPointerException'{0x000000071b6401d0}> (0x000000071b6401d0) 
thrown [s\open\src\hotspot\share\prims\jni.cpp, line 900]

ZGC Phase Switch (0 events):
No events

VM Operations (20 events):
Event: 68.528 Executing VM operation: HandshakeAllThreads (Deoptimize) done
Event: 69.528 Executing VM operation: Cleanup
Event: 69.528 Executing VM operation: Cleanup done
Event: 70.528 Executing VM operation: Cleanup
Event: 70.528 Executing VM operation: Cleanup done
Event: 78.533 Executing VM operation: Cleanup
Event: 78.533 Executing VM operation: Cleanup done
Event: 79.534 Executing VM operation: Cleanup
Event: 79.534 Executing VM operation: Cleanup done
Event: 80.534 Executing VM operation: Cleanup
Event: 80.534 Executing VM operation: Cleanup done
Event: 82.536 Executing VM operation: Cleanup
Event: 82.536 Executing VM operation: Cleanup done
Event: 84.537 Executing VM operation: Cleanup
Event: 84.538 Executing VM operation: Cleanup done
Event: 85.538 Executing VM operation: Cleanup
Event: 85.538 Executing VM operation: Cleanup done
Event: 87.539 Executing VM operation: Cleanup
Event: 87.539 Executing VM operation: Cleanup done
Event: 89.887 Executing VM operation: Exit

Events (20 events):
Event: 40.131 Thread 0x000001710a1990a0 Thread exited: 0x000001710a1990a0
Event: 49.941 Thread 0x000001710a19a510 Thread added: 0x000001710a19a510
Event: 49.996 Thread 0x000001710a19abe0 Thread added: 0x000001710a19abe0
Event: 50.319 Thread 0x000001710a19abe0 Thread exited: 0x000001710a19abe0
Event: 50.563 Thread 0x000001710a19a510 Thread exited: 0x000001710a19a510
Event: 51.022 Thread 0x000001710a199770 Thread added: 0x000001710a199770
Event: 51.034 Thread 0x000001710a19abe0 Thread added: 0x000001710a19abe0
Event: 52.294 Thread 0x000001710a19abe0 Thread exited: 0x000001710a19abe0
Event: 52.295 Thread 0x000001710a199770 Thread exited: 0x000001710a199770
Event: 52.310 Thread 0x000001710a1989d0 Thread added: 0x000001710a1989d0
Event: 54.029 Thread 0x000001710a1989d0 Thread exited: 0x000001710a1989d0
Event: 68.424 Thread 0x000001710a1989d0 Thread added: 0x000001710a1989d0
Event: 68.433 Thread 0x000001710a199e40 Thread added: 0x000001710a199e40
Event: 74.748 Thread 0x000001710a199e40 Thread exited: 0x000001710a199e40
Event: 77.985 Thread 0x000001710a1989d0 Thread exited: 0x000001710a1989d0
Event: 89.883 Thread 0x00000171138efaf0 Thread added: 0x00000171138efaf0
Event: 89.884 Thread 0x00000171138ecd00 Thread added: 0x00000171138ecd00
Event: 89.884 Thread 0x00000171138eda20 Thread added: 0x00000171138eda20
Event: 89.886 Thread 0x00000171138ecd00 Thread exited: 0x00000171138ecd00
Event: 89.886 Thread 0x00000171138eda20 Thread exited: 0x00000171138eda20


Dynamic libraries:
0x00007ff618550000 - 0x00007ff618560000 	C:\Program Files\Java\jdk-21\bin\java.exe
0x00007ff9b98e0000 - 0x00007ff9b9b49000 	C:\WINDOWS\SYSTEM32\ntdll.dll
0x00007ff9b8020000 - 0x00007ff9b80e9000 	C:\WINDOWS\System32\KERNEL32.DLL
0x00007ff9b71f0000 - 0x00007ff9b75e3000 	C:\WINDOWS\System32\KERNELBASE.dll
0x00007ff9b6b10000 - 0x00007ff9b6c5b000 	C:\WINDOWS\System32\ucrtbase.dll
0x00007ff9b3160000 - 0x00007ff9b317b000 	C:\Program Files\Java\jdk-21\bin\VCRUNTIME140.dll
0x00007ff9b3180000 - 0x00007ff9b3199000 	C:\Program Files\Java\jdk-21\bin\jli.dll
0x00007ff9b8920000 - 0x00007ff9b89d4000 	C:\WINDOWS\System32\ADVAPI32.dll
0x00007ff9b76b0000 - 0x00007ff9b7759000 	C:\WINDOWS\System32\msvcrt.dll
0x00007ff9b78c0000 - 0x00007ff9b7966000 	C:\WINDOWS\System32\sechost.dll
0x00007ff9b9690000 - 0x00007ff9b97a8000 	C:\WINDOWS\System32\RPCRT4.dll
0x00007ff9b8650000 - 0x00007ff9b8814000 	C:\WINDOWS\System32\USER32.dll
0x00007ff9b7050000 - 0x00007ff9b7077000 	C:\WINDOWS\System32\win32u.dll
0x00007ff9b7970000 - 0x00007ff9b799b000 	C:\WINDOWS\System32\GDI32.dll
0x00007ff997430000 - 0x00007ff9976c3000 	C:\WINDOWS\WinSxS\amd64_microsoft.windows.common-controls_6595b64144ccf1df_6.0.26100.5074_none_3e0d6f78e32fd63f\COMCTL32.dll
0x00007ff9b6de0000 - 0x00007ff9b6f0d000 	C:\WINDOWS\System32\gdi32full.dll
0x00007ff9b6f10000 - 0x00007ff9b6fb3000 	C:\WINDOWS\System32\msvcp_win.dll
0x00007ff9ada50000 - 0x00007ff9ada5b000 	C:\WINDOWS\SYSTEM32\VERSION.dll
0x00007ff9b8610000 - 0x00007ff9b863f000 	C:\WINDOWS\System32\IMM32.DLL
0x00007ff98e050000 - 0x00007ff98e142000 	C:\Program Files\Windhawk\Engine\1.6.1\64\windhawk.dll
0x00007ff9b1450000 - 0x00007ff9b145c000 	C:\Program Files\Java\jdk-21\bin\vcruntime140_1.dll
0x00007ff9b1250000 - 0x00007ff9b12de000 	C:\Program Files\Java\jdk-21\bin\msvcp140.dll
0x00007ff93a7a0000 - 0x00007ff93b4ba000 	C:\Program Files\Java\jdk-21\bin\server\jvm.dll
0x00007ff9b8590000 - 0x00007ff9b8604000 	C:\WINDOWS\System32\WS2_32.dll
0x00007ff9b62f0000 - 0x00007ff9b634e000 	C:\WINDOWS\SYSTEM32\POWRPROF.dll
0x00007ff9ada10000 - 0x00007ff9ada45000 	C:\WINDOWS\SYSTEM32\WINMM.dll
0x00007ff9b62d0000 - 0x00007ff9b62e4000 	C:\WINDOWS\SYSTEM32\UMPDC.dll
0x00007ff9b5810000 - 0x00007ff9b582b000 	C:\WINDOWS\SYSTEM32\kernel.appcore.dll
0x00007ff9b1240000 - 0x00007ff9b124a000 	C:\Program Files\Java\jdk-21\bin\jimage.dll
0x00007ff9b4110000 - 0x00007ff9b4352000 	C:\WINDOWS\SYSTEM32\DBGHELP.DLL
0x00007ff9b92c0000 - 0x00007ff9b963b000 	C:\WINDOWS\System32\combase.dll
0x00007ff9b8a00000 - 0x00007ff9b8ad7000 	C:\WINDOWS\System32\OLEAUT32.dll
0x00007ff994150000 - 0x00007ff99418d000 	C:\WINDOWS\SYSTEM32\dbgcore.DLL
0x00007ff9b6a70000 - 0x00007ff9b6b09000 	C:\WINDOWS\System32\bcryptPrimitives.dll
0x00007ff9b11f0000 - 0x00007ff9b11ff000 	C:\Program Files\Java\jdk-21\bin\instrument.dll
0x00007ff9b1220000 - 0x00007ff9b123f000 	C:\Program Files\Java\jdk-21\bin\java.dll
0x00007ff9b8b70000 - 0x00007ff9b92bd000 	C:\WINDOWS\System32\SHELL32.dll
0x00000170c4820000 - 0x00000170c498c000 	C:\WINDOWS\System32\wintypes.dll
0x00007ff9b4690000 - 0x00007ff9b4ee9000 	C:\WINDOWS\SYSTEM32\windows.storage.dll
0x00007ff9b7760000 - 0x00007ff9b7850000 	C:\WINDOWS\System32\SHCORE.dll
0x00007ff9b7dd0000 - 0x00007ff9b7e32000 	C:\WINDOWS\System32\shlwapi.dll
0x00007ff9b6990000 - 0x00007ff9b69b9000 	C:\WINDOWS\SYSTEM32\profapi.dll
0x00007ff99d8c0000 - 0x00007ff99d997000 	C:\Program Files\Java\jdk-21\bin\jsvml.dll
0x00007ff9b1200000 - 0x00007ff9b1210000 	C:\Program Files\Java\jdk-21\bin\net.dll
0x00007ff9aebb0000 - 0x00007ff9aeccf000 	C:\WINDOWS\SYSTEM32\WINHTTP.dll
0x00007ff9b5d70000 - 0x00007ff9b5ddb000 	C:\WINDOWS\system32\mswsock.dll
0x00007ff9b1190000 - 0x00007ff9b11a6000 	C:\Program Files\Java\jdk-21\bin\nio.dll
0x00007ff9ae8e0000 - 0x00007ff9ae8f8000 	C:\Program Files\Java\jdk-21\bin\zip.dll
0x00000170a4c20000 - 0x00000170a4c23000 	C:\Users\yasas\.openjfx\cache\21.0.6+3\amd64\api-ms-win-core-console-l1-1-0.dll
0x00000170a4c30000 - 0x00000170a4c33000 	C:\Users\yasas\.openjfx\cache\21.0.6+3\amd64\api-ms-win-core-console-l1-2-0.dll
0x00000170a4c40000 - 0x00000170a4c43000 	C:\Users\yasas\.openjfx\cache\21.0.6+3\amd64\api-ms-win-core-datetime-l1-1-0.dll
0x00000170c4d90000 - 0x00000170c4d93000 	C:\Users\yasas\.openjfx\cache\21.0.6+3\amd64\api-ms-win-core-debug-l1-1-0.dll
0x00000170c4da0000 - 0x00000170c4da3000 	C:\Users\yasas\.openjfx\cache\21.0.6+3\amd64\api-ms-win-core-errorhandling-l1-1-0.dll
0x00000170c4db0000 - 0x00000170c4db4000 	C:\Users\yasas\.openjfx\cache\21.0.6+3\amd64\api-ms-win-core-file-l1-1-0.dll
0x00000170c4dc0000 - 0x00000170c4dc3000 	C:\Users\yasas\.openjfx\cache\21.0.6+3\amd64\api-ms-win-core-file-l1-2-0.dll
0x00000170c4dd0000 - 0x00000170c4dd3000 	C:\Users\yasas\.openjfx\cache\21.0.6+3\amd64\api-ms-win-core-file-l2-1-0.dll
0x00000170c4de0000 - 0x00000170c4de3000 	C:\Users\yasas\.openjfx\cache\21.0.6+3\amd64\api-ms-win-core-handle-l1-1-0.dll
0x00000170c4df0000 - 0x00000170c4df3000 	C:\Users\yasas\.openjfx\cache\21.0.6+3\amd64\api-ms-win-core-heap-l1-1-0.dll
0x00000170c4e00000 - 0x00000170c4e03000 	C:\Users\yasas\.openjfx\cache\21.0.6+3\amd64\api-ms-win-core-interlocked-l1-1-0.dll
0x00000170c4e10000 - 0x00000170c4e13000 	C:\Users\yasas\.openjfx\cache\21.0.6+3\amd64\api-ms-win-core-libraryloader-l1-1-0.dll
0x00000170c4e20000 - 0x00000170c4e23000 	C:\Users\yasas\.openjfx\cache\21.0.6+3\amd64\api-ms-win-core-localization-l1-2-0.dll
0x00000170c4e30000 - 0x00000170c4e33000 	C:\Users\yasas\.openjfx\cache\21.0.6+3\amd64\api-ms-win-core-memory-l1-1-0.dll
0x00000170c4e40000 - 0x00000170c4e43000 	C:\Users\yasas\.openjfx\cache\21.0.6+3\amd64\api-ms-win-core-namedpipe-l1-1-0.dll
0x00000170c4e50000 - 0x00000170c4e53000 	C:\Users\yasas\.openjfx\cache\21.0.6+3\amd64\api-ms-win-core-processenvironment-l1-1-0.dll
0x00000170c4e60000 - 0x00000170c4e63000 	C:\Users\yasas\.openjfx\cache\21.0.6+3\amd64\api-ms-win-core-processthreads-l1-1-0.dll
0x00000170c4e70000 - 0x00000170c4e73000 	C:\Users\yasas\.openjfx\cache\21.0.6+3\amd64\api-ms-win-core-processthreads-l1-1-1.dll
0x00000170c4e80000 - 0x00000170c4e83000 	C:\Users\yasas\.openjfx\cache\21.0.6+3\amd64\api-ms-win-core-profile-l1-1-0.dll
0x00000170c4e90000 - 0x00000170c4e93000 	C:\Users\yasas\.openjfx\cache\21.0.6+3\amd64\api-ms-win-core-rtlsupport-l1-1-0.dll
0x00000170c4ea0000 - 0x00000170c4ea3000 	C:\Users\yasas\.openjfx\cache\21.0.6+3\amd64\api-ms-win-core-string-l1-1-0.dll
0x00000170c4eb0000 - 0x00000170c4eb3000 	C:\Users\yasas\.openjfx\cache\21.0.6+3\amd64\api-ms-win-core-synch-l1-1-0.dll
0x00000170c4ec0000 - 0x00000170c4ec3000 	C:\Users\yasas\.openjfx\cache\21.0.6+3\amd64\api-ms-win-core-synch-l1-2-0.dll
0x00000170c4ed0000 - 0x00000170c4ed3000 	C:\Users\yasas\.openjfx\cache\21.0.6+3\amd64\api-ms-win-core-sysinfo-l1-1-0.dll
0x00000170c4ee0000 - 0x00000170c4ee3000 	C:\Users\yasas\.openjfx\cache\21.0.6+3\amd64\api-ms-win-core-timezone-l1-1-0.dll
0x00000170c4ef0000 - 0x00000170c4ef3000 	C:\Users\yasas\.openjfx\cache\21.0.6+3\amd64\api-ms-win-core-util-l1-1-0.dll
0x00000170c4f00000 - 0x00000170c4f03000 	C:\Users\yasas\.openjfx\cache\21.0.6+3\amd64\api-ms-win-crt-conio-l1-1-0.dll
0x00000170c4f10000 - 0x00000170c4f14000 	C:\Users\yasas\.openjfx\cache\21.0.6+3\amd64\api-ms-win-crt-convert-l1-1-0.dll
0x00000170c4f20000 - 0x00000170c4f23000 	C:\Users\yasas\.openjfx\cache\21.0.6+3\amd64\api-ms-win-crt-environment-l1-1-0.dll
0x00000170c4f30000 - 0x00000170c4f33000 	C:\Users\yasas\.openjfx\cache\21.0.6+3\amd64\api-ms-win-crt-filesystem-l1-1-0.dll
0x00000170c4f40000 - 0x00000170c4f43000 	C:\Users\yasas\.openjfx\cache\21.0.6+3\amd64\api-ms-win-crt-heap-l1-1-0.dll
0x00000170c4f50000 - 0x00000170c4f53000 	C:\Users\yasas\.openjfx\cache\21.0.6+3\amd64\api-ms-win-crt-locale-l1-1-0.dll
0x00000170c4f60000 - 0x00000170c4f65000 	C:\Users\yasas\.openjfx\cache\21.0.6+3\amd64\api-ms-win-crt-math-l1-1-0.dll
0x00000170c4f70000 - 0x00000170c4f75000 	C:\Users\yasas\.openjfx\cache\21.0.6+3\amd64\api-ms-win-crt-multibyte-l1-1-0.dll
0x00000170c4f80000 - 0x00000170c4f90000 	C:\Users\yasas\.openjfx\cache\21.0.6+3\amd64\api-ms-win-crt-private-l1-1-0.dll
0x00000170c4f90000 - 0x00000170c4f93000 	C:\Users\yasas\.openjfx\cache\21.0.6+3\amd64\api-ms-win-crt-process-l1-1-0.dll
0x00000170c4fa0000 - 0x00000170c4fa4000 	C:\Users\yasas\.openjfx\cache\21.0.6+3\amd64\api-ms-win-crt-runtime-l1-1-0.dll
0x00000170c4fb0000 - 0x00000170c4fb4000 	C:\Users\yasas\.openjfx\cache\21.0.6+3\amd64\api-ms-win-crt-stdio-l1-1-0.dll
0x00000170c4fc0000 - 0x00000170c4fc4000 	C:\Users\yasas\.openjfx\cache\21.0.6+3\amd64\api-ms-win-crt-string-l1-1-0.dll
0x00000170c4fd0000 - 0x00000170c4fd3000 	C:\Users\yasas\.openjfx\cache\21.0.6+3\amd64\api-ms-win-crt-time-l1-1-0.dll
0x00000170c4fe0000 - 0x00000170c4fe3000 	C:\Users\yasas\.openjfx\cache\21.0.6+3\amd64\api-ms-win-crt-utility-l1-1-0.dll
0x00007ff986e20000 - 0x00007ff986f1c000 	C:\Users\yasas\.openjfx\cache\21.0.6+3\amd64\ucrtbase.dll
0x00007ff9990a0000 - 0x00007ff9990bb000 	C:\Users\yasas\.openjfx\cache\21.0.6+3\amd64\vcruntime140.dll
0x00007ff999090000 - 0x00007ff99909c000 	C:\Users\yasas\.openjfx\cache\21.0.6+3\amd64\vcruntime140_1.dll
0x00007ff986bf0000 - 0x00007ff986c7e000 	C:\Users\yasas\.openjfx\cache\21.0.6+3\amd64\msvcp140.dll
0x00007ff999080000 - 0x00007ff999089000 	C:\Users\yasas\.openjfx\cache\21.0.6+3\amd64\msvcp140_1.dll
0x00007ff98d020000 - 0x00007ff98d061000 	C:\Users\yasas\.openjfx\cache\21.0.6+3\amd64\msvcp140_2.dll
0x00007ff998f00000 - 0x00007ff998f30000 	C:\Users\yasas\.openjfx\cache\21.0.6+3\amd64\prism_d3d.dll
0x00007ff94b5e0000 - 0x00007ff94b791000 	C:\WINDOWS\system32\d3d9.dll
0x00007ff9b3ae0000 - 0x00007ff9b3b0b000 	C:\WINDOWS\SYSTEM32\dwmapi.dll
0x00007ff9b3b20000 - 0x00007ff9b3b64000 	C:\WINDOWS\SYSTEM32\dxcore.dll
0x00007ff9b3860000 - 0x00007ff9b3908000 	C:\WINDOWS\system32\uxtheme.dll
0x00007ff94b510000 - 0x00007ff94b5d2000 	C:\WINDOWS\SYSTEM32\d3d9on12.dll
0x00007ff9b3960000 - 0x00007ff9b3a9a000 	C:\WINDOWS\SYSTEM32\dxgi.dll
0x00007ff94b4e0000 - 0x00007ff94b503000 	C:\WINDOWS\SYSTEM32\d3d12.dll
0x00007ff9b66f0000 - 0x00007ff9b6747000 	C:\WINDOWS\SYSTEM32\cfgmgr32.dll
0x00007ff94b260000 - 0x00007ff94b4d0000 	C:\WINDOWS\SYSTEM32\D3D12Core.dll
0x00007ff94b230000 - 0x00007ff94b257000 	C:\WINDOWS\System32\DriverStore\FileRepository\iigd_dch.inf_amd64_ce2a84db4d20c228\igd12umd64.dll
0x00007ff94a2e0000 - 0x00007ff94b22b000 	C:\WINDOWS\System32\DriverStore\FileRepository\iigd_dch.inf_amd64_ce2a84db4d20c228\igd12um64xel.dll
0x00007ff9b6c60000 - 0x00007ff9b6dd7000 	C:\WINDOWS\System32\CRYPT32.dll
0x00007ff9b7a40000 - 0x00007ff9b7bd8000 	C:\WINDOWS\System32\ole32.dll
0x00007ff9b6960000 - 0x00007ff9b6986000 	C:\WINDOWS\SYSTEM32\bcrypt.dll
0x00007ff9876b0000 - 0x00007ff9876f4000 	C:\WINDOWS\SYSTEM32\ControlLib.dll
0x00007ff9b80f0000 - 0x00007ff9b8577000 	C:\WINDOWS\System32\SETUPAPI.dll
0x00007ff9b6750000 - 0x00007ff9b677d000 	C:\WINDOWS\SYSTEM32\DEVOBJ.dll
0x00007ff9a7f10000 - 0x00007ff9a7f98000 	C:\WINDOWS\System32\DriverStore\FileRepository\iigd_dch.inf_amd64_ce2a84db4d20c228\IntelControlLib.dll
0x00007ff9b6fc0000 - 0x00007ff9b703e000 	C:\WINDOWS\System32\WINTRUST.dll
0x00007ff9b61a0000 - 0x00007ff9b61b3000 	C:\WINDOWS\SYSTEM32\MSASN1.dll
0x00007ff9b0bb0000 - 0x00007ff9b0c10000 	C:\WINDOWS\SYSTEM32\directxdatabasehelper.dll
0x00007ff9a7760000 - 0x00007ff9a7b34000 	C:\WINDOWS\System32\DriverStore\FileRepository\iigd_dch.inf_amd64_ce2a84db4d20c228\igdgmm64.dll
0x00007ff9a3940000 - 0x00007ff9a7752000 	C:\WINDOWS\System32\DriverStore\FileRepository\iigd_dch.inf_amd64_ce2a84db4d20c228\igc64.dll
0x00007ff94a2a0000 - 0x00007ff94a2ce000 	C:\WINDOWS\SYSTEM32\D3DSCache.dll
0x00007ff9b5e10000 - 0x00007ff9b5e3b000 	C:\WINDOWS\SYSTEM32\USERENV.dll
0x00007ff948ef0000 - 0x00007ff94a29d000 	C:\WINDOWS\System32\DriverStore\FileRepository\iigd_dch.inf_amd64_ce2a84db4d20c228\igd12dxva64.dll
0x00007ff9524b0000 - 0x00007ff9541d0000 	C:\WINDOWS\System32\DriverStore\FileRepository\iigd_dch.inf_amd64_ce2a84db4d20c228\media_bin_64.dll
0x00007ff95a260000 - 0x00007ff95a287000 	C:\WINDOWS\System32\DriverStore\FileRepository\iigd_dch.inf_amd64_ce2a84db4d20c228\igdinfo64.dll
0x00007ff9a2e30000 - 0x00007ff9a3069000 	C:\WINDOWS\SYSTEM32\twinapi.appcore.dll
0x00007ff98ae20000 - 0x00007ff98ae62000 	C:\Users\yasas\.openjfx\cache\21.0.6+3\amd64\glass.dll
0x00007ff9b8820000 - 0x00007ff9b8911000 	C:\WINDOWS\System32\COMDLG32.dll
0x00007ff9b7c70000 - 0x00007ff9b7dc8000 	C:\WINDOWS\System32\MSCTF.dll

dbghelp: loaded successfully - version: 4.0.5 - missing functions: none
symbol engine: initialized successfully - sym options: 0x614 - pdb path: .;C:\Program Files\Java\jdk-21\bin;C:\WINDOWS\SYSTEM32;C:\WINDOWS\WinSxS\amd64_microsoft.windows.common-controls_6595b64144ccf1df_6.0.26100.5074_none_3e0d6f78e32fd63f;C:\Program Files\Windhawk\Engine\1.6.1\64;C:\Program Files\Java\jdk-21\bin\server;C:\Users\yasas\.openjfx\cache\21.0.6+3\amd64;C:\WINDOWS\System32\DriverStore\FileRepository\iigd_dch.inf_amd64_ce2a84db4d20c228;C:\Program Files\Common Files\Microsoft Shared\Ink

VM Arguments:
jvm_args: -javaagent:C:\Program Files\JetBrains\IntelliJ IDEA 2025.2.1\lib\idea_rt.jar=50285 -Dfile.encoding=UTF-8 -Dsun.stdout.encoding=UTF-8 -Dsun.stderr.encoding=UTF-8 --module-path=C:\Users\yasas\.m2\repository\org\openjfx\javafx-base\21.0.6\javafx-base-21.0.6-win.jar;C:\Users\yasas\.m2\repository\org\springframework\security\spring-security-crypto\6.5.3\spring-security-crypto-6.5.3.jar;C:\Users\yasas\.m2\repository\org\hibernate\orm\hibernate-core\6.0.0.Final\hibernate-core-6.0.0.Final.jar;C:\Users\yasas\.m2\repository\org\openjfx\javafx-fxml\21.0.6\javafx-fxml-21.0.6-win.jar;C:\Users\yasas\.m2\repository\org\projectlombok\lombok\1.18.34\lombok-1.18.34.jar;C:\Users\yasas\.m2\repository\jakarta\persistence\jakarta.persistence-api\3.1.0\jakarta.persistence-api-3.1.0.jar;C:\Users\yasas\.m2\repository\org\openjfx\javafx-controls\21.0.6\javafx-controls-21.0.6-win.jar;C:\Users\yasas\.m2\repository\org\openjfx\javafx-graphics\21.0.6\javafx-graphics-21.0.6-win.jar;C:\Users\yasas\Documents\dev\ijse\elite-learners-system\target\classes -Djdk.module.main=lk.ijse.learners 
java_command: lk.ijse.learners/lk.ijse.learners.Launcher
java_class_path (initial): C:\Users\yasas\.m2\repository\jakarta\transaction\jakarta.transaction-api\2.0.0\jakarta.transaction-api-2.0.0.jar;C:\Users\yasas\.m2\repository\org\jboss\logging\jboss-logging\3.4.3.Final\jboss-logging-3.4.3.Final.jar;C:\Users\yasas\.m2\repository\org\jboss\jandex\2.4.2.Final\jandex-2.4.2.Final.jar;C:\Users\yasas\.m2\repository\com\fasterxml\classmate\1.5.1\classmate-1.5.1.jar;C:\Users\yasas\.m2\repository\org\hibernate\common\hibernate-commons-annotations\6.0.0.CR1\hibernate-commons-annotations-6.0.0.CR1.jar;C:\Users\yasas\.m2\repository\net\bytebuddy\byte-buddy\1.12.8\byte-buddy-1.12.8.jar;C:\Users\yasas\.m2\repository\jakarta\activation\jakarta.activation-api\2.0.1\jakarta.activation-api-2.0.1.jar;C:\Users\yasas\.m2\repository\jakarta\xml\bind\jakarta.xml.bind-api\3.0.1\jakarta.xml.bind-api-3.0.1.jar;C:\Users\yasas\.m2\repository\com\sun\activation\jakarta.activation\2.0.1\jakarta.activation-2.0.1.jar;C:\Users\yasas\.m2\repository\org\glassfish\jaxb\jaxb-runtime\3.0.2\jaxb-runtime-3.0.2.jar;C:\Users\yasas\.m2\repository\org\glassfish\jaxb\jaxb-core\3.0.2\jaxb-core-3.0.2.jar;C:\Users\yasas\.m2\repository\org\glassfish\jaxb\txw2\3.0.2\txw2-3.0.2.jar;C:\Users\yasas\.m2\repository\com\sun\istack\istack-commons-runtime\4.0.1\istack-commons-runtime-4.0.1.jar;C:\Users\yasas\.m2\repository\jakarta\inject\jakarta.inject-api\2.0.0\jakarta.inject-api-2.0.0.jar;C:\Users\yasas\.m2\repository\org\antlr\antlr4-runtime\4.9.1\antlr4-runtime-4.9.1.jar;C:\Users\yasas\.m2\repository\com\mysql\mysql-connector-j\8.0.33\mysql-connector-j-8.0.33.jar;C:\Users\yasas\.m2\repository\com\google\protobuf\protobuf-java\3.21.9\protobuf-java-3.21.9.jar;C:\Users\yasas\.m2\repository\org\openjfx\javafx-controls\21.0.6\javafx-controls-21.0.6.jar;C:\Users\yasas\.m2\repository\org\openjfx\javafx-graphics\21.0.6\javafx-graphics-21.0.6.jar;C:\Users\yasas\.m2\repository\org\openjfx\javafx-base\21.0.6\javafx-base-21.0.6.jar;C:\Users\yasas\.m2\repository\org\openjfx\javafx-fxml\21.0.6\javafx-fxml-21.0.6.jar
Launcher Type: SUN_STANDARD

[Global flags]
     intx CICompilerCount                          = 4                                         {product} {ergonomic}
     uint ConcGCThreads                            = 3                                         {product} {ergonomic}
     uint G1ConcRefinementThreads                  = 10                                        {product} {ergonomic}
   size_t G1HeapRegionSize                         = 2097152                                   {product} {ergonomic}
    uintx GCDrainStackTargetSize                   = 64                                        {product} {ergonomic}
   size_t InitialHeapSize                          = 264241152                                 {product} {ergonomic}
   size_t MarkStackSize                            = 4194304                                   {product} {ergonomic}
   size_t MaxHeapSize                              = 4217372672                                {product} {ergonomic}
   size_t MaxNewSize                               = 2529165312                                {product} {ergonomic}
   size_t MinHeapDeltaBytes                        = 2097152                                   {product} {ergonomic}
   size_t MinHeapSize                              = 8388608                                   {product} {ergonomic}
    uintx NonNMethodCodeHeapSize                   = 5839372                                {pd product} {ergonomic}
    uintx NonProfiledCodeHeapSize                  = 122909434                              {pd product} {ergonomic}
    uintx ProfiledCodeHeapSize                     = 122909434                              {pd product} {ergonomic}
    uintx ReservedCodeCacheSize                    = 251658240                              {pd product} {ergonomic}
     bool SegmentedCodeCache                       = true                                      {product} {ergonomic}
   size_t SoftMaxHeapSize                          = 4217372672                             {manageable} {ergonomic}
     bool UseCompressedOops                        = true                           {product lp64_product} {ergonomic}
     bool UseG1GC                                  = true                                      {product} {ergonomic}
     bool UseLargePagesIndividualAllocation        = false                                  {pd product} {ergonomic}

Logging:
Log output configuration:
 #0: stdout all=off uptime,level,tags foldmultilines=false
 #1: stderr all=off uptime,level,tags foldmultilines=false

Environment Variables:
PATH=C:\Program Files\Common Files\Oracle\Java\javapath;C:\WINDOWS\system32;C:\WINDOWS;C:\WINDOWS\System32\Wbem;C:\WINDOWS\System32\WindowsPowerShell\v1.0\;C:\WINDOWS\System32\OpenSSH\;C:\Program Files (x86)\NVIDIA Corporation\PhysX\Common;C:\Program Files\Git\cmd;C:\Program Files\MySQL\MySQL Shell 8.0\bin\;C:\Users\yasas\AppData\Local\Microsoft\WindowsApps;C:\Program Files\Git\bin;C:\Users\yasas\AppData\Local\Programs\Microsoft VS Code\bin
USERNAME=yasas
OS=Windows_NT
PROCESSOR_IDENTIFIER=Intel64 Family 6 Model 154 Stepping 3, GenuineIntel
TMP=C:\Users\yasas\AppData\Local\Temp
TEMP=C:\Users\yasas\AppData\Local\Temp




Periodic native trim disabled

---------------  S Y S T E M  ---------------

OS:
 Windows 11 , 64 bit Build 26100 (10.0.26100.5074)
OS uptime: 0 days 2:35 hours
Hyper-V role detected

CPU: total 12 (initial active 12) (6 cores per cpu, 2 threads per core) family 6 model 154 stepping 3 microcode 0x424, cx8, cmov, fxsr, ht, mmx, 3dnowpref, sse, sse2, sse3, ssse3, sse4.1, sse4.2, popcnt, lzcnt, tsc, tscinvbit, avx, avx2, aes, erms, clmul, bmi1, bmi2, adx, sha, fma, vzeroupper, clflush, clflushopt, clwb, hv, serialize, rdtscp, rdpid, fsrm, f16c, cet_ibt, cet_ss
Processor Information for processor 0
  Max Mhz: 2000, Current Mhz: 2000, Mhz Limit: 2000
Processor Information for processor 1
  Max Mhz: 2000, Current Mhz: 2000, Mhz Limit: 2000
Processor Information for processor 2
  Max Mhz: 2000, Current Mhz: 2000, Mhz Limit: 2000
Processor Information for processor 3
  Max Mhz: 2000, Current Mhz: 2000, Mhz Limit: 2000
Processor Information for processor 4
  Max Mhz: 2000, Current Mhz: 2000, Mhz Limit: 2000
Processor Information for processor 5
  Max Mhz: 2000, Current Mhz: 2000, Mhz Limit: 2000
Processor Information for processor 6
  Max Mhz: 2000, Current Mhz: 2000, Mhz Limit: 2000
Processor Information for processor 7
  Max Mhz: 2000, Current Mhz: 2000, Mhz Limit: 2000
Processor Information for processor 8
  Max Mhz: 2000, Current Mhz: 1466, Mhz Limit: 2000
Processor Information for processor 9
  Max Mhz: 2000, Current Mhz: 2000, Mhz Limit: 2000
Processor Information for processor 10
  Max Mhz: 2000, Current Mhz: 2000, Mhz Limit: 2000
Processor Information for processor 11
  Max Mhz: 2000, Current Mhz: 1466, Mhz Limit: 2000

Memory: 4k page, system-wide physical 16085M (1331M free)
TotalPageFile size 26184M (AvailPageFile size 7044M)
current process WorkingSet (physical memory assigned to process): 979M, peak: 1174M
current process commit charge ("private bytes"): 1084M, peak: 1321M

vm_info: Java HotSpot(TM) 64-Bit Server VM (21.0.7+8-LTS-245) for windows-amd64 JRE (21.0.7+8-LTS-245), built on 2025-02-21T05:11:27Z by "mach5one" with MS VC++ 17.6 (VS2022)

END.
