#
# A fatal error has been detected by the Java Runtime Environment:
#
#  EXCEPTION_ACCESS_VIOLATION (0xc0000005) at pc=0x00007ff970e36a17, pid=14880, tid=6544
#
# JRE version: Java(TM) SE Runtime Environment (21.0.7+8) (build 21.0.7+8-LTS-245)
# Java VM: Java HotSpot(TM) 64-Bit Server VM (21.0.7+8-LTS-245, mixed mode, sharing, tiered, compressed oops, compressed class ptrs, g1 gc, windows-amd64)
# Problematic frame:
# C  [glass.dll+0x26a17]
#
# No core dump will be written. Minidumps are not enabled by default on client versions of Windows
#
# If you would like to submit a bug report, please visit:
#   https://bugreport.java.com/bugreport/crash.jsp
#

---------------  S U M M A R Y ------------

Command Line: -javaagent:C:\Program Files\JetBrains\IntelliJ IDEA 2025.2.1\lib\idea_rt.jar=50397 -Dfile.encoding=UTF-8 -Dsun.stdout.encoding=UTF-8 -Dsun.stderr.encoding=UTF-8 --module-path=C:\Users\yasas\.m2\repository\org\openjfx\javafx-base\21.0.6\javafx-base-21.0.6-win.jar;C:\Users\yasas\.m2\repository\org\springframework\security\spring-security-crypto\6.5.3\spring-security-crypto-6.5.3.jar;C:\Users\yasas\.m2\repository\org\hibernate\orm\hibernate-core\6.0.0.Final\hibernate-core-6.0.0.Final.jar;C:\Users\yasas\.m2\repository\org\openjfx\javafx-fxml\21.0.6\javafx-fxml-21.0.6-win.jar;C:\Users\yasas\.m2\repository\org\projectlombok\lombok\1.18.34\lombok-1.18.34.jar;C:\Users\yasas\.m2\repository\jakarta\persistence\jakarta.persistence-api\3.1.0\jakarta.persistence-api-3.1.0.jar;C:\Users\yasas\.m2\repository\org\openjfx\javafx-controls\21.0.6\javafx-controls-21.0.6-win.jar;C:\Users\yasas\.m2\repository\org\openjfx\javafx-graphics\21.0.6\javafx-graphics-21.0.6-win.jar;C:\Users\yasas\Documents\dev\ijse\elite-learners-system\target\classes -Djdk.module.main=lk.ijse.learners lk.ijse.learners/lk.ijse.learners.Launcher

Host: 12th Gen Intel(R) Core(TM) i5-12450H, 12 cores, 15G,  Windows 11 , 64 bit Build 26100 (10.0.26100.5074)
Time: Thu Sep 25 21:18:44 2025 Sri Lanka Standard Time elapsed time: 85.523781 seconds (0d 0h 1m 25s)

---------------  T H R E A D  ---------------

Current thread (0x000002437363f490):  VMThread "VM Thread"          [id=6544, stack(0x00000070bb600000,0x00000070bb700000) (1024K)]

Stack: [0x00000070bb600000,0x00000070bb700000],  sp=0x00000070bb6ff060,  free space=1020k
Native frames: (J=compiled Java code, j=interpreted, Vv=VM code, C=native code)
C  [glass.dll+0x26a17]


siginfo: EXCEPTION_ACCESS_VIOLATION (0xc0000005), reading address 0x0000000000000000


Registers:
RAX=0x0000000000000000, RBX=0x000002437364a0ba, RCX=0x000002437363f490, RDX=0x00000070bb6ff060
RSP=0x00000070bb6ff060, RBP=0x0000bd71baecd705, RSI=0x0000024378bf0d28, RDI=0x0000024378bf0d00
R8 =0x0000000000010002, R9 =0x0000bd71baecd705, R10=0x0000024351e90000, R11=0x0000024378bc9310
R12=0x0000000000000001, R13=0x00007ff970e34360, R14=0x00000070bb6ff168, R15=0x0000024378bf0d00
RIP=0x00007ff970e36a17, EFLAGS=0x0000000000010202


Register to memory mapping:

RAX=0x0 is null
RBX=0x000002437364a0ba is a global jni handle
RCX=0x000002437363f490 points into unknown readable memory: 0x00007ff93b216700 | 00 67 21 3b f9 7f 00 00
RDX=0x00000070bb6ff060 points into unknown readable memory: 0x0000000000000000 | 00 00 00 00 00 00 00 00
RSP=0x00000070bb6ff060 points into unknown readable memory: 0x0000000000000000 | 00 00 00 00 00 00 00 00
RBP=0x0000bd71baecd705 is an unknown value
RSI=0x0000024378bf0d28 points into unknown readable memory: 0x0000bd71baecd705 | 05 d7 ec ba 71 bd 00 00
RDI=0x0000024378bf0d00 points into unknown readable memory: 0x000f425fa68b1805 | 05 18 8b a6 5f 42 0f 00
R8 =0x0000000000010002 is an unknown value
R9 =0x0000bd71baecd705 is an unknown value
R10=0x0000024351e90000 points into unknown readable memory: 0x0000000000000000 | 00 00 00 00 00 00 00 00
R11=0x0000024378bc9310 points into unknown readable memory: 0x000002434262cc20 | 20 cc 62 42 43 02 00 00
R12=0x0000000000000001 is an unknown value
R13=0x00007ff970e34360 glass.dll
R14=0x00000070bb6ff168 points into unknown readable memory: 0x00000070bb6ff150 | 50 f1 6f bb 70 00 00 00
R15=0x0000024378bf0d00 points into unknown readable memory: 0x000f425fa68b1805 | 05 18 8b a6 5f 42 0f 00

Top of Stack: (sp=0x00000070bb6ff060)
0x00000070bb6ff060:   0000000000000000 0000024300000000
0x00000070bb6ff070:   000002437898f060 0000000000000001
0x00000070bb6ff080:   0000024378bf0d08 00007ff9b6b5bc75
0x00000070bb6ff090:   0000024378bf0d00 0000024300000000
0x00000070bb6ff0a0:   0000024378bf0d20 0000bd71baecd705
0x00000070bb6ff0b0:   fffffffffffffffe 00007ff98df20000
0x00000070bb6ff0c0:   00007ff970e10000 00007ff970e10000
0x00000070bb6ff0d0:   00000070bb6ff158 00007ff9b6b5b897
0x00000070bb6ff0e0:   00000070bb6ff100 00000070bb6ff168
0x00000070bb6ff0f0:   00000070bb6ff450 00007ff9b6c488c0
0x00000070bb6ff100:   0000000000000001 00007ff9b6b5b84d
0x00000070bb6ff110:   0000000000000000 0000000000000001
0x00000070bb6ff120:   00000070bb6ff450 00000070bb6ff158
0x00000070bb6ff130:   fffffffffffffffe 00007ff9b9926003
0x00000070bb6ff140:   0000000000000000 00007ff970e341ed
0x00000070bb6ff150:   00007ff970e4a008 0000007000000002
0x00000070bb6ff160:   00007ff900000002 00000070bb6ff150
0x00000070bb6ff170:   0000000000000000 00007ff9b6145e37
0x00000070bb6ff180:   0000000000000000 00007ff970e34312
0x00000070bb6ff190:   0000000000000001 0000000000000000
0x00000070bb6ff1a0:   0000000000000001 00007ff9b9954f8f
0x00000070bb6ff1b0:   00007ff9b6140000 00000070bb6ff450
0x00000070bb6ff1c0:   0000000000000001 0000000000000000
0x00000070bb6ff1d0:   0000000000000000 000000007ffe0384
0x00000070bb6ff1e0:   00000243789814f0 00007ff9b9a40ede
0x00000070bb6ff1f0:   00007ff970e10000 0000024300000000
0x00000070bb6ff200:   0000000000000001 000000007ffe0385
0x00000070bb6ff210:   00007ff970e375a0 00007ff9b995483e
0x00000070bb6ff220:   0000000000000000 0000000000000000
0x00000070bb6ff230:   0000000000000000 0000000000000000
0x00000070bb6ff240:   0000000000000000 0000000000000000
0x00000070bb6ff250:   0000000000000000 0000000000000000 

Instructions: (pc=0x00007ff970e36a17)
0x00007ff970e36917:   8b 4d 58 e8 8d cf ff ff 48 8b 4d 60 e8 84 cf ff
0x00007ff970e36927:   ff 48 8b 95 80 00 00 00 48 8b 8d 18 01 00 00 e8
0x00007ff970e36937:   76 c4 ff ff 33 d2 33 c9 e8 cc e1 ff ff 90 48 89
0x00007ff970e36947:   54 24 10 55 48 83 ec 20 48 8b ea 48 b8 00 00 00
0x00007ff970e36957:   00 00 00 00 00 48 83 c4 20 5d c3 cc 40 55 48 8b
0x00007ff970e36967:   ea 48 8b 01 33 c9 81 38 05 00 00 c0 0f 94 c1 8b
0x00007ff970e36977:   c1 5d c3 cc 40 55 48 83 ec 20 48 8b ea 8a 4d 40
0x00007ff970e36987:   48 83 c4 20 5d e9 73 d3 ff ff cc 40 55 48 83 ec
0x00007ff970e36997:   20 48 8b ea 8a 4d 20 e8 61 d3 ff ff 90 48 83 c4
0x00007ff970e369a7:   20 5d c3 cc 40 55 48 83 ec 20 48 8b ea 48 83 c4
0x00007ff970e369b7:   20 5d e9 c2 d1 ff ff cc 40 55 48 83 ec 30 48 8b
0x00007ff970e369c7:   ea 48 8b 01 8b 10 48 89 4c 24 28 89 54 24 20 4c
0x00007ff970e369d7:   8d 0d 63 d6 ff ff 4c 8b 45 70 8b 55 68 48 8b 4d
0x00007ff970e369e7:   60 e8 03 d1 ff ff 90 48 83 c4 30 5d c3 cc cc cc
0x00007ff970e369f7:   cc cc cc cc cc cc cc cc cc 40 53 48 83 ec 20 48
0x00007ff970e36a07:   8b 1d fb 2f 01 00 48 85 db 74 16 e8 89 8f ff ff
0x00007ff970e36a17:   4c 8b 00 48 8b d3 48 8b c8 41 ff 90 b0 00 00 00
0x00007ff970e36a27:   90 48 83 c4 20 5b c3 cc cc 40 53 48 83 ec 20 48
0x00007ff970e36a37:   8b 1d 6b 31 01 00 48 85 db 74 57 b8 ff ff ff ff
0x00007ff970e36a47:   f0 0f c1 43 10 83 f8 01 75 3d 48 85 db 74 38 48
0x00007ff970e36a57:   8b 0b 48 85 c9 74 0d ff 15 44 08 00 00 48 c7 03
0x00007ff970e36a67:   00 00 00 00 48 8b 4b 08 48 85 c9 74 0d e8 33 ce
0x00007ff970e36a77:   ff ff 48 c7 43 08 00 00 00 00 ba 18 00 00 00 48
0x00007ff970e36a87:   8b cb e8 1e ce ff ff 48 c7 05 0f 31 01 00 00 00
0x00007ff970e36a97:   00 00 48 83 c4 20 5b c3 cc 40 53 48 83 ec 20 48
0x00007ff970e36aa7:   8b 1d db 30 01 00 48 85 db 74 57 b8 ff ff ff ff
0x00007ff970e36ab7:   f0 0f c1 43 10 83 f8 01 75 3d 48 85 db 74 38 48
0x00007ff970e36ac7:   8b 0b 48 85 c9 74 0d ff 15 d4 07 00 00 48 c7 03
0x00007ff970e36ad7:   00 00 00 00 48 8b 4b 08 48 85 c9 74 0d e8 c3 cd
0x00007ff970e36ae7:   ff ff 48 c7 43 08 00 00 00 00 ba 18 00 00 00 48
0x00007ff970e36af7:   8b cb e8 ae cd ff ff 48 c7 05 7f 30 01 00 00 00
0x00007ff970e36b07:   00 00 48 83 c4 20 5b c3 cc 40 53 48 83 ec 20 48 


Stack slot to memory mapping:

stack at sp + 0 slots: 0x0 is null
stack at sp + 1 slots: 0x0000024300000000 is pointing into metadata
stack at sp + 2 slots: 0x000002437898f060 points into unknown readable memory: 0x000002437898ec40 | 40 ec 98 78 43 02 00 00
stack at sp + 3 slots: 0x0000000000000001 is an unknown value
stack at sp + 4 slots: 0x0000024378bf0d08 points into unknown readable memory: 0x0000bd71baecd705 | 05 d7 ec ba 71 bd 00 00
stack at sp + 5 slots: 0x00007ff9b6b5bc75 ucrtbase.dll
stack at sp + 6 slots: 0x0000024378bf0d00 points into unknown readable memory: 0x000f425fa68b1805 | 05 18 8b a6 5f 42 0f 00
stack at sp + 7 slots: 0x0000024300000000 is pointing into metadata

VM_Operation (0x00000070babff260): Exit, mode: safepoint, requested by thread 0x00000243422f4cd0


---------------  P R O C E S S  ---------------

Threads class SMR info:
_java_thread_list=0x0000024378f65870, length=21, elements={
0x0000024351dcceb0, 0x0000024373658490, 0x0000024373658fe0, 0x0000024373662190,
0x0000024373665120, 0x0000024373663f20, 0x000002437366ecb0, 0x0000024373673e90,
0x000002437362b410, 0x00000243783fd440, 0x00000243783fdaa0, 0x000002437869b480,
0x0000024378d22490, 0x0000024378d7b650, 0x0000024378f6e340, 0x0000024378f370b0,
0x000002437940ded0, 0x0000024341ea4930, 0x00000243422f4640, 0x00000243422f5360,
0x00000243422f4cd0
}

Java Threads: ( => current thread )
  0x0000024351dcceb0 JavaThread "main"                              [_thread_blocked, id=6460, stack(0x00000070baf00000,0x00000070bb000000) (1024K)]
  0x0000024373658490 JavaThread "Reference Handler"          daemon [_thread_blocked, id=1780, stack(0x00000070bb700000,0x00000070bb800000) (1024K)]
  0x0000024373658fe0 JavaThread "Finalizer"                  daemon [_thread_blocked, id=12320, stack(0x00000070bb800000,0x00000070bb900000) (1024K)]
  0x0000024373662190 JavaThread "Attach Listener"            daemon [_thread_blocked, id=11860, stack(0x00000070bba00000,0x00000070bbb00000) (1024K)]
  0x0000024373665120 JavaThread "Service Thread"             daemon [_thread_blocked, id=13236, stack(0x00000070bbb00000,0x00000070bbc00000) (1024K)]
  0x0000024373663f20 JavaThread "Monitor Deflation Thread"   daemon [_thread_blocked, id=12916, stack(0x00000070bbc00000,0x00000070bbd00000) (1024K)]
  0x000002437366ecb0 JavaThread "C2 CompilerThread0"         daemon [_thread_blocked, id=6888, stack(0x00000070bbd00000,0x00000070bbe00000) (1024K)]
  0x0000024373673e90 JavaThread "C1 CompilerThread0"         daemon [_thread_blocked, id=14416, stack(0x00000070bbe00000,0x00000070bbf00000) (1024K)]
  0x000002437362b410 JavaThread "Common-Cleaner"             daemon [_thread_blocked, id=16760, stack(0x00000070bbf00000,0x00000070bc000000) (1024K)]
  0x00000243783fd440 JavaThread "Monitor Ctrl-Break"         daemon [_thread_in_native, id=9972, stack(0x00000070bc200000,0x00000070bc300000) (1024K)]
  0x00000243783fdaa0 JavaThread "Notification Thread"        daemon [_thread_blocked, id=4292, stack(0x00000070bc300000,0x00000070bc400000) (1024K)]
  0x000002437869b480 JavaThread "QuantumRenderer-0"          daemon [_thread_blocked, id=13844, stack(0x00000070bc900000,0x00000070bca00000) (1024K)]
  0x0000024378d22490 JavaThread "InvokeLaterDispatcher"      daemon [_thread_blocked, id=2184, stack(0x00000070bc000000,0x00000070bc100000) (1024K)]
  0x0000024378d7b650 JavaThread "JavaFX Application Thread"         [_thread_in_native, id=13392, stack(0x00000070bc100000,0x00000070bc200000) (1024K)]
  0x0000024378f6e340 JavaThread "Thread-1"                   daemon [_thread_in_native, id=12440, stack(0x00000070bcf00000,0x00000070bd000000) (1024K)]
  0x0000024378f370b0 JavaThread "JavaFX-Launcher"                   [_thread_blocked, id=9812, stack(0x00000070bd000000,0x00000070bd100000) (1024K)]
  0x000002437940ded0 JavaThread "mysql-cj-abandoned-connection-cleanup" daemon [_thread_blocked, id=14484, stack(0x00000070bd600000,0x00000070bd700000) (1024K)]
  0x0000024341ea4930 JavaThread "Hibernate Connection Pool Validation Thread" daemon [_thread_blocked, id=3292, stack(0x00000070bd800000,0x00000070bd900000) (1024K)]
  0x00000243422f4640 JavaThread "Prism Font Disposer"        daemon [_thread_blocked, id=16432, stack(0x00000070bdd00000,0x00000070bde00000) (1024K)]
  0x00000243422f5360 JavaThread "Cleaner-0"                  daemon [_thread_blocked, id=5780, stack(0x00000070bd100000,0x00000070bd200000) (1024K)]
  0x00000243422f4cd0 JavaThread "SIGINT handler"             daemon [_thread_blocked, id=12412, stack(0x00000070bab00000,0x00000070bac00000) (1024K)]
Total: 21

Other Threads:
=>0x000002437363f490 VMThread "VM Thread"                           [id=6544, stack(0x00000070bb600000,0x00000070bb700000) (1024K)]
  0x0000024353a0d6c0 WorkerThread "GC Thread#0"                     [id=14092, stack(0x00000070bb000000,0x00000070bb100000) (1024K)]
  0x00000243782fc7f0 WorkerThread "GC Thread#1"                     [id=7948, stack(0x00000070bc400000,0x00000070bc500000) (1024K)]
  0x00000243782fcb90 WorkerThread "GC Thread#2"                     [id=8064, stack(0x00000070bc500000,0x00000070bc600000) (1024K)]
  0x0000024373a47b80 WorkerThread "GC Thread#3"                     [id=5984, stack(0x00000070bc600000,0x00000070bc700000) (1024K)]
  0x0000024373a47f20 WorkerThread "GC Thread#4"                     [id=13332, stack(0x00000070bc700000,0x00000070bc800000) (1024K)]
  0x000002437866a080 WorkerThread "GC Thread#5"                     [id=9928, stack(0x00000070bc800000,0x00000070bc900000) (1024K)]
  0x00000243793a73d0 WorkerThread "GC Thread#6"                     [id=14892, stack(0x00000070bd200000,0x00000070bd300000) (1024K)]
  0x00000243793a7030 WorkerThread "GC Thread#7"                     [id=8988, stack(0x00000070bd300000,0x00000070bd400000) (1024K)]
  0x00000243793a8250 WorkerThread "GC Thread#8"                     [id=13504, stack(0x00000070bd400000,0x00000070bd500000) (1024K)]
  0x00000243793a85f0 WorkerThread "GC Thread#9"                     [id=13892, stack(0x00000070bd500000,0x00000070bd600000) (1024K)]
  0x0000024353a1e1f0 ConcurrentGCThread "G1 Main Marker"            terminated
  0x0000024353a1fc10 WorkerThread "G1 Conc#0"                       [id=9664, stack(0x00000070bb200000,0x00000070bb300000) (1024K)]
  0x00000243793a7770 WorkerThread "G1 Conc#1"                       [id=15216, stack(0x00000070bd900000,0x00000070bda00000) (1024K)]
  0x00000243793a7b10 WorkerThread "G1 Conc#2"                       [id=12168, stack(0x00000070bda00000,0x00000070bdb00000) (1024K)]
  0x00000243734fb680 ConcurrentGCThread "G1 Refine#0"               terminated
  0x00000243734fceb0 ConcurrentGCThread "G1 Service"                terminated
Total: 17

Threads with active compile tasks:
C1 CompilerThread0    85758 7111       3       java.util.logging.Logger::updateEffectiveLevel (126 bytes)
Total: 1

VM state: at safepoint (shutting down)

VM Mutex/Monitor currently owned by a thread:  ([mutex/lock_event])
[0x00007ff93b3dde50] Threads_lock - owner thread: 0x000002437363f490
[0x00007ff93b3ddf50] Heap_lock - owner thread: 0x00000243422f4cd0

Heap address: 0x0000000704a00000, size: 4022 MB, Compressed Oops mode: Zero based, Oop shift amount: 3

CDS archive(s) mapped at: [0x0000024300000000-0x0000024300c90000-0x0000024300c90000), size 13172736, SharedBaseAddress: 0x0000024300000000, ArchiveRelocationMode: 1.
Compressed class space mapped at: 0x0000024301000000-0x0000024341000000, reserved size: 1073741824
Narrow klass base: 0x0000024300000000, Narrow klass shift: 0, Narrow klass range: 0x100000000

GC Precious Log:
 CardTable entry size: 512
 Card Set container configuration: InlinePtr #cards 4 size 8 Array Of Cards #cards 16 size 48 Howl #buckets 8 coarsen threshold 3686 Howl Bitmap #cards 512 size 80 coarsen threshold 460 Card regions per heap region 1 cards per card region 4096
 CPUs: 12 total, 12 available
 Memory: 16085M
 Large Page Support: Disabled
 NUMA Support: Disabled
 Compressed Oops: Enabled (Zero based)
 Heap Region Size: 2M
 Heap Min Capacity: 8M
 Heap Initial Capacity: 252M
 Heap Max Capacity: 4022M
 Pre-touch: Disabled
 Parallel Workers: 10
 Concurrent Workers: 3
 Concurrent Refinement Workers: 10
 Periodic GC: Disabled

Heap:
 garbage-first heap   total 352256K, used 292239K [0x0000000704a00000, 0x0000000800000000)
  region size 2048K, 18 young (36864K), 4 survivors (8192K)
 Metaspace       used 51443K, committed 51904K, reserved 1114112K
  class space    used 7155K, committed 7360K, reserved 1048576K

Heap Regions: E=young(eden), S=young(survivor), O=old, HS=humongous(starts), HC=humongous(continues), CS=collection set, F=free, TAMS=top-at-mark-start, PB=parsable bottom
|   0|0x0000000704a00000, 0x0000000704c00000, 0x0000000704c00000|100%|HS|  |TAMS 0x0000000704a00000| PB 0x0000000704a00000| Complete 
|   1|0x0000000704c00000, 0x0000000704e00000, 0x0000000704e00000|100%| O|  |TAMS 0x0000000704c00000| PB 0x0000000704c00000| Untracked 
|   2|0x0000000704e00000, 0x0000000705000000, 0x0000000705000000|100%| O|  |TAMS 0x0000000704e00000| PB 0x0000000704e00000| Untracked 
|   3|0x0000000705000000, 0x0000000705200000, 0x0000000705200000|100%| O|  |TAMS 0x0000000705000000| PB 0x0000000705000000| Untracked 
|   4|0x0000000705200000, 0x0000000705400000, 0x0000000705400000|100%| O|  |TAMS 0x0000000705200000| PB 0x0000000705200000| Untracked 
|   5|0x0000000705400000, 0x0000000705600000, 0x0000000705600000|100%| O|Cm|TAMS 0x0000000705400000| PB 0x0000000705400000| Complete 
|   6|0x0000000705600000, 0x0000000705800000, 0x0000000705800000|100%|HS|  |TAMS 0x0000000705600000| PB 0x0000000705600000| Complete 
|   7|0x0000000705800000, 0x0000000705a00000, 0x0000000705a00000|100%|HC|  |TAMS 0x0000000705800000| PB 0x0000000705800000| Complete 
|   8|0x0000000705a00000, 0x0000000705c00000, 0x0000000705c00000|100%|HC|  |TAMS 0x0000000705a00000| PB 0x0000000705a00000| Complete 
|   9|0x0000000705c00000, 0x0000000705e00000, 0x0000000705e00000|100%|HC|  |TAMS 0x0000000705c00000| PB 0x0000000705c00000| Complete 
|  10|0x0000000705e00000, 0x0000000706000000, 0x0000000706000000|100%|HC|  |TAMS 0x0000000705e00000| PB 0x0000000705e00000| Complete 
|  11|0x0000000706000000, 0x0000000706200000, 0x0000000706200000|100%|HC|  |TAMS 0x0000000706000000| PB 0x0000000706000000| Complete 
|  12|0x0000000706200000, 0x0000000706400000, 0x0000000706400000|100%|HC|  |TAMS 0x0000000706200000| PB 0x0000000706200000| Complete 
|  13|0x0000000706400000, 0x0000000706600000, 0x0000000706600000|100%|HC|  |TAMS 0x0000000706400000| PB 0x0000000706400000| Complete 
|  14|0x0000000706600000, 0x0000000706800000, 0x0000000706800000|100%|HC|  |TAMS 0x0000000706600000| PB 0x0000000706600000| Complete 
|  15|0x0000000706800000, 0x0000000706a00000, 0x0000000706a00000|100%|HC|  |TAMS 0x0000000706800000| PB 0x0000000706800000| Complete 
|  16|0x0000000706a00000, 0x0000000706c00000, 0x0000000706c00000|100%| O|  |TAMS 0x0000000706a00000| PB 0x0000000706a00000| Untracked 
|  17|0x0000000706c00000, 0x0000000706e00000, 0x0000000706e00000|100%|HS|  |TAMS 0x0000000706c00000| PB 0x0000000706c00000| Complete 
|  18|0x0000000706e00000, 0x0000000707000000, 0x0000000707000000|100%|HS|  |TAMS 0x0000000706e00000| PB 0x0000000706e00000| Complete 
|  19|0x0000000707000000, 0x0000000707200000, 0x0000000707200000|100%|HS|  |TAMS 0x0000000707000000| PB 0x0000000707000000| Complete 
|  20|0x0000000707200000, 0x0000000707400000, 0x0000000707400000|100%|HS|  |TAMS 0x0000000707200000| PB 0x0000000707200000| Complete 
|  21|0x0000000707400000, 0x0000000707600000, 0x0000000707600000|100%|HS|  |TAMS 0x0000000707400000| PB 0x0000000707400000| Complete 
|  22|0x0000000707600000, 0x0000000707800000, 0x0000000707800000|100%|HS|  |TAMS 0x0000000707600000| PB 0x0000000707600000| Complete 
|  23|0x0000000707800000, 0x0000000707800000, 0x0000000707a00000|  0%| F|  |TAMS 0x0000000707800000| PB 0x0000000707800000| Untracked 
|  24|0x0000000707a00000, 0x0000000707c00000, 0x0000000707c00000|100%|HS|  |TAMS 0x0000000707a00000| PB 0x0000000707a00000| Complete 
|  25|0x0000000707c00000, 0x0000000707e00000, 0x0000000707e00000|100%|HC|  |TAMS 0x0000000707c00000| PB 0x0000000707c00000| Complete 
|  26|0x0000000707e00000, 0x0000000708000000, 0x0000000708000000|100%|HC|  |TAMS 0x0000000707e00000| PB 0x0000000707e00000| Complete 
|  27|0x0000000708000000, 0x0000000708200000, 0x0000000708200000|100%|HC|  |TAMS 0x0000000708000000| PB 0x0000000708000000| Complete 
|  28|0x0000000708200000, 0x0000000708400000, 0x0000000708400000|100%|HC|  |TAMS 0x0000000708200000| PB 0x0000000708200000| Complete 
|  29|0x0000000708400000, 0x0000000708600000, 0x0000000708600000|100%|HC|  |TAMS 0x0000000708400000| PB 0x0000000708400000| Complete 
|  30|0x0000000708600000, 0x0000000708800000, 0x0000000708800000|100%|HC|  |TAMS 0x0000000708600000| PB 0x0000000708600000| Complete 
|  31|0x0000000708800000, 0x0000000708a00000, 0x0000000708a00000|100%|HC|  |TAMS 0x0000000708800000| PB 0x0000000708800000| Complete 
|  32|0x0000000708a00000, 0x0000000708c00000, 0x0000000708c00000|100%|HC|  |TAMS 0x0000000708a00000| PB 0x0000000708a00000| Complete 
|  33|0x0000000708c00000, 0x0000000708e00000, 0x0000000708e00000|100%|HC|  |TAMS 0x0000000708c00000| PB 0x0000000708c00000| Complete 
|  34|0x0000000708e00000, 0x0000000709000000, 0x0000000709000000|100%|HC|  |TAMS 0x0000000708e00000| PB 0x0000000708e00000| Complete 
|  35|0x0000000709000000, 0x0000000709200000, 0x0000000709200000|100%|HC|  |TAMS 0x0000000709000000| PB 0x0000000709000000| Complete 
|  36|0x0000000709200000, 0x0000000709400000, 0x0000000709400000|100%|HC|  |TAMS 0x0000000709200000| PB 0x0000000709200000| Complete 
|  37|0x0000000709400000, 0x0000000709600000, 0x0000000709600000|100%|HC|  |TAMS 0x0000000709400000| PB 0x0000000709400000| Complete 
|  38|0x0000000709600000, 0x0000000709800000, 0x0000000709800000|100%|HC|  |TAMS 0x0000000709600000| PB 0x0000000709600000| Complete 
|  39|0x0000000709800000, 0x0000000709a00000, 0x0000000709a00000|100%|HC|  |TAMS 0x0000000709800000| PB 0x0000000709800000| Complete 
|  40|0x0000000709a00000, 0x0000000709c00000, 0x0000000709c00000|100%|HC|  |TAMS 0x0000000709a00000| PB 0x0000000709a00000| Complete 
|  41|0x0000000709c00000, 0x0000000709e00000, 0x0000000709e00000|100%|HC|  |TAMS 0x0000000709c00000| PB 0x0000000709c00000| Complete 
|  42|0x0000000709e00000, 0x000000070a000000, 0x000000070a000000|100%|HC|  |TAMS 0x0000000709e00000| PB 0x0000000709e00000| Complete 
|  43|0x000000070a000000, 0x000000070a200000, 0x000000070a200000|100%|HC|  |TAMS 0x000000070a000000| PB 0x000000070a000000| Complete 
|  44|0x000000070a200000, 0x000000070a400000, 0x000000070a400000|100%|HC|  |TAMS 0x000000070a200000| PB 0x000000070a200000| Complete 
|  45|0x000000070a400000, 0x000000070a600000, 0x000000070a600000|100%|HC|  |TAMS 0x000000070a400000| PB 0x000000070a400000| Complete 
|  46|0x000000070a600000, 0x000000070a800000, 0x000000070a800000|100%|HC|  |TAMS 0x000000070a600000| PB 0x000000070a600000| Complete 
|  47|0x000000070a800000, 0x000000070aa00000, 0x000000070aa00000|100%|HC|  |TAMS 0x000000070a800000| PB 0x000000070a800000| Complete 
|  48|0x000000070aa00000, 0x000000070ac00000, 0x000000070ac00000|100%|HC|  |TAMS 0x000000070aa00000| PB 0x000000070aa00000| Complete 
|  49|0x000000070ac00000, 0x000000070ae00000, 0x000000070ae00000|100%|HC|  |TAMS 0x000000070ac00000| PB 0x000000070ac00000| Complete 
|  50|0x000000070ae00000, 0x000000070b000000, 0x000000070b000000|100%|HC|  |TAMS 0x000000070ae00000| PB 0x000000070ae00000| Complete 
|  51|0x000000070b000000, 0x000000070b200000, 0x000000070b200000|100%|HS|  |TAMS 0x000000070b000000| PB 0x000000070b000000| Complete 
|  52|0x000000070b200000, 0x000000070b400000, 0x000000070b400000|100%|HC|  |TAMS 0x000000070b200000| PB 0x000000070b200000| Complete 
|  53|0x000000070b400000, 0x000000070b600000, 0x000000070b600000|100%|HS|  |TAMS 0x000000070b400000| PB 0x000000070b400000| Complete 
|  54|0x000000070b600000, 0x000000070b800000, 0x000000070b800000|100%|HS|  |TAMS 0x000000070b600000| PB 0x000000070b600000| Complete 
|  55|0x000000070b800000, 0x000000070ba00000, 0x000000070ba00000|100%|HS|  |TAMS 0x000000070b800000| PB 0x000000070b800000| Complete 
|  56|0x000000070ba00000, 0x000000070bc00000, 0x000000070bc00000|100%|HS|  |TAMS 0x000000070ba00000| PB 0x000000070ba00000| Complete 
|  57|0x000000070bc00000, 0x000000070be00000, 0x000000070be00000|100%|HS|  |TAMS 0x000000070bc00000| PB 0x000000070bc00000| Complete 
|  58|0x000000070be00000, 0x000000070c000000, 0x000000070c000000|100%|HC|  |TAMS 0x000000070be00000| PB 0x000000070be00000| Complete 
|  59|0x000000070c000000, 0x000000070c200000, 0x000000070c200000|100%|HS|  |TAMS 0x000000070c000000| PB 0x000000070c000000| Complete 
|  60|0x000000070c200000, 0x000000070c400000, 0x000000070c400000|100%|HC|  |TAMS 0x000000070c200000| PB 0x000000070c200000| Complete 
|  61|0x000000070c400000, 0x000000070c600000, 0x000000070c600000|100%|HS|  |TAMS 0x000000070c400000| PB 0x000000070c400000| Complete 
|  62|0x000000070c600000, 0x000000070c800000, 0x000000070c800000|100%|HC|  |TAMS 0x000000070c600000| PB 0x000000070c600000| Complete 
|  63|0x000000070c800000, 0x000000070ca00000, 0x000000070ca00000|100%|HC|  |TAMS 0x000000070c800000| PB 0x000000070c800000| Complete 
|  64|0x000000070ca00000, 0x000000070cc00000, 0x000000070cc00000|100%|HC|  |TAMS 0x000000070ca00000| PB 0x000000070ca00000| Complete 
|  65|0x000000070cc00000, 0x000000070ce00000, 0x000000070ce00000|100%|HC|  |TAMS 0x000000070cc00000| PB 0x000000070cc00000| Complete 
|  66|0x000000070ce00000, 0x000000070d000000, 0x000000070d000000|100%|HC|  |TAMS 0x000000070ce00000| PB 0x000000070ce00000| Complete 
|  67|0x000000070d000000, 0x000000070d200000, 0x000000070d200000|100%|HC|  |TAMS 0x000000070d000000| PB 0x000000070d000000| Complete 
|  68|0x000000070d200000, 0x000000070d400000, 0x000000070d400000|100%|HC|  |TAMS 0x000000070d200000| PB 0x000000070d200000| Complete 
|  69|0x000000070d400000, 0x000000070d600000, 0x000000070d600000|100%|HC|  |TAMS 0x000000070d400000| PB 0x000000070d400000| Complete 
|  70|0x000000070d600000, 0x000000070d800000, 0x000000070d800000|100%|HS|  |TAMS 0x000000070d600000| PB 0x000000070d600000| Complete 
|  71|0x000000070d800000, 0x000000070da00000, 0x000000070da00000|100%|HC|  |TAMS 0x000000070d800000| PB 0x000000070d800000| Complete 
|  72|0x000000070da00000, 0x000000070da00000, 0x000000070dc00000|  0%| F|  |TAMS 0x000000070da00000| PB 0x000000070da00000| Untracked 
|  73|0x000000070dc00000, 0x000000070dc00000, 0x000000070de00000|  0%| F|  |TAMS 0x000000070dc00000| PB 0x000000070dc00000| Untracked 
|  74|0x000000070de00000, 0x000000070de00000, 0x000000070e000000|  0%| F|  |TAMS 0x000000070de00000| PB 0x000000070de00000| Untracked 
|  75|0x000000070e000000, 0x000000070e000000, 0x000000070e200000|  0%| F|  |TAMS 0x000000070e000000| PB 0x000000070e000000| Untracked 
|  76|0x000000070e200000, 0x000000070e400000, 0x000000070e400000|100%|HS|  |TAMS 0x000000070e200000| PB 0x000000070e200000| Complete 
|  77|0x000000070e400000, 0x000000070e600000, 0x000000070e600000|100%|HC|  |TAMS 0x000000070e400000| PB 0x000000070e400000| Complete 
|  78|0x000000070e600000, 0x000000070e800000, 0x000000070e800000|100%|HC|  |TAMS 0x000000070e600000| PB 0x000000070e600000| Complete 
|  79|0x000000070e800000, 0x000000070ea00000, 0x000000070ea00000|100%|HC|  |TAMS 0x000000070e800000| PB 0x000000070e800000| Complete 
|  80|0x000000070ea00000, 0x000000070ec00000, 0x000000070ec00000|100%|HC|  |TAMS 0x000000070ea00000| PB 0x000000070ea00000| Complete 
|  81|0x000000070ec00000, 0x000000070ee00000, 0x000000070ee00000|100%|HC|  |TAMS 0x000000070ec00000| PB 0x000000070ec00000| Complete 
|  82|0x000000070ee00000, 0x000000070f000000, 0x000000070f000000|100%|HC|  |TAMS 0x000000070ee00000| PB 0x000000070ee00000| Complete 
|  83|0x000000070f000000, 0x000000070f200000, 0x000000070f200000|100%|HC|  |TAMS 0x000000070f000000| PB 0x000000070f000000| Complete 
|  84|0x000000070f200000, 0x000000070f400000, 0x000000070f400000|100%|HC|  |TAMS 0x000000070f200000| PB 0x000000070f200000| Complete 
|  85|0x000000070f400000, 0x000000070f600000, 0x000000070f600000|100%|HC|  |TAMS 0x000000070f400000| PB 0x000000070f400000| Complete 
|  86|0x000000070f600000, 0x000000070f800000, 0x000000070f800000|100%|HC|  |TAMS 0x000000070f600000| PB 0x000000070f600000| Complete 
|  87|0x000000070f800000, 0x000000070fa00000, 0x000000070fa00000|100%|HC|  |TAMS 0x000000070f800000| PB 0x000000070f800000| Complete 
|  88|0x000000070fa00000, 0x000000070fc00000, 0x000000070fc00000|100%|HC|  |TAMS 0x000000070fa00000| PB 0x000000070fa00000| Complete 
|  89|0x000000070fc00000, 0x000000070fe00000, 0x000000070fe00000|100%|HC|  |TAMS 0x000000070fc00000| PB 0x000000070fc00000| Complete 
|  90|0x000000070fe00000, 0x0000000710000000, 0x0000000710000000|100%|HC|  |TAMS 0x000000070fe00000| PB 0x000000070fe00000| Complete 
|  91|0x0000000710000000, 0x0000000710200000, 0x0000000710200000|100%|HC|  |TAMS 0x0000000710000000| PB 0x0000000710000000| Complete 
|  92|0x0000000710200000, 0x0000000710400000, 0x0000000710400000|100%|HC|  |TAMS 0x0000000710200000| PB 0x0000000710200000| Complete 
|  93|0x0000000710400000, 0x0000000710600000, 0x0000000710600000|100%|HC|  |TAMS 0x0000000710400000| PB 0x0000000710400000| Complete 
|  94|0x0000000710600000, 0x0000000710800000, 0x0000000710800000|100%|HC|  |TAMS 0x0000000710600000| PB 0x0000000710600000| Complete 
|  95|0x0000000710800000, 0x0000000710a00000, 0x0000000710a00000|100%|HC|  |TAMS 0x0000000710800000| PB 0x0000000710800000| Complete 
|  96|0x0000000710a00000, 0x0000000710c00000, 0x0000000710c00000|100%|HC|  |TAMS 0x0000000710a00000| PB 0x0000000710a00000| Complete 
|  97|0x0000000710c00000, 0x0000000710e00000, 0x0000000710e00000|100%|HC|  |TAMS 0x0000000710c00000| PB 0x0000000710c00000| Complete 
|  98|0x0000000710e00000, 0x0000000711000000, 0x0000000711000000|100%| S|CS|TAMS 0x0000000710e00000| PB 0x0000000710e00000| Complete 
|  99|0x0000000711000000, 0x0000000711200000, 0x0000000711200000|100%| S|CS|TAMS 0x0000000711000000| PB 0x0000000711000000| Complete 
| 100|0x0000000711200000, 0x0000000711400000, 0x0000000711400000|100%| S|CS|TAMS 0x0000000711200000| PB 0x0000000711200000| Complete 
| 101|0x0000000711400000, 0x0000000711535d10, 0x0000000711600000| 60%| S|CS|TAMS 0x0000000711400000| PB 0x0000000711400000| Complete 
| 102|0x0000000711600000, 0x0000000711600000, 0x0000000711800000|  0%| F|  |TAMS 0x0000000711600000| PB 0x0000000711600000| Untracked 
| 103|0x0000000711800000, 0x0000000711800000, 0x0000000711a00000|  0%| F|  |TAMS 0x0000000711800000| PB 0x0000000711800000| Untracked 
| 104|0x0000000711a00000, 0x0000000711a00000, 0x0000000711c00000|  0%| F|  |TAMS 0x0000000711a00000| PB 0x0000000711a00000| Untracked 
| 105|0x0000000711c00000, 0x0000000711c00000, 0x0000000711e00000|  0%| F|  |TAMS 0x0000000711c00000| PB 0x0000000711c00000| Untracked 
| 106|0x0000000711e00000, 0x0000000711e00000, 0x0000000712000000|  0%| F|  |TAMS 0x0000000711e00000| PB 0x0000000711e00000| Untracked 
| 107|0x0000000712000000, 0x0000000712000000, 0x0000000712200000|  0%| F|  |TAMS 0x0000000712000000| PB 0x0000000712000000| Untracked 
| 108|0x0000000712200000, 0x0000000712200000, 0x0000000712400000|  0%| F|  |TAMS 0x0000000712200000| PB 0x0000000712200000| Untracked 
| 109|0x0000000712400000, 0x0000000712400000, 0x0000000712600000|  0%| F|  |TAMS 0x0000000712400000| PB 0x0000000712400000| Untracked 
| 110|0x0000000712600000, 0x0000000712600000, 0x0000000712800000|  0%| F|  |TAMS 0x0000000712600000| PB 0x0000000712600000| Untracked 
| 111|0x0000000712800000, 0x0000000712800000, 0x0000000712a00000|  0%| F|  |TAMS 0x0000000712800000| PB 0x0000000712800000| Untracked 
| 112|0x0000000712a00000, 0x0000000712a00000, 0x0000000712c00000|  0%| F|  |TAMS 0x0000000712a00000| PB 0x0000000712a00000| Untracked 
| 113|0x0000000712c00000, 0x0000000712c00000, 0x0000000712e00000|  0%| F|  |TAMS 0x0000000712c00000| PB 0x0000000712c00000| Untracked 
| 114|0x0000000712e00000, 0x0000000712e00000, 0x0000000713000000|  0%| F|  |TAMS 0x0000000712e00000| PB 0x0000000712e00000| Untracked 
| 115|0x0000000713000000, 0x0000000713000000, 0x0000000713200000|  0%| F|  |TAMS 0x0000000713000000| PB 0x0000000713000000| Untracked 
| 116|0x0000000713200000, 0x0000000713200000, 0x0000000713400000|  0%| F|  |TAMS 0x0000000713200000| PB 0x0000000713200000| Untracked 
| 117|0x0000000713400000, 0x0000000713400000, 0x0000000713600000|  0%| F|  |TAMS 0x0000000713400000| PB 0x0000000713400000| Untracked 
| 118|0x0000000713600000, 0x0000000713600000, 0x0000000713800000|  0%| F|  |TAMS 0x0000000713600000| PB 0x0000000713600000| Untracked 
| 119|0x0000000713800000, 0x0000000713800000, 0x0000000713a00000|  0%| F|  |TAMS 0x0000000713800000| PB 0x0000000713800000| Untracked 
| 120|0x0000000713a00000, 0x0000000713a00000, 0x0000000713c00000|  0%| F|  |TAMS 0x0000000713a00000| PB 0x0000000713a00000| Untracked 
| 121|0x0000000713c00000, 0x0000000713c00000, 0x0000000713e00000|  0%| F|  |TAMS 0x0000000713c00000| PB 0x0000000713c00000| Untracked 
| 122|0x0000000713e00000, 0x0000000713e00000, 0x0000000714000000|  0%| F|  |TAMS 0x0000000713e00000| PB 0x0000000713e00000| Untracked 
| 123|0x0000000714000000, 0x0000000714000000, 0x0000000714200000|  0%| F|  |TAMS 0x0000000714000000| PB 0x0000000714000000| Untracked 
| 124|0x0000000714200000, 0x000000071430e5b8, 0x0000000714400000| 52%| E|  |TAMS 0x0000000714200000| PB 0x0000000714200000| Complete 
| 125|0x0000000714400000, 0x0000000714600000, 0x0000000714600000|100%| E|CS|TAMS 0x0000000714400000| PB 0x0000000714400000| Complete 
| 126|0x0000000714600000, 0x0000000714800000, 0x0000000714800000|100%| E|CS|TAMS 0x0000000714600000| PB 0x0000000714600000| Complete 
| 127|0x0000000714800000, 0x0000000714a00000, 0x0000000714a00000|100%| E|CS|TAMS 0x0000000714800000| PB 0x0000000714800000| Complete 
| 128|0x0000000714a00000, 0x0000000714c00000, 0x0000000714c00000|100%| E|CS|TAMS 0x0000000714a00000| PB 0x0000000714a00000| Complete 
| 129|0x0000000714c00000, 0x0000000714e00000, 0x0000000714e00000|100%| E|CS|TAMS 0x0000000714c00000| PB 0x0000000714c00000| Complete 
| 130|0x0000000714e00000, 0x0000000715000000, 0x0000000715000000|100%| E|CS|TAMS 0x0000000714e00000| PB 0x0000000714e00000| Complete 
| 131|0x0000000715000000, 0x0000000715200000, 0x0000000715200000|100%| E|CS|TAMS 0x0000000715000000| PB 0x0000000715000000| Complete 
| 132|0x0000000715200000, 0x0000000715400000, 0x0000000715400000|100%| E|CS|TAMS 0x0000000715200000| PB 0x0000000715200000| Complete 
| 133|0x0000000715400000, 0x0000000715600000, 0x0000000715600000|100%| E|CS|TAMS 0x0000000715400000| PB 0x0000000715400000| Complete 
| 134|0x0000000715600000, 0x0000000715800000, 0x0000000715800000|100%| E|CS|TAMS 0x0000000715600000| PB 0x0000000715600000| Complete 
| 135|0x0000000715800000, 0x0000000715a00000, 0x0000000715a00000|100%| E|CS|TAMS 0x0000000715800000| PB 0x0000000715800000| Complete 
| 136|0x0000000715a00000, 0x0000000715c00000, 0x0000000715c00000|100%| E|CS|TAMS 0x0000000715a00000| PB 0x0000000715a00000| Complete 
| 137|0x0000000715c00000, 0x0000000715e00000, 0x0000000715e00000|100%| E|CS|TAMS 0x0000000715c00000| PB 0x0000000715c00000| Complete 
| 138|0x0000000715e00000, 0x0000000716000000, 0x0000000716000000|100%|HS|  |TAMS 0x0000000715e00000| PB 0x0000000715e00000| Complete 
| 139|0x0000000716000000, 0x0000000716200000, 0x0000000716200000|100%|HC|  |TAMS 0x0000000716000000| PB 0x0000000716000000| Complete 
| 140|0x0000000716200000, 0x0000000716400000, 0x0000000716400000|100%|HC|  |TAMS 0x0000000716200000| PB 0x0000000716200000| Complete 
| 141|0x0000000716400000, 0x0000000716600000, 0x0000000716600000|100%|HC|  |TAMS 0x0000000716400000| PB 0x0000000716400000| Complete 
| 142|0x0000000716600000, 0x0000000716800000, 0x0000000716800000|100%|HC|  |TAMS 0x0000000716600000| PB 0x0000000716600000| Complete 
| 143|0x0000000716800000, 0x0000000716a00000, 0x0000000716a00000|100%|HC|  |TAMS 0x0000000716800000| PB 0x0000000716800000| Complete 
| 144|0x0000000716a00000, 0x0000000716c00000, 0x0000000716c00000|100%|HC|  |TAMS 0x0000000716a00000| PB 0x0000000716a00000| Complete 
| 145|0x0000000716c00000, 0x0000000716e00000, 0x0000000716e00000|100%|HC|  |TAMS 0x0000000716c00000| PB 0x0000000716c00000| Complete 
| 146|0x0000000716e00000, 0x0000000717000000, 0x0000000717000000|100%|HC|  |TAMS 0x0000000716e00000| PB 0x0000000716e00000| Complete 
| 147|0x0000000717000000, 0x0000000717200000, 0x0000000717200000|100%|HC|  |TAMS 0x0000000717000000| PB 0x0000000717000000| Complete 
| 148|0x0000000717200000, 0x0000000717400000, 0x0000000717400000|100%|HC|  |TAMS 0x0000000717200000| PB 0x0000000717200000| Complete 
| 149|0x0000000717400000, 0x0000000717600000, 0x0000000717600000|100%|HC|  |TAMS 0x0000000717400000| PB 0x0000000717400000| Complete 
| 150|0x0000000717600000, 0x0000000717800000, 0x0000000717800000|100%|HC|  |TAMS 0x0000000717600000| PB 0x0000000717600000| Complete 
| 151|0x0000000717800000, 0x0000000717a00000, 0x0000000717a00000|100%|HC|  |TAMS 0x0000000717800000| PB 0x0000000717800000| Complete 
| 152|0x0000000717a00000, 0x0000000717c00000, 0x0000000717c00000|100%|HC|  |TAMS 0x0000000717a00000| PB 0x0000000717a00000| Complete 
| 153|0x0000000717c00000, 0x0000000717e00000, 0x0000000717e00000|100%|HC|  |TAMS 0x0000000717c00000| PB 0x0000000717c00000| Complete 
| 154|0x0000000717e00000, 0x0000000718000000, 0x0000000718000000|100%|HC|  |TAMS 0x0000000717e00000| PB 0x0000000717e00000| Complete 
| 155|0x0000000718000000, 0x0000000718200000, 0x0000000718200000|100%|HC|  |TAMS 0x0000000718000000| PB 0x0000000718000000| Complete 
| 156|0x0000000718200000, 0x0000000718400000, 0x0000000718400000|100%|HC|  |TAMS 0x0000000718200000| PB 0x0000000718200000| Complete 
| 157|0x0000000718400000, 0x0000000718600000, 0x0000000718600000|100%|HC|  |TAMS 0x0000000718400000| PB 0x0000000718400000| Complete 
| 158|0x0000000718600000, 0x0000000718800000, 0x0000000718800000|100%|HC|  |TAMS 0x0000000718600000| PB 0x0000000718600000| Complete 
| 159|0x0000000718800000, 0x0000000718a00000, 0x0000000718a00000|100%|HC|  |TAMS 0x0000000718800000| PB 0x0000000718800000| Complete 
| 160|0x0000000718a00000, 0x0000000718c00000, 0x0000000718c00000|100%|HC|  |TAMS 0x0000000718a00000| PB 0x0000000718a00000| Complete 
| 161|0x0000000718c00000, 0x0000000718e00000, 0x0000000718e00000|100%|HC|  |TAMS 0x0000000718c00000| PB 0x0000000718c00000| Complete 
| 162|0x0000000718e00000, 0x0000000719000000, 0x0000000719000000|100%|HC|  |TAMS 0x0000000718e00000| PB 0x0000000718e00000| Complete 
| 163|0x0000000719000000, 0x0000000719200000, 0x0000000719200000|100%|HC|  |TAMS 0x0000000719000000| PB 0x0000000719000000| Complete 
| 164|0x0000000719200000, 0x0000000719400000, 0x0000000719400000|100%|HC|  |TAMS 0x0000000719200000| PB 0x0000000719200000| Complete 
| 165|0x0000000719400000, 0x0000000719600000, 0x0000000719600000|100%|HC|  |TAMS 0x0000000719400000| PB 0x0000000719400000| Complete 
| 166|0x0000000719600000, 0x0000000719800000, 0x0000000719800000|100%|HC|  |TAMS 0x0000000719600000| PB 0x0000000719600000| Complete 
| 167|0x0000000719800000, 0x0000000719a00000, 0x0000000719a00000|100%|HC|  |TAMS 0x0000000719800000| PB 0x0000000719800000| Complete 
| 168|0x0000000719a00000, 0x0000000719c00000, 0x0000000719c00000|100%|HC|  |TAMS 0x0000000719a00000| PB 0x0000000719a00000| Complete 
| 169|0x0000000719c00000, 0x0000000719e00000, 0x0000000719e00000|100%|HC|  |TAMS 0x0000000719c00000| PB 0x0000000719c00000| Complete 
| 170|0x0000000719e00000, 0x000000071a000000, 0x000000071a000000|100%|HC|  |TAMS 0x0000000719e00000| PB 0x0000000719e00000| Complete 
|2010|0x00000007ffe00000, 0x00000007ffe2e248, 0x0000000800000000|  9%| O|  |TAMS 0x00000007ffe00000| PB 0x00000007ffe00000| Untracked 

Card table byte_map: [0x000002436c330000,0x000002436cb10000] _byte_map_base: 0x0000024368b0b000

Marking Bits: (CMBitMap*) 0x0000024353a0ddc0
 Bits: [0x000002436cb10000, 0x00000243709e8000)

Polling page: 0x0000024352080000

Metaspace:

Usage:
  Non-class:     43.25 MB used.
      Class:      6.99 MB used.
       Both:     50.24 MB used.

Virtual space:
  Non-class space:       64.00 MB reserved,      43.50 MB ( 68%) committed,  1 nodes.
      Class space:        1.00 GB reserved,       7.19 MB ( <1%) committed,  1 nodes.
             Both:        1.06 GB reserved,      50.69 MB (  5%) committed. 

Chunk freelists:
   Non-Class:  3.86 MB
       Class:  8.72 MB
        Both:  12.58 MB

MaxMetaspaceSize: unlimited
CompressedClassSpaceSize: 1.00 GB
Initial GC threshold: 21.00 MB
Current GC threshold: 69.62 MB
CDS: on
 - commit_granule_bytes: 65536.
 - commit_granule_words: 8192.
 - virtual_space_node_default_size: 8388608.
 - enlarge_chunks_in_place: 1.
 - use_allocation_guard: 0.


Internal statistics:

num_allocs_failed_limit: 6.
num_arena_births: 592.
num_arena_deaths: 0.
num_vsnodes_births: 2.
num_vsnodes_deaths: 0.
num_space_committed: 811.
num_space_uncommitted: 0.
num_chunks_returned_to_freelist: 6.
num_chunks_taken_from_freelist: 2299.
num_chunk_merges: 6.
num_chunk_splits: 1654.
num_chunks_enlarged: 1313.
num_inconsistent_stats: 0.

CodeHeap 'non-profiled nmethods': size=120000Kb used=3395Kb max_used=3395Kb free=116605Kb
 bounds [0x00000243639a0000, 0x0000024363d00000, 0x000002436aed0000]
CodeHeap 'profiled nmethods': size=120000Kb used=13004Kb max_used=13004Kb free=106995Kb
 bounds [0x000002435bed0000, 0x000002435cb90000, 0x0000024363400000]
CodeHeap 'non-nmethods': size=5760Kb used=2077Kb max_used=2140Kb free=3682Kb
 bounds [0x0000024363400000, 0x0000024363670000, 0x00000243639a0000]
 total_blobs=7563 nmethods=6542 adapters=924
 compilation: enabled
              stopped_count=0, restarted_count=0
 full_count=0

Compilation events (20 events):
Event: 33.408 Thread 0x00000243736737c0 nmethod 7071 0x0000024363cdd310 code [0x0000024363cdd4a0, 0x0000024363cdd5c0]
Event: 33.442 Thread 0x000002437366ecb0 nmethod 6967 0x0000024363cdd710 code [0x0000024363cddf00, 0x0000024363ce3de8]
Event: 33.490 Thread 0x00000243736715b0 nmethod 6971 0x0000024363ce6a10 code [0x0000024363ce7200, 0x0000024363cecfb8]
Event: 34.549 Thread 0x00000243736737c0 7103  s!   4       com.sun.javafx.tk.Toolkit::getToolkit (244 bytes)
Event: 34.550 Thread 0x00000243736737c0 nmethod 7103 0x0000024363cefc10 code [0x0000024363cefda0, 0x0000024363ceff90]
Event: 34.938 Thread 0x00000243736715b0 7104       4       com.sun.javafx.event.EventDispatchChainImpl::dispatchEvent (101 bytes)
Event: 34.939 Thread 0x00000243736715b0 nmethod 7104 0x0000024363cf0090 code [0x0000024363cf0220, 0x0000024363cf0400]
Event: 35.800 Thread 0x00000243736715b0 7105       4       com.sun.javafx.geom.transform.Translate2D::inverseTransform (48 bytes)
Event: 35.801 Thread 0x00000243736715b0 nmethod 7105 0x0000024363cf0590 code [0x0000024363cf0720, 0x0000024363cf0810]
Event: 36.500 Thread 0x0000024373673e90 7106       3       jdk.internal.loader.ClassLoaders::bootLoader (4 bytes)
Event: 36.500 Thread 0x0000024373673e90 nmethod 7106 0x000002435cb80d90 code [0x000002435cb80f20, 0x000002435cb81018]
Event: 39.193 Thread 0x0000024373673e90 7107       3       javafx.scene.Node$FocusWithinProperty::adjust (39 bytes)
Event: 39.193 Thread 0x0000024373673e90 nmethod 7107 0x000002435cb81090 code [0x000002435cb81240, 0x000002435cb81528]
Event: 46.409 Thread 0x000002437366ecb0 7108       4       com.sun.javafx.event.BasicEventDispatcher::dispatchCapturingEvent (2 bytes)
Event: 46.409 Thread 0x000002437366ecb0 nmethod 7108 0x0000024363cf0910 code [0x0000024363cf0aa0, 0x0000024363cf0b28]
Event: 84.965 Thread 0x0000024373673e90 7109       3       java.util.logging.LogManager::checkPermission (16 bytes)
Event: 84.966 Thread 0x0000024373673e90 nmethod 7109 0x000002435cb81610 code [0x000002435cb817c0, 0x000002435cb819b0]
Event: 84.966 Thread 0x0000024373673e90 7110   !   3       java.util.logging.LogManager$LoggerContext::findLogger (113 bytes)
Event: 84.967 Thread 0x0000024373673e90 nmethod 7110 0x000002435cb81a90 code [0x000002435cb81d40, 0x000002435cb82c78]
Event: 84.967 Thread 0x0000024373673e90 7111       3       java.util.logging.Logger::updateEffectiveLevel (126 bytes)

GC Heap History (20 events):
Event: 1.466 GC heap before
{Heap before GC invocations=1 (full 0):
 garbage-first heap   total 258048K, used 37639K [0x0000000704a00000, 0x0000000800000000)
  region size 2048K, 20 young (40960K), 2 survivors (4096K)
 Metaspace       used 12403K, committed 12608K, reserved 1114112K
  class space    used 1562K, committed 1664K, reserved 1048576K
}
Event: 1.473 GC heap after
{Heap after GC invocations=2 (full 0):
 garbage-first heap   total 258048K, used 6600K [0x0000000704a00000, 0x0000000800000000)
  region size 2048K, 3 young (6144K), 3 survivors (6144K)
 Metaspace       used 12403K, committed 12608K, reserved 1114112K
  class space    used 1562K, committed 1664K, reserved 1048576K
}
Event: 2.090 GC heap before
{Heap before GC invocations=2 (full 0):
 garbage-first heap   total 258048K, used 22984K [0x0000000704a00000, 0x0000000800000000)
  region size 2048K, 13 young (26624K), 3 survivors (6144K)
 Metaspace       used 21259K, committed 21504K, reserved 1114112K
  class space    used 2597K, committed 2688K, reserved 1048576K
}
Event: 2.097 GC heap after
{Heap after GC invocations=3 (full 0):
 garbage-first heap   total 258048K, used 10442K [0x0000000704a00000, 0x0000000800000000)
  region size 2048K, 5 young (10240K), 5 survivors (10240K)
 Metaspace       used 21259K, committed 21504K, reserved 1114112K
  class space    used 2597K, committed 2688K, reserved 1048576K
}
Event: 2.483 GC heap before
{Heap before GC invocations=4 (full 0):
 garbage-first heap   total 49152K, used 47306K [0x0000000704a00000, 0x0000000800000000)
  region size 2048K, 23 young (47104K), 5 survivors (10240K)
 Metaspace       used 29097K, committed 29376K, reserved 1114112K
  class space    used 3788K, committed 3904K, reserved 1048576K
}
Event: 2.491 GC heap after
{Heap after GC invocations=5 (full 0):
 garbage-first heap   total 61440K, used 12041K [0x0000000704a00000, 0x0000000800000000)
  region size 2048K, 6 young (12288K), 6 survivors (12288K)
 Metaspace       used 29097K, committed 29376K, reserved 1114112K
  class space    used 3788K, committed 3904K, reserved 1048576K
}
Event: 2.986 GC heap before
{Heap before GC invocations=5 (full 0):
 garbage-first heap   total 61440K, used 36617K [0x0000000704a00000, 0x0000000800000000)
  region size 2048K, 18 young (36864K), 6 survivors (12288K)
 Metaspace       used 33222K, committed 33536K, reserved 1114112K
  class space    used 4382K, committed 4544K, reserved 1048576K
}
Event: 2.997 GC heap after
{Heap after GC invocations=6 (full 0):
 garbage-first heap   total 61440K, used 12344K [0x0000000704a00000, 0x0000000800000000)
  region size 2048K, 2 young (4096K), 2 survivors (4096K)
 Metaspace       used 33222K, committed 33536K, reserved 1114112K
  class space    used 4382K, committed 4544K, reserved 1048576K
}
Event: 3.201 GC heap before
{Heap before GC invocations=6 (full 0):
 garbage-first heap   total 61440K, used 20536K [0x0000000704a00000, 0x0000000800000000)
  region size 2048K, 7 young (14336K), 2 survivors (4096K)
 Metaspace       used 34993K, committed 35328K, reserved 1114112K
  class space    used 4660K, committed 4800K, reserved 1048576K
}
Event: 3.205 GC heap after
{Heap after GC invocations=7 (full 0):
 garbage-first heap   total 61440K, used 12327K [0x0000000704a00000, 0x0000000800000000)
  region size 2048K, 2 young (4096K), 2 survivors (4096K)
 Metaspace       used 34993K, committed 35328K, reserved 1114112K
  class space    used 4660K, committed 4800K, reserved 1048576K
}
Event: 3.561 GC heap before
{Heap before GC invocations=7 (full 0):
 garbage-first heap   total 116736K, used 69671K [0x0000000704a00000, 0x0000000800000000)
  region size 2048K, 4 young (8192K), 2 survivors (4096K)
 Metaspace       used 35683K, committed 36096K, reserved 1114112K
  class space    used 4802K, committed 4992K, reserved 1048576K
}
Event: 3.564 GC heap after
{Heap after GC invocations=8 (full 0):
 garbage-first heap   total 165888K, used 67745K [0x0000000704a00000, 0x0000000800000000)
  region size 2048K, 2 young (4096K), 2 survivors (4096K)
 Metaspace       used 35683K, committed 36096K, reserved 1114112K
  class space    used 4802K, committed 4992K, reserved 1048576K
}
Event: 3.729 GC heap before
{Heap before GC invocations=9 (full 0):
 garbage-first heap   total 165888K, used 75937K [0x0000000704a00000, 0x0000000800000000)
  region size 2048K, 7 young (14336K), 2 survivors (4096K)
 Metaspace       used 36894K, committed 37376K, reserved 1114112K
  class space    used 5045K, committed 5248K, reserved 1048576K
}
Event: 3.734 GC heap after
{Heap after GC invocations=10 (full 0):
 garbage-first heap   total 165888K, used 69620K [0x0000000704a00000, 0x0000000800000000)
  region size 2048K, 3 young (6144K), 3 survivors (6144K)
 Metaspace       used 36894K, committed 37376K, reserved 1114112K
  class space    used 5045K, committed 5248K, reserved 1048576K
}
Event: 4.335 GC heap before
{Heap before GC invocations=10 (full 0):
 garbage-first heap   total 165888K, used 116724K [0x0000000704a00000, 0x0000000800000000)
  region size 2048K, 17 young (34816K), 3 survivors (6144K)
 Metaspace       used 41786K, committed 42240K, reserved 1114112K
  class space    used 6002K, committed 6208K, reserved 1048576K
}
Event: 4.341 GC heap after
{Heap after GC invocations=11 (full 0):
 garbage-first heap   total 165888K, used 92013K [0x0000000704a00000, 0x0000000800000000)
  region size 2048K, 4 young (8192K), 4 survivors (8192K)
 Metaspace       used 41786K, committed 42240K, reserved 1114112K
  class space    used 6002K, committed 6208K, reserved 1048576K
}
Event: 10.202 GC heap before
{Heap before GC invocations=12 (full 0):
 garbage-first heap   total 165888K, used 96109K [0x0000000704a00000, 0x0000000800000000)
  region size 2048K, 6 young (12288K), 4 survivors (8192K)
 Metaspace       used 42247K, committed 42752K, reserved 1114112K
  class space    used 6026K, committed 6272K, reserved 1048576K
}
Event: 10.208 GC heap after
{Heap after GC invocations=13 (full 0):
 garbage-first heap   total 165888K, used 94518K [0x0000000704a00000, 0x0000000800000000)
  region size 2048K, 3 young (6144K), 3 survivors (6144K)
 Metaspace       used 42247K, committed 42752K, reserved 1114112K
  class space    used 6026K, committed 6272K, reserved 1048576K
}
Event: 11.137 GC heap before
{Heap before GC invocations=14 (full 0):
 garbage-first heap   total 212992K, used 209206K [0x0000000704a00000, 0x0000000800000000)
  region size 2048K, 25 young (51200K), 3 survivors (6144K)
 Metaspace       used 48937K, committed 49408K, reserved 1114112K
  class space    used 6965K, committed 7168K, reserved 1048576K
}
Event: 11.145 GC heap after
{Heap after GC invocations=15 (full 0):
 garbage-first heap   total 284672K, used 167311K [0x0000000704a00000, 0x0000000800000000)
  region size 2048K, 4 young (8192K), 4 survivors (8192K)
 Metaspace       used 48937K, committed 49408K, reserved 1114112K
  class space    used 6965K, committed 7168K, reserved 1048576K
}

Dll operation events (20 events):
Event: 0.614 Loaded shared library C:\Users\yasas\.openjfx\cache\21.0.6+3\amd64\api-ms-win-crt-multibyte-l1-1-0.dll
Event: 0.618 Loaded shared library C:\Users\yasas\.openjfx\cache\21.0.6+3\amd64\api-ms-win-crt-private-l1-1-0.dll
Event: 0.622 Loaded shared library C:\Users\yasas\.openjfx\cache\21.0.6+3\amd64\api-ms-win-crt-process-l1-1-0.dll
Event: 0.625 Loaded shared library C:\Users\yasas\.openjfx\cache\21.0.6+3\amd64\api-ms-win-crt-runtime-l1-1-0.dll
Event: 0.629 Loaded shared library C:\Users\yasas\.openjfx\cache\21.0.6+3\amd64\api-ms-win-crt-stdio-l1-1-0.dll
Event: 0.631 Loaded shared library C:\Users\yasas\.openjfx\cache\21.0.6+3\amd64\api-ms-win-crt-string-l1-1-0.dll
Event: 0.635 Loaded shared library C:\Users\yasas\.openjfx\cache\21.0.6+3\amd64\api-ms-win-crt-time-l1-1-0.dll
Event: 0.639 Loaded shared library C:\Users\yasas\.openjfx\cache\21.0.6+3\amd64\api-ms-win-crt-utility-l1-1-0.dll
Event: 0.656 Loaded shared library C:\Users\yasas\.openjfx\cache\21.0.6+3\amd64\ucrtbase.dll
Event: 0.661 Loaded shared library C:\Users\yasas\.openjfx\cache\21.0.6+3\amd64\vcruntime140.dll
Event: 0.665 Loaded shared library C:\Users\yasas\.openjfx\cache\21.0.6+3\amd64\vcruntime140_1.dll
Event: 0.674 Loaded shared library C:\Users\yasas\.openjfx\cache\21.0.6+3\amd64\msvcp140.dll
Event: 0.678 Loaded shared library C:\Users\yasas\.openjfx\cache\21.0.6+3\amd64\msvcp140_1.dll
Event: 0.684 Loaded shared library C:\Users\yasas\.openjfx\cache\21.0.6+3\amd64\msvcp140_2.dll
Event: 0.726 Loaded shared library C:\Users\yasas\.openjfx\cache\21.0.6+3\amd64\prism_d3d.dll
Event: 0.846 Loaded shared library C:\Users\yasas\.openjfx\cache\21.0.6+3\amd64\glass.dll
Event: 0.970 Loaded shared library C:\Program Files\Java\jdk-21\bin\jimage.dll
Event: 1.140 Loaded shared library C:\Program Files\Java\jdk-21\bin\verify.dll
Event: 1.775 Loaded shared library C:\Program Files\Java\jdk-21\bin\sunmscapi.dll
Event: 3.586 Loaded shared library C:\Users\yasas\.openjfx\cache\21.0.6+3\amd64\javafx_font.dll

Deoptimization events (20 events):
Event: 33.321 Thread 0x0000024378d7b650 Uncommon trap: trap_request=0xffffffbe fr.pc=0x0000024363ccf2dc relative=0x00000000000003fc
Event: 33.321 Thread 0x0000024378d7b650 Uncommon trap: reason=profile_predicate action=maybe_recompile pc=0x0000024363ccf2dc method=javafx.css.CompoundSelector.applies(Ljavafx/css/Styleable;[Ljava/util/Set;I)Z @ 89 c2
Event: 33.321 Thread 0x0000024378d7b650 DEOPT PACKING pc=0x0000024363ccf2dc sp=0x00000070bc1f8d10
Event: 33.321 Thread 0x0000024378d7b650 DEOPT UNPACKING pc=0x00000243634546a2 sp=0x00000070bc1f8ca0 mode 2
Event: 33.364 Thread 0x0000024378d7b650 Uncommon trap: trap_request=0xffffff45 fr.pc=0x0000024363bc8cec relative=0x00000000000000cc
Event: 33.364 Thread 0x0000024378d7b650 Uncommon trap: reason=unstable_if action=reinterpret pc=0x0000024363bc8cec method=javafx.scene.Parent.setChildDirty(Ljavafx/scene/Node;Z)V @ 22 c2
Event: 33.364 Thread 0x0000024378d7b650 DEOPT PACKING pc=0x0000024363bc8cec sp=0x00000070bc1f9920
Event: 33.364 Thread 0x0000024378d7b650 DEOPT UNPACKING pc=0x00000243634546a2 sp=0x00000070bc1f98a8 mode 2
Event: 33.367 Thread 0x0000024378d7b650 Uncommon trap: trap_request=0xffffff45 fr.pc=0x0000024363c1fb88 relative=0x00000000000004a8
Event: 33.367 Thread 0x0000024378d7b650 Uncommon trap: reason=unstable_if action=reinterpret pc=0x0000024363c1fb88 method=javafx.scene.Node.notifyParentOfBoundsChange()V @ 18 c2
Event: 33.367 Thread 0x0000024378d7b650 DEOPT PACKING pc=0x0000024363c1fb88 sp=0x00000070bc1f9b90
Event: 33.367 Thread 0x0000024378d7b650 DEOPT UNPACKING pc=0x00000243634546a2 sp=0x00000070bc1f99a0 mode 2
Event: 33.368 Thread 0x0000024378d7b650 Uncommon trap: trap_request=0xffffff45 fr.pc=0x0000024363c20bb8 relative=0x00000000000004b8
Event: 33.368 Thread 0x0000024378d7b650 Uncommon trap: reason=unstable_if action=reinterpret pc=0x0000024363c20bb8 method=javafx.scene.Node.notifyParentOfBoundsChange()V @ 18 c2
Event: 33.368 Thread 0x0000024378d7b650 DEOPT PACKING pc=0x0000024363c20bb8 sp=0x00000070bc1f9ae0
Event: 33.368 Thread 0x0000024378d7b650 DEOPT UNPACKING pc=0x00000243634546a2 sp=0x00000070bc1f99c0 mode 2
Event: 84.965 Thread 0x00000243422f3290 Uncommon trap: trap_request=0xffffffcc fr.pc=0x0000024363cda790 relative=0x0000000000000350
Event: 84.965 Thread 0x00000243422f3290 Uncommon trap: reason=intrinsic_or_type_checked_inlining action=make_not_entrant pc=0x0000024363cda790 method=java.util.Arrays.copyOf([Ljava/lang/Object;ILjava/lang/Class;)[Ljava/lang/Object; @ 35 c2
Event: 84.965 Thread 0x00000243422f3290 DEOPT PACKING pc=0x0000024363cda790 sp=0x00000070bacff2b0
Event: 84.965 Thread 0x00000243422f3290 DEOPT UNPACKING pc=0x00000243634546a2 sp=0x00000070bacff258 mode 2

Classes loaded (20 events):
Event: 15.896 Loading class java/text/BreakIterator$BreakIteratorCache
Event: 15.896 Loading class java/text/BreakIterator$BreakIteratorCache done
Event: 15.896 Loading class java/text/StringCharacterIterator
Event: 15.896 Loading class java/text/StringCharacterIterator done
Event: 19.428 Loading class sun/util/locale/provider/JavaTimeDateTimePatternImpl
Event: 19.429 Loading class sun/util/locale/provider/JavaTimeDateTimePatternImpl done
Event: 19.429 Loading class sun/util/resources/ParallelListResourceBundle
Event: 19.430 Loading class sun/util/resources/ParallelListResourceBundle done
Event: 19.430 Loading class java/time/format/DateTimeFormatterBuilder$ReducedPrinterParser
Event: 19.430 Loading class java/time/format/DateTimeFormatterBuilder$ReducedPrinterParser done
Event: 19.432 Loading class java/text/ParsePosition
Event: 19.432 Loading class java/text/ParsePosition done
Event: 19.432 Loading class java/time/format/DateTimeParseContext
Event: 19.432 Loading class java/time/format/DateTimeParseContext done
Event: 19.432 Loading class java/time/format/Parsed
Event: 19.433 Loading class java/time/format/Parsed done
Event: 19.436 Loading class java/time/format/DateTimeFormatterBuilder$LocalizedPrinterParser
Event: 19.437 Loading class java/time/format/DateTimeFormatterBuilder$LocalizedPrinterParser done
Event: 84.963 Loading class jdk/internal/misc/Signal$1
Event: 84.963 Loading class jdk/internal/misc/Signal$1 done

Classes unloaded (0 events):
No events

Classes redefined (0 events):
No events

Internal exceptions (20 events):
Event: 4.241 Thread 0x0000024378d7b650 Exception <a 'java/lang/NoSuchMethodError'{0x000000070ceeeb50}: 'java.lang.Object java.lang.invoke.Invokers$Holder.linkToTargetMethod(java.lang.Object, long, java.lang.Object)'> (0x000000070ceeeb50) 
thrown [s\open\src\hotspot\share\interpreter\linkResolver.cpp, line 773]
Event: 10.859 Thread 0x0000024378d7b650 Exception <a 'java/lang/NoSuchMethodError'{0x000000070c964d28}: 'int java.lang.invoke.DirectMethodHandle$Holder.invokeStatic(java.lang.Object)'> (0x000000070c964d28) 
thrown [s\open\src\hotspot\share\interpreter\linkResolver.cpp, line 773]
Event: 10.950 Thread 0x0000024378d7b650 Exception <a 'java/lang/NoSuchMethodError'{0x000000070c528578}: 'void java.lang.invoke.DirectMethodHandle$Holder.invokeInterface(java.lang.Object, java.lang.Object, java.lang.Object)'> (0x000000070c528578) 
thrown [s\open\src\hotspot\share\interpreter\linkResolver.cpp, line 773]
Event: 10.955 Thread 0x0000024378d7b650 Exception <a 'java/lang/NoSuchMethodError'{0x000000070c5a76c0}: 'void java.lang.invoke.DirectMethodHandle$Holder.invokeStaticInit(java.lang.Object, java.lang.Object, java.lang.Object, java.lang.Object, java.lang.Object)'> (0x000000070c5a76c0) 
thrown [s\open\src\hotspot\share\interpreter\linkResolver.cpp, line 773]
Event: 10.965 Thread 0x0000024378d7b650 Exception <a 'java/lang/NoSuchMethodError'{0x000000070c22fc60}: 'void java.lang.invoke.DirectMethodHandle$Holder.invokeInterface(java.lang.Object, java.lang.Object, java.lang.Object, java.lang.Object)'> (0x000000070c22fc60) 
thrown [s\open\src\hotspot\share\interpreter\linkResolver.cpp, line 773]
Event: 10.965 Thread 0x0000024378d7b650 Exception <a 'java/lang/IncompatibleClassChangeError'{0x000000070c233628}: Found class java.lang.Object, but interface was expected> (0x000000070c233628) 
thrown [s\open\src\hotspot\share\interpreter\linkResolver.cpp, line 840]
Event: 10.990 Thread 0x0000024378d7b650 Exception <a 'java/io/FileNotFoundException'{0x000000070c3a99b0}> (0x000000070c3a99b0) 
thrown [s\open\src\hotspot\share\prims\jni.cpp, line 520]
Event: 10.997 Thread 0x0000024378d7b650 Exception <a 'java/lang/ClassNotFoundException'{0x000000070c3e4918}: com/sun/javafx/scene/control/skin/resources/controls-nt> (0x000000070c3e4918) 
thrown [s\open\src\hotspot\share\prims\jni.cpp, line 539]
Event: 10.998 Thread 0x0000024378d7b650 Exception <a 'java/lang/ClassNotFoundException'{0x000000070c3ed258}: com/sun/javafx/scene/control/skin/resources/controls-nt_en> (0x000000070c3ed258) 
thrown [s\open\src\hotspot\share\prims\jni.cpp, line 539]
Event: 10.998 Thread 0x0000024378d7b650 Exception <a 'java/lang/ClassNotFoundException'{0x000000070c3eeec0}: com/sun/javafx/scene/control/skin/resources/controls-nt_en_US> (0x000000070c3eeec0) 
thrown [s\open\src\hotspot\share\prims\jni.cpp, line 539]
Event: 10.999 Thread 0x0000024378d7b650 Exception <a 'java/io/FileNotFoundException'{0x000000070c3f6390}> (0x000000070c3f6390) 
thrown [s\open\src\hotspot\share\prims\jni.cpp, line 520]
Event: 12.491 Thread 0x0000024378d7b650 Exception <a 'java/lang/NoSuchMethodError'{0x0000000715bc7c38}: 'java.lang.Object java.lang.invoke.DirectMethodHandle$Holder.newInvokeSpecial(java.lang.Object, java.lang.Object, int, int, int, int, int, java.lang.Object)'> (0x0000000715bc7c38) 
thrown [s\open\src\hotspot\share\interpreter\linkResolver.cpp, line 773]
Event: 12.493 Thread 0x0000024378d7b650 Exception <a 'java/lang/NoSuchMethodError'{0x0000000715bd98d0}: 'java.lang.Object java.lang.invoke.DirectMethodHandle$Holder.newInvokeSpecial(java.lang.Object, java.lang.Object, java.lang.Object, int, int, int, int, int)'> (0x0000000715bd98d0) 
thrown [s\open\src\hotspot\share\interpreter\linkResolver.cpp, line 773]
Event: 12.493 Thread 0x0000024378d7b650 Exception <a 'java/lang/NoSuchMethodError'{0x0000000715be0c30}: 'java.lang.Object java.lang.invoke.Invokers$Holder.linkToTargetMethod(java.lang.Object, java.lang.Object, int, int, int, int, int, java.lang.Object)'> (0x0000000715be0c30) 
thrown [s\open\src\hotspot\share\interpreter\linkResolver.cpp, line 773]
Event: 12.633 Thread 0x0000024378d7b650 Exception <a 'java/io/FileNotFoundException'{0x0000000715711860}> (0x0000000715711860) 
thrown [s\open\src\hotspot\share\prims\jni.cpp, line 520]
Event: 12.635 Thread 0x0000024378d7b650 Exception <a 'java/io/FileNotFoundException'{0x000000071572ab40}> (0x000000071572ab40) 
thrown [s\open\src\hotspot\share\prims\jni.cpp, line 520]
Event: 12.650 Thread 0x0000024378d7b650 Exception <a 'java/lang/ClassCastException'{0x00000007157a1040}: class java.lang.String cannot be cast to class javafx.scene.paint.Paint (java.lang.String is in module java.base of loader 'bootstrap'; javafx.scene.paint.Paint is in module javafx.graphics@21.0.6 of loader 'app')> (0x00000007157a1040) 
thrown [s\open\src\hotspot\share\interpreter\interpreterRuntime.cpp, line 455]
Event: 12.713 Thread 0x000002437869b480 Exception <a 'java/lang/NoSuchMethodError'{0x000000071580c478}: 'java.lang.Object java.lang.invoke.DirectMethodHandle$Holder.invokeStaticInit(java.lang.Object, int)'> (0x000000071580c478) 
thrown [s\open\src\hotspot\share\interpreter\linkResolver.cpp, line 773]
Event: 28.968 Thread 0x0000024378d7b650 Exception <a 'java/lang/ClassCastException'{0x0000000714f6b030}: class java.lang.String cannot be cast to class javafx.scene.paint.Paint (java.lang.String is in module java.base of loader 'bootstrap'; javafx.scene.paint.Paint is in module javafx.graphics@21.0.6 of loader 'app')> (0x0000000714f6b030) 
thrown [s\open\src\hotspot\share\interpreter\interpreterRuntime.cpp, line 455]
Event: 33.317 Thread 0x0000024378d7b650 Exception <a 'java/lang/ClassCastException'{0x0000000714612720}: class java.lang.String cannot be cast to class javafx.scene.paint.Paint (java.lang.String is in module java.base of loader 'bootstrap'; javafx.scene.paint.Paint is in module javafx.graphics@21.0.6 of loader 'app')> (0x0000000714612720) 
thrown [s\open\src\hotspot\share\interpreter\interpreterRuntime.cpp, line 455]

ZGC Phase Switch (0 events):
No events

VM Operations (20 events):
Event: 29.221 Executing VM operation: Cleanup done
Event: 31.222 Executing VM operation: Cleanup
Event: 31.222 Executing VM operation: Cleanup done
Event: 32.222 Executing VM operation: Cleanup
Event: 32.222 Executing VM operation: Cleanup done
Event: 33.223 Executing VM operation: Cleanup
Event: 33.223 Executing VM operation: Cleanup done
Event: 33.331 Executing VM operation: HandshakeAllThreads (Deoptimize)
Event: 33.331 Executing VM operation: HandshakeAllThreads (Deoptimize) done
Event: 34.332 Executing VM operation: Cleanup
Event: 34.332 Executing VM operation: Cleanup done
Event: 35.332 Executing VM operation: Cleanup
Event: 35.332 Executing VM operation: Cleanup done
Event: 45.336 Executing VM operation: Cleanup
Event: 45.336 Executing VM operation: Cleanup done
Event: 60.214 Executing VM operation: HandshakeAllThreads (HandshakeForDeflation)
Event: 60.215 Executing VM operation: HandshakeAllThreads (HandshakeForDeflation) done
Event: 60.215 Executing VM operation: RendezvousGCThreads
Event: 60.215 Executing VM operation: RendezvousGCThreads done
Event: 84.967 Executing VM operation: Exit

Events (20 events):
Event: 10.262 Thread 0x0000024373671c80 Thread added: 0x0000024373671c80
Event: 10.802 Thread 0x00000243736737c0 Thread added: 0x00000243736737c0
Event: 11.418 Thread 0x00000243736737c0 Thread exited: 0x00000243736737c0
Event: 11.475 Thread 0x0000024373671c80 Thread exited: 0x0000024373671c80
Event: 12.573 Thread 0x0000024373672a20 Thread added: 0x0000024373672a20
Event: 12.576 Thread 0x00000243736715b0 Thread added: 0x00000243736715b0
Event: 13.070 Thread 0x00000243736715b0 Thread exited: 0x00000243736715b0
Event: 13.450 Thread 0x0000024373672a20 Thread exited: 0x0000024373672a20
Event: 32.741 Thread 0x0000024373671c80 Thread added: 0x0000024373671c80
Event: 32.886 Thread 0x0000024373671c80 Thread exited: 0x0000024373671c80
Event: 33.323 Thread 0x00000243736715b0 Thread added: 0x00000243736715b0
Event: 33.368 Thread 0x00000243736737c0 Thread added: 0x00000243736737c0
Event: 34.938 Thread 0x00000243736737c0 Thread exited: 0x00000243736737c0
Event: 36.500 Thread 0x00000243736715b0 Thread exited: 0x00000243736715b0
Event: 84.963 Thread 0x00000243422f4cd0 Thread added: 0x00000243422f4cd0
Event: 84.964 Thread 0x00000243422f3290 Thread added: 0x00000243422f3290
Event: 84.964 Thread 0x00000243422f59f0 Thread added: 0x00000243422f59f0
Event: 84.966 Thread 0x00000243422f3290 Thread exited: 0x00000243422f3290
Event: 84.967 Thread 0x00000243422f59f0 Thread exited: 0x00000243422f59f0
Event: 84.967 Thread 0x000002437365f490 Thread exited: 0x000002437365f490


Dynamic libraries:
0x00007ff618550000 - 0x00007ff618560000 	C:\Program Files\Java\jdk-21\bin\java.exe
0x00007ff9b98e0000 - 0x00007ff9b9b49000 	C:\WINDOWS\SYSTEM32\ntdll.dll
0x00007ff9b8020000 - 0x00007ff9b80e9000 	C:\WINDOWS\System32\KERNEL32.DLL
0x00007ff9b71f0000 - 0x00007ff9b75e3000 	C:\WINDOWS\System32\KERNELBASE.dll
0x00007ff9b6b10000 - 0x00007ff9b6c5b000 	C:\WINDOWS\System32\ucrtbase.dll
0x00007ff9b3180000 - 0x00007ff9b3199000 	C:\Program Files\Java\jdk-21\bin\jli.dll
0x00007ff9b3160000 - 0x00007ff9b317b000 	C:\Program Files\Java\jdk-21\bin\VCRUNTIME140.dll
0x00007ff9b8920000 - 0x00007ff9b89d4000 	C:\WINDOWS\System32\ADVAPI32.dll
0x00007ff9b76b0000 - 0x00007ff9b7759000 	C:\WINDOWS\System32\msvcrt.dll
0x00007ff9b78c0000 - 0x00007ff9b7966000 	C:\WINDOWS\System32\sechost.dll
0x00007ff9b9690000 - 0x00007ff9b97a8000 	C:\WINDOWS\System32\RPCRT4.dll
0x00007ff9b8650000 - 0x00007ff9b8814000 	C:\WINDOWS\System32\USER32.dll
0x00007ff9b7050000 - 0x00007ff9b7077000 	C:\WINDOWS\System32\win32u.dll
0x00007ff997430000 - 0x00007ff9976c3000 	C:\WINDOWS\WinSxS\amd64_microsoft.windows.common-controls_6595b64144ccf1df_6.0.26100.5074_none_3e0d6f78e32fd63f\COMCTL32.dll
0x00007ff9b7970000 - 0x00007ff9b799b000 	C:\WINDOWS\System32\GDI32.dll
0x00007ff9b6de0000 - 0x00007ff9b6f0d000 	C:\WINDOWS\System32\gdi32full.dll
0x00007ff9b6f10000 - 0x00007ff9b6fb3000 	C:\WINDOWS\System32\msvcp_win.dll
0x00007ff9ada50000 - 0x00007ff9ada5b000 	C:\WINDOWS\SYSTEM32\VERSION.dll
0x00007ff9b8610000 - 0x00007ff9b863f000 	C:\WINDOWS\System32\IMM32.DLL
0x00007ff98e050000 - 0x00007ff98e142000 	C:\Program Files\Windhawk\Engine\1.6.1\64\windhawk.dll
0x00007ff9b1450000 - 0x00007ff9b145c000 	C:\Program Files\Java\jdk-21\bin\vcruntime140_1.dll
0x00007ff9b1250000 - 0x00007ff9b12de000 	C:\Program Files\Java\jdk-21\bin\msvcp140.dll
0x00007ff93a7a0000 - 0x00007ff93b4ba000 	C:\Program Files\Java\jdk-21\bin\server\jvm.dll
0x00007ff9b8590000 - 0x00007ff9b8604000 	C:\WINDOWS\System32\WS2_32.dll
0x00007ff9b62f0000 - 0x00007ff9b634e000 	C:\WINDOWS\SYSTEM32\POWRPROF.dll
0x00007ff9ada10000 - 0x00007ff9ada45000 	C:\WINDOWS\SYSTEM32\WINMM.dll
0x00007ff9b62d0000 - 0x00007ff9b62e4000 	C:\WINDOWS\SYSTEM32\UMPDC.dll
0x00007ff9b5810000 - 0x00007ff9b582b000 	C:\WINDOWS\SYSTEM32\kernel.appcore.dll
0x00007ff9b1240000 - 0x00007ff9b124a000 	C:\Program Files\Java\jdk-21\bin\jimage.dll
0x00007ff9b4110000 - 0x00007ff9b4352000 	C:\WINDOWS\SYSTEM32\DBGHELP.DLL
0x00007ff9b92c0000 - 0x00007ff9b963b000 	C:\WINDOWS\System32\combase.dll
0x00007ff9b8a00000 - 0x00007ff9b8ad7000 	C:\WINDOWS\System32\OLEAUT32.dll
0x00007ff994150000 - 0x00007ff99418d000 	C:\WINDOWS\SYSTEM32\dbgcore.DLL
0x00007ff9b6a70000 - 0x00007ff9b6b09000 	C:\WINDOWS\System32\bcryptPrimitives.dll
0x00007ff9b1200000 - 0x00007ff9b120f000 	C:\Program Files\Java\jdk-21\bin\instrument.dll
0x00007ff9b1220000 - 0x00007ff9b123f000 	C:\Program Files\Java\jdk-21\bin\java.dll
0x00007ff9b8b70000 - 0x00007ff9b92bd000 	C:\WINDOWS\System32\SHELL32.dll
0x00000243737a0000 - 0x000002437390c000 	C:\WINDOWS\System32\wintypes.dll
0x00007ff9b4690000 - 0x00007ff9b4ee9000 	C:\WINDOWS\SYSTEM32\windows.storage.dll
0x00007ff9b7760000 - 0x00007ff9b7850000 	C:\WINDOWS\System32\SHCORE.dll
0x00007ff9b7dd0000 - 0x00007ff9b7e32000 	C:\WINDOWS\System32\shlwapi.dll
0x00007ff9b6990000 - 0x00007ff9b69b9000 	C:\WINDOWS\SYSTEM32\profapi.dll
0x00007ff99d8c0000 - 0x00007ff99d997000 	C:\Program Files\Java\jdk-21\bin\jsvml.dll
0x00007ff9b11f0000 - 0x00007ff9b1200000 	C:\Program Files\Java\jdk-21\bin\net.dll
0x00007ff9aebb0000 - 0x00007ff9aeccf000 	C:\WINDOWS\SYSTEM32\WINHTTP.dll
0x00007ff9b5d70000 - 0x00007ff9b5ddb000 	C:\WINDOWS\system32\mswsock.dll
0x00007ff9b1190000 - 0x00007ff9b11a6000 	C:\Program Files\Java\jdk-21\bin\nio.dll
0x00007ff9ae8e0000 - 0x00007ff9ae8f8000 	C:\Program Files\Java\jdk-21\bin\zip.dll
0x0000024352170000 - 0x0000024352173000 	C:\Users\yasas\.openjfx\cache\21.0.6+3\amd64\api-ms-win-core-console-l1-1-0.dll
0x0000024352180000 - 0x0000024352183000 	C:\Users\yasas\.openjfx\cache\21.0.6+3\amd64\api-ms-win-core-console-l1-2-0.dll
0x0000024352190000 - 0x0000024352193000 	C:\Users\yasas\.openjfx\cache\21.0.6+3\amd64\api-ms-win-core-datetime-l1-1-0.dll
0x00000243521a0000 - 0x00000243521a3000 	C:\Users\yasas\.openjfx\cache\21.0.6+3\amd64\api-ms-win-core-debug-l1-1-0.dll
0x0000024353a60000 - 0x0000024353a63000 	C:\Users\yasas\.openjfx\cache\21.0.6+3\amd64\api-ms-win-core-errorhandling-l1-1-0.dll
0x0000024353a70000 - 0x0000024353a74000 	C:\Users\yasas\.openjfx\cache\21.0.6+3\amd64\api-ms-win-core-file-l1-1-0.dll
0x0000024353a80000 - 0x0000024353a83000 	C:\Users\yasas\.openjfx\cache\21.0.6+3\amd64\api-ms-win-core-file-l1-2-0.dll
0x0000024353a90000 - 0x0000024353a93000 	C:\Users\yasas\.openjfx\cache\21.0.6+3\amd64\api-ms-win-core-file-l2-1-0.dll
0x0000024353aa0000 - 0x0000024353aa3000 	C:\Users\yasas\.openjfx\cache\21.0.6+3\amd64\api-ms-win-core-handle-l1-1-0.dll
0x0000024353ab0000 - 0x0000024353ab3000 	C:\Users\yasas\.openjfx\cache\21.0.6+3\amd64\api-ms-win-core-heap-l1-1-0.dll
0x0000024353ac0000 - 0x0000024353ac3000 	C:\Users\yasas\.openjfx\cache\21.0.6+3\amd64\api-ms-win-core-interlocked-l1-1-0.dll
0x0000024353ad0000 - 0x0000024353ad3000 	C:\Users\yasas\.openjfx\cache\21.0.6+3\amd64\api-ms-win-core-libraryloader-l1-1-0.dll
0x0000024353ae0000 - 0x0000024353ae3000 	C:\Users\yasas\.openjfx\cache\21.0.6+3\amd64\api-ms-win-core-localization-l1-2-0.dll
0x0000024373d10000 - 0x0000024373d13000 	C:\Users\yasas\.openjfx\cache\21.0.6+3\amd64\api-ms-win-core-memory-l1-1-0.dll
0x0000024373d20000 - 0x0000024373d23000 	C:\Users\yasas\.openjfx\cache\21.0.6+3\amd64\api-ms-win-core-namedpipe-l1-1-0.dll
0x0000024373d30000 - 0x0000024373d33000 	C:\Users\yasas\.openjfx\cache\21.0.6+3\amd64\api-ms-win-core-processenvironment-l1-1-0.dll
0x0000024373d40000 - 0x0000024373d43000 	C:\Users\yasas\.openjfx\cache\21.0.6+3\amd64\api-ms-win-core-processthreads-l1-1-0.dll
0x0000024373d50000 - 0x0000024373d53000 	C:\Users\yasas\.openjfx\cache\21.0.6+3\amd64\api-ms-win-core-processthreads-l1-1-1.dll
0x0000024373d60000 - 0x0000024373d63000 	C:\Users\yasas\.openjfx\cache\21.0.6+3\amd64\api-ms-win-core-profile-l1-1-0.dll
0x0000024373d70000 - 0x0000024373d73000 	C:\Users\yasas\.openjfx\cache\21.0.6+3\amd64\api-ms-win-core-rtlsupport-l1-1-0.dll
0x0000024373d80000 - 0x0000024373d83000 	C:\Users\yasas\.openjfx\cache\21.0.6+3\amd64\api-ms-win-core-string-l1-1-0.dll
0x0000024373d90000 - 0x0000024373d93000 	C:\Users\yasas\.openjfx\cache\21.0.6+3\amd64\api-ms-win-core-synch-l1-1-0.dll
0x0000024373da0000 - 0x0000024373da3000 	C:\Users\yasas\.openjfx\cache\21.0.6+3\amd64\api-ms-win-core-synch-l1-2-0.dll
0x0000024373db0000 - 0x0000024373db3000 	C:\Users\yasas\.openjfx\cache\21.0.6+3\amd64\api-ms-win-core-sysinfo-l1-1-0.dll
0x0000024373dc0000 - 0x0000024373dc3000 	C:\Users\yasas\.openjfx\cache\21.0.6+3\amd64\api-ms-win-core-timezone-l1-1-0.dll
0x0000024373dd0000 - 0x0000024373dd3000 	C:\Users\yasas\.openjfx\cache\21.0.6+3\amd64\api-ms-win-core-util-l1-1-0.dll
0x0000024373de0000 - 0x0000024373de3000 	C:\Users\yasas\.openjfx\cache\21.0.6+3\amd64\api-ms-win-crt-conio-l1-1-0.dll
0x0000024373df0000 - 0x0000024373df4000 	C:\Users\yasas\.openjfx\cache\21.0.6+3\amd64\api-ms-win-crt-convert-l1-1-0.dll
0x0000024373e00000 - 0x0000024373e03000 	C:\Users\yasas\.openjfx\cache\21.0.6+3\amd64\api-ms-win-crt-environment-l1-1-0.dll
0x0000024373e10000 - 0x0000024373e13000 	C:\Users\yasas\.openjfx\cache\21.0.6+3\amd64\api-ms-win-crt-filesystem-l1-1-0.dll
0x0000024373e20000 - 0x0000024373e23000 	C:\Users\yasas\.openjfx\cache\21.0.6+3\amd64\api-ms-win-crt-heap-l1-1-0.dll
0x0000024373e30000 - 0x0000024373e33000 	C:\Users\yasas\.openjfx\cache\21.0.6+3\amd64\api-ms-win-crt-locale-l1-1-0.dll
0x0000024373e40000 - 0x0000024373e45000 	C:\Users\yasas\.openjfx\cache\21.0.6+3\amd64\api-ms-win-crt-math-l1-1-0.dll
0x0000024373e50000 - 0x0000024373e55000 	C:\Users\yasas\.openjfx\cache\21.0.6+3\amd64\api-ms-win-crt-multibyte-l1-1-0.dll
0x0000024373e60000 - 0x0000024373e70000 	C:\Users\yasas\.openjfx\cache\21.0.6+3\amd64\api-ms-win-crt-private-l1-1-0.dll
0x0000024373e70000 - 0x0000024373e73000 	C:\Users\yasas\.openjfx\cache\21.0.6+3\amd64\api-ms-win-crt-process-l1-1-0.dll
0x0000024373e80000 - 0x0000024373e84000 	C:\Users\yasas\.openjfx\cache\21.0.6+3\amd64\api-ms-win-crt-runtime-l1-1-0.dll
0x0000024373e90000 - 0x0000024373e94000 	C:\Users\yasas\.openjfx\cache\21.0.6+3\amd64\api-ms-win-crt-stdio-l1-1-0.dll
0x0000024373ea0000 - 0x0000024373ea4000 	C:\Users\yasas\.openjfx\cache\21.0.6+3\amd64\api-ms-win-crt-string-l1-1-0.dll
0x0000024373eb0000 - 0x0000024373eb3000 	C:\Users\yasas\.openjfx\cache\21.0.6+3\amd64\api-ms-win-crt-time-l1-1-0.dll
0x0000024373ec0000 - 0x0000024373ec3000 	C:\Users\yasas\.openjfx\cache\21.0.6+3\amd64\api-ms-win-crt-utility-l1-1-0.dll
0x00007ff946ad0000 - 0x00007ff946bcc000 	C:\Users\yasas\.openjfx\cache\21.0.6+3\amd64\ucrtbase.dll
0x00007ff98aea0000 - 0x00007ff98aebb000 	C:\Users\yasas\.openjfx\cache\21.0.6+3\amd64\vcruntime140.dll
0x00007ff998f00000 - 0x00007ff998f0c000 	C:\Users\yasas\.openjfx\cache\21.0.6+3\amd64\vcruntime140_1.dll
0x00007ff9476d0000 - 0x00007ff94775e000 	C:\Users\yasas\.openjfx\cache\21.0.6+3\amd64\msvcp140.dll
0x00007ff98f520000 - 0x00007ff98f529000 	C:\Users\yasas\.openjfx\cache\21.0.6+3\amd64\msvcp140_1.dll
0x00007ff986bf0000 - 0x00007ff986c31000 	C:\Users\yasas\.openjfx\cache\21.0.6+3\amd64\msvcp140_2.dll
0x00007ff987b10000 - 0x00007ff987b40000 	C:\Users\yasas\.openjfx\cache\21.0.6+3\amd64\prism_d3d.dll
0x00007ff94b5e0000 - 0x00007ff94b791000 	C:\WINDOWS\system32\d3d9.dll
0x00007ff9b3ae0000 - 0x00007ff9b3b0b000 	C:\WINDOWS\SYSTEM32\dwmapi.dll
0x00007ff9b3b20000 - 0x00007ff9b3b64000 	C:\WINDOWS\SYSTEM32\dxcore.dll
0x00007ff9b3860000 - 0x00007ff9b3908000 	C:\WINDOWS\system32\uxtheme.dll
0x00007ff94b510000 - 0x00007ff94b5d2000 	C:\WINDOWS\SYSTEM32\d3d9on12.dll
0x00007ff9b3960000 - 0x00007ff9b3a9a000 	C:\WINDOWS\SYSTEM32\dxgi.dll
0x00007ff94b4e0000 - 0x00007ff94b503000 	C:\WINDOWS\SYSTEM32\d3d12.dll
0x00007ff9b66f0000 - 0x00007ff9b6747000 	C:\WINDOWS\SYSTEM32\cfgmgr32.dll
0x00007ff94b260000 - 0x00007ff94b4d0000 	C:\WINDOWS\SYSTEM32\D3D12Core.dll
0x00007ff94b230000 - 0x00007ff94b257000 	C:\WINDOWS\System32\DriverStore\FileRepository\iigd_dch.inf_amd64_ce2a84db4d20c228\igd12umd64.dll
0x00007ff94a2e0000 - 0x00007ff94b22b000 	C:\WINDOWS\System32\DriverStore\FileRepository\iigd_dch.inf_amd64_ce2a84db4d20c228\igd12um64xel.dll
0x00007ff9b6c60000 - 0x00007ff9b6dd7000 	C:\WINDOWS\System32\CRYPT32.dll
0x00007ff9b7a40000 - 0x00007ff9b7bd8000 	C:\WINDOWS\System32\ole32.dll
0x00007ff9b6960000 - 0x00007ff9b6986000 	C:\WINDOWS\SYSTEM32\bcrypt.dll
0x00007ff9876b0000 - 0x00007ff9876f4000 	C:\WINDOWS\SYSTEM32\ControlLib.dll
0x00007ff9b80f0000 - 0x00007ff9b8577000 	C:\WINDOWS\System32\SETUPAPI.dll
0x00007ff9b6750000 - 0x00007ff9b677d000 	C:\WINDOWS\SYSTEM32\DEVOBJ.dll
0x00007ff9a7f10000 - 0x00007ff9a7f98000 	C:\WINDOWS\System32\DriverStore\FileRepository\iigd_dch.inf_amd64_ce2a84db4d20c228\IntelControlLib.dll
0x00007ff9b6fc0000 - 0x00007ff9b703e000 	C:\WINDOWS\System32\WINTRUST.dll
0x00007ff9b61a0000 - 0x00007ff9b61b3000 	C:\WINDOWS\SYSTEM32\MSASN1.dll
0x00007ff9b0bb0000 - 0x00007ff9b0c10000 	C:\WINDOWS\SYSTEM32\directxdatabasehelper.dll
0x00007ff9a7760000 - 0x00007ff9a7b34000 	C:\WINDOWS\System32\DriverStore\FileRepository\iigd_dch.inf_amd64_ce2a84db4d20c228\igdgmm64.dll
0x00007ff9a3940000 - 0x00007ff9a7752000 	C:\WINDOWS\System32\DriverStore\FileRepository\iigd_dch.inf_amd64_ce2a84db4d20c228\igc64.dll
0x00007ff94a2a0000 - 0x00007ff94a2ce000 	C:\WINDOWS\SYSTEM32\D3DSCache.dll
0x00007ff9b5e10000 - 0x00007ff9b5e3b000 	C:\WINDOWS\SYSTEM32\USERENV.dll
0x00007ff948ef0000 - 0x00007ff94a29d000 	C:\WINDOWS\System32\DriverStore\FileRepository\iigd_dch.inf_amd64_ce2a84db4d20c228\igd12dxva64.dll
0x00007ff9524b0000 - 0x00007ff9541d0000 	C:\WINDOWS\System32\DriverStore\FileRepository\iigd_dch.inf_amd64_ce2a84db4d20c228\media_bin_64.dll
0x00007ff95a260000 - 0x00007ff95a287000 	C:\WINDOWS\System32\DriverStore\FileRepository\iigd_dch.inf_amd64_ce2a84db4d20c228\igdinfo64.dll
0x00007ff9a2e30000 - 0x00007ff9a3069000 	C:\WINDOWS\SYSTEM32\twinapi.appcore.dll
0x00007ff970e10000 - 0x00007ff970e52000 	C:\Users\yasas\.openjfx\cache\21.0.6+3\amd64\glass.dll
0x00007ff9b8820000 - 0x00007ff9b8911000 	C:\WINDOWS\System32\COMDLG32.dll
0x00007ff9b7c70000 - 0x00007ff9b7dc8000 	C:\WINDOWS\System32\MSCTF.dll

dbghelp: loaded successfully - version: 4.0.5 - missing functions: none
symbol engine: initialized successfully - sym options: 0x614 - pdb path: .;C:\Program Files\Java\jdk-21\bin;C:\WINDOWS\SYSTEM32;C:\WINDOWS\WinSxS\amd64_microsoft.windows.common-controls_6595b64144ccf1df_6.0.26100.5074_none_3e0d6f78e32fd63f;C:\Program Files\Windhawk\Engine\1.6.1\64;C:\Program Files\Java\jdk-21\bin\server;C:\Users\yasas\.openjfx\cache\21.0.6+3\amd64;C:\WINDOWS\System32\DriverStore\FileRepository\iigd_dch.inf_amd64_ce2a84db4d20c228;C:\Program Files\Common Files\Microsoft Shared\Ink

VM Arguments:
jvm_args: -javaagent:C:\Program Files\JetBrains\IntelliJ IDEA 2025.2.1\lib\idea_rt.jar=50397 -Dfile.encoding=UTF-8 -Dsun.stdout.encoding=UTF-8 -Dsun.stderr.encoding=UTF-8 --module-path=C:\Users\yasas\.m2\repository\org\openjfx\javafx-base\21.0.6\javafx-base-21.0.6-win.jar;C:\Users\yasas\.m2\repository\org\springframework\security\spring-security-crypto\6.5.3\spring-security-crypto-6.5.3.jar;C:\Users\yasas\.m2\repository\org\hibernate\orm\hibernate-core\6.0.0.Final\hibernate-core-6.0.0.Final.jar;C:\Users\yasas\.m2\repository\org\openjfx\javafx-fxml\21.0.6\javafx-fxml-21.0.6-win.jar;C:\Users\yasas\.m2\repository\org\projectlombok\lombok\1.18.34\lombok-1.18.34.jar;C:\Users\yasas\.m2\repository\jakarta\persistence\jakarta.persistence-api\3.1.0\jakarta.persistence-api-3.1.0.jar;C:\Users\yasas\.m2\repository\org\openjfx\javafx-controls\21.0.6\javafx-controls-21.0.6-win.jar;C:\Users\yasas\.m2\repository\org\openjfx\javafx-graphics\21.0.6\javafx-graphics-21.0.6-win.jar;C:\Users\yasas\Documents\dev\ijse\elite-learners-system\target\classes -Djdk.module.main=lk.ijse.learners 
java_command: lk.ijse.learners/lk.ijse.learners.Launcher
java_class_path (initial): C:\Users\yasas\.m2\repository\jakarta\transaction\jakarta.transaction-api\2.0.0\jakarta.transaction-api-2.0.0.jar;C:\Users\yasas\.m2\repository\org\jboss\logging\jboss-logging\3.4.3.Final\jboss-logging-3.4.3.Final.jar;C:\Users\yasas\.m2\repository\org\jboss\jandex\2.4.2.Final\jandex-2.4.2.Final.jar;C:\Users\yasas\.m2\repository\com\fasterxml\classmate\1.5.1\classmate-1.5.1.jar;C:\Users\yasas\.m2\repository\org\hibernate\common\hibernate-commons-annotations\6.0.0.CR1\hibernate-commons-annotations-6.0.0.CR1.jar;C:\Users\yasas\.m2\repository\net\bytebuddy\byte-buddy\1.12.8\byte-buddy-1.12.8.jar;C:\Users\yasas\.m2\repository\jakarta\activation\jakarta.activation-api\2.0.1\jakarta.activation-api-2.0.1.jar;C:\Users\yasas\.m2\repository\jakarta\xml\bind\jakarta.xml.bind-api\3.0.1\jakarta.xml.bind-api-3.0.1.jar;C:\Users\yasas\.m2\repository\com\sun\activation\jakarta.activation\2.0.1\jakarta.activation-2.0.1.jar;C:\Users\yasas\.m2\repository\org\glassfish\jaxb\jaxb-runtime\3.0.2\jaxb-runtime-3.0.2.jar;C:\Users\yasas\.m2\repository\org\glassfish\jaxb\jaxb-core\3.0.2\jaxb-core-3.0.2.jar;C:\Users\yasas\.m2\repository\org\glassfish\jaxb\txw2\3.0.2\txw2-3.0.2.jar;C:\Users\yasas\.m2\repository\com\sun\istack\istack-commons-runtime\4.0.1\istack-commons-runtime-4.0.1.jar;C:\Users\yasas\.m2\repository\jakarta\inject\jakarta.inject-api\2.0.0\jakarta.inject-api-2.0.0.jar;C:\Users\yasas\.m2\repository\org\antlr\antlr4-runtime\4.9.1\antlr4-runtime-4.9.1.jar;C:\Users\yasas\.m2\repository\com\mysql\mysql-connector-j\8.0.33\mysql-connector-j-8.0.33.jar;C:\Users\yasas\.m2\repository\com\google\protobuf\protobuf-java\3.21.9\protobuf-java-3.21.9.jar;C:\Users\yasas\.m2\repository\org\openjfx\javafx-controls\21.0.6\javafx-controls-21.0.6.jar;C:\Users\yasas\.m2\repository\org\openjfx\javafx-graphics\21.0.6\javafx-graphics-21.0.6.jar;C:\Users\yasas\.m2\repository\org\openjfx\javafx-base\21.0.6\javafx-base-21.0.6.jar;C:\Users\yasas\.m2\repository\org\openjfx\javafx-fxml\21.0.6\javafx-fxml-21.0.6.jar
Launcher Type: SUN_STANDARD

[Global flags]
     intx CICompilerCount                          = 4                                         {product} {ergonomic}
     uint ConcGCThreads                            = 3                                         {product} {ergonomic}
     uint G1ConcRefinementThreads                  = 10                                        {product} {ergonomic}
   size_t G1HeapRegionSize                         = 2097152                                   {product} {ergonomic}
    uintx GCDrainStackTargetSize                   = 64                                        {product} {ergonomic}
   size_t InitialHeapSize                          = 264241152                                 {product} {ergonomic}
   size_t MarkStackSize                            = 4194304                                   {product} {ergonomic}
   size_t MaxHeapSize                              = 4217372672                                {product} {ergonomic}
   size_t MaxNewSize                               = 2529165312                                {product} {ergonomic}
   size_t MinHeapDeltaBytes                        = 2097152                                   {product} {ergonomic}
   size_t MinHeapSize                              = 8388608                                   {product} {ergonomic}
    uintx NonNMethodCodeHeapSize                   = 5839372                                {pd product} {ergonomic}
    uintx NonProfiledCodeHeapSize                  = 122909434                              {pd product} {ergonomic}
    uintx ProfiledCodeHeapSize                     = 122909434                              {pd product} {ergonomic}
    uintx ReservedCodeCacheSize                    = 251658240                              {pd product} {ergonomic}
     bool SegmentedCodeCache                       = true                                      {product} {ergonomic}
   size_t SoftMaxHeapSize                          = 4217372672                             {manageable} {ergonomic}
     bool UseCompressedOops                        = true                           {product lp64_product} {ergonomic}
     bool UseG1GC                                  = true                                      {product} {ergonomic}
     bool UseLargePagesIndividualAllocation        = false                                  {pd product} {ergonomic}

Logging:
Log output configuration:
 #0: stdout all=off uptime,level,tags foldmultilines=false
 #1: stderr all=off uptime,level,tags foldmultilines=false

Environment Variables:
PATH=C:\Program Files\Common Files\Oracle\Java\javapath;C:\WINDOWS\system32;C:\WINDOWS;C:\WINDOWS\System32\Wbem;C:\WINDOWS\System32\WindowsPowerShell\v1.0\;C:\WINDOWS\System32\OpenSSH\;C:\Program Files (x86)\NVIDIA Corporation\PhysX\Common;C:\Program Files\Git\cmd;C:\Program Files\MySQL\MySQL Shell 8.0\bin\;C:\Users\yasas\AppData\Local\Microsoft\WindowsApps;C:\Program Files\Git\bin;C:\Users\yasas\AppData\Local\Programs\Microsoft VS Code\bin
USERNAME=yasas
OS=Windows_NT
PROCESSOR_IDENTIFIER=Intel64 Family 6 Model 154 Stepping 3, GenuineIntel
TMP=C:\Users\yasas\AppData\Local\Temp
TEMP=C:\Users\yasas\AppData\Local\Temp




Periodic native trim disabled

---------------  S Y S T E M  ---------------

OS:
 Windows 11 , 64 bit Build 26100 (10.0.26100.5074)
OS uptime: 0 days 2:48 hours
Hyper-V role detected

CPU: total 12 (initial active 12) (6 cores per cpu, 2 threads per core) family 6 model 154 stepping 3 microcode 0x424, cx8, cmov, fxsr, ht, mmx, 3dnowpref, sse, sse2, sse3, ssse3, sse4.1, sse4.2, popcnt, lzcnt, tsc, tscinvbit, avx, avx2, aes, erms, clmul, bmi1, bmi2, adx, sha, fma, vzeroupper, clflush, clflushopt, clwb, hv, serialize, rdtscp, rdpid, fsrm, f16c, cet_ibt, cet_ss
Processor Information for processor 0
  Max Mhz: 2000, Current Mhz: 2000, Mhz Limit: 2000
Processor Information for processor 1
  Max Mhz: 2000, Current Mhz: 2000, Mhz Limit: 2000
Processor Information for processor 2
  Max Mhz: 2000, Current Mhz: 2000, Mhz Limit: 2000
Processor Information for processor 3
  Max Mhz: 2000, Current Mhz: 1520, Mhz Limit: 2000
Processor Information for processor 4
  Max Mhz: 2000, Current Mhz: 2000, Mhz Limit: 2000
Processor Information for processor 5
  Max Mhz: 2000, Current Mhz: 2000, Mhz Limit: 2000
Processor Information for processor 6
  Max Mhz: 2000, Current Mhz: 1520, Mhz Limit: 2000
Processor Information for processor 7
  Max Mhz: 2000, Current Mhz: 2000, Mhz Limit: 2000
Processor Information for processor 8
  Max Mhz: 2000, Current Mhz: 2000, Mhz Limit: 2000
Processor Information for processor 9
  Max Mhz: 2000, Current Mhz: 2000, Mhz Limit: 2000
Processor Information for processor 10
  Max Mhz: 2000, Current Mhz: 2000, Mhz Limit: 2000
Processor Information for processor 11
  Max Mhz: 2000, Current Mhz: 2000, Mhz Limit: 2000

Memory: 4k page, system-wide physical 16085M (4446M free)
TotalPageFile size 26184M (AvailPageFile size 5807M)
current process WorkingSet (physical memory assigned to process): 1034M, peak: 1110M
current process commit charge ("private bytes"): 1134M, peak: 1215M

vm_info: Java HotSpot(TM) 64-Bit Server VM (21.0.7+8-LTS-245) for windows-amd64 JRE (21.0.7+8-LTS-245), built on 2025-02-21T05:11:27Z by "mach5one" with MS VC++ 17.6 (VS2022)

END.
